{
  "cases": [
    {
      "fault": "exception",
      "recovered_before_fault": true,
      "moving_before_fault": true,
      "command_count": 20,
      "degraded_seen": true,
      "stopped_at_end": true,
      "continuous_output": true
    },
    {
      "fault": "nan",
      "recovered_before_fault": true,
      "moving_before_fault": true,
      "command_count": 20,
      "degraded_seen": true,
      "stopped_at_end": true,
      "continuous_output": true
    },
    {
      "fault": "command_silent",
      "recovered_before_fault": true,
      "moving_before_fault": true,
      "command_count": 20,
      "degraded_seen": true,
      "stopped_at_end": true,
      "continuous_output": false
    },
    {
      "fault": "odom_silent",
      "recovered_before_fault": true,
      "moving_before_fault": true,
      "command_count": 20,
      "degraded_seen": true,
      "stopped_at_end": true,
      "continuous_output": true
    },
    {
      "fault": "prediction_silent",
      "recovered_before_fault": true,
      "moving_before_fault": true,
      "command_count": 20,
      "degraded_seen": true,
      "stopped_at_end": true,
      "continuous_output": true
    },
    {
      "fault": "incomplete",
      "recovered_before_fault": true,
      "moving_before_fault": true,
      "command_count": 20,
      "degraded_seen": true,
      "stopped_at_end": true,
      "continuous_output": true
    },
    {
      "fault": "future_odom",
      "recovered_before_fault": true,
      "moving_before_fault": true,
      "command_count": 20,
      "degraded_seen": true,
      "stopped_at_end": true,
      "continuous_output": true
    },
    {
      "fault": "nonplanar",
      "recovered_before_fault": true,
      "moving_before_fault": true,
      "command_count": 20,
      "degraded_seen": true,
      "stopped_at_end": true,
      "continuous_output": true
    }
  ],
  "command_count": 381,
  "max_command_gap_s": 0.1366248580015963,
  "max_observed_vx_change": 0.05000000000000002,
  "health_count": 381,
  "final_recovery": true,
  "all_pass": false,
  "scope": "Synthetic empty public predictions and held-velocity plant; engineering faults only, not physical safety"
}
