{
  "source_tf_replay_gate": true,
  "event_file_sha256": "0140b6e26900db5a886d27b5cd8e0d7819408d5de03e2129fad4e50dc0bb3b2c",
  "scenario": "head_on",
  "mode": "shadow",
  "source_counts": 762,
  "public_accepted": 762,
  "public_rejections": {},
  "source_epoch_monotonic": true,
  "schema_failures": 0,
  "complete_count": 762,
  "track_states": {
    "1": 159,
    "2": 603
  },
  "confirmed_observations": 603,
  "source_scan_pairs": 762,
  "source_tf_pairs": 761,
  "source_receipt_sim_s": {
    "count": 762,
    "p50": 0.03,
    "p95": 0.054,
    "min": 0.01,
    "max": 0.112
  },
  "source_processing_sim_s": {
    "count": 762,
    "p50": 0.01,
    "p95": 0.013,
    "min": 0.007,
    "max": 0.048
  },
  "processing_order_failures": 0,
  "display_cv_error_max_m": 0.0,
  "odom_count": 2520,
  "odom_receipt_sim_s": {
    "count": 2520,
    "p50": 0.001,
    "p95": 0.004,
    "min": 0.0,
    "max": 0.021
  },
  "measured_wz_abs": {
    "count": 2520,
    "p50": 0.0,
    "p95": 0.0,
    "min": 0.0,
    "max": 2.468370343192139e-09
  },
  "measured_translation_speed": {
    "count": 2520,
    "p50": 0.0,
    "p95": 0.0,
    "min": 0.0,
    "max": 0.41601665686021266
  },
  "model_domain_rejections": {},
  "solver_s": {
    "count": 999,
    "p50": 0.005972476996248588,
    "p95": 0.013872119000734526,
    "min": 6.261200178414583e-05,
    "max": 0.024066738995315973
  },
  "solver_feasible_count": 50,
  "solver_reasons": {
    "ContractError: missing plan/map/prediction": 214,
    "revalidated temporal QP": 50,
    "maximum iterations reached; trajectory rejected by hard checks": 1,
    "primal infeasible": 734
  },
  "native_health_reasons": {
    "missing TF/odom": 1,
    "missing proposal/state": 4,
    "proposal stale/rejected/generation": 948,
    "accepted_reanchored": 35,
    "reanchored trajectory rejected": 15
  },
  "native_executed_s": null,
  "native_executed_ready_count": 0,
  "oracle_same_epoch_pairs": 2519,
  "oracle_errors": {},
  "oracle_gap_s": {
    "count": 2518,
    "p50": 0.02,
    "p95": 0.02,
    "min": 0.02,
    "max": 0.02
  },
  "sampled_full_envelope_clearance_m": 0.3531521689941129,
  "diagnostic_sweep_lower_m": 0.2981521689941129,
  "diagnostic_point_speed_bound": 5.5,
  "physical_speed_bound_certified": false,
  "sampled_full_envelope_intersection": false,
  "actual_robot_contacts": 0,
  "actual_contact_message_count": 0,
  "action_success": false,
  "sensor_contract_gate": true,
  "measured_model_gate": true,
  "mpc_entry_gate": true,
  "oracle_sample_gate": true,
  "physical_acceptance": false,
  "false_block": null,
  "blocked_pair_reason": null
}
