{
  "baseline_strategy": "MPPI + common ExecutionGuard",
  "candidate_strategy": "MPC + MPPI fallback + common ExecutionGuard",
  "pairs": [
    {
      "scenario": "crossing",
      "config_byte_identical": {
        "world.sdf": true,
        "nav2.yaml": true,
        "tracker.yaml": true,
        "bridge.yaml": true
      },
      "b0": {
        "execution_audit": {
          "guard_exact_input_replays": 1071,
          "native_zoh_state_replays": 157,
          "native_model_error": {
            "count": 157,
            "p50": 5.551115123125783e-17,
            "p95": 4.440892098500626e-16,
            "min": 0.0,
            "max": 8.881784197001252e-16
          },
          "native_dynamic_rejection_checks": 2,
          "native_constraint_counts": {
            "input": 847,
            "accepted": 155,
            "dynamic_clearance": 2
          },
          "executed_rejections": [],
          "guard_statuses": {
            "uncertified_brake": 697,
            "certified_brake": 232,
            "pass": 142
          },
          "guard_slew_max": 0.05000000000000002,
          "guard_core_s": {
            "count": 1071,
            "p50": 0.002179584000259638,
            "p95": 0.00481815899911453,
            "min": 5.5475997214671224e-05,
            "max": 0.005719811000744812
          },
          "guard_tick_to_output_s": {
            "count": 1071,
            "p50": 0.0024849050023476593,
            "p95": 0.005307095500029391,
            "min": 0.0002324800007045269,
            "max": 0.006215433997567743
          },
          "guard_producer_start_interval_s": {
            "count": 1070,
            "p50": 0.050001345,
            "p95": 0.05044836725,
            "min": 0.048865559,
            "max": 0.051155937000000005
          },
          "guard_producer_output_interval_s": {
            "count": 1070,
            "p50": 0.049999907,
            "p95": 0.052882933,
            "min": 0.046129054,
            "max": 0.054154408
          },
          "guard_tick_to_output_cpu_s": {
            "count": 1071,
            "p50": 0.0025548890000000003,
            "p95": 0.005467871500000001,
            "min": 0.00021282700000000001,
            "max": 0.0064193670000000005
          },
          "guard_nominal_missed_slots": 0,
          "guard_record_tick_gaps": [],
          "guard_observed_10ms_gate": true,
          "errors": [],
          "missing_inputs": {},
          "all_model_replays_pass": true,
          "scope": "Model replay and recorded timing only; no continuous actuator or detection safety certificate; no oracle inputs"
        },
        "run": "crossing_b0_01",
        "action_status": 5,
        "goal_sim_s": 10.0,
        "duration_sim_s": 40.0,
        "actual_robot_contact_messages": 0,
        "first_actual_contact_sim_s": null,
        "sampled_clearance_m": 1.5916959818824923,
        "diagnostic_sweep_lower_m": 1.5366959818824923,
        "oracle_max_gap_s": 0.02,
        "native_executed_count": 0,
        "native_executed_ready_count": 0,
        "native_executed_s": null,
        "feasible_worker_s": {
          "count": 157,
          "p50": 0.008283834999019746,
          "p95": 0.01867076859489316,
          "min": 0.004874751000897959,
          "max": 0.01947509099409217
        },
        "worker_all_s": {
          "count": 1003,
          "p50": 0.00629240799753461,
          "p95": 0.013382795394863933,
          "min": 6.619800115004182e-05,
          "max": 0.01947509099409217
        },
        "solver_rejections": {
          "ContractError: missing plan/map/prediction": 218,
          "primal infeasible": 624,
          "primal infeasible inaccurate": 4
        },
        "controller_command_count": 771,
        "controller_command_gap_wall_s": {
          "count": 770,
          "p50": 0.049995293499999996,
          "p95": 0.05597374945,
          "min": 0.031374454,
          "max": 0.073419251
        },
        "actuator_command_count": 800,
        "actuator_command_gap_wall_s": {
          "count": 799,
          "p50": 0.050040356,
          "p95": 0.0548035238,
          "min": 0.024447256,
          "max": 0.074778915
        },
        "command_endpoints_unique_at_snapshots": true,
        "selections": [
          {
            "sim_s": 0.0,
            "wall_ns": 62569571463245,
            "controller": "FollowPathMPPI"
          }
        ],
        "observed_fallback": null,
        "accepted_mpc_cycle_share": 0.0,
        "sensor_contract_gate": true,
        "measured_model_gate": true,
        "physical_acceptance": false,
        "false_block": null,
        "logged_actuator_75ms_continuity_gate": true,
        "logged_controller_75ms_continuity_gate": true,
        "physical_fail_reasons": [
          "action not successful",
          "continuous plant error/speed bound not certified"
        ]
      },
      "candidate": {
        "execution_audit": {
          "guard_exact_input_replays": 1081,
          "native_zoh_state_replays": 458,
          "native_model_error": {
            "count": 458,
            "p50": 2.949029909160572e-17,
            "p95": 4.440892098500626e-16,
            "min": 0.0,
            "max": 1.3322676295501878e-15
          },
          "native_dynamic_rejection_checks": 9,
          "native_constraint_counts": {
            "input": 725,
            "accepted": 449,
            "dynamic_clearance": 9
          },
          "executed_rejections": [
            {
              "ready": false,
              "fallback_requested": true,
              "reason": "reanchored trajectory rejected",
              "executed": true,
              "compute_count": 176,
              "elapsed_s": 8.107e-05,
              "evaluation_ns": 20202000000,
              "proposal_ns": 20172000000,
              "prediction_ns": 20131000000,
              "generation": 2,
              "model": "fixed_yaw_velocity_zoh/v1",
              "constraint": "dynamic_clearance",
              "reanchor_projection": "velocity_and_stop/v2",
              "step": 27,
              "track_id": 1,
              "slack": -0.003330680344070483,
              "initial_state": [
                2.215995383694554,
                -1.7375989822494917,
                5.456258435410485e-09,
                0.04099952766890551,
                -0.4590008809955327,
                0
              ],
              "checked_state": [
                2.6323340706951246,
                -1.5819116579971968,
                5.456258435410485e-09,
                0.1147831978743302,
                0.13099899191314684,
                0
              ]
            }
          ],
          "guard_statuses": {
            "uncertified_brake": 565,
            "certified_brake": 283,
            "pass": 233
          },
          "guard_slew_max": 0.050000000000000044,
          "guard_core_s": {
            "count": 1081,
            "p50": 0.0021474480017786846,
            "p95": 0.004791078994458076,
            "min": 4.626799636753276e-05,
            "max": 0.005979913999908604
          },
          "guard_tick_to_output_s": {
            "count": 1081,
            "p50": 0.002454342997225467,
            "p95": 0.005299807002302259,
            "min": 0.00018862399883801118,
            "max": 0.006546321994392201
          },
          "guard_producer_start_interval_s": {
            "count": 1080,
            "p50": 0.049831309000000004,
            "p95": 0.05043293095,
            "min": 0.045931309000000003,
            "max": 0.051662929
          },
          "guard_producer_output_interval_s": {
            "count": 1080,
            "p50": 0.0497594935,
            "p95": 0.05284224945,
            "min": 0.045828345,
            "max": 0.054251243000000005
          },
          "guard_tick_to_output_cpu_s": {
            "count": 1081,
            "p50": 0.002541039,
            "p95": 0.005421934000000001,
            "min": 0.000181707,
            "max": 0.00674165
          },
          "guard_nominal_missed_slots": 0,
          "guard_record_tick_gaps": [],
          "guard_observed_10ms_gate": true,
          "errors": [],
          "missing_inputs": {},
          "all_model_replays_pass": true,
          "scope": "Model replay and recorded timing only; no continuous actuator or detection safety certificate; no oracle inputs"
        },
        "run": "crossing_mpc_01",
        "action_status": 5,
        "goal_sim_s": 10.0,
        "duration_sim_s": 40.0,
        "actual_robot_contact_messages": 0,
        "first_actual_contact_sim_s": null,
        "sampled_clearance_m": 1.441794438370486,
        "diagnostic_sweep_lower_m": 1.386794438370486,
        "oracle_max_gap_s": 0.02,
        "native_executed_count": 176,
        "native_executed_ready_count": 175,
        "native_executed_s": {
          "count": 176,
          "p50": 8.58555e-05,
          "p95": 0.000135069,
          "min": 5.6954e-05,
          "max": 0.000173872
        },
        "feasible_worker_s": {
          "count": 466,
          "p50": 0.009697583998786286,
          "p95": 0.018477490497389226,
          "min": 0.004611310003383551,
          "max": 0.030797965002420824
        },
        "worker_all_s": {
          "count": 1177,
          "p50": 0.007190860997070558,
          "p95": 0.017329958998016082,
          "min": 5.8826997701544315e-05,
          "max": 0.030797965002420824
        },
        "solver_rejections": {
          "ContractError: missing plan/map/prediction": 217,
          "primal infeasible": 494
        },
        "controller_command_count": 773,
        "controller_command_gap_wall_s": {
          "count": 772,
          "p50": 0.0500304345,
          "p95": 0.05584190224999999,
          "min": 0.024266366,
          "max": 0.07256896
        },
        "actuator_command_count": 802,
        "actuator_command_gap_wall_s": {
          "count": 801,
          "p50": 0.0500021,
          "p95": 0.055843784,
          "min": 0.022331697,
          "max": 0.074920633
        },
        "command_endpoints_unique_at_snapshots": true,
        "selections": [
          {
            "sim_s": 0.0,
            "wall_ns": 63035890009417,
            "controller": "FollowPathMPPI"
          },
          {
            "sim_s": 11.172,
            "wall_ns": 63050322193627,
            "controller": "FollowPathTemporalMPC"
          },
          {
            "sim_s": 20.208,
            "wall_ns": 63059357779452,
            "controller": "FollowPathMPPI"
          }
        ],
        "observed_fallback": {
          "nearby_health_diagnostic": {
            "ready": false,
            "fallback_requested": true,
            "reason": "reanchored trajectory rejected",
            "executed": true,
            "compute_count": 176,
            "elapsed_s": 8.107e-05,
            "evaluation_ns": 20202000000,
            "proposal_ns": 20172000000,
            "prediction_ns": 20131000000,
            "generation": 2,
            "model": "fixed_yaw_velocity_zoh/v1",
            "constraint": "dynamic_clearance",
            "reanchor_projection": "velocity_and_stop/v2",
            "step": 27,
            "track_id": 1,
            "slack": -0.003330680344070483,
            "initial_state": [
              2.215995383694554,
              -1.7375989822494917,
              5.456258435410485e-09,
              0.04099952766890551,
              -0.4590008809955327,
              0
            ],
            "checked_state": [
              2.6323340706951246,
              -1.5819116579971968,
              5.456258435410485e-09,
              0.1147831978743302,
              0.13099899191314684,
              0
            ]
          },
          "nearby_health_receipt_offset_s": 0.000235345,
          "causal_failure_to_switch_s": null,
          "causal_health_receipt_observed_before_selection": false,
          "nearby_executed_rejection_reason": "reanchored trajectory rejected",
          "nearby_rejection_receipt_offset_s": 0.000235345,
          "receipt_order_note": "Independent DDS subscriptions; post-selection receipt is correlation, not measured causal latency",
          "selection_sim_s": 20.208,
          "health_reason": null,
          "health_to_selection_wall_s": null
        },
        "accepted_mpc_cycle_share": 0.22639068564036222,
        "sensor_contract_gate": true,
        "measured_model_gate": true,
        "physical_acceptance": false,
        "false_block": null,
        "logged_actuator_75ms_continuity_gate": true,
        "logged_controller_75ms_continuity_gate": true,
        "physical_fail_reasons": [
          "action not successful",
          "continuous plant error/speed bound not certified"
        ]
      },
      "repetition_count": 1,
      "mppi_internal_noise_seed": null,
      "statistical_net_benefit_established": false
    },
    {
      "scenario": "head_on",
      "config_byte_identical": {
        "world.sdf": true,
        "nav2.yaml": true,
        "tracker.yaml": true,
        "bridge.yaml": true
      },
      "b0": {
        "execution_audit": {
          "guard_exact_input_replays": 1073,
          "native_zoh_state_replays": 50,
          "native_model_error": {
            "count": 50,
            "p50": 1.1102230246251565e-16,
            "p95": 3.2369940061727214e-16,
            "min": 0.0,
            "max": 3.3306690738754696e-16
          },
          "native_dynamic_rejection_checks": 15,
          "native_constraint_counts": {
            "input": 953,
            "accepted": 35,
            "dynamic_clearance": 15
          },
          "executed_rejections": [],
          "guard_statuses": {
            "uncertified_brake": 817,
            "certified_brake": 228,
            "pass": 28
          },
          "guard_slew_max": 0.05,
          "guard_core_s": {
            "count": 1073,
            "p50": 0.0021803880008519627,
            "p95": 0.004835651800385676,
            "min": 5.9441001212690026e-05,
            "max": 0.0055961030011530966
          },
          "guard_tick_to_output_s": {
            "count": 1073,
            "p50": 0.0025600910012144595,
            "p95": 0.005397491798794362,
            "min": 0.00025184900005115196,
            "max": 0.006112408002081793
          },
          "guard_producer_start_interval_s": {
            "count": 1072,
            "p50": 0.049991562,
            "p95": 0.050328020700000003,
            "min": 0.048887769000000005,
            "max": 0.050897207
          },
          "guard_producer_output_interval_s": {
            "count": 1072,
            "p50": 0.049990099,
            "p95": 0.05303127085,
            "min": 0.045963164,
            "max": 0.05417893100000001
          },
          "guard_tick_to_output_cpu_s": {
            "count": 1073,
            "p50": 0.002680848,
            "p95": 0.005617584,
            "min": 0.000231484,
            "max": 0.0063764170000000005
          },
          "guard_nominal_missed_slots": 0,
          "guard_record_tick_gaps": [],
          "guard_observed_10ms_gate": true,
          "errors": [],
          "missing_inputs": {},
          "all_model_replays_pass": true,
          "scope": "Model replay and recorded timing only; no continuous actuator or detection safety certificate; no oracle inputs"
        },
        "run": "head_on_b0_01",
        "action_status": 5,
        "goal_sim_s": 10.0,
        "duration_sim_s": 40.0,
        "actual_robot_contact_messages": 0,
        "first_actual_contact_sim_s": null,
        "sampled_clearance_m": 0.3531521689941129,
        "diagnostic_sweep_lower_m": 0.2981521689941129,
        "oracle_max_gap_s": 0.02,
        "native_executed_count": 0,
        "native_executed_ready_count": 0,
        "native_executed_s": null,
        "feasible_worker_s": {
          "count": 50,
          "p50": 0.009224586498021381,
          "p95": 0.01951891905264347,
          "min": 0.006934495999303181,
          "max": 0.021418748998257797
        },
        "worker_all_s": {
          "count": 999,
          "p50": 0.005972476996248588,
          "p95": 0.013872119000734526,
          "min": 6.261200178414583e-05,
          "max": 0.024066738995315973
        },
        "solver_rejections": {
          "ContractError: missing plan/map/prediction": 214,
          "maximum iterations reached; trajectory rejected by hard checks": 1,
          "primal infeasible": 734
        },
        "controller_command_count": 772,
        "controller_command_gap_wall_s": {
          "count": 771,
          "p50": 0.050024068,
          "p95": 0.056035893,
          "min": 0.024429467,
          "max": 0.089868587
        },
        "actuator_command_count": 801,
        "actuator_command_gap_wall_s": {
          "count": 800,
          "p50": 0.0500692155,
          "p95": 0.0562364669,
          "min": 0.019722529,
          "max": 0.086961313
        },
        "command_endpoints_unique_at_snapshots": true,
        "selections": [
          {
            "sim_s": 0.0,
            "wall_ns": 63200676442880,
            "controller": "FollowPathMPPI"
          }
        ],
        "observed_fallback": null,
        "accepted_mpc_cycle_share": 0.0,
        "sensor_contract_gate": true,
        "measured_model_gate": true,
        "physical_acceptance": false,
        "false_block": null,
        "logged_actuator_75ms_continuity_gate": false,
        "logged_controller_75ms_continuity_gate": false,
        "physical_fail_reasons": [
          "action not successful",
          "continuous plant error/speed bound not certified"
        ]
      },
      "candidate": {
        "execution_audit": {
          "guard_exact_input_replays": 1066,
          "native_zoh_state_replays": 153,
          "native_model_error": {
            "count": 153,
            "p50": 6.88214269644119e-22,
            "p95": 2.220446049250313e-16,
            "min": 0.0,
            "max": 4.440892098500626e-16
          },
          "native_dynamic_rejection_checks": 19,
          "native_constraint_counts": {
            "input": 912,
            "accepted": 134,
            "dynamic_clearance": 19
          },
          "executed_rejections": [
            {
              "ready": false,
              "fallback_requested": true,
              "reason": "reanchored trajectory rejected",
              "executed": true,
              "compute_count": 63,
              "elapsed_s": 0.000128217,
              "evaluation_ns": 14565000000,
              "proposal_ns": 14526000000,
              "prediction_ns": 14521000000,
              "generation": 2,
              "model": "fixed_yaw_velocity_zoh/v1",
              "constraint": "dynamic_clearance",
              "reanchor_projection": "velocity_and_stop/v2",
              "step": 29,
              "track_id": 1,
              "slack": -0.0005596512931821951,
              "initial_state": [
                -0.000249579023518847,
                -1.364901083638513,
                1.1749190459286544e-11,
                0,
                -0.35560024333647355,
                0
              ],
              "checked_state": [
                -0.16501536413894735,
                -1.12614151525628,
                1.1749190459286544e-11,
                0,
                0.01639976321205447,
                0
              ]
            }
          ],
          "guard_statuses": {
            "uncertified_brake": 779,
            "certified_brake": 227,
            "pass": 60
          },
          "guard_slew_max": 0.05,
          "guard_core_s": {
            "count": 1066,
            "p50": 0.00201932200070587,
            "p95": 0.004529453997747623,
            "min": 6.248800491448492e-05,
            "max": 0.005321019001712557
          },
          "guard_tick_to_output_s": {
            "count": 1066,
            "p50": 0.0024019035008677747,
            "p95": 0.005080490498585277,
            "min": 0.0002822090027621016,
            "max": 0.006002467998769134
          },
          "guard_producer_start_interval_s": {
            "count": 1066,
            "p50": 0.049994975000000004,
            "p95": 0.0503482925,
            "min": 0.048759384,
            "max": 0.051294808000000004
          },
          "guard_producer_output_interval_s": {
            "count": 1066,
            "p50": 0.04998106200000001,
            "p95": 0.05290150375,
            "min": 0.045969756,
            "max": 0.053871819
          },
          "guard_tick_to_output_cpu_s": {
            "count": 1066,
            "p50": 0.002473419,
            "p95": 0.00529649775,
            "min": 0.00026386300000000003,
            "max": 0.006357072
          },
          "guard_nominal_missed_slots": 0,
          "guard_record_tick_gaps": [],
          "guard_observed_10ms_gate": true,
          "errors": [],
          "missing_inputs": {},
          "all_model_replays_pass": true,
          "scope": "Model replay and recorded timing only; no continuous actuator or detection safety certificate; no oracle inputs"
        },
        "run": "head_on_mpc_01",
        "action_status": 5,
        "goal_sim_s": 10.004,
        "duration_sim_s": 40.003,
        "actual_robot_contact_messages": 0,
        "first_actual_contact_sim_s": null,
        "sampled_clearance_m": 1.205338209141112,
        "diagnostic_sweep_lower_m": 1.150338209141112,
        "oracle_max_gap_s": 0.02,
        "native_executed_count": 63,
        "native_executed_ready_count": 62,
        "native_executed_s": {
          "count": 63,
          "p50": 0.000116367,
          "p95": 0.00015541029999999997,
          "min": 8.1105e-05,
          "max": 0.000194714
        },
        "feasible_worker_s": {
          "count": 153,
          "p50": 0.010788295003294479,
          "p95": 0.019256516998575536,
          "min": 0.0066343720027362,
          "max": 0.022341116004099604
        },
        "worker_all_s": {
          "count": 1062,
          "p50": 0.0072257340034411754,
          "p95": 0.015122055853134952,
          "min": 6.082199979573488e-05,
          "max": 0.023292059006053023
        },
        "solver_rejections": {
          "ContractError: missing plan/map/prediction": 214,
          "maximum iterations reached; trajectory rejected by hard checks": 4,
          "primal infeasible": 691
        },
        "controller_command_count": 772,
        "controller_command_gap_wall_s": {
          "count": 771,
          "p50": 0.050061371,
          "p95": 0.055418815499999996,
          "min": 0.037828728,
          "max": 0.062670128
        },
        "actuator_command_count": 800,
        "actuator_command_gap_wall_s": {
          "count": 799,
          "p50": 0.050036521,
          "p95": 0.0568204893,
          "min": 0.02270966,
          "max": 0.080477682
        },
        "command_endpoints_unique_at_snapshots": true,
        "selections": [
          {
            "sim_s": 0.0,
            "wall_ns": 63349589229589,
            "controller": "FollowPathMPPI"
          },
          {
            "sim_s": 11.235,
            "wall_ns": 63363713599221,
            "controller": "FollowPathTemporalMPC"
          },
          {
            "sim_s": 14.568,
            "wall_ns": 63367048036687,
            "controller": "FollowPathMPPI"
          }
        ],
        "observed_fallback": {
          "nearby_health_diagnostic": {
            "ready": false,
            "fallback_requested": true,
            "reason": "reanchored trajectory rejected",
            "executed": true,
            "compute_count": 63,
            "elapsed_s": 0.000128217,
            "evaluation_ns": 14565000000,
            "proposal_ns": 14526000000,
            "prediction_ns": 14521000000,
            "generation": 2,
            "model": "fixed_yaw_velocity_zoh/v1",
            "constraint": "dynamic_clearance",
            "reanchor_projection": "velocity_and_stop/v2",
            "step": 29,
            "track_id": 1,
            "slack": -0.0005596512931821951,
            "initial_state": [
              -0.000249579023518847,
              -1.364901083638513,
              1.1749190459286544e-11,
              0,
              -0.35560024333647355,
              0
            ],
            "checked_state": [
              -0.16501536413894735,
              -1.12614151525628,
              1.1749190459286544e-11,
              0,
              0.01639976321205447,
              0
            ]
          },
          "nearby_health_receipt_offset_s": 0.000112502,
          "causal_failure_to_switch_s": null,
          "causal_health_receipt_observed_before_selection": false,
          "nearby_executed_rejection_reason": "reanchored trajectory rejected",
          "nearby_rejection_receipt_offset_s": 0.000112502,
          "receipt_order_note": "Independent DDS subscriptions; post-selection receipt is correlation, not measured causal latency",
          "selection_sim_s": 14.568,
          "health_reason": null,
          "health_to_selection_wall_s": null
        },
        "accepted_mpc_cycle_share": 0.08031088082901554,
        "sensor_contract_gate": true,
        "measured_model_gate": true,
        "physical_acceptance": false,
        "false_block": null,
        "logged_actuator_75ms_continuity_gate": false,
        "logged_controller_75ms_continuity_gate": true,
        "physical_fail_reasons": [
          "action not successful",
          "continuous plant error/speed bound not certified"
        ]
      },
      "repetition_count": 1,
      "mppi_internal_noise_seed": null,
      "statistical_net_benefit_established": false
    }
  ],
  "all_pair_config_identical": true,
  "candidate_frozen_for_deployment": false,
  "dynamic_acceptance": false,
  "conclusion": "Recorded engineering/physical results only. No safe successful B0 witness or continuous safety certificate; deployment acceptance remains false."
}
