[INFO] [1791097165.547532291] [planner_server]: 
	planner_server lifecycle node launched. 
	Waiting on external lifecycle transitions to activate
	See https://design.ros2.org/articles/node_lifecycle.html for more information.
[INFO] [1791097165.549609322] [planner_server]: Creating
[INFO] [1791097165.554899669] [global_costmap.global_costmap]: 
	global_costmap lifecycle node launched. 
	Waiting on external lifecycle transitions to activate
	See https://design.ros2.org/articles/node_lifecycle.html for more information.
[INFO] [1791097165.555496498] [global_costmap.global_costmap]: Creating Costmap
[INFO] [1791097165.604037911] [planner_server]: Configuring
[INFO] [1791097165.604113149] [global_costmap.global_costmap]: Configuring
[INFO] [1791097165.609777898] [global_costmap.global_costmap]: Using plugin "static_layer"
[INFO] [1791097165.614906777] [global_costmap.global_costmap]: Subscribing to the map topic (/map) with transient local durability
[INFO] [1791097165.616449535] [global_costmap.global_costmap]: Initialized plugin "static_layer"
[INFO] [1791097165.616492263] [global_costmap.global_costmap]: Using plugin "inflation_layer"
[INFO] [1791097165.617198755] [global_costmap.global_costmap]: Initialized plugin "inflation_layer"
[INFO] [1791097165.622708067] [planner_server]: Created global planner plugin GridBased of type nav2_navfn_planner/NavfnPlanner
[INFO] [1791097165.622743234] [planner_server]: Configuring plugin GridBased of type NavfnPlanner
[INFO] [1791097165.622978177] [planner_server]: Planner Server has GridBased  planners available.
[INFO] [1791097165.888695304] [global_costmap.global_costmap]: StaticLayer: Resizing costmap to 500 X 140 at 0.050000 m/pix
[INFO] [1791097166.346472544] [planner_server]: Activating
[INFO] [1791097166.346568734] [global_costmap.global_costmap]: Activating
[INFO] [1791097166.346596333] [global_costmap.global_costmap]: Checking transform
[INFO] [1791097166.346764484] [global_costmap.global_costmap]: start
[INFO] [1791097166.396983883] [planner_server]: Activating plugin GridBased of type NavfnPlanner
[INFO] [1791097166.398031309] [planner_server]: Creating bond (planner_server) to lifecycle manager.
