[INFO] [1791091983.098994345] [controller_server]: 
	controller_server lifecycle node launched. 
	Waiting on external lifecycle transitions to activate
	See https://design.ros2.org/articles/node_lifecycle.html for more information.
[INFO] [1791091983.103983035] [controller_server]: Creating controller server
[INFO] [1791091983.110349308] [local_costmap.local_costmap]: 
	local_costmap lifecycle node launched. 
	Waiting on external lifecycle transitions to activate
	See https://design.ros2.org/articles/node_lifecycle.html for more information.
[INFO] [1791091983.111757669] [local_costmap.local_costmap]: Creating Costmap
[INFO] [1791091983.302391307] [controller_server]: Configuring controller interface
[INFO] [1791091983.302506712] [controller_server]: getting goal checker plugins..
[INFO] [1791091983.302521681] [controller_server]: Controller frequency set to 20.0000Hz
[INFO] [1791091983.302543082] [local_costmap.local_costmap]: Configuring
[INFO] [1791091983.307214284] [local_costmap.local_costmap]: Using plugin "static_layer"
[INFO] [1791091983.310653254] [local_costmap.local_costmap]: Subscribing to the map topic (/map) with transient local durability
[INFO] [1791091983.311878286] [local_costmap.local_costmap]: Initialized plugin "static_layer"
[INFO] [1791091983.311907402] [local_costmap.local_costmap]: Using plugin "stvl_layer"
[INFO] [1791091983.346322619] [local_costmap.local_costmap]: stvl_layer being initialized as SpatioTemporalVoxelLayer!
[INFO] [1791091983.346384991] [local_costmap.local_costmap]: stvl_layer's global frame is map.
[INFO] [1791091983.346841109] [local_costmap.local_costmap]: stvl_layer loaded parameters from parameter server.
[INFO] [1791091983.347942733] [local_costmap.local_costmap]: stvl_layer created underlying voxel grid.
[INFO] [1791091983.348652798] [local_costmap.local_costmap]: Voxel filter activated.
[INFO] [1791091983.351597394] [local_costmap.local_costmap]: Passthough filter activated.
[INFO] [1791091983.352459107] [local_costmap.local_costmap]: stvl_layer initialization complete!
[INFO] [1791091983.352488793] [local_costmap.local_costmap]: Initialized plugin "stvl_layer"
[INFO] [1791091983.352496793] [local_costmap.local_costmap]: Using plugin "inflation_layer"
[INFO] [1791091983.352863029] [local_costmap.local_costmap]: Initialized plugin "inflation_layer"
[INFO] [1791091983.357823576] [controller_server]: Created progress_checker : progress_checker of type nav2_controller::SimpleProgressChecker
[INFO] [1791091983.358376335] [controller_server]: Created goal checker : general_goal_checker of type nav2_controller::SimpleGoalChecker
[INFO] [1791091983.358502985] [controller_server]: Controller Server has general_goal_checker  goal checkers available.
[INFO] [1791091983.359492350] [controller_server]: Created controller : FollowPathMPPI of type nav2_mppi_controller::MPPIController
[INFO] [1791091983.360066163] [controller_server]: Controller period is equal to model dt. Control sequence shifting is ON
[INFO] [1791091983.361215491] [controller_server]: ConstraintCritic instantiated with 1 power and 4.000000 weight.
[INFO] [1791091983.361243753] [controller_server]: Critic loaded : mppi::critics::ConstraintCritic
[INFO] [1791091983.361498300] [controller_server]: InflationCostCritic instantiated with 1 power and 300.000000 / 0.015000 weights. Critic will collision check based on footprint cost.
[INFO] [1791091983.361517774] [controller_server]: Critic loaded : mppi::critics::CostCritic
[INFO] [1791091983.361657155] [controller_server]: GoalCritic instantiated with 1 power and 5.000000 weight.
[INFO] [1791091983.361665343] [controller_server]: Critic loaded : mppi::critics::GoalCritic
[INFO] [1791091983.361820446] [controller_server]: Critic loaded : mppi::critics::PathFollowCritic
[INFO] [1791091983.362503129] [controller_server]: Optimizer reset
[INFO] [1791091983.364325915] [MPPIController]: Configured MPPI Controller: FollowPathMPPI
[INFO] [1791091983.368110413] [controller_server]: Created controller : FollowPathTemporalMPC of type rm_temporal_mpc::Controller
[INFO] [1791091983.371823952] [controller_server]: Controller Server has FollowPathMPPI FollowPathTemporalMPC  controllers available.
[INFO] [1791091983.408943158] [controller_server]: Activating
[INFO] [1791091983.408994539] [local_costmap.local_costmap]: Activating
[INFO] [1791091983.409005645] [local_costmap.local_costmap]: Checking transform
[INFO] [1791091983.409026880] [local_costmap.local_costmap]: Timed out waiting for transform from base_link to map to become available, tf error: Invalid frame ID "map" passed to canTransform argument target_frame - frame does not exist
[INFO] [1791091983.909096780] [local_costmap.local_costmap]: Timed out waiting for transform from base_link to map to become available, tf error: Invalid frame ID "map" passed to canTransform argument target_frame - frame does not exist
[INFO] [1791091984.409148395] [local_costmap.local_costmap]: Timed out waiting for transform from base_link to map to become available, tf error: Could not find a connection between 'map' and 'base_link' because they are not part of the same tree.Tf has two or more unconnected trees.
[INFO] [1791091984.909187421] [local_costmap.local_costmap]: Timed out waiting for transform from base_link to map to become available, tf error: Could not find a connection between 'map' and 'base_link' because they are not part of the same tree.Tf has two or more unconnected trees.
[INFO] [1791091985.409206654] [local_costmap.local_costmap]: Timed out waiting for transform from base_link to map to become available, tf error: Could not find a connection between 'map' and 'base_link' because they are not part of the same tree.Tf has two or more unconnected trees.
[INFO] [1791091985.909103107] [local_costmap.local_costmap]: Timed out waiting for transform from base_link to map to become available, tf error: Could not find a connection between 'map' and 'base_link' because they are not part of the same tree.Tf has two or more unconnected trees.
[INFO] [1791091986.409097463] [local_costmap.local_costmap]: Timed out waiting for transform from base_link to map to become available, tf error: Could not find a connection between 'map' and 'base_link' because they are not part of the same tree.Tf has two or more unconnected trees.
[INFO] [1791091986.909091147] [local_costmap.local_costmap]: Timed out waiting for transform from base_link to map to become available, tf error: Could not find a connection between 'map' and 'base_link' because they are not part of the same tree.Tf has two or more unconnected trees.
[INFO] [1791091987.001058367] [local_costmap.local_costmap]: StaticLayer: Resizing static layer to 160 X 120 at 0.050000 m/pix
[INFO] [1791091987.409223432] [local_costmap.local_costmap]: start
[INFO] [1791091987.409329522] [local_costmap.local_costmap]: stvl_layer was activated.
[WARN] [1791091987.461381187] [controller_server]: Parameter controller_server.verbose not found
[INFO] [1791091987.461811915] [controller_server]: Optimizer reset
[INFO] [1791091987.461916231] [MPPIController]: Activated MPPI Controller: FollowPathMPPI
[INFO] [1791091987.461934542] [controller_server]: Creating bond (controller_server) to lifecycle manager.
[INFO] [1791091998.406694492] [controller_server]: Received a goal, begin computing control effort.
[INFO] [1791091998.856960288] [controller_server]: Passing new path to controller.
[INFO] [1791091998.858007435] [controller_server]: Optimizer reset
[INFO] [1791092036.906944028] [controller_server]: Goal was canceled. Stopping the robot.
[INFO] [1791092036.906998121] [controller_server]: [follow_path] [ActionServer] Client requested to cancel the goal. Cancelling.
[INFO] [1791092037.485585203] [rclcpp]: signal_handler(SIGINT/SIGTERM)
[INFO] [1791092037.485669405] [controller_server]: Running Nav2 LifecycleNode rcl preshutdown (controller_server)
[INFO] [1791092037.485957599] [controller_server]: Deactivating
[INFO] [1791092037.486015123] [MPPIController]: Deactivated MPPI Controller: FollowPathMPPI
[INFO] [1791092037.486050330] [local_costmap.local_costmap]: Deactivating
[INFO] [1791092037.486116003] [local_costmap.local_costmap]: stvl_layer was deactivated.
[INFO] [1791092037.509475265] [controller_server]: Destroying bond (controller_server) to lifecycle manager.
[INFO] [1791092037.519682243] [controller_server]: Cleaning up
[INFO] [1791092037.519807712] [MPPIController]: Cleaned up MPPI Controller: FollowPathMPPI
[INFO] [1791092037.519891302] [local_costmap.local_costmap]: Cleaning up
[INFO] [1791092037.534101660] [controller_server]: Destroying bond (controller_server) to lifecycle manager.
[INFO] [1791092037.536904108] [local_costmap.local_costmap]: Destroying
[INFO] [1791092037.539767947] [controller_server]: Destroying
