[INFO] [1791098073.083192680] [controller_server]: 
	controller_server lifecycle node launched. 
	Waiting on external lifecycle transitions to activate
	See https://design.ros2.org/articles/node_lifecycle.html for more information.
[INFO] [1791098073.095028290] [controller_server]: Creating controller server
[INFO] [1791098073.105583842] [local_costmap.local_costmap]: 
	local_costmap lifecycle node launched. 
	Waiting on external lifecycle transitions to activate
	See https://design.ros2.org/articles/node_lifecycle.html for more information.
[INFO] [1791098073.106953386] [local_costmap.local_costmap]: Creating Costmap
[INFO] [1791098073.284525264] [controller_server]: Configuring controller interface
[INFO] [1791098073.284654732] [controller_server]: getting goal checker plugins..
[INFO] [1791098073.284670153] [controller_server]: Controller frequency set to 20.0000Hz
[INFO] [1791098073.284692153] [local_costmap.local_costmap]: Configuring
[INFO] [1791098073.287963450] [local_costmap.local_costmap]: Using plugin "static_layer"
[INFO] [1791098073.291029722] [local_costmap.local_costmap]: Subscribing to the map topic (/map) with transient local durability
[INFO] [1791098073.291950929] [local_costmap.local_costmap]: Initialized plugin "static_layer"
[INFO] [1791098073.291976717] [local_costmap.local_costmap]: Using plugin "stvl_layer"
[INFO] [1791098073.323261696] [local_costmap.local_costmap]: stvl_layer being initialized as SpatioTemporalVoxelLayer!
[INFO] [1791098073.323321936] [local_costmap.local_costmap]: stvl_layer's global frame is map.
[INFO] [1791098073.323654451] [local_costmap.local_costmap]: stvl_layer loaded parameters from parameter server.
[INFO] [1791098073.324660292] [local_costmap.local_costmap]: stvl_layer created underlying voxel grid.
[INFO] [1791098073.325237001] [local_costmap.local_costmap]: Voxel filter activated.
[INFO] [1791098073.327776146] [local_costmap.local_costmap]: Passthough filter activated.
[INFO] [1791098073.328555024] [local_costmap.local_costmap]: stvl_layer initialization complete!
[INFO] [1791098073.328584123] [local_costmap.local_costmap]: Initialized plugin "stvl_layer"
[INFO] [1791098073.328590988] [local_costmap.local_costmap]: Using plugin "inflation_layer"
[INFO] [1791098073.328989842] [local_costmap.local_costmap]: Initialized plugin "inflation_layer"
[INFO] [1791098073.333942816] [controller_server]: Created progress_checker : progress_checker of type nav2_controller::SimpleProgressChecker
[INFO] [1791098073.334451978] [controller_server]: Created goal checker : general_goal_checker of type nav2_controller::SimpleGoalChecker
[INFO] [1791098073.334571148] [controller_server]: Controller Server has general_goal_checker  goal checkers available.
[INFO] [1791098073.335526142] [controller_server]: Created controller : FollowPathMPPI of type nav2_mppi_controller::MPPIController
[INFO] [1791098073.336075856] [controller_server]: Controller period is equal to model dt. Control sequence shifting is ON
[INFO] [1791098073.337185200] [controller_server]: ConstraintCritic instantiated with 1 power and 4.000000 weight.
[INFO] [1791098073.337214183] [controller_server]: Critic loaded : mppi::critics::ConstraintCritic
[INFO] [1791098073.337486716] [controller_server]: InflationCostCritic instantiated with 1 power and 300.000000 / 0.015000 weights. Critic will collision check based on footprint cost.
[INFO] [1791098073.337502063] [controller_server]: Critic loaded : mppi::critics::CostCritic
[INFO] [1791098073.337619932] [controller_server]: GoalCritic instantiated with 1 power and 5.000000 weight.
[INFO] [1791098073.337627370] [controller_server]: Critic loaded : mppi::critics::GoalCritic
[INFO] [1791098073.337763644] [controller_server]: Critic loaded : mppi::critics::PathFollowCritic
[INFO] [1791098073.338453932] [controller_server]: Optimizer reset
[INFO] [1791098073.340257092] [MPPIController]: Configured MPPI Controller: FollowPathMPPI
[INFO] [1791098073.344063191] [controller_server]: Created controller : FollowPathTemporalMPC of type rm_temporal_mpc::Controller
[INFO] [1791098073.347603542] [controller_server]: Controller Server has FollowPathMPPI FollowPathTemporalMPC  controllers available.
[INFO] [1791098073.398564211] [controller_server]: Activating
[INFO] [1791098073.398614730] [local_costmap.local_costmap]: Activating
[INFO] [1791098073.398625638] [local_costmap.local_costmap]: Checking transform
[INFO] [1791098073.398646545] [local_costmap.local_costmap]: Timed out waiting for transform from base_link to map to become available, tf error: Invalid frame ID "map" passed to canTransform argument target_frame - frame does not exist
[INFO] [1791098073.898718484] [local_costmap.local_costmap]: Timed out waiting for transform from base_link to map to become available, tf error: Invalid frame ID "map" passed to canTransform argument target_frame - frame does not exist
[INFO] [1791098074.398753861] [local_costmap.local_costmap]: Timed out waiting for transform from base_link to map to become available, tf error: Could not find a connection between 'map' and 'base_link' because they are not part of the same tree.Tf has two or more unconnected trees.
[INFO] [1791098074.898850236] [local_costmap.local_costmap]: Timed out waiting for transform from base_link to map to become available, tf error: Could not find a connection between 'map' and 'base_link' because they are not part of the same tree.Tf has two or more unconnected trees.
[INFO] [1791098075.398870982] [local_costmap.local_costmap]: Timed out waiting for transform from base_link to map to become available, tf error: Could not find a connection between 'map' and 'base_link' because they are not part of the same tree.Tf has two or more unconnected trees.
[INFO] [1791098075.898831294] [local_costmap.local_costmap]: Timed out waiting for transform from base_link to map to become available, tf error: Could not find a connection between 'map' and 'base_link' because they are not part of the same tree.Tf has two or more unconnected trees.
[INFO] [1791098076.398863864] [local_costmap.local_costmap]: Timed out waiting for transform from base_link to map to become available, tf error: Could not find a connection between 'map' and 'base_link' because they are not part of the same tree.Tf has two or more unconnected trees.
[INFO] [1791098076.841242919] [local_costmap.local_costmap]: StaticLayer: Resizing static layer to 160 X 120 at 0.050000 m/pix
[INFO] [1791098076.898849022] [local_costmap.local_costmap]: start
[INFO] [1791098076.898925468] [local_costmap.local_costmap]: stvl_layer was activated.
[WARN] [1791098076.950878627] [controller_server]: Parameter controller_server.verbose not found
[INFO] [1791098076.951260253] [controller_server]: Optimizer reset
[INFO] [1791098076.951372702] [MPPIController]: Activated MPPI Controller: FollowPathMPPI
[INFO] [1791098076.951392552] [controller_server]: Creating bond (controller_server) to lifecycle manager.
[INFO] [1791098088.260417920] [controller_server]: Received a goal, begin computing control effort.
[INFO] [1791098088.261343631] [controller_server]: Optimizer reset
[INFO] [1791098126.760629027] [controller_server]: Goal was canceled. Stopping the robot.
[INFO] [1791098126.760686325] [controller_server]: [follow_path] [ActionServer] Client requested to cancel the goal. Cancelling.
[INFO] [1791098127.323510628] [rclcpp]: signal_handler(SIGINT/SIGTERM)
[INFO] [1791098127.323600407] [controller_server]: Running Nav2 LifecycleNode rcl preshutdown (controller_server)
[INFO] [1791098127.323706037] [controller_server]: Deactivating
[INFO] [1791098127.323763855] [MPPIController]: Deactivated MPPI Controller: FollowPathMPPI
[INFO] [1791098127.323801095] [local_costmap.local_costmap]: Deactivating
[INFO] [1791098127.323858413] [local_costmap.local_costmap]: stvl_layer was deactivated.
[INFO] [1791098127.349114947] [controller_server]: Destroying bond (controller_server) to lifecycle manager.
[INFO] [1791098127.359409118] [controller_server]: Cleaning up
[INFO] [1791098127.359575231] [MPPIController]: Cleaned up MPPI Controller: FollowPathMPPI
[INFO] [1791098127.359676074] [local_costmap.local_costmap]: Cleaning up
[INFO] [1791098127.371482433] [controller_server]: Destroying bond (controller_server) to lifecycle manager.
[INFO] [1791098127.377116888] [local_costmap.local_costmap]: Destroying
[INFO] [1791098127.379956020] [controller_server]: Destroying
