{
  "source_tf_replay_gate": true,
  "event_file_sha256": "a1dcfe77daa918e864695f0e93f9d90e2aa961b7d3debc213cdd72268fcf6f3a",
  "scenario": "head_on",
  "mode": "shadow",
  "source_counts": 760,
  "public_accepted": 760,
  "public_rejections": {},
  "source_epoch_monotonic": true,
  "schema_failures": 0,
  "complete_count": 760,
  "track_states": {
    "1": 159,
    "2": 601
  },
  "confirmed_observations": 601,
  "source_scan_pairs": 760,
  "source_tf_pairs": 758,
  "source_receipt_sim_s": {
    "count": 760,
    "p50": 0.0305,
    "p95": 0.05709999999999991,
    "min": 0.009,
    "max": 0.149
  },
  "source_processing_sim_s": {
    "count": 760,
    "p50": 0.009,
    "p95": 0.012,
    "min": 0.006,
    "max": 0.146
  },
  "processing_order_failures": 0,
  "display_cv_error_max_m": 0.0,
  "odom_count": 2520,
  "odom_receipt_sim_s": {
    "count": 2520,
    "p50": 0.0,
    "p95": 0.004,
    "min": 0.0,
    "max": 0.063
  },
  "measured_wz_abs": {
    "count": 2520,
    "p50": 0.0,
    "p95": 0.0,
    "min": 0.0,
    "max": 6.7007294895019e-10
  },
  "measured_translation_speed": {
    "count": 2520,
    "p50": 0.0,
    "p95": 0.0,
    "min": 0.0,
    "max": 0.32894941498265085
  },
  "model_domain_rejections": {},
  "solver_s": {
    "count": 998,
    "p50": 0.005879301505046897,
    "p95": 0.013078038556704997,
    "min": 6.548300734721124e-05,
    "max": 0.030257751001045108
  },
  "solver_feasible_count": 33,
  "solver_reasons": {
    "ContractError: missing plan/map/prediction": 243,
    "revalidated temporal QP": 33,
    "maximum iterations reached; trajectory rejected by hard checks": 1,
    "primal infeasible": 721
  },
  "native_health_reasons": {
    "missing TF/odom": 1,
    "missing proposal/state": 7,
    "proposal stale/rejected/generation": 963,
    "accepted_reanchored": 16,
    "reanchored trajectory rejected": 17
  },
  "native_executed_s": null,
  "native_executed_ready_count": 0,
  "oracle_same_epoch_pairs": 2519,
  "oracle_errors": {},
  "oracle_gap_s": {
    "count": 2518,
    "p50": 0.02,
    "p95": 0.02,
    "min": 0.02,
    "max": 0.02
  },
  "sampled_full_envelope_clearance_m": 0.6758508008965798,
  "diagnostic_sweep_lower_m": 0.6208508008965797,
  "diagnostic_point_speed_bound": 5.5,
  "physical_speed_bound_certified": false,
  "sampled_full_envelope_intersection": false,
  "actual_robot_contacts": 0,
  "actual_contact_message_count": 0,
  "action_success": false,
  "sensor_contract_gate": true,
  "measured_model_gate": true,
  "mpc_entry_gate": true,
  "oracle_sample_gate": true,
  "physical_acceptance": false,
  "false_block": null,
  "blocked_pair_reason": null
}
