{
  "checked_native_records": 33,
  "worker_input_joins": 33,
  "missing": {},
  "errors": [],
  "executed_dynamic_factorials": [],
  "shadow_dynamic_factorials": [
    {
      "evaluation_ns": 13360000000,
      "proposal_ns": 13310000000,
      "worker_source_ns": 13267000000,
      "native_source_ns": 13333000000,
      "measured_state_delta": [
        0.012694865278211953,
        0.0005359730202605706,
        -7.870350126146093e-12,
        0.012233376528651918,
        0.001544303034038002,
        4.485330835045376e-13
      ],
      "recorded_native_constraint": "dynamic_clearance",
      "recorded_step": 30,
      "recorded_track_id": 1,
      "recorded_slack_m": -0.019676446162350442,
      "cases": {
        "worker_state__worker_prediction": {
          "at_recorded_track_step_m": 0.025237258000488948,
          "hypothetical_full_min_m": 0.025237258000488948,
          "hypothetical_full_min_step": 30,
          "hypothetical_full_min_track": 1
        },
        "worker_state__native_prediction": {
          "at_recorded_track_step_m": 0.009628498357915329,
          "hypothetical_full_min_m": 0.009628498357915329,
          "hypothetical_full_min_step": 30,
          "hypothetical_full_min_track": 1
        },
        "native_state__worker_prediction": {
          "at_recorded_track_step_m": -0.004066193024188959,
          "hypothetical_full_min_m": -0.004066193024188959,
          "hypothetical_full_min_step": 30,
          "hypothetical_full_min_track": 1
        },
        "native_state__native_prediction": {
          "at_recorded_track_step_m": -0.01967644616235022,
          "hypothetical_full_min_m": -0.01967644616235022,
          "hypothetical_full_min_step": 30,
          "hypothetical_full_min_track": 1
        }
      },
      "worker_original_dynamic_min_m": 0.08793834743916798,
      "worker_constraint_min": 0.0,
      "executed": false
    },
    {
      "evaluation_ns": 13410000000,
      "proposal_ns": 13360000000,
      "worker_source_ns": 13333000000,
      "native_source_ns": 13399000000,
      "measured_state_delta": [
        0.01921184310912044,
        0.0005956189406590439,
        5.624005610727002e-12,
        -0.03276567297276145,
        -0.014480346550975466,
        8.945293033320485e-10
      ],
      "recorded_native_constraint": "dynamic_clearance",
      "recorded_step": 30,
      "recorded_track_id": 1,
      "recorded_slack_m": -0.002739081568965955,
      "cases": {
        "worker_state__worker_prediction": {
          "at_recorded_track_step_m": -0.030560591951585687,
          "hypothetical_full_min_m": -0.030560591951585687,
          "hypothetical_full_min_step": 30,
          "hypothetical_full_min_track": 1
        },
        "worker_state__native_prediction": {
          "at_recorded_track_step_m": -0.02885263012280258,
          "hypothetical_full_min_m": -0.02885263012280258,
          "hypothetical_full_min_step": 30,
          "hypothetical_full_min_track": 1
        },
        "native_state__worker_prediction": {
          "at_recorded_track_step_m": -0.004466173954347695,
          "hypothetical_full_min_m": -0.004466173954347695,
          "hypothetical_full_min_step": 30,
          "hypothetical_full_min_track": 1
        },
        "native_state__native_prediction": {
          "at_recorded_track_step_m": -0.002739081568965955,
          "hypothetical_full_min_m": -0.002739081568965955,
          "hypothetical_full_min_step": 30,
          "hypothetical_full_min_track": 1
        }
      },
      "worker_original_dynamic_min_m": 0.03396826789255545,
      "worker_constraint_min": 0.0,
      "executed": false
    },
    {
      "evaluation_ns": 13460000000,
      "proposal_ns": 13410000000,
      "worker_source_ns": 13399000000,
      "native_source_ns": 13399000000,
      "measured_state_delta": [
        0.01106122776610946,
        -5.030103937542219e-13,
        1.9774702564099657e-11,
        -0.024000042603780636,
        8.62452351152959e-14,
        -2.584340673319335e-10
      ],
      "recorded_native_constraint": "dynamic_clearance",
      "recorded_step": 29,
      "recorded_track_id": 1,
      "recorded_slack_m": -0.009327176108041891,
      "cases": {
        "worker_state__worker_prediction": {
          "at_recorded_track_step_m": -0.03063338237148071,
          "hypothetical_full_min_m": -0.05532104623372823,
          "hypothetical_full_min_step": 30,
          "hypothetical_full_min_track": 1
        },
        "worker_state__native_prediction": {
          "at_recorded_track_step_m": -0.03063338237148071,
          "hypothetical_full_min_m": -0.05532104623372823,
          "hypothetical_full_min_step": 30,
          "hypothetical_full_min_track": 1
        },
        "native_state__worker_prediction": {
          "at_recorded_track_step_m": -0.009327176108041891,
          "hypothetical_full_min_m": -0.034015830945365186,
          "hypothetical_full_min_step": 30,
          "hypothetical_full_min_track": 1
        },
        "native_state__native_prediction": {
          "at_recorded_track_step_m": -0.009327176108041891,
          "hypothetical_full_min_m": -0.034015830945365186,
          "hypothetical_full_min_step": 30,
          "hypothetical_full_min_track": 1
        }
      },
      "worker_original_dynamic_min_m": 0.008060073004764086,
      "worker_constraint_min": 5.551115123125783e-17,
      "executed": false
    },
    {
      "evaluation_ns": 13560000000,
      "proposal_ns": 13510000000,
      "worker_source_ns": 13465000000,
      "native_source_ns": 13531000000,
      "measured_state_delta": [
        0.00699522974648889,
        -1.3130121989668453e-13,
        4.58722383177468e-12,
        -0.0299999955959529,
        1.6466116476791324e-14,
        -7.031825615495466e-11
      ],
      "recorded_native_constraint": "dynamic_clearance",
      "recorded_step": 29,
      "recorded_track_id": 1,
      "recorded_slack_m": -0.010593234559912072,
      "cases": {
        "worker_state__worker_prediction": {
          "at_recorded_track_step_m": -0.03282911693636982,
          "hypothetical_full_min_m": -0.05779240202153492,
          "hypothetical_full_min_step": 30,
          "hypothetical_full_min_track": 1
        },
        "worker_state__native_prediction": {
          "at_recorded_track_step_m": -0.044050518287442275,
          "hypothetical_full_min_m": -0.06926959676735739,
          "hypothetical_full_min_step": 30,
          "hypothetical_full_min_track": 1
        },
        "native_state__worker_prediction": {
          "at_recorded_track_step_m": 0.0006425256572058918,
          "hypothetical_full_min_m": -0.02432160856605704,
          "hypothetical_full_min_step": 30,
          "hypothetical_full_min_track": 1
        },
        "native_state__native_prediction": {
          "at_recorded_track_step_m": -0.010593234559912072,
          "hypothetical_full_min_m": -0.035813656307270014,
          "hypothetical_full_min_step": 30,
          "hypothetical_full_min_track": 1
        }
      },
      "worker_original_dynamic_min_m": 0.006385903926940148,
      "worker_constraint_min": 5.551115123125783e-17,
      "executed": false
    },
    {
      "evaluation_ns": 13660000000,
      "proposal_ns": 13610000000,
      "worker_source_ns": 13597000000,
      "native_source_ns": 13597000000,
      "measured_state_delta": [
        0.003037228944044096,
        -4.011504670109467e-14,
        7.305109305550595e-13,
        -0.02399999648761697,
        1.735980365272594e-15,
        -1.4185666581152797e-11
      ],
      "recorded_native_constraint": "dynamic_clearance",
      "recorded_step": 29,
      "recorded_track_id": 1,
      "recorded_slack_m": -0.0020181075386856845,
      "cases": {
        "worker_state__worker_prediction": {
          "at_recorded_track_step_m": -0.03133802000366957,
          "hypothetical_full_min_m": -0.05670320954119999,
          "hypothetical_full_min_step": 30,
          "hypothetical_full_min_track": 1
        },
        "worker_state__native_prediction": {
          "at_recorded_track_step_m": -0.03133802000366957,
          "hypothetical_full_min_m": -0.05670320954119999,
          "hypothetical_full_min_step": 30,
          "hypothetical_full_min_track": 1
        },
        "native_state__worker_prediction": {
          "at_recorded_track_step_m": -0.0020181075386859065,
          "hypothetical_full_min_m": -0.027384566888846256,
          "hypothetical_full_min_step": 30,
          "hypothetical_full_min_track": 1
        },
        "native_state__native_prediction": {
          "at_recorded_track_step_m": -0.0020181075386859065,
          "hypothetical_full_min_m": -0.027384566888846256,
          "hypothetical_full_min_step": 30,
          "hypothetical_full_min_track": 1
        }
      },
      "worker_original_dynamic_min_m": 0.007876378669868914,
      "worker_constraint_min": 0.0,
      "executed": false
    },
    {
      "evaluation_ns": 13760000000,
      "proposal_ns": 13710000000,
      "worker_source_ns": 13663000000,
      "native_source_ns": 13729000000,
      "measured_state_delta": [
        0.0,
        0.0,
        -2.4246901342109682e-20,
        -0.0033155282938318598,
        1.6795688319861546e-17,
        -3.8259745808675167e-13
      ],
      "recorded_native_constraint": "dynamic_clearance",
      "recorded_step": 29,
      "recorded_track_id": 1,
      "recorded_slack_m": -0.025478381066045944,
      "cases": {
        "worker_state__worker_prediction": {
          "at_recorded_track_step_m": -0.030676405415234306,
          "hypothetical_full_min_m": -0.056251345935654506,
          "hypothetical_full_min_step": 30,
          "hypothetical_full_min_track": 1
        },
        "worker_state__native_prediction": {
          "at_recorded_track_step_m": -0.029947443610782946,
          "hypothetical_full_min_m": -0.05562212496869989,
          "hypothetical_full_min_step": 30,
          "hypothetical_full_min_track": 1
        },
        "native_state__worker_prediction": {
          "at_recorded_track_step_m": -0.02620728731272692,
          "hypothetical_full_min_m": -0.051782441105726496,
          "hypothetical_full_min_step": 30,
          "hypothetical_full_min_track": 1
        },
        "native_state__native_prediction": {
          "at_recorded_track_step_m": -0.025478381066045944,
          "hypothetical_full_min_m": -0.05115328267237973,
          "hypothetical_full_min_step": 30,
          "hypothetical_full_min_track": 1
        }
      },
      "worker_original_dynamic_min_m": 0.00801873690985666,
      "worker_constraint_min": -1.1102230246251565e-16,
      "executed": false
    },
    {
      "evaluation_ns": 13810000000,
      "proposal_ns": 13760000000,
      "worker_source_ns": 13729000000,
      "native_source_ns": 13795000000,
      "measured_state_delta": [
        0.0,
        0.0,
        -2.4246901342109682e-20,
        0.0,
        0.0,
        0.0
      ],
      "recorded_native_constraint": "dynamic_clearance",
      "recorded_step": 28,
      "recorded_track_id": 1,
      "recorded_slack_m": -0.007427001574366484,
      "cases": {
        "worker_state__worker_prediction": {
          "at_recorded_track_step_m": -0.008543091383723226,
          "hypothetical_full_min_m": -0.05989322003046382,
          "hypothetical_full_min_step": 30,
          "hypothetical_full_min_track": 1
        },
        "worker_state__native_prediction": {
          "at_recorded_track_step_m": -0.007427001574366706,
          "hypothetical_full_min_m": -0.058853569369476944,
          "hypothetical_full_min_step": 30,
          "hypothetical_full_min_track": 1
        },
        "native_state__worker_prediction": {
          "at_recorded_track_step_m": -0.008543091383723226,
          "hypothetical_full_min_m": -0.05989322003046382,
          "hypothetical_full_min_step": 30,
          "hypothetical_full_min_track": 1
        },
        "native_state__native_prediction": {
          "at_recorded_track_step_m": -0.007427001574366706,
          "hypothetical_full_min_m": -0.058853569369476944,
          "hypothetical_full_min_step": 30,
          "hypothetical_full_min_track": 1
        }
      },
      "worker_original_dynamic_min_m": 0.008048483903868801,
      "worker_constraint_min": -1.1102230246251565e-16,
      "executed": false
    },
    {
      "evaluation_ns": 13860000000,
      "proposal_ns": 13810000000,
      "worker_source_ns": 13795000000,
      "native_source_ns": 13795000000,
      "measured_state_delta": [
        0.0,
        0.0,
        -2.4246901342109682e-20,
        0.0,
        0.0,
        0.0
      ],
      "recorded_native_constraint": "dynamic_clearance",
      "recorded_step": 28,
      "recorded_track_id": 1,
      "recorded_slack_m": -0.012384956794474707,
      "cases": {
        "worker_state__worker_prediction": {
          "at_recorded_track_step_m": -0.012384956794474485,
          "hypothetical_full_min_m": -0.063810847237038,
          "hypothetical_full_min_step": 30,
          "hypothetical_full_min_track": 1
        },
        "worker_state__native_prediction": {
          "at_recorded_track_step_m": -0.012384956794474485,
          "hypothetical_full_min_m": -0.063810847237038,
          "hypothetical_full_min_step": 30,
          "hypothetical_full_min_track": 1
        },
        "native_state__worker_prediction": {
          "at_recorded_track_step_m": -0.012384956794474485,
          "hypothetical_full_min_m": -0.063810847237038,
          "hypothetical_full_min_step": 30,
          "hypothetical_full_min_track": 1
        },
        "native_state__native_prediction": {
          "at_recorded_track_step_m": -0.012384956794474485,
          "hypothetical_full_min_m": -0.063810847237038,
          "hypothetical_full_min_step": 30,
          "hypothetical_full_min_track": 1
        }
      },
      "worker_original_dynamic_min_m": 0.00815553215150433,
      "worker_constraint_min": 0.0,
      "executed": false
    },
    {
      "evaluation_ns": 13910000000,
      "proposal_ns": 13860000000,
      "worker_source_ns": 13795000000,
      "native_source_ns": 13861000000,
      "measured_state_delta": [
        0.0,
        0.0,
        -2.4246901342109682e-20,
        0.0,
        0.0,
        0.0
      ],
      "recorded_native_constraint": "dynamic_clearance",
      "recorded_step": 28,
      "recorded_track_id": 1,
      "recorded_slack_m": -0.010735308064665213,
      "cases": {
        "worker_state__worker_prediction": {
          "at_recorded_track_step_m": -0.016485163170529834,
          "hypothetical_full_min_m": -0.06791045795788575,
          "hypothetical_full_min_step": 30,
          "hypothetical_full_min_track": 1
        },
        "worker_state__native_prediction": {
          "at_recorded_track_step_m": -0.010735308064665213,
          "hypothetical_full_min_m": -0.06206553849161528,
          "hypothetical_full_min_step": 30,
          "hypothetical_full_min_track": 1
        },
        "native_state__worker_prediction": {
          "at_recorded_track_step_m": -0.016485163170529834,
          "hypothetical_full_min_m": -0.06791045795788575,
          "hypothetical_full_min_step": 30,
          "hypothetical_full_min_track": 1
        },
        "native_state__native_prediction": {
          "at_recorded_track_step_m": -0.010735308064665213,
          "hypothetical_full_min_m": -0.06206553849161528,
          "hypothetical_full_min_step": 30,
          "hypothetical_full_min_track": 1
        }
      },
      "worker_original_dynamic_min_m": 0.008165454108439052,
      "worker_constraint_min": 1.1102230246251565e-16,
      "executed": false
    },
    {
      "evaluation_ns": 13960000000,
      "proposal_ns": 13910000000,
      "worker_source_ns": 13861000000,
      "native_source_ns": 13927000000,
      "measured_state_delta": [
        0.0,
        0.0,
        -2.4246901342109682e-20,
        0.0,
        0.0,
        0.0
      ],
      "recorded_native_constraint": "dynamic_clearance",
      "recorded_step": 27,
      "recorded_track_id": 1,
      "recorded_slack_m": -0.0030353541687236155,
      "cases": {
        "worker_state__worker_prediction": {
          "at_recorded_track_step_m": 0.0059887166612485054,
          "hypothetical_full_min_m": -0.07100703771434763,
          "hypothetical_full_min_step": 30,
          "hypothetical_full_min_track": 1
        },
        "worker_state__native_prediction": {
          "at_recorded_track_step_m": -0.0030353541687240596,
          "hypothetical_full_min_m": -0.08027726332720378,
          "hypothetical_full_min_step": 30,
          "hypothetical_full_min_track": 1
        },
        "native_state__worker_prediction": {
          "at_recorded_track_step_m": 0.0059887166612485054,
          "hypothetical_full_min_m": -0.07100703771434763,
          "hypothetical_full_min_step": 30,
          "hypothetical_full_min_track": 1
        },
        "native_state__native_prediction": {
          "at_recorded_track_step_m": -0.0030353541687240596,
          "hypothetical_full_min_m": -0.08027726332720378,
          "hypothetical_full_min_step": 30,
          "hypothetical_full_min_track": 1
        }
      },
      "worker_original_dynamic_min_m": 0.008223327948895076,
      "worker_constraint_min": 1.1102230246251565e-16,
      "executed": false
    },
    {
      "evaluation_ns": 14010000000,
      "proposal_ns": 13960000000,
      "worker_source_ns": 13927000000,
      "native_source_ns": 13993000000,
      "measured_state_delta": [
        0.0,
        0.0,
        -2.4246901342109682e-20,
        0.0,
        0.0,
        0.0
      ],
      "recorded_native_constraint": "dynamic_clearance",
      "recorded_step": 28,
      "recorded_track_id": 1,
      "recorded_slack_m": -0.02225524446577946,
      "cases": {
        "worker_state__worker_prediction": {
          "at_recorded_track_step_m": -0.025107569706246422,
          "hypothetical_full_min_m": -0.07660083705520385,
          "hypothetical_full_min_step": 30,
          "hypothetical_full_min_track": 1
        },
        "worker_state__native_prediction": {
          "at_recorded_track_step_m": -0.022255244465779683,
          "hypothetical_full_min_m": -0.07376773502620819,
          "hypothetical_full_min_step": 30,
          "hypothetical_full_min_track": 1
        },
        "native_state__worker_prediction": {
          "at_recorded_track_step_m": -0.025107569706246422,
          "hypothetical_full_min_m": -0.07660083705520385,
          "hypothetical_full_min_step": 30,
          "hypothetical_full_min_track": 1
        },
        "native_state__native_prediction": {
          "at_recorded_track_step_m": -0.022255244465779683,
          "hypothetical_full_min_m": -0.07376773502620819,
          "hypothetical_full_min_step": 30,
          "hypothetical_full_min_track": 1
        }
      },
      "worker_original_dynamic_min_m": 0.008268399259596625,
      "worker_constraint_min": 0.0,
      "executed": false
    },
    {
      "evaluation_ns": 14060000000,
      "proposal_ns": 14010000000,
      "worker_source_ns": 13993000000,
      "native_source_ns": 13993000000,
      "measured_state_delta": [
        0.0,
        0.0,
        -2.4246901342109682e-20,
        0.0,
        0.0,
        0.0
      ],
      "recorded_native_constraint": "dynamic_clearance",
      "recorded_step": 27,
      "recorded_track_id": 1,
      "recorded_slack_m": -0.0030376565777382875,
      "cases": {
        "worker_state__worker_prediction": {
          "at_recorded_track_step_m": -0.0030376565777382875,
          "hypothetical_full_min_m": -0.08009210644806368,
          "hypothetical_full_min_step": 30,
          "hypothetical_full_min_track": 1
        },
        "worker_state__native_prediction": {
          "at_recorded_track_step_m": -0.0030376565777382875,
          "hypothetical_full_min_m": -0.08009210644806368,
          "hypothetical_full_min_step": 30,
          "hypothetical_full_min_track": 1
        },
        "native_state__worker_prediction": {
          "at_recorded_track_step_m": -0.0030376565777382875,
          "hypothetical_full_min_m": -0.08009210644806368,
          "hypothetical_full_min_step": 30,
          "hypothetical_full_min_track": 1
        },
        "native_state__native_prediction": {
          "at_recorded_track_step_m": -0.0030376565777382875,
          "hypothetical_full_min_m": -0.08009210644806368,
          "hypothetical_full_min_step": 30,
          "hypothetical_full_min_track": 1
        }
      },
      "worker_original_dynamic_min_m": 0.008282377002565136,
      "worker_constraint_min": 0.0,
      "executed": false
    },
    {
      "evaluation_ns": 14110000000,
      "proposal_ns": 14060000000,
      "worker_source_ns": 13993000000,
      "native_source_ns": 14059000000,
      "measured_state_delta": [
        0.0,
        0.0,
        -2.4246901342109682e-20,
        0.0,
        0.0,
        0.0
      ],
      "recorded_native_constraint": "dynamic_clearance",
      "recorded_step": 27,
      "recorded_track_id": 1,
      "recorded_slack_m": -0.0011654008826873022,
      "cases": {
        "worker_state__worker_prediction": {
          "at_recorded_track_step_m": -0.007183414337086285,
          "hypothetical_full_min_m": -0.08406176246187107,
          "hypothetical_full_min_step": 30,
          "hypothetical_full_min_track": 1
        },
        "worker_state__native_prediction": {
          "at_recorded_track_step_m": -0.0011654008826873022,
          "hypothetical_full_min_m": -0.07784571837502335,
          "hypothetical_full_min_step": 30,
          "hypothetical_full_min_track": 1
        },
        "native_state__worker_prediction": {
          "at_recorded_track_step_m": -0.007183414337086285,
          "hypothetical_full_min_m": -0.08406176246187107,
          "hypothetical_full_min_step": 30,
          "hypothetical_full_min_track": 1
        },
        "native_state__native_prediction": {
          "at_recorded_track_step_m": -0.0011654008826873022,
          "hypothetical_full_min_m": -0.07784571837502335,
          "hypothetical_full_min_step": 30,
          "hypothetical_full_min_track": 1
        }
      },
      "worker_original_dynamic_min_m": 0.008310368778523383,
      "worker_constraint_min": 0.0,
      "executed": false
    },
    {
      "evaluation_ns": 14160000000,
      "proposal_ns": 14110000000,
      "worker_source_ns": 14059000000,
      "native_source_ns": 14125000000,
      "measured_state_delta": [
        0.0,
        0.0,
        -2.4246901342109682e-20,
        0.0,
        0.0,
        0.0
      ],
      "recorded_native_constraint": "dynamic_clearance",
      "recorded_step": 27,
      "recorded_track_id": 1,
      "recorded_slack_m": -0.003606044051620655,
      "cases": {
        "worker_state__worker_prediction": {
          "at_recorded_track_step_m": -0.011206035795616912,
          "hypothetical_full_min_m": -0.08802292988531407,
          "hypothetical_full_min_step": 30,
          "hypothetical_full_min_track": 1
        },
        "worker_state__native_prediction": {
          "at_recorded_track_step_m": -0.003606044051620655,
          "hypothetical_full_min_m": -0.08004838225053387,
          "hypothetical_full_min_step": 30,
          "hypothetical_full_min_track": 1
        },
        "native_state__worker_prediction": {
          "at_recorded_track_step_m": -0.011206035795616912,
          "hypothetical_full_min_m": -0.08802292988531407,
          "hypothetical_full_min_step": 30,
          "hypothetical_full_min_track": 1
        },
        "native_state__native_prediction": {
          "at_recorded_track_step_m": -0.003606044051620655,
          "hypothetical_full_min_m": -0.08004838225053387,
          "hypothetical_full_min_step": 30,
          "hypothetical_full_min_track": 1
        }
      },
      "worker_original_dynamic_min_m": 0.008296430375603507,
      "worker_constraint_min": 0.0,
      "executed": false
    },
    {
      "evaluation_ns": 14210000000,
      "proposal_ns": 14160000000,
      "worker_source_ns": 14125000000,
      "native_source_ns": 14125000000,
      "measured_state_delta": [
        0.0,
        0.0,
        -2.4246901342109682e-20,
        0.0,
        0.0,
        0.0
      ],
      "recorded_native_constraint": "dynamic_clearance",
      "recorded_step": 27,
      "recorded_track_id": 1,
      "recorded_slack_m": -0.015003659697618046,
      "cases": {
        "worker_state__worker_prediction": {
          "at_recorded_track_step_m": -0.015003659697618046,
          "hypothetical_full_min_m": -0.09156929603370165,
          "hypothetical_full_min_step": 30,
          "hypothetical_full_min_track": 1
        },
        "worker_state__native_prediction": {
          "at_recorded_track_step_m": -0.015003659697618046,
          "hypothetical_full_min_m": -0.09156929603370165,
          "hypothetical_full_min_step": 30,
          "hypothetical_full_min_track": 1
        },
        "native_state__worker_prediction": {
          "at_recorded_track_step_m": -0.015003659697618046,
          "hypothetical_full_min_m": -0.09156929603370165,
          "hypothetical_full_min_step": 30,
          "hypothetical_full_min_track": 1
        },
        "native_state__native_prediction": {
          "at_recorded_track_step_m": -0.015003659697618046,
          "hypothetical_full_min_m": -0.09156929603370165,
          "hypothetical_full_min_step": 30,
          "hypothetical_full_min_track": 1
        }
      },
      "worker_original_dynamic_min_m": 0.008247964428422933,
      "worker_constraint_min": -1.1102230246251565e-16,
      "executed": false
    },
    {
      "evaluation_ns": 14260000000,
      "proposal_ns": 14210000000,
      "worker_source_ns": 14125000000,
      "native_source_ns": 14191000000,
      "measured_state_delta": [
        0.0,
        0.0,
        -2.4246901342109682e-20,
        0.0,
        0.0,
        0.0
      ],
      "recorded_native_constraint": "dynamic_clearance",
      "recorded_step": 27,
      "recorded_track_id": 1,
      "recorded_slack_m": -0.016907484837380197,
      "cases": {
        "worker_state__worker_prediction": {
          "at_recorded_track_step_m": -0.018521532352328753,
          "hypothetical_full_min_m": -0.09521220317833409,
          "hypothetical_full_min_step": 30,
          "hypothetical_full_min_track": 1
        },
        "worker_state__native_prediction": {
          "at_recorded_track_step_m": -0.016907484837380863,
          "hypothetical_full_min_m": -0.09338476420665803,
          "hypothetical_full_min_step": 30,
          "hypothetical_full_min_track": 1
        },
        "native_state__worker_prediction": {
          "at_recorded_track_step_m": -0.018521532352328753,
          "hypothetical_full_min_m": -0.09521220317833409,
          "hypothetical_full_min_step": 30,
          "hypothetical_full_min_track": 1
        },
        "native_state__native_prediction": {
          "at_recorded_track_step_m": -0.016907484837380863,
          "hypothetical_full_min_m": -0.09338476420665803,
          "hypothetical_full_min_step": 30,
          "hypothetical_full_min_track": 1
        }
      },
      "worker_original_dynamic_min_m": 0.00826365900694595,
      "worker_constraint_min": 0.0,
      "executed": false
    },
    {
      "evaluation_ns": 14310000000,
      "proposal_ns": 14260000000,
      "worker_source_ns": 14191000000,
      "native_source_ns": 14257000000,
      "measured_state_delta": [
        0.0,
        0.0,
        -2.4246901342109682e-20,
        0.0,
        0.0,
        0.0
      ],
      "recorded_native_constraint": "dynamic_clearance",
      "recorded_step": 27,
      "recorded_track_id": 1,
      "recorded_slack_m": -0.01997797686259965,
      "cases": {
        "worker_state__worker_prediction": {
          "at_recorded_track_step_m": -0.019542351094311298,
          "hypothetical_full_min_m": -0.09601947560729446,
          "hypothetical_full_min_step": 30,
          "hypothetical_full_min_track": 1
        },
        "worker_state__native_prediction": {
          "at_recorded_track_step_m": -0.01997797686259965,
          "hypothetical_full_min_m": -0.09631053003082783,
          "hypothetical_full_min_step": 30,
          "hypothetical_full_min_track": 1
        },
        "native_state__worker_prediction": {
          "at_recorded_track_step_m": -0.019542351094311298,
          "hypothetical_full_min_m": -0.09601947560729446,
          "hypothetical_full_min_step": 30,
          "hypothetical_full_min_track": 1
        },
        "native_state__native_prediction": {
          "at_recorded_track_step_m": -0.01997797686259965,
          "hypothetical_full_min_m": -0.09631053003082783,
          "hypothetical_full_min_step": 30,
          "hypothetical_full_min_track": 1
        }
      },
      "worker_original_dynamic_min_m": 0.006746509418275086,
      "worker_constraint_min": 0.0,
      "executed": false
    }
  ],
  "native_dynamic_margins_checked": 17,
  "actual_native_margins_match": true,
  "worker_solver_s": {
    "count": 998,
    "p50": 0.000140949989145156,
    "p95": 0.0003321167394460644,
    "min": 0.0,
    "max": 0.005661023998982273
  },
  "worker_iterations_max": 400,
  "portfolio_choices": {},
  "portfolio_optimized_choices": {},
  "portfolio_attempts": {},
  "portfolio_max_attempts": 0,
  "portfolio_diagnostic_count": 0,
  "portfolio_feasible_count": 0,
  "accepted_portfolio_budget_gate": null,
  "scope": "Exact recorded input joins. Four dynamic-margin counterfactuals at one native epoch; no backdating stale predictions, no execution/physical certificate, no unique additive causal attribution.",
  "dynamic_acceptance": false
}
