[INFO] [1791104088.612833238] [controller_server]: 
	controller_server lifecycle node launched. 
	Waiting on external lifecycle transitions to activate
	See https://design.ros2.org/articles/node_lifecycle.html for more information.
[INFO] [1791104088.617732162] [controller_server]: Creating controller server
[INFO] [1791104088.623954119] [local_costmap.local_costmap]: 
	local_costmap lifecycle node launched. 
	Waiting on external lifecycle transitions to activate
	See https://design.ros2.org/articles/node_lifecycle.html for more information.
[INFO] [1791104088.624641648] [local_costmap.local_costmap]: Creating Costmap
[INFO] [1791104088.625134621] [controller_server]: Configuring controller interface
[INFO] [1791104088.625187494] [controller_server]: getting goal checker plugins..
[INFO] [1791104088.625198616] [controller_server]: Controller frequency set to 20.0000Hz
[INFO] [1791104088.625216051] [local_costmap.local_costmap]: Configuring
[INFO] [1791104088.628560266] [local_costmap.local_costmap]: Using plugin "static_layer"
[INFO] [1791104088.631737036] [local_costmap.local_costmap]: Subscribing to the map topic (/map) with transient local durability
[INFO] [1791104088.632707458] [local_costmap.local_costmap]: Initialized plugin "static_layer"
[INFO] [1791104088.632734586] [local_costmap.local_costmap]: Using plugin "stvl_layer"
[INFO] [1791104088.663657140] [local_costmap.local_costmap]: stvl_layer being initialized as SpatioTemporalVoxelLayer!
[INFO] [1791104088.663703296] [local_costmap.local_costmap]: stvl_layer's global frame is map.
[INFO] [1791104088.664117600] [local_costmap.local_costmap]: stvl_layer loaded parameters from parameter server.
[INFO] [1791104088.665061900] [local_costmap.local_costmap]: stvl_layer created underlying voxel grid.
[INFO] [1791104088.665693303] [local_costmap.local_costmap]: Voxel filter activated.
[INFO] [1791104088.668219910] [local_costmap.local_costmap]: Passthough filter activated.
[INFO] [1791104088.668984282] [local_costmap.local_costmap]: stvl_layer initialization complete!
[INFO] [1791104088.669012908] [local_costmap.local_costmap]: Initialized plugin "stvl_layer"
[INFO] [1791104088.669020173] [local_costmap.local_costmap]: Using plugin "inflation_layer"
[INFO] [1791104088.669413366] [local_costmap.local_costmap]: Initialized plugin "inflation_layer"
[INFO] [1791104088.674245143] [controller_server]: Created progress_checker : progress_checker of type nav2_controller::SimpleProgressChecker
[INFO] [1791104088.674784900] [controller_server]: Created goal checker : general_goal_checker of type nav2_controller::SimpleGoalChecker
[INFO] [1791104088.674934936] [controller_server]: Controller Server has general_goal_checker  goal checkers available.
[INFO] [1791104088.675842124] [controller_server]: Created controller : FollowPathMPPI of type nav2_mppi_controller::MPPIController
[INFO] [1791104088.676509724] [controller_server]: Controller period is equal to model dt. Control sequence shifting is ON
[INFO] [1791104088.677640663] [controller_server]: ConstraintCritic instantiated with 1 power and 4.000000 weight.
[INFO] [1791104088.677673247] [controller_server]: Critic loaded : mppi::critics::ConstraintCritic
[INFO] [1791104088.677938014] [controller_server]: InflationCostCritic instantiated with 1 power and 300.000000 / 0.015000 weights. Critic will collision check based on footprint cost.
[INFO] [1791104088.677951932] [controller_server]: Critic loaded : mppi::critics::CostCritic
[INFO] [1791104088.678074663] [controller_server]: GoalCritic instantiated with 1 power and 5.000000 weight.
[INFO] [1791104088.678083804] [controller_server]: Critic loaded : mppi::critics::GoalCritic
[INFO] [1791104088.678241071] [controller_server]: Critic loaded : mppi::critics::PathFollowCritic
[INFO] [1791104088.678903910] [controller_server]: Optimizer reset
[INFO] [1791104088.680737051] [MPPIController]: Configured MPPI Controller: FollowPathMPPI
[INFO] [1791104088.684525024] [controller_server]: Created controller : FollowPathTemporalMPC of type rm_temporal_mpc::Controller
[INFO] [1791104088.688097763] [controller_server]: Controller Server has FollowPathMPPI FollowPathTemporalMPC  controllers available.
[INFO] [1791104088.729718438] [controller_server]: Activating
[INFO] [1791104088.729792874] [local_costmap.local_costmap]: Activating
[INFO] [1791104088.729823722] [local_costmap.local_costmap]: Checking transform
[INFO] [1791104088.729872913] [local_costmap.local_costmap]: Timed out waiting for transform from base_link to map to become available, tf error: Invalid frame ID "map" passed to canTransform argument target_frame - frame does not exist
[INFO] [1791104089.229971418] [local_costmap.local_costmap]: Timed out waiting for transform from base_link to map to become available, tf error: Invalid frame ID "map" passed to canTransform argument target_frame - frame does not exist
[INFO] [1791104089.730132388] [local_costmap.local_costmap]: Timed out waiting for transform from base_link to map to become available, tf error: Could not find a connection between 'map' and 'base_link' because they are not part of the same tree.Tf has two or more unconnected trees.
[INFO] [1791104090.229936547] [local_costmap.local_costmap]: Timed out waiting for transform from base_link to map to become available, tf error: Could not find a connection between 'map' and 'base_link' because they are not part of the same tree.Tf has two or more unconnected trees.
[INFO] [1791104090.729941126] [local_costmap.local_costmap]: Timed out waiting for transform from base_link to map to become available, tf error: Could not find a connection between 'map' and 'base_link' because they are not part of the same tree.Tf has two or more unconnected trees.
[INFO] [1791104091.229940333] [local_costmap.local_costmap]: Timed out waiting for transform from base_link to map to become available, tf error: Could not find a connection between 'map' and 'base_link' because they are not part of the same tree.Tf has two or more unconnected trees.
[INFO] [1791104091.729922262] [local_costmap.local_costmap]: Timed out waiting for transform from base_link to map to become available, tf error: Could not find a connection between 'map' and 'base_link' because they are not part of the same tree.Tf has two or more unconnected trees.
[INFO] [1791104092.187362848] [local_costmap.local_costmap]: StaticLayer: Resizing static layer to 240 X 200 at 0.050000 m/pix
[INFO] [1791104092.230010355] [local_costmap.local_costmap]: start
[INFO] [1791104092.230080181] [local_costmap.local_costmap]: stvl_layer was activated.
[WARN] [1791104092.331696113] [controller_server]: Parameter controller_server.verbose not found
[INFO] [1791104092.332444640] [controller_server]: Optimizer reset
[INFO] [1791104092.332669810] [MPPIController]: Activated MPPI Controller: FollowPathMPPI
[INFO] [1791104092.332708606] [controller_server]: Creating bond (controller_server) to lifecycle manager.
[INFO] [1791104104.740633210] [controller_server]: Received a goal, begin computing control effort.
[INFO] [1791104104.741318918] [controller_server]: Optimizer reset
[INFO] [1791104142.090785744] [controller_server]: Goal was canceled. Stopping the robot.
[INFO] [1791104142.090838538] [controller_server]: [follow_path] [ActionServer] Client requested to cancel the goal. Cancelling.
[INFO] [1791104142.688975571] [rclcpp]: signal_handler(SIGINT/SIGTERM)
[INFO] [1791104142.689058268] [controller_server]: Running Nav2 LifecycleNode rcl preshutdown (controller_server)
[INFO] [1791104142.689148979] [controller_server]: Deactivating
[INFO] [1791104142.689200877] [MPPIController]: Deactivated MPPI Controller: FollowPathMPPI
[INFO] [1791104142.689236315] [local_costmap.local_costmap]: Deactivating
[INFO] [1791104142.689298232] [local_costmap.local_costmap]: stvl_layer was deactivated.
[INFO] [1791104142.730277730] [controller_server]: Destroying bond (controller_server) to lifecycle manager.
[INFO] [1791104142.740575299] [controller_server]: Cleaning up
[INFO] [1791104142.740738981] [MPPIController]: Cleaned up MPPI Controller: FollowPathMPPI
[INFO] [1791104142.740876932] [local_costmap.local_costmap]: Cleaning up
[INFO] [1791104142.752705998] [controller_server]: Destroying bond (controller_server) to lifecycle manager.
[INFO] [1791104142.756208729] [local_costmap.local_costmap]: Destroying
[INFO] [1791104142.760548344] [controller_server]: Destroying
