[INFO] [1791081857.013032273] [controller_server]: 
	controller_server lifecycle node launched. 
	Waiting on external lifecycle transitions to activate
	See https://design.ros2.org/articles/node_lifecycle.html for more information.
[INFO] [1791081857.017129677] [controller_server]: Creating controller server
[INFO] [1791081857.021000834] [local_costmap.local_costmap]: 
	local_costmap lifecycle node launched. 
	Waiting on external lifecycle transitions to activate
	See https://design.ros2.org/articles/node_lifecycle.html for more information.
[INFO] [1791081857.021550846] [local_costmap.local_costmap]: Creating Costmap
[INFO] [1791081857.115509242] [controller_server]: Configuring controller interface
[INFO] [1791081857.115643124] [controller_server]: getting goal checker plugins..
[INFO] [1791081857.115656359] [controller_server]: Controller frequency set to 20.0000Hz
[INFO] [1791081857.115676900] [local_costmap.local_costmap]: Configuring
[INFO] [1791081857.118774684] [local_costmap.local_costmap]: Using plugin "static_layer"
[INFO] [1791081857.121757293] [local_costmap.local_costmap]: Subscribing to the map topic (/map) with transient local durability
[INFO] [1791081857.122633498] [local_costmap.local_costmap]: Initialized plugin "static_layer"
[INFO] [1791081857.122658027] [local_costmap.local_costmap]: Using plugin "inflation_layer"
[INFO] [1791081857.122999627] [local_costmap.local_costmap]: Initialized plugin "inflation_layer"
[INFO] [1791081857.130593189] [controller_server]: Created progress_checker : progress_checker of type nav2_controller::SimpleProgressChecker
[INFO] [1791081857.131101477] [controller_server]: Created goal checker : general_goal_checker of type nav2_controller::SimpleGoalChecker
[INFO] [1791081857.131228652] [controller_server]: Controller Server has general_goal_checker  goal checkers available.
[INFO] [1791081857.132096668] [controller_server]: Created controller : FollowPathMPPI of type nav2_mppi_controller::MPPIController
[INFO] [1791081857.132540204] [controller_server]: Controller period is equal to model dt. Control sequence shifting is ON
[INFO] [1791081857.133529783] [controller_server]: ConstraintCritic instantiated with 1 power and 4.000000 weight.
[INFO] [1791081857.133558386] [controller_server]: Critic loaded : mppi::critics::ConstraintCritic
[INFO] [1791081857.133778446] [controller_server]: InflationCostCritic instantiated with 1 power and 300.000000 / 0.015000 weights. Critic will collision check based on footprint cost.
[INFO] [1791081857.133791813] [controller_server]: Critic loaded : mppi::critics::CostCritic
[INFO] [1791081857.133891655] [controller_server]: GoalCritic instantiated with 1 power and 5.000000 weight.
[INFO] [1791081857.133900285] [controller_server]: Critic loaded : mppi::critics::GoalCritic
[INFO] [1791081857.134011435] [controller_server]: Critic loaded : mppi::critics::PathFollowCritic
[INFO] [1791081857.134679115] [controller_server]: Optimizer reset
[INFO] [1791081857.136428265] [MPPIController]: Configured MPPI Controller: FollowPathMPPI
[INFO] [1791081857.140239047] [controller_server]: Created controller : FollowPathTemporalMPC of type rm_temporal_mpc::Controller
[INFO] [1791081857.143856493] [controller_server]: Controller Server has FollowPathMPPI FollowPathTemporalMPC  controllers available.
[INFO] [1791081857.192065607] [controller_server]: Activating
[INFO] [1791081857.192151744] [local_costmap.local_costmap]: Activating
[INFO] [1791081857.192182615] [local_costmap.local_costmap]: Checking transform
[INFO] [1791081857.192232140] [local_costmap.local_costmap]: Timed out waiting for transform from base_link to map to become available, tf error: Invalid frame ID "map" passed to canTransform argument target_frame - frame does not exist
[INFO] [1791081857.692301460] [local_costmap.local_costmap]: Timed out waiting for transform from base_link to map to become available, tf error: Invalid frame ID "map" passed to canTransform argument target_frame - frame does not exist
[INFO] [1791081858.013762013] [local_costmap.local_costmap]: StaticLayer: Resizing costmap to 500 X 140 at 0.050000 m/pix
[INFO] [1791081858.192514175] [local_costmap.local_costmap]: start
[WARN] [1791081858.292794181] [controller_server]: Parameter controller_server.verbose not found
[INFO] [1791081858.293099611] [controller_server]: Optimizer reset
[INFO] [1791081858.293186388] [MPPIController]: Activated MPPI Controller: FollowPathMPPI
[INFO] [1791081858.293199758] [controller_server]: Creating bond (controller_server) to lifecycle manager.
[INFO] [1791081860.358384402] [controller_server]: Received a goal, begin computing control effort.
[INFO] [1791081860.359484174] [controller_server]: Optimizer reset
[INFO] [1791081861.358796964] [controller_server]: Passing new path to controller.
[INFO] [1791081862.008777567] [controller_server]: Passing new path to controller.
[INFO] [1791081862.308769202] [controller_server]: Passing new path to controller.
[INFO] [1791081862.508796278] [controller_server]: Passing new path to controller.
[INFO] [1791081862.758782977] [controller_server]: Passing new path to controller.
[INFO] [1791081863.008774430] [controller_server]: Passing new path to controller.
[INFO] [1791081863.458773069] [controller_server]: Passing new path to controller.
[INFO] [1791081863.558767041] [controller_server]: Passing new path to controller.
[INFO] [1791081863.808778810] [controller_server]: Passing new path to controller.
[INFO] [1791081863.908786221] [controller_server]: Passing new path to controller.
[INFO] [1791081864.158772189] [controller_server]: Passing new path to controller.
[INFO] [1791081864.258778617] [controller_server]: Passing new path to controller.
[INFO] [1791081864.508783304] [controller_server]: Passing new path to controller.
[INFO] [1791081864.558802625] [controller_server]: Passing new path to controller.
[INFO] [1791081864.858789145] [controller_server]: Passing new path to controller.
[INFO] [1791081864.908765528] [controller_server]: Passing new path to controller.
[INFO] [1791081865.208775712] [controller_server]: Passing new path to controller.
[INFO] [1791081865.258772762] [controller_server]: Passing new path to controller.
[INFO] [1791081865.558768098] [controller_server]: Passing new path to controller.
[INFO] [1791081865.958767791] [controller_server]: Passing new path to controller.
[INFO] [1791081866.158826963] [controller_server]: Goal was canceled. Stopping the robot.
[INFO] [1791081866.158876482] [controller_server]: [follow_path] [ActionServer] Client requested to cancel the goal. Cancelling.
