[INFO] [1791081856.977571675] [planner_server]: 
	planner_server lifecycle node launched. 
	Waiting on external lifecycle transitions to activate
	See https://design.ros2.org/articles/node_lifecycle.html for more information.
[INFO] [1791081856.979275891] [planner_server]: Creating
[INFO] [1791081856.982672693] [global_costmap.global_costmap]: 
	global_costmap lifecycle node launched. 
	Waiting on external lifecycle transitions to activate
	See https://design.ros2.org/articles/node_lifecycle.html for more information.
[INFO] [1791081856.983229762] [global_costmap.global_costmap]: Creating Costmap
[INFO] [1791081857.150640844] [planner_server]: Configuring
[INFO] [1791081857.150687179] [global_costmap.global_costmap]: Configuring
[INFO] [1791081857.153772824] [global_costmap.global_costmap]: Using plugin "static_layer"
[INFO] [1791081857.156596878] [global_costmap.global_costmap]: Subscribing to the map topic (/map) with transient local durability
[INFO] [1791081857.157434391] [global_costmap.global_costmap]: Initialized plugin "static_layer"
[INFO] [1791081857.157458417] [global_costmap.global_costmap]: Using plugin "inflation_layer"
[INFO] [1791081857.157831015] [global_costmap.global_costmap]: Initialized plugin "inflation_layer"
[INFO] [1791081857.163061352] [planner_server]: Created global planner plugin GridBased of type nav2_navfn_planner/NavfnPlanner
[INFO] [1791081857.163098949] [planner_server]: Configuring plugin GridBased of type NavfnPlanner
[INFO] [1791081857.163374271] [planner_server]: Planner Server has GridBased  planners available.
[INFO] [1791081857.323493136] [global_costmap.global_costmap]: StaticLayer: Resizing costmap to 500 X 140 at 0.050000 m/pix
[INFO] [1791081858.397753906] [planner_server]: Activating
[INFO] [1791081858.397846009] [global_costmap.global_costmap]: Activating
[INFO] [1791081858.397873472] [global_costmap.global_costmap]: Checking transform
[INFO] [1791081858.398048093] [global_costmap.global_costmap]: start
[INFO] [1791081858.448222819] [planner_server]: Activating plugin GridBased of type NavfnPlanner
[INFO] [1791081858.449351898] [planner_server]: Creating bond (planner_server) to lifecycle manager.
