{
  "mode": "mpc",
  "stop_reason": "input startup gate before fixed phase failed",
  "goal_epoch_s": null,
  "final_sim_s": 65.338,
  "wall_s": 1.4050920980007504,
  "result": null,
  "mpc_requested": false,
  "counts": {
    "registration": 1,
    "/cmd_vel": 28,
    "/scan": 49,
    "/tf_static": 4,
    "/temporal_mpc/execution_health": 29,
    "/map": 1,
    "/dynamic_obstacle_predictions": 88,
    "source_tf": 88,
    "/simulation/chassis/cmd_vel": 25,
    "/temporal_mpc/solver_diagnostic": 23,
    "/temporal_mpc/proposal": 23,
    "/simulation/moving_obstacle/target": 30,
    "/temporal_mpc/health": 23,
    "/temporal_mpc/state": 23,
    "/temporal_mpc/plan": 1,
    "/odometry/lio": 74,
    "/tf": 127,
    "/controller_selector": 1,
    "graph_publishers": 1,
    "/simulation/oracle/world": 36,
    "/simulation/ground_truth/odom": 37,
    "/simulation/oracle/rm_sentry_2027": 37,
    "/simulation/oracle/moving_obstacle": 36
  },
  "physical_acceptance": false,
  "input_gate_pending": true
}
