{"scenario": "stationary", "geometry_mode": "observed_polygon", "consumption": "temporal", "model_goal_reached": false, "physical_collision": false, "minimum_physical_clearance_lower_m": 0.5584521673787847, "solve_p95_s": 0.5003772828975344, "offline_physical_task_gate": false}
{"scenario": "stationary", "geometry_mode": "nominal_diameter", "consumption": "temporal", "model_goal_reached": false, "physical_collision": false, "minimum_physical_clearance_lower_m": 0.675, "solve_p95_s": 0.5002897804457461, "offline_physical_task_gate": false}
{"scenario": "low_crossing", "geometry_mode": "observed_polygon", "consumption": "temporal", "model_goal_reached": false, "physical_collision": false, "minimum_physical_clearance_lower_m": 0.14621184716659766, "solve_p95_s": 0.500301476497043, "offline_physical_task_gate": false}
{"scenario": "low_crossing", "geometry_mode": "nominal_diameter", "consumption": "temporal", "model_goal_reached": false, "physical_collision": false, "minimum_physical_clearance_lower_m": 0.6396289944862943, "solve_p95_s": 0.39802253715060937, "offline_physical_task_gate": false}
{"scenario": "high_crossing", "geometry_mode": "observed_polygon", "consumption": "temporal", "model_goal_reached": true, "physical_collision": false, "minimum_physical_clearance_lower_m": 0.10321555346879366, "solve_p95_s": 0.47860967500164375, "offline_physical_task_gate": true}
{"scenario": "high_crossing", "geometry_mode": "nominal_diameter", "consumption": "temporal", "model_goal_reached": true, "physical_collision": false, "minimum_physical_clearance_lower_m": 0.670949964682207, "solve_p95_s": 0.25611214440395974, "offline_physical_task_gate": true}
{"scenario": "head_on", "geometry_mode": "observed_polygon", "consumption": "temporal", "model_goal_reached": false, "physical_collision": true, "minimum_physical_clearance_lower_m": -0.002, "solve_p95_s": 0.5003749241965124, "offline_physical_task_gate": false}
{"scenario": "head_on", "geometry_mode": "nominal_diameter", "consumption": "temporal", "model_goal_reached": false, "physical_collision": true, "minimum_physical_clearance_lower_m": -0.002, "solve_p95_s": 0.5002716579001572, "offline_physical_task_gate": false}
{"scenario": "sudden_stop", "geometry_mode": "observed_polygon", "consumption": "temporal", "model_goal_reached": false, "physical_collision": false, "minimum_physical_clearance_lower_m": 0.5927166342063265, "solve_p95_s": 0.5004030404983496, "offline_physical_task_gate": false}
{"scenario": "sudden_stop", "geometry_mode": "nominal_diameter", "consumption": "temporal", "model_goal_reached": false, "physical_collision": false, "minimum_physical_clearance_lower_m": 0.673, "solve_p95_s": 0.0006800438044592738, "offline_physical_task_gate": false}
{"scenario": "sudden_reverse", "geometry_mode": "observed_polygon", "consumption": "temporal", "model_goal_reached": true, "physical_collision": false, "minimum_physical_clearance_lower_m": 0.15781690258102068, "solve_p95_s": 0.500216038596409, "offline_physical_task_gate": true}
{"scenario": "sudden_reverse", "geometry_mode": "nominal_diameter", "consumption": "temporal", "model_goal_reached": false, "physical_collision": false, "minimum_physical_clearance_lower_m": 0.6729468826547399, "solve_p95_s": 0.3025608440035284, "offline_physical_task_gate": false}
{"scenario": "short_occlusion", "geometry_mode": "observed_polygon", "consumption": "temporal", "model_goal_reached": false, "physical_collision": false, "minimum_physical_clearance_lower_m": 0.14621184716659766, "solve_p95_s": 0.5003420390512474, "offline_physical_task_gate": false}
{"scenario": "short_occlusion", "geometry_mode": "nominal_diameter", "consumption": "temporal", "model_goal_reached": false, "physical_collision": false, "minimum_physical_clearance_lower_m": 0.6396289944862943, "solve_p95_s": 0.3987006967028719, "offline_physical_task_gate": false}
{"scenario": "narrow_crossing", "geometry_mode": "observed_polygon", "consumption": "temporal", "model_goal_reached": false, "physical_collision": false, "minimum_physical_clearance_lower_m": 0.14621184716659766, "solve_p95_s": 0.5003378032502951, "offline_physical_task_gate": false}
{"scenario": "narrow_crossing", "geometry_mode": "nominal_diameter", "consumption": "temporal", "model_goal_reached": false, "physical_collision": false, "minimum_physical_clearance_lower_m": 0.31743869463016317, "solve_p95_s": 0.5000913760039112, "offline_physical_task_gate": false}
{"scenario": "wait_then_pass", "geometry_mode": "observed_polygon", "consumption": "temporal", "model_goal_reached": true, "physical_collision": false, "minimum_physical_clearance_lower_m": 0.1653258001490663, "solve_p95_s": 0.5002503180003259, "offline_physical_task_gate": true}
{"scenario": "wait_then_pass", "geometry_mode": "nominal_diameter", "consumption": "temporal", "model_goal_reached": false, "physical_collision": false, "minimum_physical_clearance_lower_m": 0.3857535379094468, "solve_p95_s": 0.20539811934722818, "offline_physical_task_gate": false}
{"scenario": "road_reopens", "geometry_mode": "observed_polygon", "consumption": "temporal", "model_goal_reached": true, "physical_collision": false, "minimum_physical_clearance_lower_m": 0.12541599678083398, "solve_p95_s": 0.5003071954008191, "offline_physical_task_gate": true}
{"scenario": "road_reopens", "geometry_mode": "nominal_diameter", "consumption": "temporal", "model_goal_reached": false, "physical_collision": false, "minimum_physical_clearance_lower_m": 0.38376553102386807, "solve_p95_s": 0.20876306645113799, "offline_physical_task_gate": false}
{"scenario": "near_face_geometry", "geometry_mode": "observed_polygon", "consumption": "temporal", "model_goal_reached": false, "physical_collision": false, "minimum_physical_clearance_lower_m": 0.133273412795609, "solve_p95_s": 0.5003544024504663, "offline_physical_task_gate": false}
{"scenario": "near_face_geometry", "geometry_mode": "nominal_diameter", "consumption": "temporal", "model_goal_reached": false, "physical_collision": false, "minimum_physical_clearance_lower_m": 0.6396289944862943, "solve_p95_s": 0.40053287774826457, "offline_physical_task_gate": false}
{"scenario": "analytic_course_sine", "geometry_mode": "observed_polygon", "consumption": "temporal", "model_goal_reached": true, "physical_collision": false, "minimum_physical_clearance_lower_m": 0.16350913452561802, "solve_p95_s": 0.3767720678006299, "offline_physical_task_gate": true}
{"scenario": "analytic_course_sine", "geometry_mode": "nominal_diameter", "consumption": "temporal", "model_goal_reached": false, "physical_collision": false, "minimum_physical_clearance_lower_m": 0.6714091239060169, "solve_p95_s": 0.5003431100943999, "offline_physical_task_gate": false}
