-- The C compiler identification is GNU 11.4.0
-- The CXX compiler identification is GNU 11.4.0
-- Detecting C compiler ABI info
-- Detecting C compiler ABI info - done
-- Check for working C compiler: /usr/bin/cc - skipped
-- Detecting C compile features
-- Detecting C compile features - done
-- Detecting CXX compiler ABI info
-- Detecting CXX compiler ABI info - done
-- Check for working CXX compiler: /usr/bin/c++ - skipped
-- Detecting CXX compile features
-- Detecting CXX compile features - done
-- Found ament_cmake: 1.3.14 (/opt/ros/humble/share/ament_cmake/cmake)
-- Found Python3: /usr/bin/python3 (found version "3.10.12") found components: Interpreter 
-- Found rclcpp: 16.0.19 (/opt/ros/humble/share/rclcpp/cmake)
-- Found rosidl_generator_c: 3.1.8 (/opt/ros/humble/share/rosidl_generator_c/cmake)
-- Found rosidl_adapter: 3.1.8 (/opt/ros/humble/share/rosidl_adapter/cmake)
-- Found rosidl_generator_cpp: 3.1.8 (/opt/ros/humble/share/rosidl_generator_cpp/cmake)
-- Using all available rosidl_typesupport_c: rosidl_typesupport_fastrtps_c;rosidl_typesupport_introspection_c
-- Using all available rosidl_typesupport_cpp: rosidl_typesupport_fastrtps_cpp;rosidl_typesupport_introspection_cpp
-- Found rmw_implementation_cmake: 6.1.2 (/opt/ros/humble/share/rmw_implementation_cmake/cmake)
-- Found rmw_fastrtps_cpp: 6.2.10 (/opt/ros/humble/share/rmw_fastrtps_cpp/cmake)
-- Found OpenSSL: /usr/lib/x86_64-linux-gnu/libcrypto.so (found version "3.0.2")  
-- Found FastRTPS: /opt/ros/humble/include  
-- Using RMW implementation 'rmw_fastrtps_cpp' as default
-- Looking for pthread.h
-- Looking for pthread.h - found
-- Performing Test CMAKE_HAVE_LIBC_PTHREAD
-- Performing Test CMAKE_HAVE_LIBC_PTHREAD - Success
-- Found Threads: TRUE  
-- Found nav2_core: 1.1.20 (/opt/ros/humble/share/nav2_core/cmake)
-- Found Eigen3: TRUE (found version "3.4.0") 
-- Ensuring Eigen3 include directory is part of orocos-kdl CMake target
-- Found rm_r4_prediction_consumption: 0.1.0 (/home/qihei/rm2027_navigation/build/r4_hws_prediction_consumption/build/r4_follow_endpoint_clock64_20261006/install/share/rm_r4_prediction_consumption/cmake)
-- Configuring done
-- Generating done
-- Build files have been written to: /check/plugin_build
[ 50%] Building CXX object CMakeFiles/research_controller.dir/controller.cpp.o
[100%] Linking CXX shared library libresearch_controller.so
[100%] Built target research_controller
-- Install configuration: "Release"
-- Installing: /check/research_install/share/r4_gazebo_comparison/plugin.xml
-- Installing: /check/research_install/lib/libresearch_controller.so
-- Set runtime path of "/check/research_install/lib/libresearch_controller.so" to ""
-- Installing: /check/research_install/share/ament_index/resource_index/package_run_dependencies/r4_gazebo_comparison
-- Installing: /check/research_install/share/ament_index/resource_index/parent_prefix_path/r4_gazebo_comparison
-- Installing: /check/research_install/share/r4_gazebo_comparison/environment/ament_prefix_path.sh
-- Installing: /check/research_install/share/r4_gazebo_comparison/environment/ament_prefix_path.dsv
-- Installing: /check/research_install/share/r4_gazebo_comparison/environment/path.sh
-- Installing: /check/research_install/share/r4_gazebo_comparison/environment/path.dsv
-- Installing: /check/research_install/share/r4_gazebo_comparison/local_setup.bash
-- Installing: /check/research_install/share/r4_gazebo_comparison/local_setup.sh
-- Installing: /check/research_install/share/r4_gazebo_comparison/local_setup.zsh
-- Installing: /check/research_install/share/r4_gazebo_comparison/local_setup.dsv
-- Installing: /check/research_install/share/r4_gazebo_comparison/package.dsv
-- Installing: /check/research_install/share/ament_index/resource_index/packages/r4_gazebo_comparison
-- Installing: /check/research_install/share/ament_index/resource_index/nav2_core__pluginlib__plugin/r4_gazebo_comparison
-- Installing: /check/research_install/share/r4_gazebo_comparison/cmake/r4_gazebo_comparisonConfig.cmake
-- Installing: /check/research_install/share/r4_gazebo_comparison/cmake/r4_gazebo_comparisonConfig-version.cmake
-- Installing: /check/research_install/share/r4_gazebo_comparison/package.xml
