[INFO] [1790895674.746813193] [controller_server]: 
	controller_server lifecycle node launched. 
	Waiting on external lifecycle transitions to activate
	See https://design.ros2.org/articles/node_lifecycle.html for more information.
[INFO] [1790895674.751318816] [controller_server]: Creating controller server
[INFO] [1790895674.754181872] [local_costmap.local_costmap]: 
	local_costmap lifecycle node launched. 
	Waiting on external lifecycle transitions to activate
	See https://design.ros2.org/articles/node_lifecycle.html for more information.
[INFO] [1790895674.754798654] [local_costmap.local_costmap]: Creating Costmap
[INFO] [1790895674.812138633] [controller_server]: Configuring controller interface
[INFO] [1790895674.812238304] [controller_server]: getting goal checker plugins..
[INFO] [1790895674.812262450] [controller_server]: Controller frequency set to 10.0000Hz
[INFO] [1790895674.812282381] [local_costmap.local_costmap]: Configuring
[INFO] [1790895674.815282308] [local_costmap.local_costmap]: Using plugin "obstacle_layer"
[INFO] [1790895674.818255245] [local_costmap.local_costmap]: Subscribed to Topics: scan
[INFO] [1790895674.819638167] [local_costmap.local_costmap]: Initialized plugin "obstacle_layer"
[INFO] [1790895674.819666144] [local_costmap.local_costmap]: Using plugin "inflation_layer"
[INFO] [1790895674.819912121] [local_costmap.local_costmap]: Initialized plugin "inflation_layer"
[INFO] [1790895674.824561539] [controller_server]: Created progress_checker : progress_checker of type nav2_controller::SimpleProgressChecker
[INFO] [1790895674.824960641] [controller_server]: Created goal checker : general_goal_checker of type nav2_controller::SimpleGoalChecker
[INFO] [1790895674.825044102] [controller_server]: Controller Server has general_goal_checker  goal checkers available.
[INFO] [1790895674.825867674] [controller_server]: Created controller : FollowPath of type nav2_mppi_controller::MPPIController
[INFO] [1790895674.826193840] [controller_server]: Controller period is equal to model dt. Control sequence shifting is ON
[INFO] [1790895674.827297778] [controller_server]: ConstraintCritic instantiated with 1 power and 4.000000 weight.
[INFO] [1790895674.827322196] [controller_server]: Critic loaded : mppi::critics::ConstraintCritic
[INFO] [1790895674.827457321] [controller_server]: InflationCostCritic instantiated with 1 power and 300.000000 / 0.015000 weights. Critic will collision check based on footprint cost.
[INFO] [1790895674.827469613] [controller_server]: Critic loaded : mppi::critics::CostCritic
[INFO] [1790895674.827543697] [controller_server]: GoalCritic instantiated with 1 power and 5.000000 weight.
[INFO] [1790895674.827550885] [controller_server]: Critic loaded : mppi::critics::GoalCritic
[INFO] [1790895674.827633003] [controller_server]: GoalAngleCritic instantiated with 1 power, 3.000000 weight, and 0.500000 angular threshold.
[INFO] [1790895674.827642640] [controller_server]: Critic loaded : mppi::critics::GoalAngleCritic
[INFO] [1790895674.827769829] [controller_server]: ReferenceTrajectoryCritic instantiated with 1 power and 10.000000 weight
[INFO] [1790895674.827777441] [controller_server]: Critic loaded : mppi::critics::PathAlignCritic
[INFO] [1790895674.827849094] [controller_server]: Critic loaded : mppi::critics::PathFollowCritic
[INFO] [1790895674.827969340] [controller_server]: PathAngleCritic instantiated with 1 power and 2.000000 weight. Reversing allowed.
[INFO] [1790895674.827976899] [controller_server]: Critic loaded : mppi::critics::PathAngleCritic
[INFO] [1790895674.832608607] [controller_server]: Critic loaded : mppi::critics::DynamicObstacleCritic
[INFO] [1790895674.833010872] [controller_server]: Critic loaded : mppi::critics::StaticStoppingCritic
[INFO] [1790895674.833134442] [controller_server]: Critic loaded : mppi::critics::NativeCycleSnapshotCritic
[INFO] [1790895674.834082471] [controller_server]: Optimizer reset
[INFO] [1790895674.834694547] [MPPIController]: Configured MPPI Controller: FollowPath
[INFO] [1790895674.834712606] [controller_server]: Controller Server has FollowPath  controllers available.
[INFO] [1790895674.839168844] [rclcpp]: signal_handler(SIGINT/SIGTERM)
[INFO] [1790895674.839317198] [controller_server]: Running Nav2 LifecycleNode rcl preshutdown (controller_server)
[INFO] [1790895674.839393912] [controller_server]: Cleaning up
[INFO] [1790895674.839485359] [MPPIController]: Cleaned up MPPI Controller: FollowPath
[INFO] [1790895674.839592419] [local_costmap.local_costmap]: Cleaning up
[INFO] [1790895674.847791904] [controller_server]: Destroying bond (controller_server) to lifecycle manager.
[INFO] [1790895674.850077468] [local_costmap.local_costmap]: Destroying
[INFO] [1790895674.852239185] [controller_server]: Destroying
