[INFO] [launch]: All log files can be found below /work/dynamic_prediction_phase6_holdout_20260930/candidate_navfn_1/ros/2026-09-30-02-43-01-493617-e417b1f23134-34
[INFO] [launch]: Default logging verbosity is set to INFO
[INFO] [launch.user]: [phase1_5_gazebo] Gazebo scan + ground truth -> Nav2 -> /cmd_vel -> chassis_interface_stub -> Gazebo. No Gazebo TF is bridged.
[INFO] [ign gazebo-1]: process started with pid [83]
[INFO] [parameter_bridge-2]: process started with pid [85]
[INFO] [scan_frame_adapter-3]: process started with pid [87]
[INFO] [robot_state_publisher-4]: process started with pid [90]
[INFO] [map_odom_stub-5]: process started with pid [92]
[INFO] [lio_adapter-6]: process started with pid [94]
[INFO] [gimbal_state_adapter-7]: process started with pid [96]
[INFO] [imu_frame_adapter-8]: process started with pid [98]
[INFO] [chassis_interface_stub-9]: process started with pid [100]
[INFO] [controller_server-10]: process started with pid [102]
[INFO] [smoother_server-11]: process started with pid [104]
[INFO] [planner_server-12]: process started with pid [106]
[INFO] [behavior_server-13]: process started with pid [113]
[INFO] [bt_navigator-14]: process started with pid [136]
[INFO] [waypoint_follower-15]: process started with pid [174]
[INFO] [velocity_smoother-16]: process started with pid [178]
[INFO] [lifecycle_manager-17]: process started with pid [185]
[scan_frame_adapter-3] [WARN] [1790736181.973062332] [scan_frame_adapter]: Simulation-only scan adapter: /simulation/scan_raw -> /scan with frame_id=sim_lidar_link. No TF is published.
[gimbal_state_adapter-7] [WARN] [1790736181.976975903] [gimbal_state_adapter]: Phase 1 skeleton: publishing gimbal_yaw_joint on /joint_states. Real hardware must provide timestamped gimbal yaw before rotating-gimbal localization is accepted.
[imu_frame_adapter-8] [WARN] [1790736182.080116911] [imu_frame_adapter]: Phase 1 IMU frame adapter: /livox/lio_imu_raw -> /livox/lio_imu, output frame_id=lio_imu_link. This node only rewrites header.frame_id; it does not publish TF, filter IMU data, or modify measurements.
[map_odom_stub-5] [WARN] [1790736182.086474806] [map_odom_stub]: Phase 1 placeholder: publishing dynamic identity map -> odom. Remove this node when real global localization is connected.
[robot_state_publisher-4] [INFO] [1790736182.173854817] [robot_state_publisher]: got segment base_imu_link
[robot_state_publisher-4] [INFO] [1790736182.173967616] [robot_state_publisher]: got segment base_link
[robot_state_publisher-4] [INFO] [1790736182.173974975] [robot_state_publisher]: got segment gimbal_yaw_link
[robot_state_publisher-4] [INFO] [1790736182.173977534] [robot_state_publisher]: got segment lio_imu_link
[robot_state_publisher-4] [INFO] [1790736182.173979958] [robot_state_publisher]: got segment mid360_left_frame
[robot_state_publisher-4] [INFO] [1790736182.173982570] [robot_state_publisher]: got segment mid360_right_frame
[robot_state_publisher-4] [INFO] [1790736182.173984889] [robot_state_publisher]: got segment sim_lidar_link
[chassis_interface_stub-9] [WARN] [1790736182.178606618] [chassis_interface_stub]: Phase 1 chassis stub only: no TF, no odom, no nav goals, no real serial.
[smoother_server-11] [INFO] [1790736182.185889792] [smoother_server]: 
[smoother_server-11] 	smoother_server lifecycle node launched. 
[smoother_server-11] 	Waiting on external lifecycle transitions to activate
[smoother_server-11] 	See https://design.ros2.org/articles/node_lifecycle.html for more information.
[velocity_smoother-16] [INFO] [1790736182.272970248] [velocity_smoother]: 
[velocity_smoother-16] 	velocity_smoother lifecycle node launched. 
[velocity_smoother-16] 	Waiting on external lifecycle transitions to activate
[velocity_smoother-16] 	See https://design.ros2.org/articles/node_lifecycle.html for more information.
[smoother_server-11] [INFO] [1790736182.274746713] [smoother_server]: Creating smoother server
[lio_adapter-6] [WARN] [1790736182.276750553] [lio_adapter]: Canonical LIO adapter: adapting /simulation/ground_truth/odom to /odometry/lio through TF base_link->sensor with gimbal frame gimbal_yaw_link. raw_odom_parent_frame_mode=canonical_odom. twist_mode=passthrough. Real hardware still requires calibrated and timestamped gimbal yaw. input_health=disabled.
[lifecycle_manager-17] [INFO] [1790736182.284309161] [lifecycle_manager_navigation]: Creating
[planner_server-12] [INFO] [1790736182.284323259] [planner_server]: 
[planner_server-12] 	planner_server lifecycle node launched. 
[planner_server-12] 	Waiting on external lifecycle transitions to activate
[planner_server-12] 	See https://design.ros2.org/articles/node_lifecycle.html for more information.
[planner_server-12] [INFO] [1790736182.285796209] [planner_server]: Creating
[behavior_server-13] [INFO] [1790736182.286711352] [behavior_server]: 
[behavior_server-13] 	behavior_server lifecycle node launched. 
[behavior_server-13] 	Waiting on external lifecycle transitions to activate
[behavior_server-13] 	See https://design.ros2.org/articles/node_lifecycle.html for more information.
[controller_server-10] [INFO] [1790736182.287784762] [controller_server]: 
[controller_server-10] 	controller_server lifecycle node launched. 
[controller_server-10] 	Waiting on external lifecycle transitions to activate
[controller_server-10] 	See https://design.ros2.org/articles/node_lifecycle.html for more information.
[lifecycle_manager-17] [INFO] [1790736182.371908437] [lifecycle_manager_navigation]: [34m[1mCreating and initializing lifecycle service clients[0m[0m
[controller_server-10] [INFO] [1790736182.372202275] [controller_server]: Creating controller server
[waypoint_follower-15] [INFO] [1790736182.376590637] [waypoint_follower]: 
[waypoint_follower-15] 	waypoint_follower lifecycle node launched. 
[waypoint_follower-15] 	Waiting on external lifecycle transitions to activate
[waypoint_follower-15] 	See https://design.ros2.org/articles/node_lifecycle.html for more information.
[waypoint_follower-15] [INFO] [1790736182.378588065] [waypoint_follower]: Creating
[bt_navigator-14] [INFO] [1790736182.385276229] [bt_navigator]: 
[bt_navigator-14] 	bt_navigator lifecycle node launched. 
[bt_navigator-14] 	Waiting on external lifecycle transitions to activate
[bt_navigator-14] 	See https://design.ros2.org/articles/node_lifecycle.html for more information.
[bt_navigator-14] [INFO] [1790736182.385440203] [bt_navigator]: Creating
[planner_server-12] [INFO] [1790736182.477406200] [global_costmap.global_costmap]: 
[planner_server-12] 	global_costmap lifecycle node launched. 
[planner_server-12] 	Waiting on external lifecycle transitions to activate
[planner_server-12] 	See https://design.ros2.org/articles/node_lifecycle.html for more information.
[planner_server-12] [INFO] [1790736182.478231664] [global_costmap.global_costmap]: Creating Costmap
[controller_server-10] [INFO] [1790736182.481629364] [local_costmap.local_costmap]: 
[controller_server-10] 	local_costmap lifecycle node launched. 
[controller_server-10] 	Waiting on external lifecycle transitions to activate
[controller_server-10] 	See https://design.ros2.org/articles/node_lifecycle.html for more information.
[controller_server-10] [INFO] [1790736182.482334362] [local_costmap.local_costmap]: Creating Costmap
[parameter_bridge-2] Couldn't find a preferred IP via the getifaddrs() call; I'm assuming that your IP address is 127.0.0.1.  This should work for local processes, but will almost certainly not work if you have remote processes.Report to the disc-zmq development team to seek a fix.
[parameter_bridge-2] Couldn't find a preferred IP via the getifaddrs() call; I'm assuming that your IP address is 127.0.0.1.  This should work for local processes, but will almost certainly not work if you have remote processes.Report to the disc-zmq development team to seek a fix.
[parameter_bridge-2] Couldn't find a preferred IP via the getifaddrs() call; I'm assuming that your IP address is 127.0.0.1.  This should work for local processes, but will almost certainly not work if you have remote processes.Report to the disc-zmq development team to seek a fix.
[parameter_bridge-2] Couldn't find a preferred IP via the getifaddrs() call; I'm assuming that your IP address is 127.0.0.1.  This should work for local processes, but will almost certainly not work if you have remote processes.Report to the disc-zmq development team to seek a fix.
[lifecycle_manager-17] [INFO] [1790736182.574434258] [lifecycle_manager_navigation]: [34m[1mStarting managed nodes bringup...[0m[0m
[lifecycle_manager-17] [INFO] [1790736182.574527461] [lifecycle_manager_navigation]: [34m[1mConfiguring controller_server[0m[0m
[controller_server-10] [INFO] [1790736182.577120177] [controller_server]: Configuring controller interface
[controller_server-10] [INFO] [1790736182.577857061] [controller_server]: getting goal checker plugins..
[controller_server-10] [INFO] [1790736182.578230569] [controller_server]: Controller frequency set to 10.0000Hz
[controller_server-10] [INFO] [1790736182.578274137] [local_costmap.local_costmap]: Configuring
[ign gazebo-1] Couldn't find a preferred IP via the getifaddrs() call; I'm assuming that your IP address is 127.0.0.1.  This should work for local processes, but will almost certainly not work if you have remote processes.Report to the disc-zmq development team to seek a fix.
[ign gazebo-1] Couldn't find a preferred IP via the getifaddrs() call; I'm assuming that your IP address is 127.0.0.1.  This should work for local processes, but will almost certainly not work if you have remote processes.Report to the disc-zmq development team to seek a fix.
[ign gazebo-1] Couldn't find a preferred IP via the getifaddrs() call; I'm assuming that your IP address is 127.0.0.1.  This should work for local processes, but will almost certainly not work if you have remote processes.Report to the disc-zmq development team to seek a fix.
[ign gazebo-1] Couldn't find a preferred IP via the getifaddrs() call; I'm assuming that your IP address is 127.0.0.1.  This should work for local processes, but will almost certainly not work if you have remote processes.Report to the disc-zmq development team to seek a fix.
[controller_server-10] [INFO] [1790736182.590175119] [local_costmap.local_costmap]: Using plugin "obstacle_layer"
[controller_server-10] [INFO] [1790736182.674039300] [local_costmap.local_costmap]: Subscribed to Topics: scan
[controller_server-10] [INFO] [1790736182.676068755] [local_costmap.local_costmap]: Initialized plugin "obstacle_layer"
[controller_server-10] [INFO] [1790736182.676097103] [local_costmap.local_costmap]: Using plugin "inflation_layer"
[controller_server-10] [INFO] [1790736182.676460330] [local_costmap.local_costmap]: Initialized plugin "inflation_layer"
[controller_server-10] [INFO] [1790736182.684064513] [controller_server]: Created progress_checker : progress_checker of type nav2_controller::SimpleProgressChecker
[controller_server-10] [INFO] [1790736182.684792252] [controller_server]: Created goal checker : general_goal_checker of type nav2_controller::SimpleGoalChecker
[controller_server-10] [INFO] [1790736182.685178393] [controller_server]: Controller Server has general_goal_checker  goal checkers available.
[controller_server-10] [INFO] [1790736182.686006820] [controller_server]: Created controller : FollowPath of type nav2_mppi_controller::MPPIController
[controller_server-10] [INFO] [1790736182.687269912] [controller_server]: Controller period is equal to model dt. Control sequence shifting is ON
[controller_server-10] [INFO] [1790736182.688173030] [controller_server]: ConstraintCritic instantiated with 1 power and 4.000000 weight.
[controller_server-10] [INFO] [1790736182.688189426] [controller_server]: Critic loaded : mppi::critics::ConstraintCritic
[controller_server-10] [INFO] [1790736182.688922678] [controller_server]: InflationCostCritic instantiated with 1 power and 300.000000 / 0.015000 weights. Critic will collision check based on footprint cost.
[controller_server-10] [INFO] [1790736182.688938875] [controller_server]: Critic loaded : mppi::critics::CostCritic
[controller_server-10] [INFO] [1790736182.689063207] [controller_server]: GoalCritic instantiated with 1 power and 5.000000 weight.
[controller_server-10] [INFO] [1790736182.689067525] [controller_server]: Critic loaded : mppi::critics::GoalCritic
[controller_server-10] [INFO] [1790736182.689166328] [controller_server]: GoalAngleCritic instantiated with 1 power, 3.000000 weight, and 0.500000 angular threshold.
[controller_server-10] [INFO] [1790736182.689170768] [controller_server]: Critic loaded : mppi::critics::GoalAngleCritic
[controller_server-10] [INFO] [1790736182.689356637] [controller_server]: ReferenceTrajectoryCritic instantiated with 1 power and 10.000000 weight
[controller_server-10] [INFO] [1790736182.689362614] [controller_server]: Critic loaded : mppi::critics::PathAlignCritic
[controller_server-10] [INFO] [1790736182.689463568] [controller_server]: Critic loaded : mppi::critics::PathFollowCritic
[controller_server-10] [INFO] [1790736182.689778958] [controller_server]: PathAngleCritic instantiated with 1 power and 2.000000 weight. Reversing allowed.
[controller_server-10] [INFO] [1790736182.689787394] [controller_server]: Critic loaded : mppi::critics::PathAngleCritic
[controller_server-10] [INFO] [1790736182.695020824] [controller_server]: PredictionV1Critic subscribes /perception/dynamic_obstacles_shadow/predictions; fixture object 0.450 x 0.550 m; collision rank legacy
[controller_server-10] [INFO] [1790736182.695053139] [controller_server]: Critic loaded : mppi::critics::PredictionV1Critic
[controller_server-10] [INFO] [1790736182.695713786] [controller_server]: Optimizer reset
[controller_server-10] [INFO] [1790736182.698760882] [MPPIController]: Configured MPPI Controller: FollowPath
[controller_server-10] [INFO] [1790736182.698785106] [controller_server]: Controller Server has FollowPath  controllers available.
[lifecycle_manager-17] [INFO] [1790736182.772958186] [lifecycle_manager_navigation]: [34m[1mConfiguring smoother_server[0m[0m
[smoother_server-11] [INFO] [1790736182.773563646] [smoother_server]: Configuring smoother server
[smoother_server-11] [INFO] [1790736182.782036056] [smoother_server]: Created smoother : simple_smoother of type nav2_smoother::SimpleSmoother
[smoother_server-11] [INFO] [1790736182.782260378] [smoother_server]: Smoother Server has simple_smoother  smoothers available.
[lifecycle_manager-17] [INFO] [1790736182.786745856] [lifecycle_manager_navigation]: [34m[1mConfiguring planner_server[0m[0m
[planner_server-12] [INFO] [1790736182.787028480] [planner_server]: Configuring
[planner_server-12] [INFO] [1790736182.787063771] [global_costmap.global_costmap]: Configuring
[planner_server-12] [INFO] [1790736182.791049968] [global_costmap.global_costmap]: Using plugin "obstacle_layer"
[planner_server-12] [INFO] [1790736182.793266704] [global_costmap.global_costmap]: Subscribed to Topics: scan
[planner_server-12] [INFO] [1790736182.795427550] [global_costmap.global_costmap]: Initialized plugin "obstacle_layer"
[planner_server-12] [INFO] [1790736182.795454631] [global_costmap.global_costmap]: Using plugin "inflation_layer"
[planner_server-12] [INFO] [1790736182.795845590] [global_costmap.global_costmap]: Initialized plugin "inflation_layer"
[planner_server-12] [DEBUG] [1790736182.803287870] [planner_server]: Costmap size: 260,240
[planner_server-12] [INFO] [1790736182.804346899] [planner_server]: Created global planner plugin GridBased of type nav2_navfn_planner/NavfnPlanner
[planner_server-12] [INFO] [1790736182.804374480] [planner_server]: Configuring plugin GridBased of type NavfnPlanner
[planner_server-12] [INFO] [1790736182.805051858] [planner_server]: Planner Server has GridBased  planners available.
[lifecycle_manager-17] [INFO] [1790736182.877150817] [lifecycle_manager_navigation]: [34m[1mConfiguring behavior_server[0m[0m
[behavior_server-13] [INFO] [1790736182.877328725] [behavior_server]: Configuring
[behavior_server-13] [INFO] [1790736182.882748412] [behavior_server]: Creating behavior plugin spin of type nav2_behaviors/Spin
[behavior_server-13] [INFO] [1790736182.884115282] [behavior_server]: Configuring spin
[behavior_server-13] [INFO] [1790736182.887486395] [behavior_server]: Creating behavior plugin backup of type nav2_behaviors/BackUp
[behavior_server-13] [INFO] [1790736182.888630335] [behavior_server]: Configuring backup
[behavior_server-13] [INFO] [1790736182.890583419] [behavior_server]: Creating behavior plugin drive_on_heading of type nav2_behaviors/DriveOnHeading
[behavior_server-13] [INFO] [1790736182.891682343] [behavior_server]: Configuring drive_on_heading
[behavior_server-13] [INFO] [1790736182.893797984] [behavior_server]: Creating behavior plugin wait of type nav2_behaviors/Wait
[behavior_server-13] [INFO] [1790736182.894794838] [behavior_server]: Configuring wait
[lifecycle_manager-17] [INFO] [1790736182.897280159] [lifecycle_manager_navigation]: [34m[1mConfiguring bt_navigator[0m[0m
[bt_navigator-14] [INFO] [1790736182.897554782] [bt_navigator]: Configuring
[lifecycle_manager-17] [INFO] [1790736183.019461515] [lifecycle_manager_navigation]: [34m[1mConfiguring waypoint_follower[0m[0m
[waypoint_follower-15] [INFO] [1790736183.019637660] [waypoint_follower]: Configuring
[waypoint_follower-15] [INFO] [1790736183.025540956] [waypoint_follower]: Created waypoint_task_executor : wait_at_waypoint of type nav2_waypoint_follower::WaitAtWaypoint
[waypoint_follower-15] [INFO] [1790736183.025676870] [waypoint_follower]: Waypoint pause duration is set to zero, disabling task executor plugin.
[lifecycle_manager-17] [INFO] [1790736183.026217602] [lifecycle_manager_navigation]: [34m[1mConfiguring velocity_smoother[0m[0m
[velocity_smoother-16] [INFO] [1790736183.026727117] [velocity_smoother]: Configuring velocity smoother
[lifecycle_manager-17] [INFO] [1790736183.028687294] [lifecycle_manager_navigation]: [34m[1mActivating controller_server[0m[0m
[controller_server-10] [INFO] [1790736183.028783618] [controller_server]: Activating
[controller_server-10] [INFO] [1790736183.028817213] [local_costmap.local_costmap]: Activating
[controller_server-10] [INFO] [1790736183.028826722] [local_costmap.local_costmap]: Checking transform
[controller_server-10] [INFO] [1790736183.028850388] [local_costmap.local_costmap]: Timed out waiting for transform from base_link to odom to become available, tf error: Could not find a connection between 'odom' and 'base_link' because they are not part of the same tree.Tf has two or more unconnected trees.
[controller_server-10] [INFO] [1790736183.528908739] [local_costmap.local_costmap]: Timed out waiting for transform from base_link to odom to become available, tf error: Could not find a connection between 'odom' and 'base_link' because they are not part of the same tree.Tf has two or more unconnected trees.
[parameter_bridge-2] [INFO] [1790736183.574138801] [simulation_bridge]: Creating GZ->ROS Bridge: [/clock (ignition.msgs.Clock) -> /clock (rosgraph_msgs/msg/Clock)] (Lazy 0)
[parameter_bridge-2] [INFO] [1790736183.576183557] [simulation_bridge]: Creating ROS->GZ Bridge: [/simulation/chassis/cmd_vel (geometry_msgs/msg/Twist) -> /model/rm_sentry_2027/cmd_vel (ignition.msgs.Twist)] (Lazy 0)
[parameter_bridge-2] [INFO] [1790736183.577775726] [simulation_bridge]: Creating GZ->ROS Bridge: [/model/rm_sentry_2027/odometry (ignition.msgs.Odometry) -> /simulation/ground_truth/odom (nav_msgs/msg/Odometry)] (Lazy 0)
[parameter_bridge-2] [INFO] [1790736183.579316770] [simulation_bridge]: Creating GZ->ROS Bridge: [/model/rm_sentry_2027/sim_lidar/scan (ignition.msgs.LaserScan) -> /simulation/scan_raw (sensor_msgs/msg/LaserScan)] (Lazy 0)
