[INFO] [1791085901.420113631] [controller_server]: 
	controller_server lifecycle node launched. 
	Waiting on external lifecycle transitions to activate
	See https://design.ros2.org/articles/node_lifecycle.html for more information.
[INFO] [1791085901.425571229] [controller_server]: Creating controller server
[INFO] [1791085901.430559658] [local_costmap.local_costmap]: 
	local_costmap lifecycle node launched. 
	Waiting on external lifecycle transitions to activate
	See https://design.ros2.org/articles/node_lifecycle.html for more information.
[INFO] [1791085901.431280593] [local_costmap.local_costmap]: Creating Costmap
[INFO] [1791085901.521936369] [controller_server]: Configuring controller interface
[INFO] [1791085901.522066842] [controller_server]: getting goal checker plugins..
[INFO] [1791085901.522084231] [controller_server]: Controller frequency set to 20.0000Hz
[INFO] [1791085901.522104940] [local_costmap.local_costmap]: Configuring
[INFO] [1791085901.525554054] [local_costmap.local_costmap]: Using plugin "static_layer"
[INFO] [1791085901.528651487] [local_costmap.local_costmap]: Subscribing to the map topic (/map) with transient local durability
[INFO] [1791085901.529689333] [local_costmap.local_costmap]: Initialized plugin "static_layer"
[INFO] [1791085901.529724868] [local_costmap.local_costmap]: Using plugin "stvl_layer"
[INFO] [1791085901.565196119] [local_costmap.local_costmap]: stvl_layer being initialized as SpatioTemporalVoxelLayer!
[INFO] [1791085901.565255391] [local_costmap.local_costmap]: stvl_layer's global frame is map.
[INFO] [1791085901.565580758] [local_costmap.local_costmap]: stvl_layer loaded parameters from parameter server.
[INFO] [1791085901.566550860] [local_costmap.local_costmap]: stvl_layer created underlying voxel grid.
[INFO] [1791085901.567001331] [local_costmap.local_costmap]: Voxel filter activated.
[INFO] [1791085901.569507342] [local_costmap.local_costmap]: Passthough filter activated.
[INFO] [1791085901.570327334] [local_costmap.local_costmap]: stvl_layer initialization complete!
[INFO] [1791085901.570358600] [local_costmap.local_costmap]: Initialized plugin "stvl_layer"
[INFO] [1791085901.570365595] [local_costmap.local_costmap]: Using plugin "inflation_layer"
[INFO] [1791085901.570720372] [local_costmap.local_costmap]: Initialized plugin "inflation_layer"
[INFO] [1791085901.575734922] [controller_server]: Created progress_checker : progress_checker of type nav2_controller::SimpleProgressChecker
[INFO] [1791085901.576211086] [controller_server]: Created goal checker : general_goal_checker of type nav2_controller::SimpleGoalChecker
[INFO] [1791085901.576348645] [controller_server]: Controller Server has general_goal_checker  goal checkers available.
[INFO] [1791085901.577254525] [controller_server]: Created controller : FollowPathMPPI of type nav2_mppi_controller::MPPIController
[INFO] [1791085901.577849160] [controller_server]: Controller period is equal to model dt. Control sequence shifting is ON
[INFO] [1791085901.578970718] [controller_server]: ConstraintCritic instantiated with 1 power and 4.000000 weight.
[INFO] [1791085901.578997808] [controller_server]: Critic loaded : mppi::critics::ConstraintCritic
[INFO] [1791085901.579235032] [controller_server]: InflationCostCritic instantiated with 1 power and 300.000000 / 0.015000 weights. Critic will collision check based on footprint cost.
[INFO] [1791085901.579247946] [controller_server]: Critic loaded : mppi::critics::CostCritic
[INFO] [1791085901.579366338] [controller_server]: GoalCritic instantiated with 1 power and 5.000000 weight.
[INFO] [1791085901.579374966] [controller_server]: Critic loaded : mppi::critics::GoalCritic
[INFO] [1791085901.579516671] [controller_server]: Critic loaded : mppi::critics::PathFollowCritic
[INFO] [1791085901.580342310] [controller_server]: Optimizer reset
[INFO] [1791085901.582181066] [MPPIController]: Configured MPPI Controller: FollowPathMPPI
[INFO] [1791085901.585925199] [controller_server]: Created controller : FollowPathTemporalMPC of type rm_temporal_mpc::Controller
[INFO] [1791085901.589598836] [controller_server]: Controller Server has FollowPathMPPI FollowPathTemporalMPC  controllers available.
[INFO] [1791085901.621660585] [controller_server]: Activating
[INFO] [1791085901.621744533] [local_costmap.local_costmap]: Activating
[INFO] [1791085901.621775082] [local_costmap.local_costmap]: Checking transform
[INFO] [1791085901.621824346] [local_costmap.local_costmap]: Timed out waiting for transform from base_link to map to become available, tf error: Invalid frame ID "map" passed to canTransform argument target_frame - frame does not exist
[INFO] [1791085902.121905972] [local_costmap.local_costmap]: Timed out waiting for transform from base_link to map to become available, tf error: Invalid frame ID "map" passed to canTransform argument target_frame - frame does not exist
[INFO] [1791085902.621909056] [local_costmap.local_costmap]: Timed out waiting for transform from base_link to map to become available, tf error: Could not find a connection between 'map' and 'base_link' because they are not part of the same tree.Tf has two or more unconnected trees.
[INFO] [1791085903.121879311] [local_costmap.local_costmap]: Timed out waiting for transform from base_link to map to become available, tf error: Could not find a connection between 'map' and 'base_link' because they are not part of the same tree.Tf has two or more unconnected trees.
[INFO] [1791085903.621897427] [local_costmap.local_costmap]: Timed out waiting for transform from base_link to map to become available, tf error: Could not find a connection between 'map' and 'base_link' because they are not part of the same tree.Tf has two or more unconnected trees.
[INFO] [1791085904.121869176] [local_costmap.local_costmap]: Timed out waiting for transform from base_link to map to become available, tf error: Could not find a connection between 'map' and 'base_link' because they are not part of the same tree.Tf has two or more unconnected trees.
[INFO] [1791085904.621886450] [local_costmap.local_costmap]: Timed out waiting for transform from base_link to map to become available, tf error: Could not find a connection between 'map' and 'base_link' because they are not part of the same tree.Tf has two or more unconnected trees.
[INFO] [1791085905.121882839] [local_costmap.local_costmap]: Timed out waiting for transform from base_link to map to become available, tf error: Could not find a connection between 'map' and 'base_link' because they are not part of the same tree.Tf has two or more unconnected trees.
[INFO] [1791085905.284427954] [local_costmap.local_costmap]: StaticLayer: Resizing static layer to 160 X 120 at 0.050000 m/pix
[INFO] [1791085905.621948101] [local_costmap.local_costmap]: start
[INFO] [1791085905.622005713] [local_costmap.local_costmap]: stvl_layer was activated.
[WARN] [1791085905.673494068] [controller_server]: Parameter controller_server.verbose not found
[INFO] [1791085905.674131474] [controller_server]: Optimizer reset
[INFO] [1791085905.674308511] [MPPIController]: Activated MPPI Controller: FollowPathMPPI
[INFO] [1791085905.674341790] [controller_server]: Creating bond (controller_server) to lifecycle manager.
[INFO] [1791085917.382622158] [controller_server]: Received a goal, begin computing control effort.
[INFO] [1791085917.383151344] [controller_server]: Optimizer reset
[INFO] [1791085937.034279022] [controller_server]: Optimizer reset
[INFO] [1791085937.035486371] [controller_server]: Optimizer reset
[ERROR] [1791085937.035599450] [controller_server]: Optimizer fail to compute path
[WARN] [1791085937.035704930] [controller_server]: [follow_path] [ActionServer] Aborting handle.
[WARN] [1791085937.822158125] [local_costmap.local_costmap]: /simulation/scan_points buffer updated in 0.22s, it should be updated every 0.20s.
[WARN] [1791085937.872171575] [local_costmap.local_costmap]: /simulation/scan_points buffer updated in 0.27s, it should be updated every 0.20s.
[WARN] [1791085937.922127791] [local_costmap.local_costmap]: /simulation/scan_points buffer updated in 0.32s, it should be updated every 0.20s.
[WARN] [1791085937.972180588] [local_costmap.local_costmap]: /simulation/scan_points buffer updated in 0.37s, it should be updated every 0.20s.
[WARN] [1791085938.022184509] [local_costmap.local_costmap]: /simulation/scan_points buffer updated in 0.42s, it should be updated every 0.20s.
[WARN] [1791085938.072133605] [local_costmap.local_costmap]: /simulation/scan_points buffer updated in 0.47s, it should be updated every 0.20s.
[WARN] [1791085938.122125245] [local_costmap.local_costmap]: /simulation/scan_points buffer updated in 0.52s, it should be updated every 0.20s.
