[INFO] [launch]: All log files can be found below /home/rmnav/.ros/log/2026-10-04-03-51-41-493128-80f51f66c0f3-38
[INFO] [launch]: Default logging verbosity is set to INFO
[INFO] [ign gazebo-1]: process started with pid [177]
[INFO] [parameter_bridge-2]: process started with pid [179]
[INFO] [scan_frame_adapter-3]: process started with pid [182]
[INFO] [robot_state_publisher-4]: process started with pid [184]
[INFO] [lio_adapter-5]: process started with pid [186]
[INFO] [gimbal_state_adapter-6]: process started with pid [188]
[INFO] [imu_frame_adapter-7]: process started with pid [190]
[INFO] [static_transform_publisher-8]: process started with pid [192]
[INFO] [chassis_interface_stub-9]: process started with pid [194]
[scan_frame_adapter-3] [WARN] [1791085902.016828086] [scan_frame_adapter]: Simulation-only scan adapter: /simulation/scan_raw -> /scan with frame_id=sim_lidar_link. No TF is published.
[gimbal_state_adapter-6] [WARN] [1791085902.018223921] [gimbal_state_adapter]: Phase 1 skeleton: publishing gimbal_yaw_joint on /joint_states. Real hardware must provide timestamped gimbal yaw before rotating-gimbal localization is accepted.
[chassis_interface_stub-9] [WARN] [1791085902.019753094] [chassis_interface_stub]: Phase 1 chassis stub only: no TF, no odom, no nav goals, no real serial.
[imu_frame_adapter-7] [WARN] [1791085902.031664452] [imu_frame_adapter]: Phase 1 IMU frame adapter: /livox/lio_imu_raw -> /livox/lio_imu, output frame_id=lio_imu_link. This node only rewrites header.frame_id; it does not publish TF, filter IMU data, or modify measurements.
[static_transform_publisher-8] [INFO] [1791085902.038938037] [experiment_map_origin]: Spinning until stopped - publishing transform
[static_transform_publisher-8] translation: ('0.000000', '0.000000', '0.000000')
[static_transform_publisher-8] rotation: ('0.000000', '0.000000', '0.000000', '1.000000')
[static_transform_publisher-8] from 'map' to 'odom'
[lio_adapter-5] [WARN] [1791085902.043886205] [lio_adapter]: Canonical LIO adapter: adapting /simulation/ground_truth/odom to /odometry/lio through TF base_link->sensor with gimbal frame gimbal_yaw_link. raw_odom_parent_frame_mode=canonical_odom. twist_mode=passthrough. Real hardware still requires calibrated and timestamped gimbal yaw.
[robot_state_publisher-4] [INFO] [1791085902.055210481] [robot_state_publisher]: got segment base_imu_link
[robot_state_publisher-4] [INFO] [1791085902.055417666] [robot_state_publisher]: got segment base_link
[robot_state_publisher-4] [INFO] [1791085902.055442423] [robot_state_publisher]: got segment gimbal_yaw_link
[robot_state_publisher-4] [INFO] [1791085902.055460770] [robot_state_publisher]: got segment lio_imu_link
[robot_state_publisher-4] [INFO] [1791085902.055477334] [robot_state_publisher]: got segment mid360_left_frame
[robot_state_publisher-4] [INFO] [1791085902.055493156] [robot_state_publisher]: got segment mid360_right_frame
[robot_state_publisher-4] [INFO] [1791085902.055508394] [robot_state_publisher]: got segment sim_lidar_link
[parameter_bridge-2] Couldn't find a preferred IP via the getifaddrs() call; I'm assuming that your IP address is 127.0.0.1.  This should work for local processes, but will almost certainly not work if you have remote processes.Report to the disc-zmq development team to seek a fix.
[parameter_bridge-2] Couldn't find a preferred IP via the getifaddrs() call; I'm assuming that your IP address is 127.0.0.1.  This should work for local processes, but will almost certainly not work if you have remote processes.Report to the disc-zmq development team to seek a fix.
[parameter_bridge-2] Couldn't find a preferred IP via the getifaddrs() call; I'm assuming that your IP address is 127.0.0.1.  This should work for local processes, but will almost certainly not work if you have remote processes.Report to the disc-zmq development team to seek a fix.
[parameter_bridge-2] Couldn't find a preferred IP via the getifaddrs() call; I'm assuming that your IP address is 127.0.0.1.  This should work for local processes, but will almost certainly not work if you have remote processes.Report to the disc-zmq development team to seek a fix.
[ign gazebo-1] Couldn't find a preferred IP via the getifaddrs() call; I'm assuming that your IP address is 127.0.0.1.  This should work for local processes, but will almost certainly not work if you have remote processes.Report to the disc-zmq development team to seek a fix.
[ign gazebo-1] Couldn't find a preferred IP via the getifaddrs() call; I'm assuming that your IP address is 127.0.0.1.  This should work for local processes, but will almost certainly not work if you have remote processes.Report to the disc-zmq development team to seek a fix.
[ign gazebo-1] Couldn't find a preferred IP via the getifaddrs() call; I'm assuming that your IP address is 127.0.0.1.  This should work for local processes, but will almost certainly not work if you have remote processes.Report to the disc-zmq development team to seek a fix.
[ign gazebo-1] Couldn't find a preferred IP via the getifaddrs() call; I'm assuming that your IP address is 127.0.0.1.  This should work for local processes, but will almost certainly not work if you have remote processes.Report to the disc-zmq development team to seek a fix.
[parameter_bridge-2] [INFO] [1791085903.099183493] [simulation_bridge]: Creating GZ->ROS Bridge: [/clock (ignition.msgs.Clock) -> /clock (rosgraph_msgs/msg/Clock)] (Lazy 0)
[parameter_bridge-2] [INFO] [1791085903.101585275] [simulation_bridge]: Creating ROS->GZ Bridge: [/simulation/chassis/cmd_vel (geometry_msgs/msg/Twist) -> /model/rm_sentry_2027/cmd_vel (ignition.msgs.Twist)] (Lazy 0)
[parameter_bridge-2] [INFO] [1791085903.103303516] [simulation_bridge]: Creating GZ->ROS Bridge: [/model/rm_sentry_2027/odometry (ignition.msgs.Odometry) -> /simulation/ground_truth/odom (nav_msgs/msg/Odometry)] (Lazy 0)
[parameter_bridge-2] [INFO] [1791085903.104711048] [simulation_bridge]: Creating GZ->ROS Bridge: [/model/rm_sentry_2027/sim_lidar/scan (ignition.msgs.LaserScan) -> /simulation/scan_raw (sensor_msgs/msg/LaserScan)] (Lazy 0)
[parameter_bridge-2] [INFO] [1791085903.106063859] [simulation_bridge]: Creating ROS->GZ Bridge: [/simulation/moving_obstacle/target (std_msgs/msg/Float64) -> /simulation/moving_obstacle/gz_target (ignition.msgs.Double)] (Lazy 0)
[parameter_bridge-2] [INFO] [1791085903.106787179] [simulation_bridge]: Creating GZ->ROS Bridge: [/model/rm_sentry_2027/pose (ignition.msgs.Pose_V) -> /simulation/oracle/rm_sentry_2027 (tf2_msgs/msg/TFMessage)] (Lazy 0)
[parameter_bridge-2] [INFO] [1791085903.109382904] [simulation_bridge]: Creating GZ->ROS Bridge: [/model/moving_obstacle/pose (ignition.msgs.Pose_V) -> /simulation/oracle/moving_obstacle (tf2_msgs/msg/TFMessage)] (Lazy 0)
[parameter_bridge-2] [INFO] [1791085903.110533459] [simulation_bridge]: Creating GZ->ROS Bridge: [/world/phase1_omni/dynamic_pose/info (ignition.msgs.Pose_V) -> /simulation/oracle/world (tf2_msgs/msg/TFMessage)] (Lazy 0)
[parameter_bridge-2] [INFO] [1791085903.111571641] [simulation_bridge]: Creating GZ->ROS Bridge: [/simulation/oracle/contacts (ignition.msgs.Contacts) -> /simulation/oracle/contacts (ros_gz_interfaces/msg/Contacts)] (Lazy 0)
[parameter_bridge-2] [INFO] [1791085904.994271061] [simulation_bridge]: Passing message from ROS std_msgs/msg/Float64 to Gazebo gz.msgs.Double (showing msg only once per type)
[scan_frame_adapter-3] [INFO] [1791085905.183581926] [scan_frame_adapter]: Gazebo raw scan frame_id is 'rm_sentry_2027/sim_lidar_link/phase1_planar_lidar'; canonical simulation frame is 'sim_lidar_link'.
[chassis_interface_stub-9] [INFO] [1791085917.429146220] [chassis_interface_stub]: Mock chassis packet vx=0.018 vy=0.003 wz=0.000
[parameter_bridge-2] [INFO] [1791085917.429368023] [simulation_bridge]: Passing message from ROS geometry_msgs/msg/Twist to Gazebo gz.msgs.Twist (showing msg only once per type)
[chassis_interface_stub-9] [INFO] [1791085918.429191726] [chassis_interface_stub]: Mock chassis packet vx=0.407 vy=0.029 wz=0.000
[chassis_interface_stub-9] [INFO] [1791085919.429141954] [chassis_interface_stub]: Mock chassis packet vx=0.399 vy=0.025 wz=0.000
[chassis_interface_stub-9] [INFO] [1791085920.429047408] [chassis_interface_stub]: Mock chassis packet vx=0.409 vy=0.016 wz=0.000
[chassis_interface_stub-9] [INFO] [1791085921.429022859] [chassis_interface_stub]: Mock chassis packet vx=0.404 vy=0.010 wz=0.000
[chassis_interface_stub-9] [INFO] [1791085922.429125376] [chassis_interface_stub]: Mock chassis packet vx=0.410 vy=0.004 wz=0.000
[chassis_interface_stub-9] [INFO] [1791085923.429111520] [chassis_interface_stub]: Mock chassis packet vx=0.377 vy=0.002 wz=0.000
[chassis_interface_stub-9] [INFO] [1791085924.429028291] [chassis_interface_stub]: Mock chassis packet vx=0.412 vy=0.001 wz=0.000
[chassis_interface_stub-9] [INFO] [1791085925.428986498] [chassis_interface_stub]: Mock chassis packet vx=0.391 vy=-0.001 wz=0.000
[chassis_interface_stub-9] [INFO] [1791085926.428944406] [chassis_interface_stub]: Mock chassis packet vx=0.357 vy=-0.002 wz=0.000
[chassis_interface_stub-9] [INFO] [1791085927.429057498] [chassis_interface_stub]: Mock chassis packet vx=0.394 vy=-0.006 wz=0.000
[chassis_interface_stub-9] [INFO] [1791085928.428997486] [chassis_interface_stub]: Mock chassis packet vx=0.268 vy=0.141 wz=0.000
[chassis_interface_stub-9] [INFO] [1791085929.428950406] [chassis_interface_stub]: Mock chassis packet vx=-0.201 vy=0.409 wz=0.000
[chassis_interface_stub-9] [INFO] [1791085930.428892101] [chassis_interface_stub]: Mock chassis packet vx=-0.134 vy=-0.118 wz=0.000
[chassis_interface_stub-9] [INFO] [1791085931.428873815] [chassis_interface_stub]: Mock chassis packet vx=0.238 vy=-0.259 wz=0.000
[chassis_interface_stub-9] [INFO] [1791085932.428872896] [chassis_interface_stub]: Mock chassis packet vx=0.236 vy=-0.462 wz=0.000
[chassis_interface_stub-9] [INFO] [1791085933.428861476] [chassis_interface_stub]: Mock chassis packet vx=-0.117 vy=-0.334 wz=0.000
[chassis_interface_stub-9] [INFO] [1791085934.428830249] [chassis_interface_stub]: Mock chassis packet vx=-0.334 vy=0.096 wz=0.000
[chassis_interface_stub-9] [INFO] [1791085935.428818890] [chassis_interface_stub]: Mock chassis packet vx=0.166 vy=0.331 wz=0.000
[chassis_interface_stub-9] [INFO] [1791085936.429168649] [chassis_interface_stub]: Mock chassis packet vx=0.319 vy=0.390 wz=0.000
[chassis_interface_stub-9] [INFO] [1791085937.428817397] [chassis_interface_stub]: Mock chassis packet vx=0.000 vy=0.095 wz=0.000
[chassis_interface_stub-9] [WARN] [1791085938.069281535] [chassis_interface_stub]: Watchdog timeout. Mock chassis command forced to zero.
