[INFO] [1790761131.825756006] [costmap]: 
	costmap lifecycle node launched. 
	Waiting on external lifecycle transitions to activate
	See https://design.ros2.org/articles/node_lifecycle.html for more information.
[INFO] [1790761131.826167671] [costmap]: Creating Costmap
[INFO] [1790761131.826273425] [costmap]: Configuring
[INFO] [1790761131.828077670] [costmap]: Using plugin "obstacle_layer"
[INFO] [1790761131.829833171] [costmap]: Subscribed to Topics: scan
[INFO] [1790761131.830655565] [costmap]: Initialized plugin "obstacle_layer"
[INFO] [1790761131.830673184] [costmap]: Using plugin "inflation_layer"
[INFO] [1790761131.830829241] [costmap]: Initialized plugin "inflation_layer"
[INFO] [1790761131.834933797] [frozen_replay]: Controller period is equal to model dt. Control sequence shifting is ON
[INFO] [1790761131.835487588] [frozen_replay]: ConstraintCritic instantiated with 1 power and 4.000000 weight.
[INFO] [1790761131.835503903] [frozen_replay]: Critic loaded : mppi::critics::ConstraintCritic
[INFO] [1790761131.836039791] [frozen_replay]: Optimizer reset
[INFO] [1790761131.839344556] [costmap]: Cleaning up
[INFO] [1790761131.840281723] [costmap]: Running Nav2 LifecycleNode rcl preshutdown (costmap)
[INFO] [1790761131.840299603] [costmap]: Destroying bond (costmap) to lifecycle manager.
[INFO] [1790761131.840529574] [costmap]: Destroying
score_eval_ms=2.04502
