[INFO] [1790761132.375722174] [costmap]: 
	costmap lifecycle node launched. 
	Waiting on external lifecycle transitions to activate
	See https://design.ros2.org/articles/node_lifecycle.html for more information.
[INFO] [1790761132.376111795] [costmap]: Creating Costmap
[INFO] [1790761132.376206737] [costmap]: Configuring
[INFO] [1790761132.377631551] [costmap]: Using plugin "obstacle_layer"
[INFO] [1790761132.379488796] [costmap]: Subscribed to Topics: scan
[INFO] [1790761132.380450122] [costmap]: Initialized plugin "obstacle_layer"
[INFO] [1790761132.380469983] [costmap]: Using plugin "inflation_layer"
[INFO] [1790761132.380636864] [costmap]: Initialized plugin "inflation_layer"
[INFO] [1790761132.385039350] [frozen_replay]: Controller period is equal to model dt. Control sequence shifting is ON
[INFO] [1790761132.385597888] [frozen_replay]: ConstraintCritic instantiated with 1 power and 4.000000 weight.
[INFO] [1790761132.385613997] [frozen_replay]: Critic loaded : mppi::critics::ConstraintCritic
[INFO] [1790761132.385682838] [frozen_replay]: InflationCostCritic instantiated with 1 power and 300.000000 / 0.015000 weights. Critic will collision check based on footprint cost.
[INFO] [1790761132.385691746] [frozen_replay]: Critic loaded : mppi::critics::CostCritic
[INFO] [1790761132.385724432] [frozen_replay]: GoalCritic instantiated with 1 power and 5.000000 weight.
[INFO] [1790761132.385729043] [frozen_replay]: Critic loaded : mppi::critics::GoalCritic
[INFO] [1790761132.385758322] [frozen_replay]: GoalAngleCritic instantiated with 1 power, 3.000000 weight, and 0.500000 angular threshold.
[INFO] [1790761132.385763812] [frozen_replay]: Critic loaded : mppi::critics::GoalAngleCritic
[INFO] [1790761132.385815935] [frozen_replay]: ReferenceTrajectoryCritic instantiated with 1 power and 10.000000 weight
[INFO] [1790761132.385820634] [frozen_replay]: Critic loaded : mppi::critics::PathAlignCritic
[INFO] [1790761132.386358018] [frozen_replay]: Optimizer reset
[INFO] [1790761132.390288989] [costmap]: Cleaning up
[INFO] [1790761132.391265132] [costmap]: Running Nav2 LifecycleNode rcl preshutdown (costmap)
[INFO] [1790761132.391316080] [costmap]: Destroying bond (costmap) to lifecycle manager.
[INFO] [1790761132.391569836] [costmap]: Destroying
score_eval_ms=2.51324
