[INFO] [1790761131.962314796] [costmap]: 
	costmap lifecycle node launched. 
	Waiting on external lifecycle transitions to activate
	See https://design.ros2.org/articles/node_lifecycle.html for more information.
[INFO] [1790761131.962808100] [costmap]: Creating Costmap
[INFO] [1790761131.962937805] [costmap]: Configuring
[INFO] [1790761131.964769459] [costmap]: Using plugin "obstacle_layer"
[INFO] [1790761131.966458904] [costmap]: Subscribed to Topics: scan
[INFO] [1790761131.967209385] [costmap]: Initialized plugin "obstacle_layer"
[INFO] [1790761131.967221977] [costmap]: Using plugin "inflation_layer"
[INFO] [1790761131.967375091] [costmap]: Initialized plugin "inflation_layer"
[INFO] [1790761131.971932629] [frozen_replay]: Controller period is equal to model dt. Control sequence shifting is ON
[INFO] [1790761131.972483864] [frozen_replay]: ConstraintCritic instantiated with 1 power and 4.000000 weight.
[INFO] [1790761131.972500732] [frozen_replay]: Critic loaded : mppi::critics::ConstraintCritic
[INFO] [1790761131.972570202] [frozen_replay]: InflationCostCritic instantiated with 1 power and 300.000000 / 0.015000 weights. Critic will collision check based on footprint cost.
[INFO] [1790761131.972578254] [frozen_replay]: Critic loaded : mppi::critics::CostCritic
[INFO] [1790761131.973099238] [frozen_replay]: Optimizer reset
[INFO] [1790761131.976729220] [costmap]: Cleaning up
[INFO] [1790761131.978036598] [costmap]: Running Nav2 LifecycleNode rcl preshutdown (costmap)
[INFO] [1790761131.978072251] [costmap]: Destroying bond (costmap) to lifecycle manager.
[INFO] [1790761131.978247666] [costmap]: Destroying
score_eval_ms=2.14731
