[INFO] [1790761592.858617699] [costmap]: 
	costmap lifecycle node launched. 
	Waiting on external lifecycle transitions to activate
	See https://design.ros2.org/articles/node_lifecycle.html for more information.
[INFO] [1790761592.859058262] [costmap]: Creating Costmap
[INFO] [1790761592.859168328] [costmap]: Configuring
[INFO] [1790761592.860900748] [costmap]: Using plugin "obstacle_layer"
[INFO] [1790761592.862844194] [costmap]: Subscribed to Topics: scan
[INFO] [1790761592.863670158] [costmap]: Initialized plugin "obstacle_layer"
[INFO] [1790761592.863683656] [costmap]: Using plugin "inflation_layer"
[INFO] [1790761592.863821929] [costmap]: Initialized plugin "inflation_layer"
[INFO] [1790761592.867936227] [frozen_replay]: Controller period is equal to model dt. Control sequence shifting is ON
[INFO] [1790761592.868521663] [frozen_replay]: ConstraintCritic instantiated with 1 power and 4.000000 weight.
[INFO] [1790761592.868538154] [frozen_replay]: Critic loaded : mppi::critics::ConstraintCritic
[INFO] [1790761592.868607597] [frozen_replay]: InflationCostCritic instantiated with 1 power and 300.000000 / 0.015000 weights. Critic will collision check based on footprint cost.
[INFO] [1790761592.868616641] [frozen_replay]: Critic loaded : mppi::critics::CostCritic
[INFO] [1790761592.868649602] [frozen_replay]: GoalCritic instantiated with 1 power and 5.000000 weight.
[INFO] [1790761592.868654275] [frozen_replay]: Critic loaded : mppi::critics::GoalCritic
[INFO] [1790761592.868683575] [frozen_replay]: GoalAngleCritic instantiated with 1 power, 3.000000 weight, and 0.500000 angular threshold.
[INFO] [1790761592.868688968] [frozen_replay]: Critic loaded : mppi::critics::GoalAngleCritic
[INFO] [1790761592.868740442] [frozen_replay]: ReferenceTrajectoryCritic instantiated with 1 power and 10.000000 weight
[INFO] [1790761592.868745685] [frozen_replay]: Critic loaded : mppi::critics::PathAlignCritic
[INFO] [1790761592.869339819] [frozen_replay]: Optimizer reset
[INFO] [1790761592.873140086] [costmap]: Cleaning up
[INFO] [1790761592.874113226] [costmap]: Running Nav2 LifecycleNode rcl preshutdown (costmap)
[INFO] [1790761592.874134831] [costmap]: Destroying bond (costmap) to lifecycle manager.
[INFO] [1790761592.874272990] [costmap]: Destroying
score_eval_ms=2.45878
