[INFO] [1790761132.100867434] [costmap]: 
	costmap lifecycle node launched. 
	Waiting on external lifecycle transitions to activate
	See https://design.ros2.org/articles/node_lifecycle.html for more information.
[INFO] [1790761132.101278797] [costmap]: Creating Costmap
[INFO] [1790761132.101379849] [costmap]: Configuring
[INFO] [1790761132.102808107] [costmap]: Using plugin "obstacle_layer"
[INFO] [1790761132.104461858] [costmap]: Subscribed to Topics: scan
[INFO] [1790761132.105196476] [costmap]: Initialized plugin "obstacle_layer"
[INFO] [1790761132.105206954] [costmap]: Using plugin "inflation_layer"
[INFO] [1790761132.105345396] [costmap]: Initialized plugin "inflation_layer"
[INFO] [1790761132.109217692] [frozen_replay]: Controller period is equal to model dt. Control sequence shifting is ON
[INFO] [1790761132.109782697] [frozen_replay]: ConstraintCritic instantiated with 1 power and 4.000000 weight.
[INFO] [1790761132.109799424] [frozen_replay]: Critic loaded : mppi::critics::ConstraintCritic
[INFO] [1790761132.109865355] [frozen_replay]: InflationCostCritic instantiated with 1 power and 300.000000 / 0.015000 weights. Critic will collision check based on footprint cost.
[INFO] [1790761132.109874002] [frozen_replay]: Critic loaded : mppi::critics::CostCritic
[INFO] [1790761132.109905798] [frozen_replay]: GoalCritic instantiated with 1 power and 5.000000 weight.
[INFO] [1790761132.109910644] [frozen_replay]: Critic loaded : mppi::critics::GoalCritic
[INFO] [1790761132.110452211] [frozen_replay]: Optimizer reset
[INFO] [1790761132.114826919] [costmap]: Cleaning up
[INFO] [1790761132.115787722] [costmap]: Running Nav2 LifecycleNode rcl preshutdown (costmap)
[INFO] [1790761132.115808250] [costmap]: Destroying bond (costmap) to lifecycle manager.
[INFO] [1790761132.116030359] [costmap]: Destroying
score_eval_ms=2.46868
