[INFO] [1790761592.996840744] [costmap]: 
	costmap lifecycle node launched. 
	Waiting on external lifecycle transitions to activate
	See https://design.ros2.org/articles/node_lifecycle.html for more information.
[INFO] [1790761592.997251662] [costmap]: Creating Costmap
[INFO] [1790761592.997354263] [costmap]: Configuring
[INFO] [1790761592.998767751] [costmap]: Using plugin "obstacle_layer"
[INFO] [1790761593.000425330] [costmap]: Subscribed to Topics: scan
[INFO] [1790761593.001155204] [costmap]: Initialized plugin "obstacle_layer"
[INFO] [1790761593.001165886] [costmap]: Using plugin "inflation_layer"
[INFO] [1790761593.001303827] [costmap]: Initialized plugin "inflation_layer"
[INFO] [1790761593.005200442] [frozen_replay]: Controller period is equal to model dt. Control sequence shifting is ON
[INFO] [1790761593.005744879] [frozen_replay]: ConstraintCritic instantiated with 1 power and 4.000000 weight.
[INFO] [1790761593.005761975] [frozen_replay]: Critic loaded : mppi::critics::ConstraintCritic
[INFO] [1790761593.005826453] [frozen_replay]: InflationCostCritic instantiated with 1 power and 300.000000 / 0.015000 weights. Critic will collision check based on footprint cost.
[INFO] [1790761593.005834409] [frozen_replay]: Critic loaded : mppi::critics::CostCritic
[INFO] [1790761593.005867232] [frozen_replay]: GoalCritic instantiated with 1 power and 5.000000 weight.
[INFO] [1790761593.005872571] [frozen_replay]: Critic loaded : mppi::critics::GoalCritic
[INFO] [1790761593.005902395] [frozen_replay]: GoalAngleCritic instantiated with 1 power, 3.000000 weight, and 0.500000 angular threshold.
[INFO] [1790761593.005908074] [frozen_replay]: Critic loaded : mppi::critics::GoalAngleCritic
[INFO] [1790761593.005960182] [frozen_replay]: ReferenceTrajectoryCritic instantiated with 1 power and 10.000000 weight
[INFO] [1790761593.005965266] [frozen_replay]: Critic loaded : mppi::critics::PathAlignCritic
[INFO] [1790761593.006008353] [frozen_replay]: Critic loaded : mppi::critics::PathFollowCritic
[INFO] [1790761593.006545734] [frozen_replay]: Optimizer reset
[INFO] [1790761593.010431295] [costmap]: Cleaning up
[INFO] [1790761593.011910202] [costmap]: Running Nav2 LifecycleNode rcl preshutdown (costmap)
[INFO] [1790761593.011943347] [costmap]: Destroying bond (costmap) to lifecycle manager.
[INFO] [1790761593.012157617] [costmap]: Destroying
score_eval_ms=2.50532
