[INFO] [1790889339.021234082] [controller_server]: 
	controller_server lifecycle node launched. 
	Waiting on external lifecycle transitions to activate
	See https://design.ros2.org/articles/node_lifecycle.html for more information.
[INFO] [1790889339.025504258] [controller_server]: Creating controller server
[INFO] [1790889339.028393553] [local_costmap.local_costmap]: 
	local_costmap lifecycle node launched. 
	Waiting on external lifecycle transitions to activate
	See https://design.ros2.org/articles/node_lifecycle.html for more information.
[INFO] [1790889339.028980224] [local_costmap.local_costmap]: Creating Costmap
[INFO] [1790889339.082012935] [controller_server]: Configuring controller interface
[INFO] [1790889339.082086177] [controller_server]: getting goal checker plugins..
[INFO] [1790889339.082107926] [controller_server]: Controller frequency set to 10.0000Hz
[INFO] [1790889339.082126343] [local_costmap.local_costmap]: Configuring
[INFO] [1790889339.084713771] [local_costmap.local_costmap]: Using plugin "obstacle_layer"
[INFO] [1790889339.087655458] [local_costmap.local_costmap]: Subscribed to Topics: scan
[INFO] [1790889339.088933552] [local_costmap.local_costmap]: Initialized plugin "obstacle_layer"
[INFO] [1790889339.088957936] [local_costmap.local_costmap]: Using plugin "inflation_layer"
[INFO] [1790889339.089189564] [local_costmap.local_costmap]: Initialized plugin "inflation_layer"
[INFO] [1790889339.093559725] [controller_server]: Created progress_checker : progress_checker of type nav2_controller::SimpleProgressChecker
[INFO] [1790889339.093944012] [controller_server]: Created goal checker : general_goal_checker of type nav2_controller::SimpleGoalChecker
[INFO] [1790889339.094007207] [controller_server]: Controller Server has general_goal_checker  goal checkers available.
[INFO] [1790889339.094781613] [controller_server]: Created controller : FollowPath of type nav2_mppi_controller::MPPIController
[INFO] [1790889339.095078890] [controller_server]: Controller period is equal to model dt. Control sequence shifting is ON
[INFO] [1790889339.096133398] [controller_server]: ConstraintCritic instantiated with 1 power and 4.000000 weight.
[INFO] [1790889339.096158074] [controller_server]: Critic loaded : mppi::critics::ConstraintCritic
[INFO] [1790889339.096301413] [controller_server]: InflationCostCritic instantiated with 1 power and 300.000000 / 0.015000 weights. Critic will collision check based on footprint cost.
[INFO] [1790889339.096313242] [controller_server]: Critic loaded : mppi::critics::CostCritic
[INFO] [1790889339.096393890] [controller_server]: GoalCritic instantiated with 1 power and 5.000000 weight.
[INFO] [1790889339.096401444] [controller_server]: Critic loaded : mppi::critics::GoalCritic
[INFO] [1790889339.096461186] [controller_server]: GoalAngleCritic instantiated with 1 power, 3.000000 weight, and 0.500000 angular threshold.
[INFO] [1790889339.096469552] [controller_server]: Critic loaded : mppi::critics::GoalAngleCritic
[INFO] [1790889339.096594417] [controller_server]: ReferenceTrajectoryCritic instantiated with 1 power and 10.000000 weight
[INFO] [1790889339.096601584] [controller_server]: Critic loaded : mppi::critics::PathAlignCritic
[INFO] [1790889339.096677660] [controller_server]: Critic loaded : mppi::critics::PathFollowCritic
[INFO] [1790889339.096788607] [controller_server]: PathAngleCritic instantiated with 1 power and 2.000000 weight. Reversing allowed.
[INFO] [1790889339.096795705] [controller_server]: Critic loaded : mppi::critics::PathAngleCritic
[INFO] [1790889339.101109024] [controller_server]: Critic loaded : mppi::critics::DynamicObstacleCritic
[INFO] [1790889339.101527449] [controller_server]: Critic loaded : mppi::critics::StaticStoppingCritic
[INFO] [1790889339.101639386] [controller_server]: Critic loaded : mppi::critics::NativeCycleSnapshotCritic
[INFO] [1790889339.102569636] [controller_server]: Optimizer reset
[INFO] [1790889339.103127725] [MPPIController]: Configured MPPI Controller: FollowPath
[INFO] [1790889339.103144608] [controller_server]: Controller Server has FollowPath  controllers available.
[INFO] [1790889339.107294313] [rclcpp]: signal_handler(SIGINT/SIGTERM)
[INFO] [1790889339.107420317] [controller_server]: Running Nav2 LifecycleNode rcl preshutdown (controller_server)
[INFO] [1790889339.107494315] [controller_server]: Cleaning up
[INFO] [1790889339.107565608] [MPPIController]: Cleaned up MPPI Controller: FollowPath
[INFO] [1790889339.107700515] [local_costmap.local_costmap]: Cleaning up
[INFO] [1790889339.112159588] [controller_server]: Destroying bond (controller_server) to lifecycle manager.
