{
  "cases": [
    {
      "fault": "exception",
      "recovered_before_fault": true,
      "moving_before_fault": true,
      "command_count": 20,
      "degraded_seen": true,
      "stopped_at_end": true,
      "continuous_output": true
    },
    {
      "fault": "nan",
      "recovered_before_fault": true,
      "moving_before_fault": true,
      "command_count": 20,
      "degraded_seen": true,
      "stopped_at_end": true,
      "continuous_output": true
    },
    {
      "fault": "command_silent",
      "recovered_before_fault": true,
      "moving_before_fault": true,
      "command_count": 21,
      "degraded_seen": true,
      "stopped_at_end": true,
      "continuous_output": true
    },
    {
      "fault": "odom_silent",
      "recovered_before_fault": true,
      "moving_before_fault": true,
      "command_count": 20,
      "degraded_seen": true,
      "stopped_at_end": true,
      "continuous_output": true
    },
    {
      "fault": "prediction_silent",
      "recovered_before_fault": true,
      "moving_before_fault": true,
      "command_count": 20,
      "degraded_seen": true,
      "stopped_at_end": true,
      "continuous_output": true
    },
    {
      "fault": "incomplete",
      "recovered_before_fault": true,
      "moving_before_fault": true,
      "command_count": 20,
      "degraded_seen": true,
      "stopped_at_end": true,
      "continuous_output": true
    },
    {
      "fault": "future_odom",
      "recovered_before_fault": true,
      "moving_before_fault": true,
      "command_count": 20,
      "degraded_seen": true,
      "stopped_at_end": true,
      "continuous_output": true
    },
    {
      "fault": "nonplanar",
      "recovered_before_fault": true,
      "moving_before_fault": true,
      "command_count": 20,
      "degraded_seen": true,
      "stopped_at_end": true,
      "continuous_output": true
    }
  ],
  "command_count": 380,
  "max_command_gap_s": 0.052787009000894614,
  "max_observed_vx_change": 0.05000000000000002,
  "max_producer_start_interval_s": 0.051308729000000004,
  "max_producer_output_interval_s": 0.052733259000000005,
  "max_tick_to_output_s": 0.0034930949987028725,
  "max_tick_to_output_cpu_s": 0.00345741,
  "max_nominal_lateness_s": 0.001939303,
  "nominal_missed_slots": 0,
  "health_count": 380,
  "final_recovery": true,
  "all_pass": true,
  "scope": "Synthetic empty public predictions and held-velocity plant; engineering faults only, not physical safety"
}
