{
  "mode": "shadow",
  "stop_reason": "sim timeout",
  "goal_epoch_s": 10.002,
  "final_sim_s": 50.003,
  "wall_s": 53.808790791998035,
  "result": {
    "status": 5,
    "result": {
      "result": {}
    }
  },
  "mpc_requested": false,
  "counts": {
    "registration": 1,
    "/controller_selector": 1,
    "/cmd_vel": 1075,
    "/temporal_mpc/execution_health": 1075,
    "/tf_static": 2,
    "/simulation/chassis/cmd_vel": 1066,
    "/simulation/oracle/world": 2967,
    "/scan": 764,
    "/tf": 5040,
    "/odometry/lio": 2520,
    "/simulation/ground_truth/odom": 2520,
    "/simulation/oracle/rm_sentry_2027": 2520,
    "/simulation/oracle/moving_obstacle": 2520,
    "/simulation/moving_obstacle/target": 1008,
    "/map": 1,
    "/dynamic_obstacle_predictions": 759,
    "source_tf": 759,
    "ready": 1,
    "graph_publishers": 2,
    "/temporal_mpc/plan": 3,
    "/temporal_mpc/health": 999,
    "/temporal_mpc/state": 998,
    "/temporal_mpc/solver_diagnostic": 996,
    "/temporal_mpc/proposal": 996,
    "goal_sent": 1,
    "goal_accepted": 1,
    "/plan": 1,
    "/nav2/cmd_vel": 778,
    "/temporal_mpc/smoothed_cmd_vel": 784,
    "cancel": 1,
    "goal_result": 1
  },
  "physical_acceptance": false,
  "input_gate_pending": true
}
