{
  "stationary": {
    "scope": "Synthetic public observation and held-target model only; no plant, tracker, scheduling or physical certificate",
    "goal_reached": true,
    "final": [
      5.60185563483901,
      0.1887599850000958,
      0.0,
      -0.004730510301671986,
      -0.3302433091194489,
      0.0
    ],
    "steps": 336,
    "uncertified": {},
    "modes": {
      "shift": 102,
      "pass": 141,
      "route": 93
    }
  },
  "head_on": {
    "scope": "Synthetic public observation and held-target model only; no plant, tracker, scheduling or physical certificate",
    "goal_reached": true,
    "final": [
      5.618481125831104,
      0.1886609520303719,
      0.0,
      -0.0035080936655936456,
      -0.33014078783816003,
      0.0
    ],
    "steps": 300,
    "uncertified": {},
    "modes": {
      "shift": 102,
      "pass": 105,
      "route": 93
    }
  }
}
