{
  "checked_native_records": 326,
  "worker_input_joins": 326,
  "missing": {},
  "errors": [],
  "executed_dynamic_factorials": [],
  "shadow_dynamic_factorials": [
    {
      "evaluation_ns": 19774000000,
      "proposal_ns": 19724000000,
      "worker_source_ns": 19669000000,
      "native_source_ns": 19735000000,
      "measured_state_delta": [
        0.015511916474881371,
        0.00017508443932795492,
        -1.5965235212210207e-12,
        0.001401015778016823,
        0.00027195473726474365,
        -4.266406699498029e-12
      ],
      "recorded_native_constraint": "dynamic_clearance",
      "recorded_step": 13,
      "recorded_track_id": 1,
      "recorded_slack_m": -0.0004209295956449574,
      "cases": {
        "worker_state__worker_prediction": {
          "at_recorded_track_step_m": 0.01546037118552867,
          "hypothetical_full_min_m": 0.014962356385846191,
          "hypothetical_full_min_step": 14,
          "hypothetical_full_min_track": 1
        },
        "worker_state__native_prediction": {
          "at_recorded_track_step_m": 0.01599385323837369,
          "hypothetical_full_min_m": 0.01599385323837369,
          "hypothetical_full_min_step": 13,
          "hypothetical_full_min_track": 1
        },
        "native_state__worker_prediction": {
          "at_recorded_track_step_m": -0.0009596130466432776,
          "hypothetical_full_min_m": -0.0015092136617366261,
          "hypothetical_full_min_step": 14,
          "hypothetical_full_min_track": 1
        },
        "native_state__native_prediction": {
          "at_recorded_track_step_m": -0.00042092959564517946,
          "hypothetical_full_min_m": -0.00046473469657645067,
          "hypothetical_full_min_step": 14,
          "hypothetical_full_min_track": 1
        }
      },
      "worker_original_dynamic_min_m": 0.02604184397958586,
      "worker_constraint_min": 0.0,
      "executed": false
    },
    {
      "evaluation_ns": 19824000000,
      "proposal_ns": 19774000000,
      "worker_source_ns": 19735000000,
      "native_source_ns": 19735000000,
      "measured_state_delta": [
        0.023100269873078894,
        0.00021073225695170117,
        2.4564527258555928e-12,
        -0.02084382745208696,
        -0.004581077021127838,
        3.698291557707994e-10
      ],
      "recorded_native_constraint": "dynamic_clearance",
      "recorded_step": 9,
      "recorded_track_id": 1,
      "recorded_slack_m": -0.0025074380618534606,
      "cases": {
        "worker_state__worker_prediction": {
          "at_recorded_track_step_m": 0.011213109457987737,
          "hypothetical_full_min_m": -0.00046755369134873076,
          "hypothetical_full_min_step": 13,
          "hypothetical_full_min_track": 1
        },
        "worker_state__native_prediction": {
          "at_recorded_track_step_m": 0.011213109457987737,
          "hypothetical_full_min_m": -0.00046755369134873076,
          "hypothetical_full_min_step": 13,
          "hypothetical_full_min_track": 1
        },
        "native_state__worker_prediction": {
          "at_recorded_track_step_m": -0.0025074380618534606,
          "hypothetical_full_min_m": -0.010098285794439128,
          "hypothetical_full_min_step": 13,
          "hypothetical_full_min_track": 1
        },
        "native_state__native_prediction": {
          "at_recorded_track_step_m": -0.0025074380618534606,
          "hypothetical_full_min_m": -0.010098285794439128,
          "hypothetical_full_min_step": 13,
          "hypothetical_full_min_track": 1
        }
      },
      "worker_original_dynamic_min_m": 0.009779175929796081,
      "worker_constraint_min": 0.0,
      "executed": false
    },
    {
      "evaluation_ns": 19874000000,
      "proposal_ns": 19824000000,
      "worker_source_ns": 19735000000,
      "native_source_ns": 19801000000,
      "measured_state_delta": [
        0.013620182482585452,
        6.202677260702671e-13,
        9.300734134724115e-12,
        -0.03200022589404661,
        5.6119030846717204e-14,
        -1.2483619959155826e-10
      ],
      "recorded_native_constraint": "dynamic_clearance",
      "recorded_step": 9,
      "recorded_track_id": 1,
      "recorded_slack_m": -0.0003769358396062683,
      "cases": {
        "worker_state__worker_prediction": {
          "at_recorded_track_step_m": -0.002405887683314366,
          "hypothetical_full_min_m": -0.01074708332020587,
          "hypothetical_full_min_step": 13,
          "hypothetical_full_min_track": 1
        },
        "worker_state__native_prediction": {
          "at_recorded_track_step_m": -0.0011568550079766593,
          "hypothetical_full_min_m": -0.007893875545059794,
          "hypothetical_full_min_step": 12,
          "hypothetical_full_min_track": 1
        },
        "native_state__worker_prediction": {
          "at_recorded_track_step_m": -0.0016259685145500677,
          "hypothetical_full_min_m": -0.005070050398297853,
          "hypothetical_full_min_step": 12,
          "hypothetical_full_min_track": 1
        },
        "native_state__native_prediction": {
          "at_recorded_track_step_m": -0.0003769358396062683,
          "hypothetical_full_min_m": -0.0032476233523187348,
          "hypothetical_full_min_step": 11,
          "hypothetical_full_min_track": 1
        }
      },
      "worker_original_dynamic_min_m": 3.905908602445246e-05,
      "worker_constraint_min": 0.0,
      "executed": false
    },
    {
      "evaluation_ns": 19974000000,
      "proposal_ns": 19924000000,
      "worker_source_ns": 19867000000,
      "native_source_ns": 19933000000,
      "measured_state_delta": [
        0.009530183083000576,
        5.579148254497568e-13,
        2.3839636458607635e-12,
        -0.03020008780980632,
        1.043316757361393e-14,
        -3.412630353544048e-11
      ],
      "recorded_native_constraint": "dynamic_clearance",
      "recorded_step": 9,
      "recorded_track_id": 1,
      "recorded_slack_m": -0.0008088155248871312,
      "cases": {
        "worker_state__worker_prediction": {
          "at_recorded_track_step_m": -0.002149186321407613,
          "hypothetical_full_min_m": -0.003664609652767735,
          "hypothetical_full_min_step": 10,
          "hypothetical_full_min_track": 1
        },
        "worker_state__native_prediction": {
          "at_recorded_track_step_m": -0.004868270932400866,
          "hypothetical_full_min_m": -0.005894396431428452,
          "hypothetical_full_min_step": 10,
          "hypothetical_full_min_track": 1
        },
        "native_state__worker_prediction": {
          "at_recorded_track_step_m": 0.00191058055467528,
          "hypothetical_full_min_m": 0.0019017456567660199,
          "hypothetical_full_min_step": 10,
          "hypothetical_full_min_track": 1
        },
        "native_state__native_prediction": {
          "at_recorded_track_step_m": -0.0008088155248871312,
          "hypothetical_full_min_m": -0.0008088155248871312,
          "hypothetical_full_min_step": 9,
          "hypothetical_full_min_track": 1
        }
      },
      "worker_original_dynamic_min_m": 0.0016564700463508122,
      "worker_constraint_min": 0.0,
      "executed": false
    },
    {
      "evaluation_ns": 23224000000,
      "proposal_ns": 23174000000,
      "worker_source_ns": 23101000000,
      "native_source_ns": 23167000000,
      "measured_state_delta": [
        0.0,
        0.0,
        -2.958063140209836e-20,
        0.0,
        0.0,
        0.0
      ],
      "recorded_native_constraint": "dynamic_clearance",
      "recorded_step": 30,
      "recorded_track_id": 1,
      "recorded_slack_m": -0.0029728716881609676,
      "cases": {
        "worker_state__worker_prediction": {
          "at_recorded_track_step_m": 0.01402825333245843,
          "hypothetical_full_min_m": 0.012025601174250045,
          "hypothetical_full_min_step": 6,
          "hypothetical_full_min_track": 1
        },
        "worker_state__native_prediction": {
          "at_recorded_track_step_m": -0.0029728716881609676,
          "hypothetical_full_min_m": -0.0029728716881609676,
          "hypothetical_full_min_step": 30,
          "hypothetical_full_min_track": 1
        },
        "native_state__worker_prediction": {
          "at_recorded_track_step_m": 0.01402825333245843,
          "hypothetical_full_min_m": 0.012025601174250045,
          "hypothetical_full_min_step": 6,
          "hypothetical_full_min_track": 1
        },
        "native_state__native_prediction": {
          "at_recorded_track_step_m": -0.0029728716881609676,
          "hypothetical_full_min_m": -0.0029728716881609676,
          "hypothetical_full_min_step": 30,
          "hypothetical_full_min_track": 1
        }
      },
      "worker_original_dynamic_min_m": 0.015019867016158917,
      "worker_constraint_min": 0.0,
      "executed": false
    },
    {
      "evaluation_ns": 23275000000,
      "proposal_ns": 23224000000,
      "worker_source_ns": 23167000000,
      "native_source_ns": 23233000000,
      "measured_state_delta": [
        0.0,
        0.0,
        -2.958063140209836e-20,
        0.0,
        0.0,
        0.0
      ],
      "recorded_native_constraint": "dynamic_clearance",
      "recorded_step": 0,
      "recorded_track_id": 1,
      "recorded_slack_m": -0.0008679142374041042,
      "cases": {
        "worker_state__worker_prediction": {
          "at_recorded_track_step_m": 0.01313764192764032,
          "hypothetical_full_min_m": -0.013635703283776175,
          "hypothetical_full_min_step": 30,
          "hypothetical_full_min_track": 1
        },
        "worker_state__native_prediction": {
          "at_recorded_track_step_m": -0.0008679142374041042,
          "hypothetical_full_min_m": -0.04386884759648628,
          "hypothetical_full_min_step": 30,
          "hypothetical_full_min_track": 1
        },
        "native_state__worker_prediction": {
          "at_recorded_track_step_m": 0.01313764192764032,
          "hypothetical_full_min_m": -0.013635703283776175,
          "hypothetical_full_min_step": 30,
          "hypothetical_full_min_track": 1
        },
        "native_state__native_prediction": {
          "at_recorded_track_step_m": -0.0008679142374041042,
          "hypothetical_full_min_m": -0.04386884759648628,
          "hypothetical_full_min_step": 30,
          "hypothetical_full_min_track": 1
        }
      },
      "worker_original_dynamic_min_m": 0.012819768822744482,
      "worker_constraint_min": 0.0,
      "executed": false
    },
    {
      "evaluation_ns": 25275000000,
      "proposal_ns": 25225000000,
      "worker_source_ns": 25147000000,
      "native_source_ns": 25213000000,
      "measured_state_delta": [
        0.0,
        0.0,
        -2.958063140209836e-20,
        0.0,
        0.0,
        0.0
      ],
      "recorded_native_constraint": "dynamic_clearance",
      "recorded_step": 0,
      "recorded_track_id": 1,
      "recorded_slack_m": -0.00926342906819214,
      "cases": {
        "worker_state__worker_prediction": {
          "at_recorded_track_step_m": 0.010297151742395046,
          "hypothetical_full_min_m": 0.010297151742395046,
          "hypothetical_full_min_step": 0,
          "hypothetical_full_min_track": 1
        },
        "worker_state__native_prediction": {
          "at_recorded_track_step_m": -0.009263429068192362,
          "hypothetical_full_min_m": -0.009263429068192362,
          "hypothetical_full_min_step": 0,
          "hypothetical_full_min_track": 1
        },
        "native_state__worker_prediction": {
          "at_recorded_track_step_m": 0.010297151742395046,
          "hypothetical_full_min_m": 0.010297151742395046,
          "hypothetical_full_min_step": 0,
          "hypothetical_full_min_track": 1
        },
        "native_state__native_prediction": {
          "at_recorded_track_step_m": -0.009263429068192362,
          "hypothetical_full_min_m": -0.009263429068192362,
          "hypothetical_full_min_step": 0,
          "hypothetical_full_min_track": 1
        }
      },
      "worker_original_dynamic_min_m": 0.00317440858720492,
      "worker_constraint_min": 0.00317440858720492,
      "executed": false
    },
    {
      "evaluation_ns": 26725000000,
      "proposal_ns": 26675000000,
      "worker_source_ns": 26599000000,
      "native_source_ns": 26665000000,
      "measured_state_delta": [
        0.0,
        0.0,
        -1.6201476132541843e-20,
        0.0,
        0.0,
        0.0
      ],
      "recorded_native_constraint": "dynamic_clearance",
      "recorded_step": 25,
      "recorded_track_id": 1,
      "recorded_slack_m": -0.00011138603531007582,
      "cases": {
        "worker_state__worker_prediction": {
          "at_recorded_track_step_m": 0.003324859772600646,
          "hypothetical_full_min_m": 0.0025303750184096745,
          "hypothetical_full_min_step": 30,
          "hypothetical_full_min_track": 1
        },
        "worker_state__native_prediction": {
          "at_recorded_track_step_m": -0.00011138603531007582,
          "hypothetical_full_min_m": -0.0022808951293084544,
          "hypothetical_full_min_step": 30,
          "hypothetical_full_min_track": 1
        },
        "native_state__worker_prediction": {
          "at_recorded_track_step_m": 0.003324859772600646,
          "hypothetical_full_min_m": 0.0025303750184096745,
          "hypothetical_full_min_step": 30,
          "hypothetical_full_min_track": 1
        },
        "native_state__native_prediction": {
          "at_recorded_track_step_m": -0.00011138603531007582,
          "hypothetical_full_min_m": -0.0022808951293084544,
          "hypothetical_full_min_step": 30,
          "hypothetical_full_min_track": 1
        }
      },
      "worker_original_dynamic_min_m": 0.0026892711470226476,
      "worker_constraint_min": 0.0026892711470226476,
      "executed": false
    },
    {
      "evaluation_ns": 30875000000,
      "proposal_ns": 30825000000,
      "worker_source_ns": 30757000000,
      "native_source_ns": 30823000000,
      "measured_state_delta": [
        0.0,
        0.0,
        -1.4349166709442727e-20,
        0.0,
        0.0,
        0.0
      ],
      "recorded_native_constraint": "dynamic_clearance",
      "recorded_step": 0,
      "recorded_track_id": 1,
      "recorded_slack_m": -0.00041524659715514584,
      "cases": {
        "worker_state__worker_prediction": {
          "at_recorded_track_step_m": 0.008436943118134796,
          "hypothetical_full_min_m": 0.00788271601011846,
          "hypothetical_full_min_step": 1,
          "hypothetical_full_min_track": 1
        },
        "worker_state__native_prediction": {
          "at_recorded_track_step_m": -0.00041524659715514584,
          "hypothetical_full_min_m": -0.0018613809334963663,
          "hypothetical_full_min_step": 2,
          "hypothetical_full_min_track": 1
        },
        "native_state__worker_prediction": {
          "at_recorded_track_step_m": 0.008436943118134796,
          "hypothetical_full_min_m": 0.00788271601011846,
          "hypothetical_full_min_step": 1,
          "hypothetical_full_min_track": 1
        },
        "native_state__native_prediction": {
          "at_recorded_track_step_m": -0.00041524659715514584,
          "hypothetical_full_min_m": -0.0018613809334963663,
          "hypothetical_full_min_step": 2,
          "hypothetical_full_min_track": 1
        }
      },
      "worker_original_dynamic_min_m": 0.00915924179771109,
      "worker_constraint_min": 0.0,
      "executed": false
    },
    {
      "evaluation_ns": 34324000000,
      "proposal_ns": 34275000000,
      "worker_source_ns": 34123000000,
      "native_source_ns": 34255000000,
      "measured_state_delta": [
        0.002455999178074819,
        9.268313094165648e-05,
        7.648658054985185e-14,
        0.019800781046659735,
        -0.0016727926050431976,
        5.514782129472581e-12
      ],
      "recorded_native_constraint": "dynamic_clearance",
      "recorded_step": 0,
      "recorded_track_id": 1,
      "recorded_slack_m": -0.006438228165186688,
      "cases": {
        "worker_state__worker_prediction": {
          "at_recorded_track_step_m": 0.016747291502435625,
          "hypothetical_full_min_m": 0.016747291502435625,
          "hypothetical_full_min_step": 0,
          "hypothetical_full_min_track": 1
        },
        "worker_state__native_prediction": {
          "at_recorded_track_step_m": -0.004049803893288129,
          "hypothetical_full_min_m": -0.004049803893288129,
          "hypothetical_full_min_step": 0,
          "hypothetical_full_min_track": 1
        },
        "native_state__worker_prediction": {
          "at_recorded_track_step_m": 0.014371164406068483,
          "hypothetical_full_min_m": 0.014371164406068483,
          "hypothetical_full_min_step": 0,
          "hypothetical_full_min_track": 1
        },
        "native_state__native_prediction": {
          "at_recorded_track_step_m": -0.006438228165186688,
          "hypothetical_full_min_m": -0.006438228165186688,
          "hypothetical_full_min_step": 0,
          "hypothetical_full_min_track": 1
        }
      },
      "worker_original_dynamic_min_m": 0.01198053223206056,
      "worker_constraint_min": 0.0,
      "executed": false
    },
    {
      "evaluation_ns": 38723000000,
      "proposal_ns": 38673000000,
      "worker_source_ns": 38611000000,
      "native_source_ns": 38677000000,
      "measured_state_delta": [
        0.0,
        0.0,
        -1.3717226570846356e-20,
        0.0,
        0.0,
        0.0
      ],
      "recorded_native_constraint": "dynamic_clearance",
      "recorded_step": 0,
      "recorded_track_id": 1,
      "recorded_slack_m": -0.017653967616001045,
      "cases": {
        "worker_state__worker_prediction": {
          "at_recorded_track_step_m": 0.001178847641201075,
          "hypothetical_full_min_m": 0.001178847641201075,
          "hypothetical_full_min_step": 0,
          "hypothetical_full_min_track": 1
        },
        "worker_state__native_prediction": {
          "at_recorded_track_step_m": -0.017653967616001045,
          "hypothetical_full_min_m": -0.03396473918585688,
          "hypothetical_full_min_step": 30,
          "hypothetical_full_min_track": 1
        },
        "native_state__worker_prediction": {
          "at_recorded_track_step_m": 0.001178847641201075,
          "hypothetical_full_min_m": 0.001178847641201075,
          "hypothetical_full_min_step": 0,
          "hypothetical_full_min_track": 1
        },
        "native_state__native_prediction": {
          "at_recorded_track_step_m": -0.017653967616001045,
          "hypothetical_full_min_m": -0.03396473918585688,
          "hypothetical_full_min_step": 30,
          "hypothetical_full_min_track": 1
        }
      },
      "worker_original_dynamic_min_m": 0.0010195065970929895,
      "worker_constraint_min": 0.0010195065970929895,
      "executed": false
    },
    {
      "evaluation_ns": 46523000000,
      "proposal_ns": 46473000000,
      "worker_source_ns": 46399000000,
      "native_source_ns": 46465000000,
      "measured_state_delta": [
        0.0,
        0.0,
        -1.3347050322031805e-20,
        0.0,
        0.0,
        0.0
      ],
      "recorded_native_constraint": "dynamic_clearance",
      "recorded_step": 0,
      "recorded_track_id": 1,
      "recorded_slack_m": -0.0042182292526589185,
      "cases": {
        "worker_state__worker_prediction": {
          "at_recorded_track_step_m": 0.009817267746277166,
          "hypothetical_full_min_m": 0.009817267746277166,
          "hypothetical_full_min_step": 0,
          "hypothetical_full_min_track": 1
        },
        "worker_state__native_prediction": {
          "at_recorded_track_step_m": -0.0042182292526589185,
          "hypothetical_full_min_m": -0.0042182292526589185,
          "hypothetical_full_min_step": 0,
          "hypothetical_full_min_track": 1
        },
        "native_state__worker_prediction": {
          "at_recorded_track_step_m": 0.009817267746277166,
          "hypothetical_full_min_m": 0.009817267746277166,
          "hypothetical_full_min_step": 0,
          "hypothetical_full_min_track": 1
        },
        "native_state__native_prediction": {
          "at_recorded_track_step_m": -0.0042182292526589185,
          "hypothetical_full_min_m": -0.0042182292526589185,
          "hypothetical_full_min_step": 0,
          "hypothetical_full_min_track": 1
        }
      },
      "worker_original_dynamic_min_m": 0.0077897571810643905,
      "worker_constraint_min": 0.0,
      "executed": false
    }
  ],
  "native_dynamic_margins_checked": 12,
  "actual_native_margins_match": true,
  "worker_solver_s": {
    "count": 998,
    "p50": 0.0003554359936970286,
    "p95": 0.003739496647904161,
    "min": 0.0,
    "max": 0.005716077008401044
  },
  "worker_iterations_max": 400,
  "portfolio_choices": {},
  "portfolio_optimized_choices": {},
  "portfolio_attempts": {},
  "portfolio_max_attempts": 0,
  "portfolio_diagnostic_count": 0,
  "portfolio_feasible_count": 0,
  "accepted_portfolio_budget_gate": null,
  "scope": "Exact recorded input joins. Four dynamic-margin counterfactuals at one native epoch; no backdating stale predictions, no execution/physical certificate, no unique additive causal attribution.",
  "dynamic_acceptance": false
}
