{
  "checked_native_records": 326,
  "worker_input_joins": 326,
  "missing": {},
  "errors": [],
  "executed_dynamic_factorials": [],
  "actual_native_margins_match": true,
  "worker_solver_s": {
    "count": 998,
    "p50": 0.0003554359936970286,
    "p95": 0.003739496647904161,
    "min": 0.0,
    "max": 0.005716077008401044
  },
  "worker_iterations_max": 400,
  "portfolio_choices": {},
  "portfolio_attempts": {},
  "portfolio_max_attempts": 0,
  "portfolio_diagnostic_count": 0,
  "portfolio_feasible_count": 0,
  "accepted_portfolio_budget_gate": null,
  "scope": "Exact recorded input joins. Four dynamic-margin counterfactuals at one native epoch; no backdating stale predictions, no execution/physical certificate, no unique additive causal attribution.",
  "dynamic_acceptance": false
}
