[INFO] [1791081579.673281117] [planner_server]: 
	planner_server lifecycle node launched. 
	Waiting on external lifecycle transitions to activate
	See https://design.ros2.org/articles/node_lifecycle.html for more information.
[INFO] [1791081579.679172936] [planner_server]: Creating
[INFO] [1791081579.683656370] [global_costmap.global_costmap]: 
	global_costmap lifecycle node launched. 
	Waiting on external lifecycle transitions to activate
	See https://design.ros2.org/articles/node_lifecycle.html for more information.
[INFO] [1791081579.685882998] [global_costmap.global_costmap]: Creating Costmap
[INFO] [1791081579.913574282] [planner_server]: Configuring
[INFO] [1791081579.913614305] [global_costmap.global_costmap]: Configuring
[INFO] [1791081579.916676239] [global_costmap.global_costmap]: Using plugin "static_layer"
[INFO] [1791081579.919584342] [global_costmap.global_costmap]: Subscribing to the map topic (/map) with transient local durability
[INFO] [1791081579.920433262] [global_costmap.global_costmap]: Initialized plugin "static_layer"
[INFO] [1791081579.925963370] [planner_server]: Created global planner plugin GridBased of type nav2_navfn_planner/NavfnPlanner
[INFO] [1791081579.926006220] [planner_server]: Configuring plugin GridBased of type NavfnPlanner
[INFO] [1791081579.926278295] [planner_server]: Planner Server has GridBased  planners available.
[INFO] [1791081580.045875136] [global_costmap.global_costmap]: StaticLayer: Resizing costmap to 500 X 140 at 0.050000 m/pix
[INFO] [1791081581.110041817] [planner_server]: Activating
[INFO] [1791081581.110107969] [global_costmap.global_costmap]: Activating
[INFO] [1791081581.110123911] [global_costmap.global_costmap]: Checking transform
[INFO] [1791081581.110265388] [global_costmap.global_costmap]: start
[INFO] [1791081581.160412557] [planner_server]: Activating plugin GridBased of type NavfnPlanner
[INFO] [1791081581.161174756] [planner_server]: Creating bond (planner_server) to lifecycle manager.
