[INFO] [1791095980.565091282] [planner_server]: 
	planner_server lifecycle node launched. 
	Waiting on external lifecycle transitions to activate
	See https://design.ros2.org/articles/node_lifecycle.html for more information.
[INFO] [1791095980.569117629] [planner_server]: Creating
[INFO] [1791095980.573650351] [global_costmap.global_costmap]: 
	global_costmap lifecycle node launched. 
	Waiting on external lifecycle transitions to activate
	See https://design.ros2.org/articles/node_lifecycle.html for more information.
[INFO] [1791095980.574283099] [global_costmap.global_costmap]: Creating Costmap
[INFO] [1791095980.731308598] [planner_server]: Configuring
[INFO] [1791095980.731379634] [global_costmap.global_costmap]: Configuring
[INFO] [1791095980.737226020] [global_costmap.global_costmap]: Using plugin "static_layer"
[INFO] [1791095980.742630778] [global_costmap.global_costmap]: Subscribing to the map topic (/map) with transient local durability
[INFO] [1791095980.744137844] [global_costmap.global_costmap]: Initialized plugin "static_layer"
[INFO] [1791095980.744181075] [global_costmap.global_costmap]: Using plugin "inflation_layer"
[INFO] [1791095980.745110837] [global_costmap.global_costmap]: Initialized plugin "inflation_layer"
[INFO] [1791095980.755205204] [planner_server]: Created global planner plugin GridBased of type nav2_navfn_planner/NavfnPlanner
[INFO] [1791095980.755267232] [planner_server]: Configuring plugin GridBased of type NavfnPlanner
[INFO] [1791095980.755822700] [planner_server]: Planner Server has GridBased  planners available.
[INFO] [1791095980.937082233] [global_costmap.global_costmap]: StaticLayer: Resizing costmap to 500 X 140 at 0.050000 m/pix
[INFO] [1791095981.453823558] [planner_server]: Activating
[INFO] [1791095981.453912201] [global_costmap.global_costmap]: Activating
[INFO] [1791095981.453929723] [global_costmap.global_costmap]: Checking transform
[INFO] [1791095981.454118806] [global_costmap.global_costmap]: start
[INFO] [1791095981.504271518] [planner_server]: Activating plugin GridBased of type NavfnPlanner
[INFO] [1791095981.504883068] [planner_server]: Creating bond (planner_server) to lifecycle manager.
