Consolidate compiler generated dependencies of target temporal_mpc_controller
[ 50%] Building CXX object CMakeFiles/temporal_mpc_controller.dir/src/controller.cpp.o
[100%] Linking CXX shared library libtemporal_mpc_controller.so
[100%] Built target temporal_mpc_controller
-- Install configuration: "Release"
-- Up-to-date: /workspace/build/temporal_mpc_ros2/install/rm_temporal_mpc_controller/share/rm_temporal_mpc_controller/plugins.xml
-- Installing: /workspace/build/temporal_mpc_ros2/install/rm_temporal_mpc_controller/lib/libtemporal_mpc_controller.so
-- Set runtime path of "/workspace/build/temporal_mpc_ros2/install/rm_temporal_mpc_controller/lib/libtemporal_mpc_controller.so" to ""
-- Up-to-date: /workspace/build/temporal_mpc_ros2/install/rm_temporal_mpc_controller/share/ament_index/resource_index/package_run_dependencies/rm_temporal_mpc_controller
-- Up-to-date: /workspace/build/temporal_mpc_ros2/install/rm_temporal_mpc_controller/share/ament_index/resource_index/parent_prefix_path/rm_temporal_mpc_controller
-- Up-to-date: /workspace/build/temporal_mpc_ros2/install/rm_temporal_mpc_controller/share/rm_temporal_mpc_controller/environment/ament_prefix_path.sh
-- Up-to-date: /workspace/build/temporal_mpc_ros2/install/rm_temporal_mpc_controller/share/rm_temporal_mpc_controller/environment/ament_prefix_path.dsv
-- Up-to-date: /workspace/build/temporal_mpc_ros2/install/rm_temporal_mpc_controller/share/rm_temporal_mpc_controller/environment/path.sh
-- Up-to-date: /workspace/build/temporal_mpc_ros2/install/rm_temporal_mpc_controller/share/rm_temporal_mpc_controller/environment/path.dsv
-- Up-to-date: /workspace/build/temporal_mpc_ros2/install/rm_temporal_mpc_controller/share/rm_temporal_mpc_controller/local_setup.bash
-- Up-to-date: /workspace/build/temporal_mpc_ros2/install/rm_temporal_mpc_controller/share/rm_temporal_mpc_controller/local_setup.sh
-- Up-to-date: /workspace/build/temporal_mpc_ros2/install/rm_temporal_mpc_controller/share/rm_temporal_mpc_controller/local_setup.zsh
-- Up-to-date: /workspace/build/temporal_mpc_ros2/install/rm_temporal_mpc_controller/share/rm_temporal_mpc_controller/local_setup.dsv
-- Installing: /workspace/build/temporal_mpc_ros2/install/rm_temporal_mpc_controller/share/rm_temporal_mpc_controller/package.dsv
-- Up-to-date: /workspace/build/temporal_mpc_ros2/install/rm_temporal_mpc_controller/share/ament_index/resource_index/packages/rm_temporal_mpc_controller
-- Up-to-date: /workspace/build/temporal_mpc_ros2/install/rm_temporal_mpc_controller/share/ament_index/resource_index/nav2_core__pluginlib__plugin/rm_temporal_mpc_controller
-- Up-to-date: /workspace/build/temporal_mpc_ros2/install/rm_temporal_mpc_controller/share/rm_temporal_mpc_controller/cmake/rm_temporal_mpc_controllerConfig.cmake
-- Up-to-date: /workspace/build/temporal_mpc_ros2/install/rm_temporal_mpc_controller/share/rm_temporal_mpc_controller/cmake/rm_temporal_mpc_controllerConfig-version.cmake
-- Up-to-date: /workspace/build/temporal_mpc_ros2/install/rm_temporal_mpc_controller/share/rm_temporal_mpc_controller/package.xml
