[0.016s] Invoking command in '/workspace/build/temporal_mpc_ros2/build/rm_temporal_mpc_controller': AMENT_PREFIX_PATH=/workspace/build/temporal_mpc_ros2/install/rm_temporal_mpc_msgs:/workspace/build/temporal_mpc_ros2/install/rm_competition_interfaces:${AMENT_PREFIX_PATH} CMAKE_PREFIX_PATH=/workspace/build/temporal_mpc_ros2/install/rm_temporal_mpc_msgs:/workspace/build/temporal_mpc_ros2/install/rm_competition_interfaces:/opt/ros/humble LD_LIBRARY_PATH=/workspace/build/temporal_mpc_ros2/install/rm_temporal_mpc_msgs/lib:/workspace/build/temporal_mpc_ros2/install/rm_competition_interfaces/lib:${LD_LIBRARY_PATH} PYTHONPATH=/workspace/build/temporal_mpc_ros2/install/rm_temporal_mpc_msgs/local/lib/python3.10/dist-packages:/workspace/build/temporal_mpc_ros2/install/rm_competition_interfaces/local/lib/python3.10/dist-packages:${PYTHONPATH} /usr/bin/cmake --build /workspace/build/temporal_mpc_ros2/build/rm_temporal_mpc_controller -- -j32 -l32
[0.092s] Consolidate compiler generated dependencies of target temporal_mpc_controller
[0.122s] [ 50%] Building CXX object CMakeFiles/temporal_mpc_controller.dir/src/controller.cpp.o
[30.297s] [100%] Linking CXX shared library libtemporal_mpc_controller.so
[30.931s] [100%] Built target temporal_mpc_controller
[30.970s] Invoked command in '/workspace/build/temporal_mpc_ros2/build/rm_temporal_mpc_controller' returned '0': AMENT_PREFIX_PATH=/workspace/build/temporal_mpc_ros2/install/rm_temporal_mpc_msgs:/workspace/build/temporal_mpc_ros2/install/rm_competition_interfaces:${AMENT_PREFIX_PATH} CMAKE_PREFIX_PATH=/workspace/build/temporal_mpc_ros2/install/rm_temporal_mpc_msgs:/workspace/build/temporal_mpc_ros2/install/rm_competition_interfaces:/opt/ros/humble LD_LIBRARY_PATH=/workspace/build/temporal_mpc_ros2/install/rm_temporal_mpc_msgs/lib:/workspace/build/temporal_mpc_ros2/install/rm_competition_interfaces/lib:${LD_LIBRARY_PATH} PYTHONPATH=/workspace/build/temporal_mpc_ros2/install/rm_temporal_mpc_msgs/local/lib/python3.10/dist-packages:/workspace/build/temporal_mpc_ros2/install/rm_competition_interfaces/local/lib/python3.10/dist-packages:${PYTHONPATH} /usr/bin/cmake --build /workspace/build/temporal_mpc_ros2/build/rm_temporal_mpc_controller -- -j32 -l32
[30.973s] Invoking command in '/workspace/build/temporal_mpc_ros2/build/rm_temporal_mpc_controller': AMENT_PREFIX_PATH=/workspace/build/temporal_mpc_ros2/install/rm_temporal_mpc_msgs:/workspace/build/temporal_mpc_ros2/install/rm_competition_interfaces:${AMENT_PREFIX_PATH} CMAKE_PREFIX_PATH=/workspace/build/temporal_mpc_ros2/install/rm_temporal_mpc_msgs:/workspace/build/temporal_mpc_ros2/install/rm_competition_interfaces:/opt/ros/humble LD_LIBRARY_PATH=/workspace/build/temporal_mpc_ros2/install/rm_temporal_mpc_msgs/lib:/workspace/build/temporal_mpc_ros2/install/rm_competition_interfaces/lib:${LD_LIBRARY_PATH} PYTHONPATH=/workspace/build/temporal_mpc_ros2/install/rm_temporal_mpc_msgs/local/lib/python3.10/dist-packages:/workspace/build/temporal_mpc_ros2/install/rm_competition_interfaces/local/lib/python3.10/dist-packages:${PYTHONPATH} /usr/bin/cmake --install /workspace/build/temporal_mpc_ros2/build/rm_temporal_mpc_controller
[30.987s] -- Install configuration: "Release"
[30.987s] -- Up-to-date: /workspace/build/temporal_mpc_ros2/install/rm_temporal_mpc_controller/share/rm_temporal_mpc_controller/plugins.xml
[30.987s] -- Installing: /workspace/build/temporal_mpc_ros2/install/rm_temporal_mpc_controller/lib/libtemporal_mpc_controller.so
[30.995s] -- Set runtime path of "/workspace/build/temporal_mpc_ros2/install/rm_temporal_mpc_controller/lib/libtemporal_mpc_controller.so" to ""
[30.995s] -- Up-to-date: /workspace/build/temporal_mpc_ros2/install/rm_temporal_mpc_controller/share/ament_index/resource_index/package_run_dependencies/rm_temporal_mpc_controller
[30.996s] -- Up-to-date: /workspace/build/temporal_mpc_ros2/install/rm_temporal_mpc_controller/share/ament_index/resource_index/parent_prefix_path/rm_temporal_mpc_controller
[30.996s] -- Up-to-date: /workspace/build/temporal_mpc_ros2/install/rm_temporal_mpc_controller/share/rm_temporal_mpc_controller/environment/ament_prefix_path.sh
[30.996s] -- Up-to-date: /workspace/build/temporal_mpc_ros2/install/rm_temporal_mpc_controller/share/rm_temporal_mpc_controller/environment/ament_prefix_path.dsv
[30.996s] -- Up-to-date: /workspace/build/temporal_mpc_ros2/install/rm_temporal_mpc_controller/share/rm_temporal_mpc_controller/environment/path.sh
[30.996s] -- Up-to-date: /workspace/build/temporal_mpc_ros2/install/rm_temporal_mpc_controller/share/rm_temporal_mpc_controller/environment/path.dsv
[30.997s] -- Up-to-date: /workspace/build/temporal_mpc_ros2/install/rm_temporal_mpc_controller/share/rm_temporal_mpc_controller/local_setup.bash
[30.997s] -- Up-to-date: /workspace/build/temporal_mpc_ros2/install/rm_temporal_mpc_controller/share/rm_temporal_mpc_controller/local_setup.sh
[30.997s] -- Up-to-date: /workspace/build/temporal_mpc_ros2/install/rm_temporal_mpc_controller/share/rm_temporal_mpc_controller/local_setup.zsh
[30.997s] -- Up-to-date: /workspace/build/temporal_mpc_ros2/install/rm_temporal_mpc_controller/share/rm_temporal_mpc_controller/local_setup.dsv
[30.997s] -- Installing: /workspace/build/temporal_mpc_ros2/install/rm_temporal_mpc_controller/share/rm_temporal_mpc_controller/package.dsv
[30.997s] -- Up-to-date: /workspace/build/temporal_mpc_ros2/install/rm_temporal_mpc_controller/share/ament_index/resource_index/packages/rm_temporal_mpc_controller
[30.997s] -- Up-to-date: /workspace/build/temporal_mpc_ros2/install/rm_temporal_mpc_controller/share/ament_index/resource_index/nav2_core__pluginlib__plugin/rm_temporal_mpc_controller
[30.997s] -- Up-to-date: /workspace/build/temporal_mpc_ros2/install/rm_temporal_mpc_controller/share/rm_temporal_mpc_controller/cmake/rm_temporal_mpc_controllerConfig.cmake
[30.998s] -- Up-to-date: /workspace/build/temporal_mpc_ros2/install/rm_temporal_mpc_controller/share/rm_temporal_mpc_controller/cmake/rm_temporal_mpc_controllerConfig-version.cmake
[30.998s] -- Up-to-date: /workspace/build/temporal_mpc_ros2/install/rm_temporal_mpc_controller/share/rm_temporal_mpc_controller/package.xml
[31.000s] Invoked command in '/workspace/build/temporal_mpc_ros2/build/rm_temporal_mpc_controller' returned '0': AMENT_PREFIX_PATH=/workspace/build/temporal_mpc_ros2/install/rm_temporal_mpc_msgs:/workspace/build/temporal_mpc_ros2/install/rm_competition_interfaces:${AMENT_PREFIX_PATH} CMAKE_PREFIX_PATH=/workspace/build/temporal_mpc_ros2/install/rm_temporal_mpc_msgs:/workspace/build/temporal_mpc_ros2/install/rm_competition_interfaces:/opt/ros/humble LD_LIBRARY_PATH=/workspace/build/temporal_mpc_ros2/install/rm_temporal_mpc_msgs/lib:/workspace/build/temporal_mpc_ros2/install/rm_competition_interfaces/lib:${LD_LIBRARY_PATH} PYTHONPATH=/workspace/build/temporal_mpc_ros2/install/rm_temporal_mpc_msgs/local/lib/python3.10/dist-packages:/workspace/build/temporal_mpc_ros2/install/rm_competition_interfaces/local/lib/python3.10/dist-packages:${PYTHONPATH} /usr/bin/cmake --install /workspace/build/temporal_mpc_ros2/build/rm_temporal_mpc_controller
