[INFO] [launch]: All log files can be found below /home/rmnav/.ros/log/2026-10-04-04-58-58-787109-ce74d0da39aa-98
[INFO] [launch]: Default logging verbosity is set to INFO
[INFO] [ign gazebo-1]: process started with pid [237]
[INFO] [parameter_bridge-2]: process started with pid [239]
[INFO] [scan_frame_adapter-3]: process started with pid [242]
[INFO] [robot_state_publisher-4]: process started with pid [244]
[INFO] [lio_adapter-5]: process started with pid [246]
[INFO] [gimbal_state_adapter-6]: process started with pid [248]
[INFO] [imu_frame_adapter-7]: process started with pid [250]
[INFO] [static_transform_publisher-8]: process started with pid [252]
[INFO] [chassis_interface_stub-9]: process started with pid [254]
[imu_frame_adapter-7] [WARN] [1791089939.311323214] [imu_frame_adapter]: Phase 1 IMU frame adapter: /livox/lio_imu_raw -> /livox/lio_imu, output frame_id=lio_imu_link. This node only rewrites header.frame_id; it does not publish TF, filter IMU data, or modify measurements.
[static_transform_publisher-8] [INFO] [1791089939.311617280] [experiment_map_origin]: Spinning until stopped - publishing transform
[static_transform_publisher-8] translation: ('0.000000', '0.000000', '0.000000')
[static_transform_publisher-8] rotation: ('0.000000', '0.000000', '0.000000', '1.000000')
[static_transform_publisher-8] from 'map' to 'odom'
[gimbal_state_adapter-6] [WARN] [1791089939.318816555] [gimbal_state_adapter]: Phase 1 skeleton: publishing gimbal_yaw_joint on /joint_states. Real hardware must provide timestamped gimbal yaw before rotating-gimbal localization is accepted.
[chassis_interface_stub-9] [WARN] [1791089939.325186134] [chassis_interface_stub]: Phase 1 chassis stub only: no TF, no odom, no nav goals, no real serial.
[scan_frame_adapter-3] [WARN] [1791089939.331810550] [scan_frame_adapter]: Simulation-only scan adapter: /simulation/scan_raw -> /scan with frame_id=sim_lidar_link. No TF is published.
[lio_adapter-5] [WARN] [1791089939.336178240] [lio_adapter]: Canonical LIO adapter: adapting /simulation/ground_truth/odom to /odometry/lio through TF base_link->sensor with gimbal frame gimbal_yaw_link. raw_odom_parent_frame_mode=canonical_odom. twist_mode=passthrough. Real hardware still requires calibrated and timestamped gimbal yaw.
[robot_state_publisher-4] [INFO] [1791089939.336954328] [robot_state_publisher]: got segment base_imu_link
[robot_state_publisher-4] [INFO] [1791089939.337108926] [robot_state_publisher]: got segment base_link
[robot_state_publisher-4] [INFO] [1791089939.337132628] [robot_state_publisher]: got segment gimbal_yaw_link
[robot_state_publisher-4] [INFO] [1791089939.337149386] [robot_state_publisher]: got segment lio_imu_link
[robot_state_publisher-4] [INFO] [1791089939.337164741] [robot_state_publisher]: got segment mid360_left_frame
[robot_state_publisher-4] [INFO] [1791089939.337179432] [robot_state_publisher]: got segment mid360_right_frame
[robot_state_publisher-4] [INFO] [1791089939.337194123] [robot_state_publisher]: got segment sim_lidar_link
[parameter_bridge-2] Couldn't find a preferred IP via the getifaddrs() call; I'm assuming that your IP address is 127.0.0.1.  This should work for local processes, but will almost certainly not work if you have remote processes.Report to the disc-zmq development team to seek a fix.
[parameter_bridge-2] Couldn't find a preferred IP via the getifaddrs() call; I'm assuming that your IP address is 127.0.0.1.  This should work for local processes, but will almost certainly not work if you have remote processes.Report to the disc-zmq development team to seek a fix.
[parameter_bridge-2] Couldn't find a preferred IP via the getifaddrs() call; I'm assuming that your IP address is 127.0.0.1.  This should work for local processes, but will almost certainly not work if you have remote processes.Report to the disc-zmq development team to seek a fix.
[parameter_bridge-2] Couldn't find a preferred IP via the getifaddrs() call; I'm assuming that your IP address is 127.0.0.1.  This should work for local processes, but will almost certainly not work if you have remote processes.Report to the disc-zmq development team to seek a fix.
[ign gazebo-1] Couldn't find a preferred IP via the getifaddrs() call; I'm assuming that your IP address is 127.0.0.1.  This should work for local processes, but will almost certainly not work if you have remote processes.Report to the disc-zmq development team to seek a fix.
[ign gazebo-1] Couldn't find a preferred IP via the getifaddrs() call; I'm assuming that your IP address is 127.0.0.1.  This should work for local processes, but will almost certainly not work if you have remote processes.Report to the disc-zmq development team to seek a fix.
[ign gazebo-1] Couldn't find a preferred IP via the getifaddrs() call; I'm assuming that your IP address is 127.0.0.1.  This should work for local processes, but will almost certainly not work if you have remote processes.Report to the disc-zmq development team to seek a fix.
[ign gazebo-1] Couldn't find a preferred IP via the getifaddrs() call; I'm assuming that your IP address is 127.0.0.1.  This should work for local processes, but will almost certainly not work if you have remote processes.Report to the disc-zmq development team to seek a fix.
[parameter_bridge-2] [INFO] [1791089940.395409335] [simulation_bridge]: Creating GZ->ROS Bridge: [/clock (ignition.msgs.Clock) -> /clock (rosgraph_msgs/msg/Clock)] (Lazy 0)
[parameter_bridge-2] [INFO] [1791089940.397949749] [simulation_bridge]: Creating ROS->GZ Bridge: [/simulation/chassis/cmd_vel (geometry_msgs/msg/Twist) -> /model/rm_sentry_2027/cmd_vel (ignition.msgs.Twist)] (Lazy 0)
[parameter_bridge-2] [INFO] [1791089940.400363966] [simulation_bridge]: Creating GZ->ROS Bridge: [/model/rm_sentry_2027/odometry (ignition.msgs.Odometry) -> /simulation/ground_truth/odom (nav_msgs/msg/Odometry)] (Lazy 0)
[parameter_bridge-2] [INFO] [1791089940.402624474] [simulation_bridge]: Creating GZ->ROS Bridge: [/model/rm_sentry_2027/sim_lidar/scan (ignition.msgs.LaserScan) -> /simulation/scan_raw (sensor_msgs/msg/LaserScan)] (Lazy 0)
[parameter_bridge-2] [INFO] [1791089940.404950415] [simulation_bridge]: Creating ROS->GZ Bridge: [/simulation/moving_obstacle/target (std_msgs/msg/Float64) -> /simulation/moving_obstacle/gz_target (ignition.msgs.Double)] (Lazy 0)
[parameter_bridge-2] [INFO] [1791089940.406778561] [simulation_bridge]: Creating GZ->ROS Bridge: [/model/rm_sentry_2027/pose (ignition.msgs.Pose_V) -> /simulation/oracle/rm_sentry_2027 (tf2_msgs/msg/TFMessage)] (Lazy 0)
[parameter_bridge-2] [INFO] [1791089940.409590867] [simulation_bridge]: Creating GZ->ROS Bridge: [/model/moving_obstacle/pose (ignition.msgs.Pose_V) -> /simulation/oracle/moving_obstacle (tf2_msgs/msg/TFMessage)] (Lazy 0)
[parameter_bridge-2] [INFO] [1791089940.411026251] [simulation_bridge]: Creating GZ->ROS Bridge: [/world/phase1_omni/dynamic_pose/info (ignition.msgs.Pose_V) -> /simulation/oracle/world (tf2_msgs/msg/TFMessage)] (Lazy 0)
[parameter_bridge-2] [INFO] [1791089940.412111086] [simulation_bridge]: Creating GZ->ROS Bridge: [/simulation/oracle/contacts (ignition.msgs.Contacts) -> /simulation/oracle/contacts (ros_gz_interfaces/msg/Contacts)] (Lazy 0)
[parameter_bridge-2] [INFO] [1791089940.431956117] [simulation_bridge]: Passing message from ROS geometry_msgs/msg/Twist to Gazebo gz.msgs.Twist (showing msg only once per type)
[parameter_bridge-2] [INFO] [1791089940.443429199] [simulation_bridge]: Passing message from ROS std_msgs/msg/Float64 to Gazebo gz.msgs.Double (showing msg only once per type)
[scan_frame_adapter-3] [INFO] [1791089942.243805798] [scan_frame_adapter]: Gazebo raw scan frame_id is 'rm_sentry_2027/sim_lidar_link/phase1_planar_lidar'; canonical simulation frame is 'sim_lidar_link'.
