[  1%] Built target rm_competition_interfaces__rs
[  2%] Built target rm_competition_interfaces__cpp
[  4%] Built target ament_cmake_python_copy_rm_competition_interfaces
[ 13%] Built target rm_competition_interfaces__rosidl_generator_c
[ 25%] Built target rm_competition_interfaces__rosidl_typesupport_fastrtps_cpp
[ 36%] Built target rm_competition_interfaces__rosidl_typesupport_introspection_cpp
[ 47%] Built target rm_competition_interfaces__rosidl_typesupport_cpp
[ 59%] Built target rm_competition_interfaces__rosidl_typesupport_c
[ 70%] Built target rm_competition_interfaces__rosidl_typesupport_fastrtps_c
[ 81%] Built target rm_competition_interfaces__rosidl_typesupport_introspection_c
[ 81%] Built target rm_competition_interfaces
[ 82%] Built target rm_competition_interfaces__py
[ 93%] Built target rm_competition_interfaces__rosidl_generator_py
[ 95%] Built target rm_competition_interfaces__rosidl_typesupport_fastrtps_c__pyext
[ 97%] Built target rm_competition_interfaces__rosidl_typesupport_introspection_c__pyext
[100%] Built target rm_competition_interfaces__rosidl_typesupport_c__pyext
running egg_info
writing rm_competition_interfaces.egg-info/PKG-INFO
writing dependency_links to rm_competition_interfaces.egg-info/dependency_links.txt
writing top-level names to rm_competition_interfaces.egg-info/top_level.txt
reading manifest file 'rm_competition_interfaces.egg-info/SOURCES.txt'
writing manifest file 'rm_competition_interfaces.egg-info/SOURCES.txt'
[100%] Built target ament_cmake_python_build_rm_competition_interfaces_egg
-- Install configuration: "Release"
-- Up-to-date: /workspace/build/temporal_mpc_ros2/install/rm_competition_interfaces/share/ament_index/resource_index/rosidl_interfaces/rm_competition_interfaces
-- Up-to-date: /workspace/build/temporal_mpc_ros2/install/rm_competition_interfaces/include/rm_competition_interfaces/rm_competition_interfaces
-- Up-to-date: /workspace/build/temporal_mpc_ros2/install/rm_competition_interfaces/include/rm_competition_interfaces/rm_competition_interfaces/srv
-- Up-to-date: /workspace/build/temporal_mpc_ros2/install/rm_competition_interfaces/include/rm_competition_interfaces/rm_competition_interfaces/srv/set_mission_mode.h
-- Up-to-date: /workspace/build/temporal_mpc_ros2/install/rm_competition_interfaces/include/rm_competition_interfaces/rm_competition_interfaces/srv/detail
-- Up-to-date: /workspace/build/temporal_mpc_ros2/install/rm_competition_interfaces/include/rm_competition_interfaces/rm_competition_interfaces/srv/detail/set_mission_mode__functions.c
-- Up-to-date: /workspace/build/temporal_mpc_ros2/install/rm_competition_interfaces/include/rm_competition_interfaces/rm_competition_interfaces/srv/detail/set_mission_mode__functions.h
-- Up-to-date: /workspace/build/temporal_mpc_ros2/install/rm_competition_interfaces/include/rm_competition_interfaces/rm_competition_interfaces/srv/detail/set_mission_mode__type_support.h
-- Up-to-date: /workspace/build/temporal_mpc_ros2/install/rm_competition_interfaces/include/rm_competition_interfaces/rm_competition_interfaces/srv/detail/set_mission_mode__struct.h
-- Up-to-date: /workspace/build/temporal_mpc_ros2/install/rm_competition_interfaces/include/rm_competition_interfaces/rm_competition_interfaces/msg
-- Up-to-date: /workspace/build/temporal_mpc_ros2/install/rm_competition_interfaces/include/rm_competition_interfaces/rm_competition_interfaces/msg/mission_state.h
-- Up-to-date: /workspace/build/temporal_mpc_ros2/install/rm_competition_interfaces/include/rm_competition_interfaces/rm_competition_interfaces/msg/dynamic_obstacle_prediction.h
-- Up-to-date: /workspace/build/temporal_mpc_ros2/install/rm_competition_interfaces/include/rm_competition_interfaces/rm_competition_interfaces/msg/dynamic_obstacle_prediction_array.h
-- Up-to-date: /workspace/build/temporal_mpc_ros2/install/rm_competition_interfaces/include/rm_competition_interfaces/rm_competition_interfaces/msg/target_track.h
-- Up-to-date: /workspace/build/temporal_mpc_ros2/install/rm_competition_interfaces/include/rm_competition_interfaces/rm_competition_interfaces/msg/rosidl_generator_c__visibility_control.h
-- Up-to-date: /workspace/build/temporal_mpc_ros2/install/rm_competition_interfaces/include/rm_competition_interfaces/rm_competition_interfaces/msg/referee_state.h
-- Up-to-date: /workspace/build/temporal_mpc_ros2/install/rm_competition_interfaces/include/rm_competition_interfaces/rm_competition_interfaces/msg/system_readiness.h
-- Up-to-date: /workspace/build/temporal_mpc_ros2/install/rm_competition_interfaces/include/rm_competition_interfaces/rm_competition_interfaces/msg/detail
-- Up-to-date: /workspace/build/temporal_mpc_ros2/install/rm_competition_interfaces/include/rm_competition_interfaces/rm_competition_interfaces/msg/detail/chassis_mode__functions.h
-- Up-to-date: /workspace/build/temporal_mpc_ros2/install/rm_competition_interfaces/include/rm_competition_interfaces/rm_competition_interfaces/msg/detail/target_track__functions.h
-- Up-to-date: /workspace/build/temporal_mpc_ros2/install/rm_competition_interfaces/include/rm_competition_interfaces/rm_competition_interfaces/msg/detail/target_track__struct.h
-- Up-to-date: /workspace/build/temporal_mpc_ros2/install/rm_competition_interfaces/include/rm_competition_interfaces/rm_competition_interfaces/msg/detail/chassis_mode__type_support.h
-- Up-to-date: /workspace/build/temporal_mpc_ros2/install/rm_competition_interfaces/include/rm_competition_interfaces/rm_competition_interfaces/msg/detail/chassis_mode__struct.h
-- Up-to-date: /workspace/build/temporal_mpc_ros2/install/rm_competition_interfaces/include/rm_competition_interfaces/rm_competition_interfaces/msg/detail/referee_state__functions.h
-- Up-to-date: /workspace/build/temporal_mpc_ros2/install/rm_competition_interfaces/include/rm_competition_interfaces/rm_competition_interfaces/msg/detail/dynamic_obstacle_prediction__struct.h
-- Up-to-date: /workspace/build/temporal_mpc_ros2/install/rm_competition_interfaces/include/rm_competition_interfaces/rm_competition_interfaces/msg/detail/system_readiness__type_support.h
-- Up-to-date: /workspace/build/temporal_mpc_ros2/install/rm_competition_interfaces/include/rm_competition_interfaces/rm_competition_interfaces/msg/detail/dynamic_obstacle_prediction__type_support.h
-- Up-to-date: /workspace/build/temporal_mpc_ros2/install/rm_competition_interfaces/include/rm_competition_interfaces/rm_competition_interfaces/msg/detail/referee_state__type_support.h
-- Up-to-date: /workspace/build/temporal_mpc_ros2/install/rm_competition_interfaces/include/rm_competition_interfaces/rm_competition_interfaces/msg/detail/system_readiness__functions.c
-- Up-to-date: /workspace/build/temporal_mpc_ros2/install/rm_competition_interfaces/include/rm_competition_interfaces/rm_competition_interfaces/msg/detail/dynamic_obstacle_prediction_array__functions.c
-- Up-to-date: /workspace/build/temporal_mpc_ros2/install/rm_competition_interfaces/include/rm_competition_interfaces/rm_competition_interfaces/msg/detail/system_readiness__struct.h
-- Up-to-date: /workspace/build/temporal_mpc_ros2/install/rm_competition_interfaces/include/rm_competition_interfaces/rm_competition_interfaces/msg/detail/dynamic_obstacle_prediction_array__functions.h
-- Up-to-date: /workspace/build/temporal_mpc_ros2/install/rm_competition_interfaces/include/rm_competition_interfaces/rm_competition_interfaces/msg/detail/dynamic_obstacle_prediction_array__type_support.h
-- Up-to-date: /workspace/build/temporal_mpc_ros2/install/rm_competition_interfaces/include/rm_competition_interfaces/rm_competition_interfaces/msg/detail/dynamic_obstacle_prediction_array__struct.h
-- Up-to-date: /workspace/build/temporal_mpc_ros2/install/rm_competition_interfaces/include/rm_competition_interfaces/rm_competition_interfaces/msg/detail/mission_state__functions.h
-- Up-to-date: /workspace/build/temporal_mpc_ros2/install/rm_competition_interfaces/include/rm_competition_interfaces/rm_competition_interfaces/msg/detail/referee_state__functions.c
-- Up-to-date: /workspace/build/temporal_mpc_ros2/install/rm_competition_interfaces/include/rm_competition_interfaces/rm_competition_interfaces/msg/detail/system_readiness__functions.h
-- Up-to-date: /workspace/build/temporal_mpc_ros2/install/rm_competition_interfaces/include/rm_competition_interfaces/rm_competition_interfaces/msg/detail/referee_state__struct.h
-- Up-to-date: /workspace/build/temporal_mpc_ros2/install/rm_competition_interfaces/include/rm_competition_interfaces/rm_competition_interfaces/msg/detail/mission_state__type_support.h
-- Up-to-date: /workspace/build/temporal_mpc_ros2/install/rm_competition_interfaces/include/rm_competition_interfaces/rm_competition_interfaces/msg/detail/mission_state__struct.h
-- Up-to-date: /workspace/build/temporal_mpc_ros2/install/rm_competition_interfaces/include/rm_competition_interfaces/rm_competition_interfaces/msg/detail/chassis_mode__functions.c
-- Up-to-date: /workspace/build/temporal_mpc_ros2/install/rm_competition_interfaces/include/rm_competition_interfaces/rm_competition_interfaces/msg/detail/mission_state__functions.c
-- Up-to-date: /workspace/build/temporal_mpc_ros2/install/rm_competition_interfaces/include/rm_competition_interfaces/rm_competition_interfaces/msg/detail/target_track__functions.c
-- Up-to-date: /workspace/build/temporal_mpc_ros2/install/rm_competition_interfaces/include/rm_competition_interfaces/rm_competition_interfaces/msg/detail/dynamic_obstacle_prediction__functions.c
-- Up-to-date: /workspace/build/temporal_mpc_ros2/install/rm_competition_interfaces/include/rm_competition_interfaces/rm_competition_interfaces/msg/detail/dynamic_obstacle_prediction__functions.h
-- Up-to-date: /workspace/build/temporal_mpc_ros2/install/rm_competition_interfaces/include/rm_competition_interfaces/rm_competition_interfaces/msg/detail/target_track__type_support.h
-- Up-to-date: /workspace/build/temporal_mpc_ros2/install/rm_competition_interfaces/include/rm_competition_interfaces/rm_competition_interfaces/msg/chassis_mode.h
-- Up-to-date: /workspace/build/temporal_mpc_ros2/install/rm_competition_interfaces/share/rm_competition_interfaces/environment/library_path.sh
-- Up-to-date: /workspace/build/temporal_mpc_ros2/install/rm_competition_interfaces/share/rm_competition_interfaces/environment/library_path.dsv
-- Up-to-date: /workspace/build/temporal_mpc_ros2/install/rm_competition_interfaces/lib/librm_competition_interfaces__rosidl_generator_c.so
-- Up-to-date: /workspace/build/temporal_mpc_ros2/install/rm_competition_interfaces/include/rm_competition_interfaces/rm_competition_interfaces
-- Up-to-date: /workspace/build/temporal_mpc_ros2/install/rm_competition_interfaces/include/rm_competition_interfaces/rm_competition_interfaces/srv
-- Up-to-date: /workspace/build/temporal_mpc_ros2/install/rm_competition_interfaces/include/rm_competition_interfaces/rm_competition_interfaces/srv/detail
-- Up-to-date: /workspace/build/temporal_mpc_ros2/install/rm_competition_interfaces/include/rm_competition_interfaces/rm_competition_interfaces/srv/detail/set_mission_mode__rosidl_typesupport_fastrtps_c.h
-- Up-to-date: /workspace/build/temporal_mpc_ros2/install/rm_competition_interfaces/include/rm_competition_interfaces/rm_competition_interfaces/msg
-- Up-to-date: /workspace/build/temporal_mpc_ros2/install/rm_competition_interfaces/include/rm_competition_interfaces/rm_competition_interfaces/msg/detail
-- Up-to-date: /workspace/build/temporal_mpc_ros2/install/rm_competition_interfaces/include/rm_competition_interfaces/rm_competition_interfaces/msg/detail/dynamic_obstacle_prediction_array__rosidl_typesupport_fastrtps_c.h
-- Up-to-date: /workspace/build/temporal_mpc_ros2/install/rm_competition_interfaces/include/rm_competition_interfaces/rm_competition_interfaces/msg/detail/chassis_mode__rosidl_typesupport_fastrtps_c.h
-- Up-to-date: /workspace/build/temporal_mpc_ros2/install/rm_competition_interfaces/include/rm_competition_interfaces/rm_competition_interfaces/msg/detail/mission_state__rosidl_typesupport_fastrtps_c.h
-- Up-to-date: /workspace/build/temporal_mpc_ros2/install/rm_competition_interfaces/include/rm_competition_interfaces/rm_competition_interfaces/msg/detail/target_track__rosidl_typesupport_fastrtps_c.h
-- Up-to-date: /workspace/build/temporal_mpc_ros2/install/rm_competition_interfaces/include/rm_competition_interfaces/rm_competition_interfaces/msg/detail/system_readiness__rosidl_typesupport_fastrtps_c.h
-- Up-to-date: /workspace/build/temporal_mpc_ros2/install/rm_competition_interfaces/include/rm_competition_interfaces/rm_competition_interfaces/msg/detail/dynamic_obstacle_prediction__rosidl_typesupport_fastrtps_c.h
-- Up-to-date: /workspace/build/temporal_mpc_ros2/install/rm_competition_interfaces/include/rm_competition_interfaces/rm_competition_interfaces/msg/detail/referee_state__rosidl_typesupport_fastrtps_c.h
-- Up-to-date: /workspace/build/temporal_mpc_ros2/install/rm_competition_interfaces/include/rm_competition_interfaces/rm_competition_interfaces/msg/rosidl_typesupport_fastrtps_c__visibility_control.h
-- Up-to-date: /workspace/build/temporal_mpc_ros2/install/rm_competition_interfaces/lib/librm_competition_interfaces__rosidl_typesupport_fastrtps_c.so
-- Up-to-date: /workspace/build/temporal_mpc_ros2/install/rm_competition_interfaces/include/rm_competition_interfaces/rm_competition_interfaces
-- Up-to-date: /workspace/build/temporal_mpc_ros2/install/rm_competition_interfaces/include/rm_competition_interfaces/rm_competition_interfaces/srv
-- Up-to-date: /workspace/build/temporal_mpc_ros2/install/rm_competition_interfaces/include/rm_competition_interfaces/rm_competition_interfaces/srv/set_mission_mode.hpp
-- Up-to-date: /workspace/build/temporal_mpc_ros2/install/rm_competition_interfaces/include/rm_competition_interfaces/rm_competition_interfaces/srv/detail
-- Up-to-date: /workspace/build/temporal_mpc_ros2/install/rm_competition_interfaces/include/rm_competition_interfaces/rm_competition_interfaces/srv/detail/set_mission_mode__builder.hpp
-- Up-to-date: /workspace/build/temporal_mpc_ros2/install/rm_competition_interfaces/include/rm_competition_interfaces/rm_competition_interfaces/srv/detail/set_mission_mode__struct.hpp
-- Up-to-date: /workspace/build/temporal_mpc_ros2/install/rm_competition_interfaces/include/rm_competition_interfaces/rm_competition_interfaces/srv/detail/set_mission_mode__type_support.hpp
-- Up-to-date: /workspace/build/temporal_mpc_ros2/install/rm_competition_interfaces/include/rm_competition_interfaces/rm_competition_interfaces/srv/detail/set_mission_mode__traits.hpp
-- Up-to-date: /workspace/build/temporal_mpc_ros2/install/rm_competition_interfaces/include/rm_competition_interfaces/rm_competition_interfaces/msg
-- Up-to-date: /workspace/build/temporal_mpc_ros2/install/rm_competition_interfaces/include/rm_competition_interfaces/rm_competition_interfaces/msg/dynamic_obstacle_prediction_array.hpp
-- Up-to-date: /workspace/build/temporal_mpc_ros2/install/rm_competition_interfaces/include/rm_competition_interfaces/rm_competition_interfaces/msg/mission_state.hpp
-- Up-to-date: /workspace/build/temporal_mpc_ros2/install/rm_competition_interfaces/include/rm_competition_interfaces/rm_competition_interfaces/msg/referee_state.hpp
-- Up-to-date: /workspace/build/temporal_mpc_ros2/install/rm_competition_interfaces/include/rm_competition_interfaces/rm_competition_interfaces/msg/dynamic_obstacle_prediction.hpp
-- Up-to-date: /workspace/build/temporal_mpc_ros2/install/rm_competition_interfaces/include/rm_competition_interfaces/rm_competition_interfaces/msg/rosidl_generator_cpp__visibility_control.hpp
-- Up-to-date: /workspace/build/temporal_mpc_ros2/install/rm_competition_interfaces/include/rm_competition_interfaces/rm_competition_interfaces/msg/target_track.hpp
-- Up-to-date: /workspace/build/temporal_mpc_ros2/install/rm_competition_interfaces/include/rm_competition_interfaces/rm_competition_interfaces/msg/detail
-- Up-to-date: /workspace/build/temporal_mpc_ros2/install/rm_competition_interfaces/include/rm_competition_interfaces/rm_competition_interfaces/msg/detail/system_readiness__traits.hpp
-- Up-to-date: /workspace/build/temporal_mpc_ros2/install/rm_competition_interfaces/include/rm_competition_interfaces/rm_competition_interfaces/msg/detail/referee_state__traits.hpp
-- Up-to-date: /workspace/build/temporal_mpc_ros2/install/rm_competition_interfaces/include/rm_competition_interfaces/rm_competition_interfaces/msg/detail/chassis_mode__builder.hpp
-- Up-to-date: /workspace/build/temporal_mpc_ros2/install/rm_competition_interfaces/include/rm_competition_interfaces/rm_competition_interfaces/msg/detail/dynamic_obstacle_prediction__builder.hpp
-- Up-to-date: /workspace/build/temporal_mpc_ros2/install/rm_competition_interfaces/include/rm_competition_interfaces/rm_competition_interfaces/msg/detail/dynamic_obstacle_prediction_array__traits.hpp
-- Up-to-date: /workspace/build/temporal_mpc_ros2/install/rm_competition_interfaces/include/rm_competition_interfaces/rm_competition_interfaces/msg/detail/target_track__traits.hpp
-- Up-to-date: /workspace/build/temporal_mpc_ros2/install/rm_competition_interfaces/include/rm_competition_interfaces/rm_competition_interfaces/msg/detail/dynamic_obstacle_prediction__traits.hpp
-- Up-to-date: /workspace/build/temporal_mpc_ros2/install/rm_competition_interfaces/include/rm_competition_interfaces/rm_competition_interfaces/msg/detail/mission_state__type_support.hpp
-- Up-to-date: /workspace/build/temporal_mpc_ros2/install/rm_competition_interfaces/include/rm_competition_interfaces/rm_competition_interfaces/msg/detail/target_track__type_support.hpp
-- Up-to-date: /workspace/build/temporal_mpc_ros2/install/rm_competition_interfaces/include/rm_competition_interfaces/rm_competition_interfaces/msg/detail/dynamic_obstacle_prediction_array__type_support.hpp
-- Up-to-date: /workspace/build/temporal_mpc_ros2/install/rm_competition_interfaces/include/rm_competition_interfaces/rm_competition_interfaces/msg/detail/dynamic_obstacle_prediction_array__builder.hpp
-- Up-to-date: /workspace/build/temporal_mpc_ros2/install/rm_competition_interfaces/include/rm_competition_interfaces/rm_competition_interfaces/msg/detail/chassis_mode__struct.hpp
-- Up-to-date: /workspace/build/temporal_mpc_ros2/install/rm_competition_interfaces/include/rm_competition_interfaces/rm_competition_interfaces/msg/detail/dynamic_obstacle_prediction__struct.hpp
-- Up-to-date: /workspace/build/temporal_mpc_ros2/install/rm_competition_interfaces/include/rm_competition_interfaces/rm_competition_interfaces/msg/detail/dynamic_obstacle_prediction__type_support.hpp
-- Up-to-date: /workspace/build/temporal_mpc_ros2/install/rm_competition_interfaces/include/rm_competition_interfaces/rm_competition_interfaces/msg/detail/chassis_mode__traits.hpp
-- Up-to-date: /workspace/build/temporal_mpc_ros2/install/rm_competition_interfaces/include/rm_competition_interfaces/rm_competition_interfaces/msg/detail/mission_state__traits.hpp
-- Up-to-date: /workspace/build/temporal_mpc_ros2/install/rm_competition_interfaces/include/rm_competition_interfaces/rm_competition_interfaces/msg/detail/target_track__struct.hpp
-- Up-to-date: /workspace/build/temporal_mpc_ros2/install/rm_competition_interfaces/include/rm_competition_interfaces/rm_competition_interfaces/msg/detail/referee_state__struct.hpp
-- Up-to-date: /workspace/build/temporal_mpc_ros2/install/rm_competition_interfaces/include/rm_competition_interfaces/rm_competition_interfaces/msg/detail/mission_state__builder.hpp
-- Up-to-date: /workspace/build/temporal_mpc_ros2/install/rm_competition_interfaces/include/rm_competition_interfaces/rm_competition_interfaces/msg/detail/mission_state__struct.hpp
-- Up-to-date: /workspace/build/temporal_mpc_ros2/install/rm_competition_interfaces/include/rm_competition_interfaces/rm_competition_interfaces/msg/detail/system_readiness__builder.hpp
-- Up-to-date: /workspace/build/temporal_mpc_ros2/install/rm_competition_interfaces/include/rm_competition_interfaces/rm_competition_interfaces/msg/detail/referee_state__type_support.hpp
-- Up-to-date: /workspace/build/temporal_mpc_ros2/install/rm_competition_interfaces/include/rm_competition_interfaces/rm_competition_interfaces/msg/detail/system_readiness__struct.hpp
-- Up-to-date: /workspace/build/temporal_mpc_ros2/install/rm_competition_interfaces/include/rm_competition_interfaces/rm_competition_interfaces/msg/detail/system_readiness__type_support.hpp
-- Up-to-date: /workspace/build/temporal_mpc_ros2/install/rm_competition_interfaces/include/rm_competition_interfaces/rm_competition_interfaces/msg/detail/referee_state__builder.hpp
-- Up-to-date: /workspace/build/temporal_mpc_ros2/install/rm_competition_interfaces/include/rm_competition_interfaces/rm_competition_interfaces/msg/detail/target_track__builder.hpp
-- Up-to-date: /workspace/build/temporal_mpc_ros2/install/rm_competition_interfaces/include/rm_competition_interfaces/rm_competition_interfaces/msg/detail/dynamic_obstacle_prediction_array__struct.hpp
-- Up-to-date: /workspace/build/temporal_mpc_ros2/install/rm_competition_interfaces/include/rm_competition_interfaces/rm_competition_interfaces/msg/detail/chassis_mode__type_support.hpp
-- Up-to-date: /workspace/build/temporal_mpc_ros2/install/rm_competition_interfaces/include/rm_competition_interfaces/rm_competition_interfaces/msg/chassis_mode.hpp
-- Up-to-date: /workspace/build/temporal_mpc_ros2/install/rm_competition_interfaces/include/rm_competition_interfaces/rm_competition_interfaces/msg/system_readiness.hpp
-- Up-to-date: /workspace/build/temporal_mpc_ros2/install/rm_competition_interfaces/include/rm_competition_interfaces/rm_competition_interfaces
-- Up-to-date: /workspace/build/temporal_mpc_ros2/install/rm_competition_interfaces/include/rm_competition_interfaces/rm_competition_interfaces/srv
-- Up-to-date: /workspace/build/temporal_mpc_ros2/install/rm_competition_interfaces/include/rm_competition_interfaces/rm_competition_interfaces/srv/detail
-- Up-to-date: /workspace/build/temporal_mpc_ros2/install/rm_competition_interfaces/include/rm_competition_interfaces/rm_competition_interfaces/srv/detail/set_mission_mode__rosidl_typesupport_fastrtps_cpp.hpp
-- Up-to-date: /workspace/build/temporal_mpc_ros2/install/rm_competition_interfaces/include/rm_competition_interfaces/rm_competition_interfaces/srv/detail/dds_fastrtps
-- Up-to-date: /workspace/build/temporal_mpc_ros2/install/rm_competition_interfaces/include/rm_competition_interfaces/rm_competition_interfaces/msg
-- Up-to-date: /workspace/build/temporal_mpc_ros2/install/rm_competition_interfaces/include/rm_competition_interfaces/rm_competition_interfaces/msg/rosidl_typesupport_fastrtps_cpp__visibility_control.h
-- Up-to-date: /workspace/build/temporal_mpc_ros2/install/rm_competition_interfaces/include/rm_competition_interfaces/rm_competition_interfaces/msg/detail
-- Up-to-date: /workspace/build/temporal_mpc_ros2/install/rm_competition_interfaces/include/rm_competition_interfaces/rm_competition_interfaces/msg/detail/mission_state__rosidl_typesupport_fastrtps_cpp.hpp
-- Up-to-date: /workspace/build/temporal_mpc_ros2/install/rm_competition_interfaces/include/rm_competition_interfaces/rm_competition_interfaces/msg/detail/dynamic_obstacle_prediction_array__rosidl_typesupport_fastrtps_cpp.hpp
-- Up-to-date: /workspace/build/temporal_mpc_ros2/install/rm_competition_interfaces/include/rm_competition_interfaces/rm_competition_interfaces/msg/detail/referee_state__rosidl_typesupport_fastrtps_cpp.hpp
-- Up-to-date: /workspace/build/temporal_mpc_ros2/install/rm_competition_interfaces/include/rm_competition_interfaces/rm_competition_interfaces/msg/detail/target_track__rosidl_typesupport_fastrtps_cpp.hpp
-- Up-to-date: /workspace/build/temporal_mpc_ros2/install/rm_competition_interfaces/include/rm_competition_interfaces/rm_competition_interfaces/msg/detail/dynamic_obstacle_prediction__rosidl_typesupport_fastrtps_cpp.hpp
-- Up-to-date: /workspace/build/temporal_mpc_ros2/install/rm_competition_interfaces/include/rm_competition_interfaces/rm_competition_interfaces/msg/detail/system_readiness__rosidl_typesupport_fastrtps_cpp.hpp
-- Up-to-date: /workspace/build/temporal_mpc_ros2/install/rm_competition_interfaces/include/rm_competition_interfaces/rm_competition_interfaces/msg/detail/chassis_mode__rosidl_typesupport_fastrtps_cpp.hpp
-- Up-to-date: /workspace/build/temporal_mpc_ros2/install/rm_competition_interfaces/include/rm_competition_interfaces/rm_competition_interfaces/msg/detail/dds_fastrtps
-- Up-to-date: /workspace/build/temporal_mpc_ros2/install/rm_competition_interfaces/lib/librm_competition_interfaces__rosidl_typesupport_fastrtps_cpp.so
-- Up-to-date: /workspace/build/temporal_mpc_ros2/install/rm_competition_interfaces/include/rm_competition_interfaces/rm_competition_interfaces
-- Up-to-date: /workspace/build/temporal_mpc_ros2/install/rm_competition_interfaces/include/rm_competition_interfaces/rm_competition_interfaces/srv
-- Up-to-date: /workspace/build/temporal_mpc_ros2/install/rm_competition_interfaces/include/rm_competition_interfaces/rm_competition_interfaces/srv/detail
-- Up-to-date: /workspace/build/temporal_mpc_ros2/install/rm_competition_interfaces/include/rm_competition_interfaces/rm_competition_interfaces/srv/detail/set_mission_mode__type_support.c
-- Up-to-date: /workspace/build/temporal_mpc_ros2/install/rm_competition_interfaces/include/rm_competition_interfaces/rm_competition_interfaces/srv/detail/set_mission_mode__rosidl_typesupport_introspection_c.h
-- Up-to-date: /workspace/build/temporal_mpc_ros2/install/rm_competition_interfaces/include/rm_competition_interfaces/rm_competition_interfaces/msg
-- Up-to-date: /workspace/build/temporal_mpc_ros2/install/rm_competition_interfaces/include/rm_competition_interfaces/rm_competition_interfaces/msg/rosidl_typesupport_introspection_c__visibility_control.h
-- Up-to-date: /workspace/build/temporal_mpc_ros2/install/rm_competition_interfaces/include/rm_competition_interfaces/rm_competition_interfaces/msg/detail
-- Up-to-date: /workspace/build/temporal_mpc_ros2/install/rm_competition_interfaces/include/rm_competition_interfaces/rm_competition_interfaces/msg/detail/system_readiness__type_support.c
-- Up-to-date: /workspace/build/temporal_mpc_ros2/install/rm_competition_interfaces/include/rm_competition_interfaces/rm_competition_interfaces/msg/detail/dynamic_obstacle_prediction__rosidl_typesupport_introspection_c.h
-- Up-to-date: /workspace/build/temporal_mpc_ros2/install/rm_competition_interfaces/include/rm_competition_interfaces/rm_competition_interfaces/msg/detail/referee_state__type_support.c
-- Up-to-date: /workspace/build/temporal_mpc_ros2/install/rm_competition_interfaces/include/rm_competition_interfaces/rm_competition_interfaces/msg/detail/mission_state__rosidl_typesupport_introspection_c.h
-- Up-to-date: /workspace/build/temporal_mpc_ros2/install/rm_competition_interfaces/include/rm_competition_interfaces/rm_competition_interfaces/msg/detail/target_track__rosidl_typesupport_introspection_c.h
-- Up-to-date: /workspace/build/temporal_mpc_ros2/install/rm_competition_interfaces/include/rm_competition_interfaces/rm_competition_interfaces/msg/detail/dynamic_obstacle_prediction_array__type_support.c
-- Up-to-date: /workspace/build/temporal_mpc_ros2/install/rm_competition_interfaces/include/rm_competition_interfaces/rm_competition_interfaces/msg/detail/chassis_mode__type_support.c
-- Up-to-date: /workspace/build/temporal_mpc_ros2/install/rm_competition_interfaces/include/rm_competition_interfaces/rm_competition_interfaces/msg/detail/system_readiness__rosidl_typesupport_introspection_c.h
-- Up-to-date: /workspace/build/temporal_mpc_ros2/install/rm_competition_interfaces/include/rm_competition_interfaces/rm_competition_interfaces/msg/detail/referee_state__rosidl_typesupport_introspection_c.h
-- Up-to-date: /workspace/build/temporal_mpc_ros2/install/rm_competition_interfaces/include/rm_competition_interfaces/rm_competition_interfaces/msg/detail/mission_state__type_support.c
-- Up-to-date: /workspace/build/temporal_mpc_ros2/install/rm_competition_interfaces/include/rm_competition_interfaces/rm_competition_interfaces/msg/detail/chassis_mode__rosidl_typesupport_introspection_c.h
-- Up-to-date: /workspace/build/temporal_mpc_ros2/install/rm_competition_interfaces/include/rm_competition_interfaces/rm_competition_interfaces/msg/detail/dynamic_obstacle_prediction__type_support.c
-- Up-to-date: /workspace/build/temporal_mpc_ros2/install/rm_competition_interfaces/include/rm_competition_interfaces/rm_competition_interfaces/msg/detail/dynamic_obstacle_prediction_array__rosidl_typesupport_introspection_c.h
-- Up-to-date: /workspace/build/temporal_mpc_ros2/install/rm_competition_interfaces/include/rm_competition_interfaces/rm_competition_interfaces/msg/detail/target_track__type_support.c
-- Up-to-date: /workspace/build/temporal_mpc_ros2/install/rm_competition_interfaces/lib/librm_competition_interfaces__rosidl_typesupport_introspection_c.so
-- Up-to-date: /workspace/build/temporal_mpc_ros2/install/rm_competition_interfaces/lib/librm_competition_interfaces__rosidl_typesupport_c.so
-- Up-to-date: /workspace/build/temporal_mpc_ros2/install/rm_competition_interfaces/include/rm_competition_interfaces/rm_competition_interfaces
-- Up-to-date: /workspace/build/temporal_mpc_ros2/install/rm_competition_interfaces/include/rm_competition_interfaces/rm_competition_interfaces/srv
-- Up-to-date: /workspace/build/temporal_mpc_ros2/install/rm_competition_interfaces/include/rm_competition_interfaces/rm_competition_interfaces/srv/detail
-- Up-to-date: /workspace/build/temporal_mpc_ros2/install/rm_competition_interfaces/include/rm_competition_interfaces/rm_competition_interfaces/srv/detail/set_mission_mode__type_support.cpp
-- Up-to-date: /workspace/build/temporal_mpc_ros2/install/rm_competition_interfaces/include/rm_competition_interfaces/rm_competition_interfaces/srv/detail/set_mission_mode__rosidl_typesupport_introspection_cpp.hpp
-- Up-to-date: /workspace/build/temporal_mpc_ros2/install/rm_competition_interfaces/include/rm_competition_interfaces/rm_competition_interfaces/msg
-- Up-to-date: /workspace/build/temporal_mpc_ros2/install/rm_competition_interfaces/include/rm_competition_interfaces/rm_competition_interfaces/msg/detail
-- Up-to-date: /workspace/build/temporal_mpc_ros2/install/rm_competition_interfaces/include/rm_competition_interfaces/rm_competition_interfaces/msg/detail/dynamic_obstacle_prediction__type_support.cpp
-- Up-to-date: /workspace/build/temporal_mpc_ros2/install/rm_competition_interfaces/include/rm_competition_interfaces/rm_competition_interfaces/msg/detail/chassis_mode__type_support.cpp
-- Up-to-date: /workspace/build/temporal_mpc_ros2/install/rm_competition_interfaces/include/rm_competition_interfaces/rm_competition_interfaces/msg/detail/dynamic_obstacle_prediction_array__rosidl_typesupport_introspection_cpp.hpp
-- Up-to-date: /workspace/build/temporal_mpc_ros2/install/rm_competition_interfaces/include/rm_competition_interfaces/rm_competition_interfaces/msg/detail/system_readiness__type_support.cpp
-- Up-to-date: /workspace/build/temporal_mpc_ros2/install/rm_competition_interfaces/include/rm_competition_interfaces/rm_competition_interfaces/msg/detail/mission_state__type_support.cpp
-- Up-to-date: /workspace/build/temporal_mpc_ros2/install/rm_competition_interfaces/include/rm_competition_interfaces/rm_competition_interfaces/msg/detail/dynamic_obstacle_prediction__rosidl_typesupport_introspection_cpp.hpp
-- Up-to-date: /workspace/build/temporal_mpc_ros2/install/rm_competition_interfaces/include/rm_competition_interfaces/rm_competition_interfaces/msg/detail/dynamic_obstacle_prediction_array__type_support.cpp
-- Up-to-date: /workspace/build/temporal_mpc_ros2/install/rm_competition_interfaces/include/rm_competition_interfaces/rm_competition_interfaces/msg/detail/target_track__rosidl_typesupport_introspection_cpp.hpp
-- Up-to-date: /workspace/build/temporal_mpc_ros2/install/rm_competition_interfaces/include/rm_competition_interfaces/rm_competition_interfaces/msg/detail/system_readiness__rosidl_typesupport_introspection_cpp.hpp
-- Up-to-date: /workspace/build/temporal_mpc_ros2/install/rm_competition_interfaces/include/rm_competition_interfaces/rm_competition_interfaces/msg/detail/target_track__type_support.cpp
-- Up-to-date: /workspace/build/temporal_mpc_ros2/install/rm_competition_interfaces/include/rm_competition_interfaces/rm_competition_interfaces/msg/detail/chassis_mode__rosidl_typesupport_introspection_cpp.hpp
-- Up-to-date: /workspace/build/temporal_mpc_ros2/install/rm_competition_interfaces/include/rm_competition_interfaces/rm_competition_interfaces/msg/detail/mission_state__rosidl_typesupport_introspection_cpp.hpp
-- Up-to-date: /workspace/build/temporal_mpc_ros2/install/rm_competition_interfaces/include/rm_competition_interfaces/rm_competition_interfaces/msg/detail/referee_state__rosidl_typesupport_introspection_cpp.hpp
-- Up-to-date: /workspace/build/temporal_mpc_ros2/install/rm_competition_interfaces/include/rm_competition_interfaces/rm_competition_interfaces/msg/detail/referee_state__type_support.cpp
-- Up-to-date: /workspace/build/temporal_mpc_ros2/install/rm_competition_interfaces/lib/librm_competition_interfaces__rosidl_typesupport_introspection_cpp.so
-- Up-to-date: /workspace/build/temporal_mpc_ros2/install/rm_competition_interfaces/lib/librm_competition_interfaces__rosidl_typesupport_cpp.so
-- Up-to-date: /workspace/build/temporal_mpc_ros2/install/rm_competition_interfaces/share/rm_competition_interfaces/environment/pythonpath.sh
-- Up-to-date: /workspace/build/temporal_mpc_ros2/install/rm_competition_interfaces/share/rm_competition_interfaces/environment/pythonpath.dsv
-- Up-to-date: /workspace/build/temporal_mpc_ros2/install/rm_competition_interfaces/local/lib/python3.10/dist-packages/rm_competition_interfaces-0.1.0-py3.10.egg-info
-- Installing: /workspace/build/temporal_mpc_ros2/install/rm_competition_interfaces/local/lib/python3.10/dist-packages/rm_competition_interfaces-0.1.0-py3.10.egg-info/PKG-INFO
-- Installing: /workspace/build/temporal_mpc_ros2/install/rm_competition_interfaces/local/lib/python3.10/dist-packages/rm_competition_interfaces-0.1.0-py3.10.egg-info/SOURCES.txt
-- Installing: /workspace/build/temporal_mpc_ros2/install/rm_competition_interfaces/local/lib/python3.10/dist-packages/rm_competition_interfaces-0.1.0-py3.10.egg-info/top_level.txt
-- Installing: /workspace/build/temporal_mpc_ros2/install/rm_competition_interfaces/local/lib/python3.10/dist-packages/rm_competition_interfaces-0.1.0-py3.10.egg-info/dependency_links.txt
-- Up-to-date: /workspace/build/temporal_mpc_ros2/install/rm_competition_interfaces/local/lib/python3.10/dist-packages/rm_competition_interfaces
-- Up-to-date: /workspace/build/temporal_mpc_ros2/install/rm_competition_interfaces/local/lib/python3.10/dist-packages/rm_competition_interfaces/_rm_competition_interfaces_s.ep.rosidl_typesupport_fastrtps_c.c
-- Up-to-date: /workspace/build/temporal_mpc_ros2/install/rm_competition_interfaces/local/lib/python3.10/dist-packages/rm_competition_interfaces/srv
-- Up-to-date: /workspace/build/temporal_mpc_ros2/install/rm_competition_interfaces/local/lib/python3.10/dist-packages/rm_competition_interfaces/srv/_set_mission_mode_s.c
-- Up-to-date: /workspace/build/temporal_mpc_ros2/install/rm_competition_interfaces/local/lib/python3.10/dist-packages/rm_competition_interfaces/srv/_set_mission_mode.py
-- Up-to-date: /workspace/build/temporal_mpc_ros2/install/rm_competition_interfaces/local/lib/python3.10/dist-packages/rm_competition_interfaces/srv/__init__.py
-- Up-to-date: /workspace/build/temporal_mpc_ros2/install/rm_competition_interfaces/local/lib/python3.10/dist-packages/rm_competition_interfaces/_rm_competition_interfaces_s.ep.rosidl_typesupport_introspection_c.c
-- Up-to-date: /workspace/build/temporal_mpc_ros2/install/rm_competition_interfaces/local/lib/python3.10/dist-packages/rm_competition_interfaces/rm_competition_interfaces_s__rosidl_typesupport_introspection_c.cpython-310-x86_64-linux-gnu.so
-- Up-to-date: /workspace/build/temporal_mpc_ros2/install/rm_competition_interfaces/local/lib/python3.10/dist-packages/rm_competition_interfaces/__init__.py
-- Up-to-date: /workspace/build/temporal_mpc_ros2/install/rm_competition_interfaces/local/lib/python3.10/dist-packages/rm_competition_interfaces/librm_competition_interfaces__rosidl_generator_py.so
-- Up-to-date: /workspace/build/temporal_mpc_ros2/install/rm_competition_interfaces/local/lib/python3.10/dist-packages/rm_competition_interfaces/rm_competition_interfaces_s__rosidl_typesupport_fastrtps_c.cpython-310-x86_64-linux-gnu.so
-- Up-to-date: /workspace/build/temporal_mpc_ros2/install/rm_competition_interfaces/local/lib/python3.10/dist-packages/rm_competition_interfaces/rm_competition_interfaces_s__rosidl_typesupport_c.cpython-310-x86_64-linux-gnu.so
-- Up-to-date: /workspace/build/temporal_mpc_ros2/install/rm_competition_interfaces/local/lib/python3.10/dist-packages/rm_competition_interfaces/_rm_competition_interfaces_s.ep.rosidl_typesupport_c.c
-- Up-to-date: /workspace/build/temporal_mpc_ros2/install/rm_competition_interfaces/local/lib/python3.10/dist-packages/rm_competition_interfaces/msg
-- Up-to-date: /workspace/build/temporal_mpc_ros2/install/rm_competition_interfaces/local/lib/python3.10/dist-packages/rm_competition_interfaces/msg/_referee_state_s.c
-- Up-to-date: /workspace/build/temporal_mpc_ros2/install/rm_competition_interfaces/local/lib/python3.10/dist-packages/rm_competition_interfaces/msg/_mission_state_s.c
-- Up-to-date: /workspace/build/temporal_mpc_ros2/install/rm_competition_interfaces/local/lib/python3.10/dist-packages/rm_competition_interfaces/msg/_chassis_mode.py
-- Up-to-date: /workspace/build/temporal_mpc_ros2/install/rm_competition_interfaces/local/lib/python3.10/dist-packages/rm_competition_interfaces/msg/_dynamic_obstacle_prediction.py
-- Up-to-date: /workspace/build/temporal_mpc_ros2/install/rm_competition_interfaces/local/lib/python3.10/dist-packages/rm_competition_interfaces/msg/__init__.py
-- Up-to-date: /workspace/build/temporal_mpc_ros2/install/rm_competition_interfaces/local/lib/python3.10/dist-packages/rm_competition_interfaces/msg/_target_track_s.c
-- Up-to-date: /workspace/build/temporal_mpc_ros2/install/rm_competition_interfaces/local/lib/python3.10/dist-packages/rm_competition_interfaces/msg/_chassis_mode_s.c
-- Up-to-date: /workspace/build/temporal_mpc_ros2/install/rm_competition_interfaces/local/lib/python3.10/dist-packages/rm_competition_interfaces/msg/_dynamic_obstacle_prediction_array.py
-- Up-to-date: /workspace/build/temporal_mpc_ros2/install/rm_competition_interfaces/local/lib/python3.10/dist-packages/rm_competition_interfaces/msg/_mission_state.py
-- Up-to-date: /workspace/build/temporal_mpc_ros2/install/rm_competition_interfaces/local/lib/python3.10/dist-packages/rm_competition_interfaces/msg/_system_readiness_s.c
-- Up-to-date: /workspace/build/temporal_mpc_ros2/install/rm_competition_interfaces/local/lib/python3.10/dist-packages/rm_competition_interfaces/msg/_dynamic_obstacle_prediction_s.c
-- Up-to-date: /workspace/build/temporal_mpc_ros2/install/rm_competition_interfaces/local/lib/python3.10/dist-packages/rm_competition_interfaces/msg/_system_readiness.py
-- Up-to-date: /workspace/build/temporal_mpc_ros2/install/rm_competition_interfaces/local/lib/python3.10/dist-packages/rm_competition_interfaces/msg/_dynamic_obstacle_prediction_array_s.c
-- Up-to-date: /workspace/build/temporal_mpc_ros2/install/rm_competition_interfaces/local/lib/python3.10/dist-packages/rm_competition_interfaces/msg/_target_track.py
-- Up-to-date: /workspace/build/temporal_mpc_ros2/install/rm_competition_interfaces/local/lib/python3.10/dist-packages/rm_competition_interfaces/msg/_referee_state.py
Listing '/workspace/build/temporal_mpc_ros2/install/rm_competition_interfaces/local/lib/python3.10/dist-packages/rm_competition_interfaces'...
Listing '/workspace/build/temporal_mpc_ros2/install/rm_competition_interfaces/local/lib/python3.10/dist-packages/rm_competition_interfaces/msg'...
Listing '/workspace/build/temporal_mpc_ros2/install/rm_competition_interfaces/local/lib/python3.10/dist-packages/rm_competition_interfaces/srv'...
-- Up-to-date: /workspace/build/temporal_mpc_ros2/install/rm_competition_interfaces/local/lib/python3.10/dist-packages/rm_competition_interfaces/rm_competition_interfaces_s__rosidl_typesupport_fastrtps_c.cpython-310-x86_64-linux-gnu.so
-- Up-to-date: /workspace/build/temporal_mpc_ros2/install/rm_competition_interfaces/local/lib/python3.10/dist-packages/rm_competition_interfaces/rm_competition_interfaces_s__rosidl_typesupport_introspection_c.cpython-310-x86_64-linux-gnu.so
-- Up-to-date: /workspace/build/temporal_mpc_ros2/install/rm_competition_interfaces/local/lib/python3.10/dist-packages/rm_competition_interfaces/rm_competition_interfaces_s__rosidl_typesupport_c.cpython-310-x86_64-linux-gnu.so
-- Up-to-date: /workspace/build/temporal_mpc_ros2/install/rm_competition_interfaces/lib/librm_competition_interfaces__rosidl_generator_py.so
-- Up-to-date: /workspace/build/temporal_mpc_ros2/install/rm_competition_interfaces/share/ament_index/resource_index/rust_packages/rm_competition_interfaces
-- Up-to-date: /workspace/build/temporal_mpc_ros2/install/rm_competition_interfaces/share/rm_competition_interfaces/rust
-- Up-to-date: /workspace/build/temporal_mpc_ros2/install/rm_competition_interfaces/share/rm_competition_interfaces/rust/build.rs
-- Up-to-date: /workspace/build/temporal_mpc_ros2/install/rm_competition_interfaces/share/rm_competition_interfaces/rust/Cargo.toml
-- Up-to-date: /workspace/build/temporal_mpc_ros2/install/rm_competition_interfaces/share/rm_competition_interfaces/rust/src
-- Up-to-date: /workspace/build/temporal_mpc_ros2/install/rm_competition_interfaces/share/rm_competition_interfaces/rust/src/srv
-- Up-to-date: /workspace/build/temporal_mpc_ros2/install/rm_competition_interfaces/share/rm_competition_interfaces/rust/src/srv/rmw.rs
-- Up-to-date: /workspace/build/temporal_mpc_ros2/install/rm_competition_interfaces/share/rm_competition_interfaces/rust/src/lib.rs
-- Up-to-date: /workspace/build/temporal_mpc_ros2/install/rm_competition_interfaces/share/rm_competition_interfaces/rust/src/msg
-- Up-to-date: /workspace/build/temporal_mpc_ros2/install/rm_competition_interfaces/share/rm_competition_interfaces/rust/src/msg/rmw.rs
-- Up-to-date: /workspace/build/temporal_mpc_ros2/install/rm_competition_interfaces/share/rm_competition_interfaces/rust/src/msg.rs
-- Up-to-date: /workspace/build/temporal_mpc_ros2/install/rm_competition_interfaces/share/rm_competition_interfaces/rust/src/srv.rs
-- Up-to-date: /workspace/build/temporal_mpc_ros2/install/rm_competition_interfaces/share/rm_competition_interfaces/msg/DynamicObstaclePrediction.idl
-- Up-to-date: /workspace/build/temporal_mpc_ros2/install/rm_competition_interfaces/share/rm_competition_interfaces/msg/DynamicObstaclePredictionArray.idl
-- Up-to-date: /workspace/build/temporal_mpc_ros2/install/rm_competition_interfaces/share/rm_competition_interfaces/msg/ChassisMode.idl
-- Up-to-date: /workspace/build/temporal_mpc_ros2/install/rm_competition_interfaces/share/rm_competition_interfaces/msg/MissionState.idl
-- Up-to-date: /workspace/build/temporal_mpc_ros2/install/rm_competition_interfaces/share/rm_competition_interfaces/msg/RefereeState.idl
-- Up-to-date: /workspace/build/temporal_mpc_ros2/install/rm_competition_interfaces/share/rm_competition_interfaces/msg/SystemReadiness.idl
-- Up-to-date: /workspace/build/temporal_mpc_ros2/install/rm_competition_interfaces/share/rm_competition_interfaces/msg/TargetTrack.idl
-- Up-to-date: /workspace/build/temporal_mpc_ros2/install/rm_competition_interfaces/share/rm_competition_interfaces/srv/SetMissionMode.idl
-- Up-to-date: /workspace/build/temporal_mpc_ros2/install/rm_competition_interfaces/share/rm_competition_interfaces/msg/DynamicObstaclePrediction.msg
-- Up-to-date: /workspace/build/temporal_mpc_ros2/install/rm_competition_interfaces/share/rm_competition_interfaces/msg/DynamicObstaclePredictionArray.msg
-- Up-to-date: /workspace/build/temporal_mpc_ros2/install/rm_competition_interfaces/share/rm_competition_interfaces/msg/ChassisMode.msg
-- Up-to-date: /workspace/build/temporal_mpc_ros2/install/rm_competition_interfaces/share/rm_competition_interfaces/msg/MissionState.msg
-- Up-to-date: /workspace/build/temporal_mpc_ros2/install/rm_competition_interfaces/share/rm_competition_interfaces/msg/RefereeState.msg
-- Up-to-date: /workspace/build/temporal_mpc_ros2/install/rm_competition_interfaces/share/rm_competition_interfaces/msg/SystemReadiness.msg
-- Up-to-date: /workspace/build/temporal_mpc_ros2/install/rm_competition_interfaces/share/rm_competition_interfaces/msg/TargetTrack.msg
-- Up-to-date: /workspace/build/temporal_mpc_ros2/install/rm_competition_interfaces/share/rm_competition_interfaces/srv/SetMissionMode.srv
-- Up-to-date: /workspace/build/temporal_mpc_ros2/install/rm_competition_interfaces/share/rm_competition_interfaces/srv/SetMissionMode_Request.msg
-- Up-to-date: /workspace/build/temporal_mpc_ros2/install/rm_competition_interfaces/share/rm_competition_interfaces/srv/SetMissionMode_Response.msg
-- Up-to-date: /workspace/build/temporal_mpc_ros2/install/rm_competition_interfaces/share/ament_index/resource_index/package_run_dependencies/rm_competition_interfaces
-- Up-to-date: /workspace/build/temporal_mpc_ros2/install/rm_competition_interfaces/share/ament_index/resource_index/parent_prefix_path/rm_competition_interfaces
-- Up-to-date: /workspace/build/temporal_mpc_ros2/install/rm_competition_interfaces/share/rm_competition_interfaces/environment/ament_prefix_path.sh
-- Up-to-date: /workspace/build/temporal_mpc_ros2/install/rm_competition_interfaces/share/rm_competition_interfaces/environment/ament_prefix_path.dsv
-- Up-to-date: /workspace/build/temporal_mpc_ros2/install/rm_competition_interfaces/share/rm_competition_interfaces/environment/path.sh
-- Up-to-date: /workspace/build/temporal_mpc_ros2/install/rm_competition_interfaces/share/rm_competition_interfaces/environment/path.dsv
-- Up-to-date: /workspace/build/temporal_mpc_ros2/install/rm_competition_interfaces/share/rm_competition_interfaces/local_setup.bash
-- Up-to-date: /workspace/build/temporal_mpc_ros2/install/rm_competition_interfaces/share/rm_competition_interfaces/local_setup.sh
-- Up-to-date: /workspace/build/temporal_mpc_ros2/install/rm_competition_interfaces/share/rm_competition_interfaces/local_setup.zsh
-- Up-to-date: /workspace/build/temporal_mpc_ros2/install/rm_competition_interfaces/share/rm_competition_interfaces/local_setup.dsv
-- Installing: /workspace/build/temporal_mpc_ros2/install/rm_competition_interfaces/share/rm_competition_interfaces/package.dsv
-- Up-to-date: /workspace/build/temporal_mpc_ros2/install/rm_competition_interfaces/share/ament_index/resource_index/packages/rm_competition_interfaces
-- Up-to-date: /workspace/build/temporal_mpc_ros2/install/rm_competition_interfaces/share/rm_competition_interfaces/cmake/export_rm_competition_interfaces__rosidl_generator_cExport.cmake
-- Up-to-date: /workspace/build/temporal_mpc_ros2/install/rm_competition_interfaces/share/rm_competition_interfaces/cmake/export_rm_competition_interfaces__rosidl_generator_cExport-release.cmake
-- Up-to-date: /workspace/build/temporal_mpc_ros2/install/rm_competition_interfaces/share/rm_competition_interfaces/cmake/export_rm_competition_interfaces__rosidl_typesupport_fastrtps_cExport.cmake
-- Up-to-date: /workspace/build/temporal_mpc_ros2/install/rm_competition_interfaces/share/rm_competition_interfaces/cmake/export_rm_competition_interfaces__rosidl_typesupport_fastrtps_cExport-release.cmake
-- Up-to-date: /workspace/build/temporal_mpc_ros2/install/rm_competition_interfaces/share/rm_competition_interfaces/cmake/export_rm_competition_interfaces__rosidl_generator_cppExport.cmake
-- Up-to-date: /workspace/build/temporal_mpc_ros2/install/rm_competition_interfaces/share/rm_competition_interfaces/cmake/export_rm_competition_interfaces__rosidl_typesupport_fastrtps_cppExport.cmake
-- Up-to-date: /workspace/build/temporal_mpc_ros2/install/rm_competition_interfaces/share/rm_competition_interfaces/cmake/export_rm_competition_interfaces__rosidl_typesupport_fastrtps_cppExport-release.cmake
-- Up-to-date: /workspace/build/temporal_mpc_ros2/install/rm_competition_interfaces/share/rm_competition_interfaces/cmake/rm_competition_interfaces__rosidl_typesupport_introspection_cExport.cmake
-- Up-to-date: /workspace/build/temporal_mpc_ros2/install/rm_competition_interfaces/share/rm_competition_interfaces/cmake/rm_competition_interfaces__rosidl_typesupport_introspection_cExport-release.cmake
-- Up-to-date: /workspace/build/temporal_mpc_ros2/install/rm_competition_interfaces/share/rm_competition_interfaces/cmake/rm_competition_interfaces__rosidl_typesupport_cExport.cmake
-- Up-to-date: /workspace/build/temporal_mpc_ros2/install/rm_competition_interfaces/share/rm_competition_interfaces/cmake/rm_competition_interfaces__rosidl_typesupport_cExport-release.cmake
-- Up-to-date: /workspace/build/temporal_mpc_ros2/install/rm_competition_interfaces/share/rm_competition_interfaces/cmake/rm_competition_interfaces__rosidl_typesupport_introspection_cppExport.cmake
-- Up-to-date: /workspace/build/temporal_mpc_ros2/install/rm_competition_interfaces/share/rm_competition_interfaces/cmake/rm_competition_interfaces__rosidl_typesupport_introspection_cppExport-release.cmake
-- Up-to-date: /workspace/build/temporal_mpc_ros2/install/rm_competition_interfaces/share/rm_competition_interfaces/cmake/rm_competition_interfaces__rosidl_typesupport_cppExport.cmake
-- Up-to-date: /workspace/build/temporal_mpc_ros2/install/rm_competition_interfaces/share/rm_competition_interfaces/cmake/rm_competition_interfaces__rosidl_typesupport_cppExport-release.cmake
-- Up-to-date: /workspace/build/temporal_mpc_ros2/install/rm_competition_interfaces/share/rm_competition_interfaces/cmake/export_rm_competition_interfaces__rosidl_generator_pyExport.cmake
-- Up-to-date: /workspace/build/temporal_mpc_ros2/install/rm_competition_interfaces/share/rm_competition_interfaces/cmake/export_rm_competition_interfaces__rosidl_generator_pyExport-release.cmake
-- Up-to-date: /workspace/build/temporal_mpc_ros2/install/rm_competition_interfaces/share/rm_competition_interfaces/cmake/rosidl_cmake-extras.cmake
-- Up-to-date: /workspace/build/temporal_mpc_ros2/install/rm_competition_interfaces/share/rm_competition_interfaces/cmake/ament_cmake_export_dependencies-extras.cmake
-- Up-to-date: /workspace/build/temporal_mpc_ros2/install/rm_competition_interfaces/share/rm_competition_interfaces/cmake/ament_cmake_export_include_directories-extras.cmake
-- Up-to-date: /workspace/build/temporal_mpc_ros2/install/rm_competition_interfaces/share/rm_competition_interfaces/cmake/ament_cmake_export_libraries-extras.cmake
-- Up-to-date: /workspace/build/temporal_mpc_ros2/install/rm_competition_interfaces/share/rm_competition_interfaces/cmake/ament_cmake_export_targets-extras.cmake
-- Up-to-date: /workspace/build/temporal_mpc_ros2/install/rm_competition_interfaces/share/rm_competition_interfaces/cmake/rosidl_cmake_export_typesupport_targets-extras.cmake
-- Up-to-date: /workspace/build/temporal_mpc_ros2/install/rm_competition_interfaces/share/rm_competition_interfaces/cmake/rosidl_cmake_export_typesupport_libraries-extras.cmake
-- Up-to-date: /workspace/build/temporal_mpc_ros2/install/rm_competition_interfaces/share/rm_competition_interfaces/cmake/rm_competition_interfacesConfig.cmake
-- Up-to-date: /workspace/build/temporal_mpc_ros2/install/rm_competition_interfaces/share/rm_competition_interfaces/cmake/rm_competition_interfacesConfig-version.cmake
-- Up-to-date: /workspace/build/temporal_mpc_ros2/install/rm_competition_interfaces/share/rm_competition_interfaces/package.xml
