[0.013s] Invoking command in '/workspace/build/temporal_mpc_ros2/build/rm_competition_interfaces': CMAKE_PREFIX_PATH=/opt/ros/humble /usr/bin/cmake --build /workspace/build/temporal_mpc_ros2/build/rm_competition_interfaces -- -j32 -l32
[0.093s] [  1%] Built target rm_competition_interfaces__rs
[0.098s] [  2%] Built target rm_competition_interfaces__cpp
[0.111s] [  4%] Built target ament_cmake_python_copy_rm_competition_interfaces
[0.111s] [ 13%] Built target rm_competition_interfaces__rosidl_generator_c
[0.133s] [ 25%] Built target rm_competition_interfaces__rosidl_typesupport_fastrtps_cpp
[0.140s] [ 36%] Built target rm_competition_interfaces__rosidl_typesupport_introspection_cpp
[0.140s] [ 47%] Built target rm_competition_interfaces__rosidl_typesupport_cpp
[0.147s] [ 59%] Built target rm_competition_interfaces__rosidl_typesupport_c
[0.147s] [ 70%] Built target rm_competition_interfaces__rosidl_typesupport_fastrtps_c
[0.152s] [ 81%] Built target rm_competition_interfaces__rosidl_typesupport_introspection_c
[0.189s] [ 81%] Built target rm_competition_interfaces
[0.228s] [ 82%] Built target rm_competition_interfaces__py
[0.276s] [ 93%] Built target rm_competition_interfaces__rosidl_generator_py
[0.317s] [ 95%] Built target rm_competition_interfaces__rosidl_typesupport_fastrtps_c__pyext
[0.318s] [ 97%] Built target rm_competition_interfaces__rosidl_typesupport_introspection_c__pyext
[0.318s] [100%] Built target rm_competition_interfaces__rosidl_typesupport_c__pyext
[0.325s] running egg_info
[0.325s] writing rm_competition_interfaces.egg-info/PKG-INFO
[0.325s] writing dependency_links to rm_competition_interfaces.egg-info/dependency_links.txt
[0.326s] writing top-level names to rm_competition_interfaces.egg-info/top_level.txt
[0.328s] reading manifest file 'rm_competition_interfaces.egg-info/SOURCES.txt'
[0.329s] writing manifest file 'rm_competition_interfaces.egg-info/SOURCES.txt'
[0.362s] [100%] Built target ament_cmake_python_build_rm_competition_interfaces_egg
[0.383s] Invoked command in '/workspace/build/temporal_mpc_ros2/build/rm_competition_interfaces' returned '0': CMAKE_PREFIX_PATH=/opt/ros/humble /usr/bin/cmake --build /workspace/build/temporal_mpc_ros2/build/rm_competition_interfaces -- -j32 -l32
[0.396s] Invoking command in '/workspace/build/temporal_mpc_ros2/build/rm_competition_interfaces': CMAKE_PREFIX_PATH=/opt/ros/humble /usr/bin/cmake --install /workspace/build/temporal_mpc_ros2/build/rm_competition_interfaces
[0.412s] -- Install configuration: "Release"
[0.412s] -- Up-to-date: /workspace/build/temporal_mpc_ros2/install/rm_competition_interfaces/share/ament_index/resource_index/rosidl_interfaces/rm_competition_interfaces
[0.412s] -- Up-to-date: /workspace/build/temporal_mpc_ros2/install/rm_competition_interfaces/include/rm_competition_interfaces/rm_competition_interfaces
[0.412s] -- Up-to-date: /workspace/build/temporal_mpc_ros2/install/rm_competition_interfaces/include/rm_competition_interfaces/rm_competition_interfaces/srv
[0.412s] -- Up-to-date: /workspace/build/temporal_mpc_ros2/install/rm_competition_interfaces/include/rm_competition_interfaces/rm_competition_interfaces/srv/set_mission_mode.h
[0.412s] -- Up-to-date: /workspace/build/temporal_mpc_ros2/install/rm_competition_interfaces/include/rm_competition_interfaces/rm_competition_interfaces/srv/detail
[0.414s] -- Up-to-date: /workspace/build/temporal_mpc_ros2/install/rm_competition_interfaces/include/rm_competition_interfaces/rm_competition_interfaces/srv/detail/set_mission_mode__functions.c
[0.414s] -- Up-to-date: /workspace/build/temporal_mpc_ros2/install/rm_competition_interfaces/include/rm_competition_interfaces/rm_competition_interfaces/srv/detail/set_mission_mode__functions.h
[0.414s] -- Up-to-date: /workspace/build/temporal_mpc_ros2/install/rm_competition_interfaces/include/rm_competition_interfaces/rm_competition_interfaces/srv/detail/set_mission_mode__type_support.h
[0.414s] -- Up-to-date: /workspace/build/temporal_mpc_ros2/install/rm_competition_interfaces/include/rm_competition_interfaces/rm_competition_interfaces/srv/detail/set_mission_mode__struct.h
[0.416s] -- Up-to-date: /workspace/build/temporal_mpc_ros2/install/rm_competition_interfaces/include/rm_competition_interfaces/rm_competition_interfaces/msg
[0.416s] -- Up-to-date: /workspace/build/temporal_mpc_ros2/install/rm_competition_interfaces/include/rm_competition_interfaces/rm_competition_interfaces/msg/mission_state.h
[0.416s] -- Up-to-date: /workspace/build/temporal_mpc_ros2/install/rm_competition_interfaces/include/rm_competition_interfaces/rm_competition_interfaces/msg/dynamic_obstacle_prediction.h
[0.416s] -- Up-to-date: /workspace/build/temporal_mpc_ros2/install/rm_competition_interfaces/include/rm_competition_interfaces/rm_competition_interfaces/msg/dynamic_obstacle_prediction_array.h
[0.417s] -- Up-to-date: /workspace/build/temporal_mpc_ros2/install/rm_competition_interfaces/include/rm_competition_interfaces/rm_competition_interfaces/msg/target_track.h
[0.417s] -- Up-to-date: /workspace/build/temporal_mpc_ros2/install/rm_competition_interfaces/include/rm_competition_interfaces/rm_competition_interfaces/msg/rosidl_generator_c__visibility_control.h
[0.417s] -- Up-to-date: /workspace/build/temporal_mpc_ros2/install/rm_competition_interfaces/include/rm_competition_interfaces/rm_competition_interfaces/msg/referee_state.h
[0.418s] -- Up-to-date: /workspace/build/temporal_mpc_ros2/install/rm_competition_interfaces/include/rm_competition_interfaces/rm_competition_interfaces/msg/system_readiness.h
[0.418s] -- Up-to-date: /workspace/build/temporal_mpc_ros2/install/rm_competition_interfaces/include/rm_competition_interfaces/rm_competition_interfaces/msg/detail
[0.418s] -- Up-to-date: /workspace/build/temporal_mpc_ros2/install/rm_competition_interfaces/include/rm_competition_interfaces/rm_competition_interfaces/msg/detail/chassis_mode__functions.h
[0.418s] -- Up-to-date: /workspace/build/temporal_mpc_ros2/install/rm_competition_interfaces/include/rm_competition_interfaces/rm_competition_interfaces/msg/detail/target_track__functions.h
[0.419s] -- Up-to-date: /workspace/build/temporal_mpc_ros2/install/rm_competition_interfaces/include/rm_competition_interfaces/rm_competition_interfaces/msg/detail/target_track__struct.h
[0.419s] -- Up-to-date: /workspace/build/temporal_mpc_ros2/install/rm_competition_interfaces/include/rm_competition_interfaces/rm_competition_interfaces/msg/detail/chassis_mode__type_support.h
[0.419s] -- Up-to-date: /workspace/build/temporal_mpc_ros2/install/rm_competition_interfaces/include/rm_competition_interfaces/rm_competition_interfaces/msg/detail/chassis_mode__struct.h
[0.420s] -- Up-to-date: /workspace/build/temporal_mpc_ros2/install/rm_competition_interfaces/include/rm_competition_interfaces/rm_competition_interfaces/msg/detail/referee_state__functions.h
[0.420s] -- Up-to-date: /workspace/build/temporal_mpc_ros2/install/rm_competition_interfaces/include/rm_competition_interfaces/rm_competition_interfaces/msg/detail/dynamic_obstacle_prediction__struct.h
[0.420s] -- Up-to-date: /workspace/build/temporal_mpc_ros2/install/rm_competition_interfaces/include/rm_competition_interfaces/rm_competition_interfaces/msg/detail/system_readiness__type_support.h
[0.420s] -- Up-to-date: /workspace/build/temporal_mpc_ros2/install/rm_competition_interfaces/include/rm_competition_interfaces/rm_competition_interfaces/msg/detail/dynamic_obstacle_prediction__type_support.h
[0.420s] -- Up-to-date: /workspace/build/temporal_mpc_ros2/install/rm_competition_interfaces/include/rm_competition_interfaces/rm_competition_interfaces/msg/detail/referee_state__type_support.h
[0.420s] -- Up-to-date: /workspace/build/temporal_mpc_ros2/install/rm_competition_interfaces/include/rm_competition_interfaces/rm_competition_interfaces/msg/detail/system_readiness__functions.c
[0.420s] -- Up-to-date: /workspace/build/temporal_mpc_ros2/install/rm_competition_interfaces/include/rm_competition_interfaces/rm_competition_interfaces/msg/detail/dynamic_obstacle_prediction_array__functions.c
[0.420s] -- Up-to-date: /workspace/build/temporal_mpc_ros2/install/rm_competition_interfaces/include/rm_competition_interfaces/rm_competition_interfaces/msg/detail/system_readiness__struct.h
[0.420s] -- Up-to-date: /workspace/build/temporal_mpc_ros2/install/rm_competition_interfaces/include/rm_competition_interfaces/rm_competition_interfaces/msg/detail/dynamic_obstacle_prediction_array__functions.h
[0.420s] -- Up-to-date: /workspace/build/temporal_mpc_ros2/install/rm_competition_interfaces/include/rm_competition_interfaces/rm_competition_interfaces/msg/detail/dynamic_obstacle_prediction_array__type_support.h
[0.420s] -- Up-to-date: /workspace/build/temporal_mpc_ros2/install/rm_competition_interfaces/include/rm_competition_interfaces/rm_competition_interfaces/msg/detail/dynamic_obstacle_prediction_array__struct.h
[0.420s] -- Up-to-date: /workspace/build/temporal_mpc_ros2/install/rm_competition_interfaces/include/rm_competition_interfaces/rm_competition_interfaces/msg/detail/mission_state__functions.h
[0.420s] -- Up-to-date: /workspace/build/temporal_mpc_ros2/install/rm_competition_interfaces/include/rm_competition_interfaces/rm_competition_interfaces/msg/detail/referee_state__functions.c
[0.420s] -- Up-to-date: /workspace/build/temporal_mpc_ros2/install/rm_competition_interfaces/include/rm_competition_interfaces/rm_competition_interfaces/msg/detail/system_readiness__functions.h
[0.421s] -- Up-to-date: /workspace/build/temporal_mpc_ros2/install/rm_competition_interfaces/include/rm_competition_interfaces/rm_competition_interfaces/msg/detail/referee_state__struct.h
[0.421s] -- Up-to-date: /workspace/build/temporal_mpc_ros2/install/rm_competition_interfaces/include/rm_competition_interfaces/rm_competition_interfaces/msg/detail/mission_state__type_support.h
[0.421s] -- Up-to-date: /workspace/build/temporal_mpc_ros2/install/rm_competition_interfaces/include/rm_competition_interfaces/rm_competition_interfaces/msg/detail/mission_state__struct.h
[0.421s] -- Up-to-date: /workspace/build/temporal_mpc_ros2/install/rm_competition_interfaces/include/rm_competition_interfaces/rm_competition_interfaces/msg/detail/chassis_mode__functions.c
[0.421s] -- Up-to-date: /workspace/build/temporal_mpc_ros2/install/rm_competition_interfaces/include/rm_competition_interfaces/rm_competition_interfaces/msg/detail/mission_state__functions.c
[0.421s] -- Up-to-date: /workspace/build/temporal_mpc_ros2/install/rm_competition_interfaces/include/rm_competition_interfaces/rm_competition_interfaces/msg/detail/target_track__functions.c
[0.421s] -- Up-to-date: /workspace/build/temporal_mpc_ros2/install/rm_competition_interfaces/include/rm_competition_interfaces/rm_competition_interfaces/msg/detail/dynamic_obstacle_prediction__functions.c
[0.421s] -- Up-to-date: /workspace/build/temporal_mpc_ros2/install/rm_competition_interfaces/include/rm_competition_interfaces/rm_competition_interfaces/msg/detail/dynamic_obstacle_prediction__functions.h
[0.421s] -- Up-to-date: /workspace/build/temporal_mpc_ros2/install/rm_competition_interfaces/include/rm_competition_interfaces/rm_competition_interfaces/msg/detail/target_track__type_support.h
[0.421s] -- Up-to-date: /workspace/build/temporal_mpc_ros2/install/rm_competition_interfaces/include/rm_competition_interfaces/rm_competition_interfaces/msg/chassis_mode.h
[0.421s] -- Up-to-date: /workspace/build/temporal_mpc_ros2/install/rm_competition_interfaces/share/rm_competition_interfaces/environment/library_path.sh
[0.421s] -- Up-to-date: /workspace/build/temporal_mpc_ros2/install/rm_competition_interfaces/share/rm_competition_interfaces/environment/library_path.dsv
[0.421s] -- Up-to-date: /workspace/build/temporal_mpc_ros2/install/rm_competition_interfaces/lib/librm_competition_interfaces__rosidl_generator_c.so
[0.421s] -- Up-to-date: /workspace/build/temporal_mpc_ros2/install/rm_competition_interfaces/include/rm_competition_interfaces/rm_competition_interfaces
[0.421s] -- Up-to-date: /workspace/build/temporal_mpc_ros2/install/rm_competition_interfaces/include/rm_competition_interfaces/rm_competition_interfaces/srv
[0.422s] -- Up-to-date: /workspace/build/temporal_mpc_ros2/install/rm_competition_interfaces/include/rm_competition_interfaces/rm_competition_interfaces/srv/detail
[0.422s] -- Up-to-date: /workspace/build/temporal_mpc_ros2/install/rm_competition_interfaces/include/rm_competition_interfaces/rm_competition_interfaces/srv/detail/set_mission_mode__rosidl_typesupport_fastrtps_c.h
[0.422s] -- Up-to-date: /workspace/build/temporal_mpc_ros2/install/rm_competition_interfaces/include/rm_competition_interfaces/rm_competition_interfaces/msg
[0.422s] -- Up-to-date: /workspace/build/temporal_mpc_ros2/install/rm_competition_interfaces/include/rm_competition_interfaces/rm_competition_interfaces/msg/detail
[0.422s] -- Up-to-date: /workspace/build/temporal_mpc_ros2/install/rm_competition_interfaces/include/rm_competition_interfaces/rm_competition_interfaces/msg/detail/dynamic_obstacle_prediction_array__rosidl_typesupport_fastrtps_c.h
[0.422s] -- Up-to-date: /workspace/build/temporal_mpc_ros2/install/rm_competition_interfaces/include/rm_competition_interfaces/rm_competition_interfaces/msg/detail/chassis_mode__rosidl_typesupport_fastrtps_c.h
[0.422s] -- Up-to-date: /workspace/build/temporal_mpc_ros2/install/rm_competition_interfaces/include/rm_competition_interfaces/rm_competition_interfaces/msg/detail/mission_state__rosidl_typesupport_fastrtps_c.h
[0.422s] -- Up-to-date: /workspace/build/temporal_mpc_ros2/install/rm_competition_interfaces/include/rm_competition_interfaces/rm_competition_interfaces/msg/detail/target_track__rosidl_typesupport_fastrtps_c.h
[0.422s] -- Up-to-date: /workspace/build/temporal_mpc_ros2/install/rm_competition_interfaces/include/rm_competition_interfaces/rm_competition_interfaces/msg/detail/system_readiness__rosidl_typesupport_fastrtps_c.h
[0.422s] -- Up-to-date: /workspace/build/temporal_mpc_ros2/install/rm_competition_interfaces/include/rm_competition_interfaces/rm_competition_interfaces/msg/detail/dynamic_obstacle_prediction__rosidl_typesupport_fastrtps_c.h
[0.422s] -- Up-to-date: /workspace/build/temporal_mpc_ros2/install/rm_competition_interfaces/include/rm_competition_interfaces/rm_competition_interfaces/msg/detail/referee_state__rosidl_typesupport_fastrtps_c.h
[0.422s] -- Up-to-date: /workspace/build/temporal_mpc_ros2/install/rm_competition_interfaces/include/rm_competition_interfaces/rm_competition_interfaces/msg/rosidl_typesupport_fastrtps_c__visibility_control.h
[0.422s] -- Up-to-date: /workspace/build/temporal_mpc_ros2/install/rm_competition_interfaces/lib/librm_competition_interfaces__rosidl_typesupport_fastrtps_c.so
[0.422s] -- Up-to-date: /workspace/build/temporal_mpc_ros2/install/rm_competition_interfaces/include/rm_competition_interfaces/rm_competition_interfaces
[0.422s] -- Up-to-date: /workspace/build/temporal_mpc_ros2/install/rm_competition_interfaces/include/rm_competition_interfaces/rm_competition_interfaces/srv
[0.422s] -- Up-to-date: /workspace/build/temporal_mpc_ros2/install/rm_competition_interfaces/include/rm_competition_interfaces/rm_competition_interfaces/srv/set_mission_mode.hpp
[0.422s] -- Up-to-date: /workspace/build/temporal_mpc_ros2/install/rm_competition_interfaces/include/rm_competition_interfaces/rm_competition_interfaces/srv/detail
[0.422s] -- Up-to-date: /workspace/build/temporal_mpc_ros2/install/rm_competition_interfaces/include/rm_competition_interfaces/rm_competition_interfaces/srv/detail/set_mission_mode__builder.hpp
[0.422s] -- Up-to-date: /workspace/build/temporal_mpc_ros2/install/rm_competition_interfaces/include/rm_competition_interfaces/rm_competition_interfaces/srv/detail/set_mission_mode__struct.hpp
[0.423s] -- Up-to-date: /workspace/build/temporal_mpc_ros2/install/rm_competition_interfaces/include/rm_competition_interfaces/rm_competition_interfaces/srv/detail/set_mission_mode__type_support.hpp
[0.423s] -- Up-to-date: /workspace/build/temporal_mpc_ros2/install/rm_competition_interfaces/include/rm_competition_interfaces/rm_competition_interfaces/srv/detail/set_mission_mode__traits.hpp
[0.423s] -- Up-to-date: /workspace/build/temporal_mpc_ros2/install/rm_competition_interfaces/include/rm_competition_interfaces/rm_competition_interfaces/msg
[0.423s] -- Up-to-date: /workspace/build/temporal_mpc_ros2/install/rm_competition_interfaces/include/rm_competition_interfaces/rm_competition_interfaces/msg/dynamic_obstacle_prediction_array.hpp
[0.423s] -- Up-to-date: /workspace/build/temporal_mpc_ros2/install/rm_competition_interfaces/include/rm_competition_interfaces/rm_competition_interfaces/msg/mission_state.hpp
[0.423s] -- Up-to-date: /workspace/build/temporal_mpc_ros2/install/rm_competition_interfaces/include/rm_competition_interfaces/rm_competition_interfaces/msg/referee_state.hpp
[0.423s] -- Up-to-date: /workspace/build/temporal_mpc_ros2/install/rm_competition_interfaces/include/rm_competition_interfaces/rm_competition_interfaces/msg/dynamic_obstacle_prediction.hpp
[0.423s] -- Up-to-date: /workspace/build/temporal_mpc_ros2/install/rm_competition_interfaces/include/rm_competition_interfaces/rm_competition_interfaces/msg/rosidl_generator_cpp__visibility_control.hpp
[0.423s] -- Up-to-date: /workspace/build/temporal_mpc_ros2/install/rm_competition_interfaces/include/rm_competition_interfaces/rm_competition_interfaces/msg/target_track.hpp
[0.423s] -- Up-to-date: /workspace/build/temporal_mpc_ros2/install/rm_competition_interfaces/include/rm_competition_interfaces/rm_competition_interfaces/msg/detail
[0.423s] -- Up-to-date: /workspace/build/temporal_mpc_ros2/install/rm_competition_interfaces/include/rm_competition_interfaces/rm_competition_interfaces/msg/detail/system_readiness__traits.hpp
[0.423s] -- Up-to-date: /workspace/build/temporal_mpc_ros2/install/rm_competition_interfaces/include/rm_competition_interfaces/rm_competition_interfaces/msg/detail/referee_state__traits.hpp
[0.423s] -- Up-to-date: /workspace/build/temporal_mpc_ros2/install/rm_competition_interfaces/include/rm_competition_interfaces/rm_competition_interfaces/msg/detail/chassis_mode__builder.hpp
[0.423s] -- Up-to-date: /workspace/build/temporal_mpc_ros2/install/rm_competition_interfaces/include/rm_competition_interfaces/rm_competition_interfaces/msg/detail/dynamic_obstacle_prediction__builder.hpp
[0.424s] -- Up-to-date: /workspace/build/temporal_mpc_ros2/install/rm_competition_interfaces/include/rm_competition_interfaces/rm_competition_interfaces/msg/detail/dynamic_obstacle_prediction_array__traits.hpp
[0.424s] -- Up-to-date: /workspace/build/temporal_mpc_ros2/install/rm_competition_interfaces/include/rm_competition_interfaces/rm_competition_interfaces/msg/detail/target_track__traits.hpp
[0.424s] -- Up-to-date: /workspace/build/temporal_mpc_ros2/install/rm_competition_interfaces/include/rm_competition_interfaces/rm_competition_interfaces/msg/detail/dynamic_obstacle_prediction__traits.hpp
[0.424s] -- Up-to-date: /workspace/build/temporal_mpc_ros2/install/rm_competition_interfaces/include/rm_competition_interfaces/rm_competition_interfaces/msg/detail/mission_state__type_support.hpp
[0.424s] -- Up-to-date: /workspace/build/temporal_mpc_ros2/install/rm_competition_interfaces/include/rm_competition_interfaces/rm_competition_interfaces/msg/detail/target_track__type_support.hpp
[0.424s] -- Up-to-date: /workspace/build/temporal_mpc_ros2/install/rm_competition_interfaces/include/rm_competition_interfaces/rm_competition_interfaces/msg/detail/dynamic_obstacle_prediction_array__type_support.hpp
[0.424s] -- Up-to-date: /workspace/build/temporal_mpc_ros2/install/rm_competition_interfaces/include/rm_competition_interfaces/rm_competition_interfaces/msg/detail/dynamic_obstacle_prediction_array__builder.hpp
[0.424s] -- Up-to-date: /workspace/build/temporal_mpc_ros2/install/rm_competition_interfaces/include/rm_competition_interfaces/rm_competition_interfaces/msg/detail/chassis_mode__struct.hpp
[0.424s] -- Up-to-date: /workspace/build/temporal_mpc_ros2/install/rm_competition_interfaces/include/rm_competition_interfaces/rm_competition_interfaces/msg/detail/dynamic_obstacle_prediction__struct.hpp
[0.424s] -- Up-to-date: /workspace/build/temporal_mpc_ros2/install/rm_competition_interfaces/include/rm_competition_interfaces/rm_competition_interfaces/msg/detail/dynamic_obstacle_prediction__type_support.hpp
[0.424s] -- Up-to-date: /workspace/build/temporal_mpc_ros2/install/rm_competition_interfaces/include/rm_competition_interfaces/rm_competition_interfaces/msg/detail/chassis_mode__traits.hpp
[0.424s] -- Up-to-date: /workspace/build/temporal_mpc_ros2/install/rm_competition_interfaces/include/rm_competition_interfaces/rm_competition_interfaces/msg/detail/mission_state__traits.hpp
[0.424s] -- Up-to-date: /workspace/build/temporal_mpc_ros2/install/rm_competition_interfaces/include/rm_competition_interfaces/rm_competition_interfaces/msg/detail/target_track__struct.hpp
[0.424s] -- Up-to-date: /workspace/build/temporal_mpc_ros2/install/rm_competition_interfaces/include/rm_competition_interfaces/rm_competition_interfaces/msg/detail/referee_state__struct.hpp
[0.424s] -- Up-to-date: /workspace/build/temporal_mpc_ros2/install/rm_competition_interfaces/include/rm_competition_interfaces/rm_competition_interfaces/msg/detail/mission_state__builder.hpp
[0.424s] -- Up-to-date: /workspace/build/temporal_mpc_ros2/install/rm_competition_interfaces/include/rm_competition_interfaces/rm_competition_interfaces/msg/detail/mission_state__struct.hpp
[0.424s] -- Up-to-date: /workspace/build/temporal_mpc_ros2/install/rm_competition_interfaces/include/rm_competition_interfaces/rm_competition_interfaces/msg/detail/system_readiness__builder.hpp
[0.424s] -- Up-to-date: /workspace/build/temporal_mpc_ros2/install/rm_competition_interfaces/include/rm_competition_interfaces/rm_competition_interfaces/msg/detail/referee_state__type_support.hpp
[0.424s] -- Up-to-date: /workspace/build/temporal_mpc_ros2/install/rm_competition_interfaces/include/rm_competition_interfaces/rm_competition_interfaces/msg/detail/system_readiness__struct.hpp
[0.424s] -- Up-to-date: /workspace/build/temporal_mpc_ros2/install/rm_competition_interfaces/include/rm_competition_interfaces/rm_competition_interfaces/msg/detail/system_readiness__type_support.hpp
[0.424s] -- Up-to-date: /workspace/build/temporal_mpc_ros2/install/rm_competition_interfaces/include/rm_competition_interfaces/rm_competition_interfaces/msg/detail/referee_state__builder.hpp
[0.424s] -- Up-to-date: /workspace/build/temporal_mpc_ros2/install/rm_competition_interfaces/include/rm_competition_interfaces/rm_competition_interfaces/msg/detail/target_track__builder.hpp
[0.424s] -- Up-to-date: /workspace/build/temporal_mpc_ros2/install/rm_competition_interfaces/include/rm_competition_interfaces/rm_competition_interfaces/msg/detail/dynamic_obstacle_prediction_array__struct.hpp
[0.424s] -- Up-to-date: /workspace/build/temporal_mpc_ros2/install/rm_competition_interfaces/include/rm_competition_interfaces/rm_competition_interfaces/msg/detail/chassis_mode__type_support.hpp
[0.425s] -- Up-to-date: /workspace/build/temporal_mpc_ros2/install/rm_competition_interfaces/include/rm_competition_interfaces/rm_competition_interfaces/msg/chassis_mode.hpp
[0.425s] -- Up-to-date: /workspace/build/temporal_mpc_ros2/install/rm_competition_interfaces/include/rm_competition_interfaces/rm_competition_interfaces/msg/system_readiness.hpp
[0.425s] -- Up-to-date: /workspace/build/temporal_mpc_ros2/install/rm_competition_interfaces/include/rm_competition_interfaces/rm_competition_interfaces
[0.425s] -- Up-to-date: /workspace/build/temporal_mpc_ros2/install/rm_competition_interfaces/include/rm_competition_interfaces/rm_competition_interfaces/srv
[0.425s] -- Up-to-date: /workspace/build/temporal_mpc_ros2/install/rm_competition_interfaces/include/rm_competition_interfaces/rm_competition_interfaces/srv/detail
[0.425s] -- Up-to-date: /workspace/build/temporal_mpc_ros2/install/rm_competition_interfaces/include/rm_competition_interfaces/rm_competition_interfaces/srv/detail/set_mission_mode__rosidl_typesupport_fastrtps_cpp.hpp
[0.425s] -- Up-to-date: /workspace/build/temporal_mpc_ros2/install/rm_competition_interfaces/include/rm_competition_interfaces/rm_competition_interfaces/srv/detail/dds_fastrtps
[0.425s] -- Up-to-date: /workspace/build/temporal_mpc_ros2/install/rm_competition_interfaces/include/rm_competition_interfaces/rm_competition_interfaces/msg
[0.425s] -- Up-to-date: /workspace/build/temporal_mpc_ros2/install/rm_competition_interfaces/include/rm_competition_interfaces/rm_competition_interfaces/msg/rosidl_typesupport_fastrtps_cpp__visibility_control.h
[0.425s] -- Up-to-date: /workspace/build/temporal_mpc_ros2/install/rm_competition_interfaces/include/rm_competition_interfaces/rm_competition_interfaces/msg/detail
[0.425s] -- Up-to-date: /workspace/build/temporal_mpc_ros2/install/rm_competition_interfaces/include/rm_competition_interfaces/rm_competition_interfaces/msg/detail/mission_state__rosidl_typesupport_fastrtps_cpp.hpp
[0.425s] -- Up-to-date: /workspace/build/temporal_mpc_ros2/install/rm_competition_interfaces/include/rm_competition_interfaces/rm_competition_interfaces/msg/detail/dynamic_obstacle_prediction_array__rosidl_typesupport_fastrtps_cpp.hpp
[0.425s] -- Up-to-date: /workspace/build/temporal_mpc_ros2/install/rm_competition_interfaces/include/rm_competition_interfaces/rm_competition_interfaces/msg/detail/referee_state__rosidl_typesupport_fastrtps_cpp.hpp
[0.425s] -- Up-to-date: /workspace/build/temporal_mpc_ros2/install/rm_competition_interfaces/include/rm_competition_interfaces/rm_competition_interfaces/msg/detail/target_track__rosidl_typesupport_fastrtps_cpp.hpp
[0.425s] -- Up-to-date: /workspace/build/temporal_mpc_ros2/install/rm_competition_interfaces/include/rm_competition_interfaces/rm_competition_interfaces/msg/detail/dynamic_obstacle_prediction__rosidl_typesupport_fastrtps_cpp.hpp
[0.425s] -- Up-to-date: /workspace/build/temporal_mpc_ros2/install/rm_competition_interfaces/include/rm_competition_interfaces/rm_competition_interfaces/msg/detail/system_readiness__rosidl_typesupport_fastrtps_cpp.hpp
[0.425s] -- Up-to-date: /workspace/build/temporal_mpc_ros2/install/rm_competition_interfaces/include/rm_competition_interfaces/rm_competition_interfaces/msg/detail/chassis_mode__rosidl_typesupport_fastrtps_cpp.hpp
[0.425s] -- Up-to-date: /workspace/build/temporal_mpc_ros2/install/rm_competition_interfaces/include/rm_competition_interfaces/rm_competition_interfaces/msg/detail/dds_fastrtps
[0.425s] -- Up-to-date: /workspace/build/temporal_mpc_ros2/install/rm_competition_interfaces/lib/librm_competition_interfaces__rosidl_typesupport_fastrtps_cpp.so
[0.425s] -- Up-to-date: /workspace/build/temporal_mpc_ros2/install/rm_competition_interfaces/include/rm_competition_interfaces/rm_competition_interfaces
[0.425s] -- Up-to-date: /workspace/build/temporal_mpc_ros2/install/rm_competition_interfaces/include/rm_competition_interfaces/rm_competition_interfaces/srv
[0.425s] -- Up-to-date: /workspace/build/temporal_mpc_ros2/install/rm_competition_interfaces/include/rm_competition_interfaces/rm_competition_interfaces/srv/detail
[0.425s] -- Up-to-date: /workspace/build/temporal_mpc_ros2/install/rm_competition_interfaces/include/rm_competition_interfaces/rm_competition_interfaces/srv/detail/set_mission_mode__type_support.c
[0.425s] -- Up-to-date: /workspace/build/temporal_mpc_ros2/install/rm_competition_interfaces/include/rm_competition_interfaces/rm_competition_interfaces/srv/detail/set_mission_mode__rosidl_typesupport_introspection_c.h
[0.426s] -- Up-to-date: /workspace/build/temporal_mpc_ros2/install/rm_competition_interfaces/include/rm_competition_interfaces/rm_competition_interfaces/msg
[0.426s] -- Up-to-date: /workspace/build/temporal_mpc_ros2/install/rm_competition_interfaces/include/rm_competition_interfaces/rm_competition_interfaces/msg/rosidl_typesupport_introspection_c__visibility_control.h
[0.426s] -- Up-to-date: /workspace/build/temporal_mpc_ros2/install/rm_competition_interfaces/include/rm_competition_interfaces/rm_competition_interfaces/msg/detail
[0.426s] -- Up-to-date: /workspace/build/temporal_mpc_ros2/install/rm_competition_interfaces/include/rm_competition_interfaces/rm_competition_interfaces/msg/detail/system_readiness__type_support.c
[0.426s] -- Up-to-date: /workspace/build/temporal_mpc_ros2/install/rm_competition_interfaces/include/rm_competition_interfaces/rm_competition_interfaces/msg/detail/dynamic_obstacle_prediction__rosidl_typesupport_introspection_c.h
[0.426s] -- Up-to-date: /workspace/build/temporal_mpc_ros2/install/rm_competition_interfaces/include/rm_competition_interfaces/rm_competition_interfaces/msg/detail/referee_state__type_support.c
[0.426s] -- Up-to-date: /workspace/build/temporal_mpc_ros2/install/rm_competition_interfaces/include/rm_competition_interfaces/rm_competition_interfaces/msg/detail/mission_state__rosidl_typesupport_introspection_c.h
[0.426s] -- Up-to-date: /workspace/build/temporal_mpc_ros2/install/rm_competition_interfaces/include/rm_competition_interfaces/rm_competition_interfaces/msg/detail/target_track__rosidl_typesupport_introspection_c.h
[0.426s] -- Up-to-date: /workspace/build/temporal_mpc_ros2/install/rm_competition_interfaces/include/rm_competition_interfaces/rm_competition_interfaces/msg/detail/dynamic_obstacle_prediction_array__type_support.c
[0.426s] -- Up-to-date: /workspace/build/temporal_mpc_ros2/install/rm_competition_interfaces/include/rm_competition_interfaces/rm_competition_interfaces/msg/detail/chassis_mode__type_support.c
[0.426s] -- Up-to-date: /workspace/build/temporal_mpc_ros2/install/rm_competition_interfaces/include/rm_competition_interfaces/rm_competition_interfaces/msg/detail/system_readiness__rosidl_typesupport_introspection_c.h
[0.426s] -- Up-to-date: /workspace/build/temporal_mpc_ros2/install/rm_competition_interfaces/include/rm_competition_interfaces/rm_competition_interfaces/msg/detail/referee_state__rosidl_typesupport_introspection_c.h
[0.426s] -- Up-to-date: /workspace/build/temporal_mpc_ros2/install/rm_competition_interfaces/include/rm_competition_interfaces/rm_competition_interfaces/msg/detail/mission_state__type_support.c
[0.426s] -- Up-to-date: /workspace/build/temporal_mpc_ros2/install/rm_competition_interfaces/include/rm_competition_interfaces/rm_competition_interfaces/msg/detail/chassis_mode__rosidl_typesupport_introspection_c.h
[0.426s] -- Up-to-date: /workspace/build/temporal_mpc_ros2/install/rm_competition_interfaces/include/rm_competition_interfaces/rm_competition_interfaces/msg/detail/dynamic_obstacle_prediction__type_support.c
[0.426s] -- Up-to-date: /workspace/build/temporal_mpc_ros2/install/rm_competition_interfaces/include/rm_competition_interfaces/rm_competition_interfaces/msg/detail/dynamic_obstacle_prediction_array__rosidl_typesupport_introspection_c.h
[0.426s] -- Up-to-date: /workspace/build/temporal_mpc_ros2/install/rm_competition_interfaces/include/rm_competition_interfaces/rm_competition_interfaces/msg/detail/target_track__type_support.c
[0.426s] -- Up-to-date: /workspace/build/temporal_mpc_ros2/install/rm_competition_interfaces/lib/librm_competition_interfaces__rosidl_typesupport_introspection_c.so
[0.426s] -- Up-to-date: /workspace/build/temporal_mpc_ros2/install/rm_competition_interfaces/lib/librm_competition_interfaces__rosidl_typesupport_c.so
[0.426s] -- Up-to-date: /workspace/build/temporal_mpc_ros2/install/rm_competition_interfaces/include/rm_competition_interfaces/rm_competition_interfaces
[0.426s] -- Up-to-date: /workspace/build/temporal_mpc_ros2/install/rm_competition_interfaces/include/rm_competition_interfaces/rm_competition_interfaces/srv
[0.426s] -- Up-to-date: /workspace/build/temporal_mpc_ros2/install/rm_competition_interfaces/include/rm_competition_interfaces/rm_competition_interfaces/srv/detail
[0.426s] -- Up-to-date: /workspace/build/temporal_mpc_ros2/install/rm_competition_interfaces/include/rm_competition_interfaces/rm_competition_interfaces/srv/detail/set_mission_mode__type_support.cpp
[0.426s] -- Up-to-date: /workspace/build/temporal_mpc_ros2/install/rm_competition_interfaces/include/rm_competition_interfaces/rm_competition_interfaces/srv/detail/set_mission_mode__rosidl_typesupport_introspection_cpp.hpp
[0.427s] -- Up-to-date: /workspace/build/temporal_mpc_ros2/install/rm_competition_interfaces/include/rm_competition_interfaces/rm_competition_interfaces/msg
[0.427s] -- Up-to-date: /workspace/build/temporal_mpc_ros2/install/rm_competition_interfaces/include/rm_competition_interfaces/rm_competition_interfaces/msg/detail
[0.427s] -- Up-to-date: /workspace/build/temporal_mpc_ros2/install/rm_competition_interfaces/include/rm_competition_interfaces/rm_competition_interfaces/msg/detail/dynamic_obstacle_prediction__type_support.cpp
[0.427s] -- Up-to-date: /workspace/build/temporal_mpc_ros2/install/rm_competition_interfaces/include/rm_competition_interfaces/rm_competition_interfaces/msg/detail/chassis_mode__type_support.cpp
[0.427s] -- Up-to-date: /workspace/build/temporal_mpc_ros2/install/rm_competition_interfaces/include/rm_competition_interfaces/rm_competition_interfaces/msg/detail/dynamic_obstacle_prediction_array__rosidl_typesupport_introspection_cpp.hpp
[0.427s] -- Up-to-date: /workspace/build/temporal_mpc_ros2/install/rm_competition_interfaces/include/rm_competition_interfaces/rm_competition_interfaces/msg/detail/system_readiness__type_support.cpp
[0.427s] -- Up-to-date: /workspace/build/temporal_mpc_ros2/install/rm_competition_interfaces/include/rm_competition_interfaces/rm_competition_interfaces/msg/detail/mission_state__type_support.cpp
[0.427s] -- Up-to-date: /workspace/build/temporal_mpc_ros2/install/rm_competition_interfaces/include/rm_competition_interfaces/rm_competition_interfaces/msg/detail/dynamic_obstacle_prediction__rosidl_typesupport_introspection_cpp.hpp
[0.427s] -- Up-to-date: /workspace/build/temporal_mpc_ros2/install/rm_competition_interfaces/include/rm_competition_interfaces/rm_competition_interfaces/msg/detail/dynamic_obstacle_prediction_array__type_support.cpp
[0.427s] -- Up-to-date: /workspace/build/temporal_mpc_ros2/install/rm_competition_interfaces/include/rm_competition_interfaces/rm_competition_interfaces/msg/detail/target_track__rosidl_typesupport_introspection_cpp.hpp
[0.427s] -- Up-to-date: /workspace/build/temporal_mpc_ros2/install/rm_competition_interfaces/include/rm_competition_interfaces/rm_competition_interfaces/msg/detail/system_readiness__rosidl_typesupport_introspection_cpp.hpp
[0.427s] -- Up-to-date: /workspace/build/temporal_mpc_ros2/install/rm_competition_interfaces/include/rm_competition_interfaces/rm_competition_interfaces/msg/detail/target_track__type_support.cpp
[0.427s] -- Up-to-date: /workspace/build/temporal_mpc_ros2/install/rm_competition_interfaces/include/rm_competition_interfaces/rm_competition_interfaces/msg/detail/chassis_mode__rosidl_typesupport_introspection_cpp.hpp
[0.427s] -- Up-to-date: /workspace/build/temporal_mpc_ros2/install/rm_competition_interfaces/include/rm_competition_interfaces/rm_competition_interfaces/msg/detail/mission_state__rosidl_typesupport_introspection_cpp.hpp
[0.427s] -- Up-to-date: /workspace/build/temporal_mpc_ros2/install/rm_competition_interfaces/include/rm_competition_interfaces/rm_competition_interfaces/msg/detail/referee_state__rosidl_typesupport_introspection_cpp.hpp
[0.427s] -- Up-to-date: /workspace/build/temporal_mpc_ros2/install/rm_competition_interfaces/include/rm_competition_interfaces/rm_competition_interfaces/msg/detail/referee_state__type_support.cpp
[0.427s] -- Up-to-date: /workspace/build/temporal_mpc_ros2/install/rm_competition_interfaces/lib/librm_competition_interfaces__rosidl_typesupport_introspection_cpp.so
[0.427s] -- Up-to-date: /workspace/build/temporal_mpc_ros2/install/rm_competition_interfaces/lib/librm_competition_interfaces__rosidl_typesupport_cpp.so
[0.427s] -- Up-to-date: /workspace/build/temporal_mpc_ros2/install/rm_competition_interfaces/share/rm_competition_interfaces/environment/pythonpath.sh
[0.427s] -- Up-to-date: /workspace/build/temporal_mpc_ros2/install/rm_competition_interfaces/share/rm_competition_interfaces/environment/pythonpath.dsv
[0.427s] -- Up-to-date: /workspace/build/temporal_mpc_ros2/install/rm_competition_interfaces/local/lib/python3.10/dist-packages/rm_competition_interfaces-0.1.0-py3.10.egg-info
[0.427s] -- Installing: /workspace/build/temporal_mpc_ros2/install/rm_competition_interfaces/local/lib/python3.10/dist-packages/rm_competition_interfaces-0.1.0-py3.10.egg-info/PKG-INFO
[0.427s] -- Installing: /workspace/build/temporal_mpc_ros2/install/rm_competition_interfaces/local/lib/python3.10/dist-packages/rm_competition_interfaces-0.1.0-py3.10.egg-info/SOURCES.txt
[0.427s] -- Installing: /workspace/build/temporal_mpc_ros2/install/rm_competition_interfaces/local/lib/python3.10/dist-packages/rm_competition_interfaces-0.1.0-py3.10.egg-info/top_level.txt
[0.428s] -- Installing: /workspace/build/temporal_mpc_ros2/install/rm_competition_interfaces/local/lib/python3.10/dist-packages/rm_competition_interfaces-0.1.0-py3.10.egg-info/dependency_links.txt
[0.428s] -- Up-to-date: /workspace/build/temporal_mpc_ros2/install/rm_competition_interfaces/local/lib/python3.10/dist-packages/rm_competition_interfaces
[0.428s] -- Up-to-date: /workspace/build/temporal_mpc_ros2/install/rm_competition_interfaces/local/lib/python3.10/dist-packages/rm_competition_interfaces/_rm_competition_interfaces_s.ep.rosidl_typesupport_fastrtps_c.c
[0.428s] -- Up-to-date: /workspace/build/temporal_mpc_ros2/install/rm_competition_interfaces/local/lib/python3.10/dist-packages/rm_competition_interfaces/srv
[0.428s] -- Up-to-date: /workspace/build/temporal_mpc_ros2/install/rm_competition_interfaces/local/lib/python3.10/dist-packages/rm_competition_interfaces/srv/_set_mission_mode_s.c
[0.428s] -- Up-to-date: /workspace/build/temporal_mpc_ros2/install/rm_competition_interfaces/local/lib/python3.10/dist-packages/rm_competition_interfaces/srv/_set_mission_mode.py
[0.428s] -- Up-to-date: /workspace/build/temporal_mpc_ros2/install/rm_competition_interfaces/local/lib/python3.10/dist-packages/rm_competition_interfaces/srv/__init__.py
[0.428s] -- Up-to-date: /workspace/build/temporal_mpc_ros2/install/rm_competition_interfaces/local/lib/python3.10/dist-packages/rm_competition_interfaces/_rm_competition_interfaces_s.ep.rosidl_typesupport_introspection_c.c
[0.428s] -- Up-to-date: /workspace/build/temporal_mpc_ros2/install/rm_competition_interfaces/local/lib/python3.10/dist-packages/rm_competition_interfaces/rm_competition_interfaces_s__rosidl_typesupport_introspection_c.cpython-310-x86_64-linux-gnu.so
[0.428s] -- Up-to-date: /workspace/build/temporal_mpc_ros2/install/rm_competition_interfaces/local/lib/python3.10/dist-packages/rm_competition_interfaces/__init__.py
[0.428s] -- Up-to-date: /workspace/build/temporal_mpc_ros2/install/rm_competition_interfaces/local/lib/python3.10/dist-packages/rm_competition_interfaces/librm_competition_interfaces__rosidl_generator_py.so
[0.428s] -- Up-to-date: /workspace/build/temporal_mpc_ros2/install/rm_competition_interfaces/local/lib/python3.10/dist-packages/rm_competition_interfaces/rm_competition_interfaces_s__rosidl_typesupport_fastrtps_c.cpython-310-x86_64-linux-gnu.so
[0.428s] -- Up-to-date: /workspace/build/temporal_mpc_ros2/install/rm_competition_interfaces/local/lib/python3.10/dist-packages/rm_competition_interfaces/rm_competition_interfaces_s__rosidl_typesupport_c.cpython-310-x86_64-linux-gnu.so
[0.428s] -- Up-to-date: /workspace/build/temporal_mpc_ros2/install/rm_competition_interfaces/local/lib/python3.10/dist-packages/rm_competition_interfaces/_rm_competition_interfaces_s.ep.rosidl_typesupport_c.c
[0.428s] -- Up-to-date: /workspace/build/temporal_mpc_ros2/install/rm_competition_interfaces/local/lib/python3.10/dist-packages/rm_competition_interfaces/msg
[0.428s] -- Up-to-date: /workspace/build/temporal_mpc_ros2/install/rm_competition_interfaces/local/lib/python3.10/dist-packages/rm_competition_interfaces/msg/_referee_state_s.c
[0.428s] -- Up-to-date: /workspace/build/temporal_mpc_ros2/install/rm_competition_interfaces/local/lib/python3.10/dist-packages/rm_competition_interfaces/msg/_mission_state_s.c
[0.428s] -- Up-to-date: /workspace/build/temporal_mpc_ros2/install/rm_competition_interfaces/local/lib/python3.10/dist-packages/rm_competition_interfaces/msg/_chassis_mode.py
[0.428s] -- Up-to-date: /workspace/build/temporal_mpc_ros2/install/rm_competition_interfaces/local/lib/python3.10/dist-packages/rm_competition_interfaces/msg/_dynamic_obstacle_prediction.py
[0.428s] -- Up-to-date: /workspace/build/temporal_mpc_ros2/install/rm_competition_interfaces/local/lib/python3.10/dist-packages/rm_competition_interfaces/msg/__init__.py
[0.428s] -- Up-to-date: /workspace/build/temporal_mpc_ros2/install/rm_competition_interfaces/local/lib/python3.10/dist-packages/rm_competition_interfaces/msg/_target_track_s.c
[0.428s] -- Up-to-date: /workspace/build/temporal_mpc_ros2/install/rm_competition_interfaces/local/lib/python3.10/dist-packages/rm_competition_interfaces/msg/_chassis_mode_s.c
[0.428s] -- Up-to-date: /workspace/build/temporal_mpc_ros2/install/rm_competition_interfaces/local/lib/python3.10/dist-packages/rm_competition_interfaces/msg/_dynamic_obstacle_prediction_array.py
[0.428s] -- Up-to-date: /workspace/build/temporal_mpc_ros2/install/rm_competition_interfaces/local/lib/python3.10/dist-packages/rm_competition_interfaces/msg/_mission_state.py
[0.429s] -- Up-to-date: /workspace/build/temporal_mpc_ros2/install/rm_competition_interfaces/local/lib/python3.10/dist-packages/rm_competition_interfaces/msg/_system_readiness_s.c
[0.429s] -- Up-to-date: /workspace/build/temporal_mpc_ros2/install/rm_competition_interfaces/local/lib/python3.10/dist-packages/rm_competition_interfaces/msg/_dynamic_obstacle_prediction_s.c
[0.429s] -- Up-to-date: /workspace/build/temporal_mpc_ros2/install/rm_competition_interfaces/local/lib/python3.10/dist-packages/rm_competition_interfaces/msg/_system_readiness.py
[0.429s] -- Up-to-date: /workspace/build/temporal_mpc_ros2/install/rm_competition_interfaces/local/lib/python3.10/dist-packages/rm_competition_interfaces/msg/_dynamic_obstacle_prediction_array_s.c
[0.429s] -- Up-to-date: /workspace/build/temporal_mpc_ros2/install/rm_competition_interfaces/local/lib/python3.10/dist-packages/rm_competition_interfaces/msg/_target_track.py
[0.429s] -- Up-to-date: /workspace/build/temporal_mpc_ros2/install/rm_competition_interfaces/local/lib/python3.10/dist-packages/rm_competition_interfaces/msg/_referee_state.py
[0.461s] Listing '/workspace/build/temporal_mpc_ros2/install/rm_competition_interfaces/local/lib/python3.10/dist-packages/rm_competition_interfaces'...
[0.462s] Listing '/workspace/build/temporal_mpc_ros2/install/rm_competition_interfaces/local/lib/python3.10/dist-packages/rm_competition_interfaces/msg'...
[0.462s] Listing '/workspace/build/temporal_mpc_ros2/install/rm_competition_interfaces/local/lib/python3.10/dist-packages/rm_competition_interfaces/srv'...
[0.466s] -- Up-to-date: /workspace/build/temporal_mpc_ros2/install/rm_competition_interfaces/local/lib/python3.10/dist-packages/rm_competition_interfaces/rm_competition_interfaces_s__rosidl_typesupport_fastrtps_c.cpython-310-x86_64-linux-gnu.so
[0.466s] -- Up-to-date: /workspace/build/temporal_mpc_ros2/install/rm_competition_interfaces/local/lib/python3.10/dist-packages/rm_competition_interfaces/rm_competition_interfaces_s__rosidl_typesupport_introspection_c.cpython-310-x86_64-linux-gnu.so
[0.467s] -- Up-to-date: /workspace/build/temporal_mpc_ros2/install/rm_competition_interfaces/local/lib/python3.10/dist-packages/rm_competition_interfaces/rm_competition_interfaces_s__rosidl_typesupport_c.cpython-310-x86_64-linux-gnu.so
[0.467s] -- Up-to-date: /workspace/build/temporal_mpc_ros2/install/rm_competition_interfaces/lib/librm_competition_interfaces__rosidl_generator_py.so
[0.468s] -- Up-to-date: /workspace/build/temporal_mpc_ros2/install/rm_competition_interfaces/share/ament_index/resource_index/rust_packages/rm_competition_interfaces
[0.468s] -- Up-to-date: /workspace/build/temporal_mpc_ros2/install/rm_competition_interfaces/share/rm_competition_interfaces/rust
[0.468s] -- Up-to-date: /workspace/build/temporal_mpc_ros2/install/rm_competition_interfaces/share/rm_competition_interfaces/rust/build.rs
[0.468s] -- Up-to-date: /workspace/build/temporal_mpc_ros2/install/rm_competition_interfaces/share/rm_competition_interfaces/rust/Cargo.toml
[0.469s] -- Up-to-date: /workspace/build/temporal_mpc_ros2/install/rm_competition_interfaces/share/rm_competition_interfaces/rust/src
[0.469s] -- Up-to-date: /workspace/build/temporal_mpc_ros2/install/rm_competition_interfaces/share/rm_competition_interfaces/rust/src/srv
[0.469s] -- Up-to-date: /workspace/build/temporal_mpc_ros2/install/rm_competition_interfaces/share/rm_competition_interfaces/rust/src/srv/rmw.rs
[0.469s] -- Up-to-date: /workspace/build/temporal_mpc_ros2/install/rm_competition_interfaces/share/rm_competition_interfaces/rust/src/lib.rs
[0.470s] -- Up-to-date: /workspace/build/temporal_mpc_ros2/install/rm_competition_interfaces/share/rm_competition_interfaces/rust/src/msg
[0.470s] -- Up-to-date: /workspace/build/temporal_mpc_ros2/install/rm_competition_interfaces/share/rm_competition_interfaces/rust/src/msg/rmw.rs
[0.470s] -- Up-to-date: /workspace/build/temporal_mpc_ros2/install/rm_competition_interfaces/share/rm_competition_interfaces/rust/src/msg.rs
[0.470s] -- Up-to-date: /workspace/build/temporal_mpc_ros2/install/rm_competition_interfaces/share/rm_competition_interfaces/rust/src/srv.rs
[0.471s] -- Up-to-date: /workspace/build/temporal_mpc_ros2/install/rm_competition_interfaces/share/rm_competition_interfaces/msg/DynamicObstaclePrediction.idl
[0.471s] -- Up-to-date: /workspace/build/temporal_mpc_ros2/install/rm_competition_interfaces/share/rm_competition_interfaces/msg/DynamicObstaclePredictionArray.idl
[0.471s] -- Up-to-date: /workspace/build/temporal_mpc_ros2/install/rm_competition_interfaces/share/rm_competition_interfaces/msg/ChassisMode.idl
[0.471s] -- Up-to-date: /workspace/build/temporal_mpc_ros2/install/rm_competition_interfaces/share/rm_competition_interfaces/msg/MissionState.idl
[0.471s] -- Up-to-date: /workspace/build/temporal_mpc_ros2/install/rm_competition_interfaces/share/rm_competition_interfaces/msg/RefereeState.idl
[0.472s] -- Up-to-date: /workspace/build/temporal_mpc_ros2/install/rm_competition_interfaces/share/rm_competition_interfaces/msg/SystemReadiness.idl
[0.472s] -- Up-to-date: /workspace/build/temporal_mpc_ros2/install/rm_competition_interfaces/share/rm_competition_interfaces/msg/TargetTrack.idl
[0.472s] -- Up-to-date: /workspace/build/temporal_mpc_ros2/install/rm_competition_interfaces/share/rm_competition_interfaces/srv/SetMissionMode.idl
[0.472s] -- Up-to-date: /workspace/build/temporal_mpc_ros2/install/rm_competition_interfaces/share/rm_competition_interfaces/msg/DynamicObstaclePrediction.msg
[0.472s] -- Up-to-date: /workspace/build/temporal_mpc_ros2/install/rm_competition_interfaces/share/rm_competition_interfaces/msg/DynamicObstaclePredictionArray.msg
[0.472s] -- Up-to-date: /workspace/build/temporal_mpc_ros2/install/rm_competition_interfaces/share/rm_competition_interfaces/msg/ChassisMode.msg
[0.472s] -- Up-to-date: /workspace/build/temporal_mpc_ros2/install/rm_competition_interfaces/share/rm_competition_interfaces/msg/MissionState.msg
[0.472s] -- Up-to-date: /workspace/build/temporal_mpc_ros2/install/rm_competition_interfaces/share/rm_competition_interfaces/msg/RefereeState.msg
[0.473s] -- Up-to-date: /workspace/build/temporal_mpc_ros2/install/rm_competition_interfaces/share/rm_competition_interfaces/msg/SystemReadiness.msg
[0.473s] -- Up-to-date: /workspace/build/temporal_mpc_ros2/install/rm_competition_interfaces/share/rm_competition_interfaces/msg/TargetTrack.msg
[0.473s] -- Up-to-date: /workspace/build/temporal_mpc_ros2/install/rm_competition_interfaces/share/rm_competition_interfaces/srv/SetMissionMode.srv
[0.473s] -- Up-to-date: /workspace/build/temporal_mpc_ros2/install/rm_competition_interfaces/share/rm_competition_interfaces/srv/SetMissionMode_Request.msg
[0.473s] -- Up-to-date: /workspace/build/temporal_mpc_ros2/install/rm_competition_interfaces/share/rm_competition_interfaces/srv/SetMissionMode_Response.msg
[0.473s] -- Up-to-date: /workspace/build/temporal_mpc_ros2/install/rm_competition_interfaces/share/ament_index/resource_index/package_run_dependencies/rm_competition_interfaces
[0.473s] -- Up-to-date: /workspace/build/temporal_mpc_ros2/install/rm_competition_interfaces/share/ament_index/resource_index/parent_prefix_path/rm_competition_interfaces
[0.473s] -- Up-to-date: /workspace/build/temporal_mpc_ros2/install/rm_competition_interfaces/share/rm_competition_interfaces/environment/ament_prefix_path.sh
[0.474s] -- Up-to-date: /workspace/build/temporal_mpc_ros2/install/rm_competition_interfaces/share/rm_competition_interfaces/environment/ament_prefix_path.dsv
[0.474s] -- Up-to-date: /workspace/build/temporal_mpc_ros2/install/rm_competition_interfaces/share/rm_competition_interfaces/environment/path.sh
[0.474s] -- Up-to-date: /workspace/build/temporal_mpc_ros2/install/rm_competition_interfaces/share/rm_competition_interfaces/environment/path.dsv
[0.474s] -- Up-to-date: /workspace/build/temporal_mpc_ros2/install/rm_competition_interfaces/share/rm_competition_interfaces/local_setup.bash
[0.474s] -- Up-to-date: /workspace/build/temporal_mpc_ros2/install/rm_competition_interfaces/share/rm_competition_interfaces/local_setup.sh
[0.474s] -- Up-to-date: /workspace/build/temporal_mpc_ros2/install/rm_competition_interfaces/share/rm_competition_interfaces/local_setup.zsh
[0.475s] -- Up-to-date: /workspace/build/temporal_mpc_ros2/install/rm_competition_interfaces/share/rm_competition_interfaces/local_setup.dsv
[0.475s] -- Installing: /workspace/build/temporal_mpc_ros2/install/rm_competition_interfaces/share/rm_competition_interfaces/package.dsv
[0.476s] -- Up-to-date: /workspace/build/temporal_mpc_ros2/install/rm_competition_interfaces/share/ament_index/resource_index/packages/rm_competition_interfaces
[0.476s] -- Up-to-date: /workspace/build/temporal_mpc_ros2/install/rm_competition_interfaces/share/rm_competition_interfaces/cmake/export_rm_competition_interfaces__rosidl_generator_cExport.cmake
[0.476s] -- Up-to-date: /workspace/build/temporal_mpc_ros2/install/rm_competition_interfaces/share/rm_competition_interfaces/cmake/export_rm_competition_interfaces__rosidl_generator_cExport-release.cmake
[0.476s] -- Up-to-date: /workspace/build/temporal_mpc_ros2/install/rm_competition_interfaces/share/rm_competition_interfaces/cmake/export_rm_competition_interfaces__rosidl_typesupport_fastrtps_cExport.cmake
[0.476s] -- Up-to-date: /workspace/build/temporal_mpc_ros2/install/rm_competition_interfaces/share/rm_competition_interfaces/cmake/export_rm_competition_interfaces__rosidl_typesupport_fastrtps_cExport-release.cmake
[0.476s] -- Up-to-date: /workspace/build/temporal_mpc_ros2/install/rm_competition_interfaces/share/rm_competition_interfaces/cmake/export_rm_competition_interfaces__rosidl_generator_cppExport.cmake
[0.476s] -- Up-to-date: /workspace/build/temporal_mpc_ros2/install/rm_competition_interfaces/share/rm_competition_interfaces/cmake/export_rm_competition_interfaces__rosidl_typesupport_fastrtps_cppExport.cmake
[0.476s] -- Up-to-date: /workspace/build/temporal_mpc_ros2/install/rm_competition_interfaces/share/rm_competition_interfaces/cmake/export_rm_competition_interfaces__rosidl_typesupport_fastrtps_cppExport-release.cmake
[0.477s] -- Up-to-date: /workspace/build/temporal_mpc_ros2/install/rm_competition_interfaces/share/rm_competition_interfaces/cmake/rm_competition_interfaces__rosidl_typesupport_introspection_cExport.cmake
[0.477s] -- Up-to-date: /workspace/build/temporal_mpc_ros2/install/rm_competition_interfaces/share/rm_competition_interfaces/cmake/rm_competition_interfaces__rosidl_typesupport_introspection_cExport-release.cmake
[0.477s] -- Up-to-date: /workspace/build/temporal_mpc_ros2/install/rm_competition_interfaces/share/rm_competition_interfaces/cmake/rm_competition_interfaces__rosidl_typesupport_cExport.cmake
[0.477s] -- Up-to-date: /workspace/build/temporal_mpc_ros2/install/rm_competition_interfaces/share/rm_competition_interfaces/cmake/rm_competition_interfaces__rosidl_typesupport_cExport-release.cmake
[0.477s] -- Up-to-date: /workspace/build/temporal_mpc_ros2/install/rm_competition_interfaces/share/rm_competition_interfaces/cmake/rm_competition_interfaces__rosidl_typesupport_introspection_cppExport.cmake
[0.477s] -- Up-to-date: /workspace/build/temporal_mpc_ros2/install/rm_competition_interfaces/share/rm_competition_interfaces/cmake/rm_competition_interfaces__rosidl_typesupport_introspection_cppExport-release.cmake
[0.478s] -- Up-to-date: /workspace/build/temporal_mpc_ros2/install/rm_competition_interfaces/share/rm_competition_interfaces/cmake/rm_competition_interfaces__rosidl_typesupport_cppExport.cmake
[0.478s] -- Up-to-date: /workspace/build/temporal_mpc_ros2/install/rm_competition_interfaces/share/rm_competition_interfaces/cmake/rm_competition_interfaces__rosidl_typesupport_cppExport-release.cmake
[0.478s] -- Up-to-date: /workspace/build/temporal_mpc_ros2/install/rm_competition_interfaces/share/rm_competition_interfaces/cmake/export_rm_competition_interfaces__rosidl_generator_pyExport.cmake
[0.478s] -- Up-to-date: /workspace/build/temporal_mpc_ros2/install/rm_competition_interfaces/share/rm_competition_interfaces/cmake/export_rm_competition_interfaces__rosidl_generator_pyExport-release.cmake
[0.478s] -- Up-to-date: /workspace/build/temporal_mpc_ros2/install/rm_competition_interfaces/share/rm_competition_interfaces/cmake/rosidl_cmake-extras.cmake
[0.478s] -- Up-to-date: /workspace/build/temporal_mpc_ros2/install/rm_competition_interfaces/share/rm_competition_interfaces/cmake/ament_cmake_export_dependencies-extras.cmake
[0.478s] -- Up-to-date: /workspace/build/temporal_mpc_ros2/install/rm_competition_interfaces/share/rm_competition_interfaces/cmake/ament_cmake_export_include_directories-extras.cmake
[0.479s] -- Up-to-date: /workspace/build/temporal_mpc_ros2/install/rm_competition_interfaces/share/rm_competition_interfaces/cmake/ament_cmake_export_libraries-extras.cmake
[0.479s] -- Up-to-date: /workspace/build/temporal_mpc_ros2/install/rm_competition_interfaces/share/rm_competition_interfaces/cmake/ament_cmake_export_targets-extras.cmake
[0.479s] -- Up-to-date: /workspace/build/temporal_mpc_ros2/install/rm_competition_interfaces/share/rm_competition_interfaces/cmake/rosidl_cmake_export_typesupport_targets-extras.cmake
[0.479s] -- Up-to-date: /workspace/build/temporal_mpc_ros2/install/rm_competition_interfaces/share/rm_competition_interfaces/cmake/rosidl_cmake_export_typesupport_libraries-extras.cmake
[0.479s] -- Up-to-date: /workspace/build/temporal_mpc_ros2/install/rm_competition_interfaces/share/rm_competition_interfaces/cmake/rm_competition_interfacesConfig.cmake
[0.479s] -- Up-to-date: /workspace/build/temporal_mpc_ros2/install/rm_competition_interfaces/share/rm_competition_interfaces/cmake/rm_competition_interfacesConfig-version.cmake
[0.479s] -- Up-to-date: /workspace/build/temporal_mpc_ros2/install/rm_competition_interfaces/share/rm_competition_interfaces/package.xml
[0.480s] Invoked command in '/workspace/build/temporal_mpc_ros2/build/rm_competition_interfaces' returned '0': CMAKE_PREFIX_PATH=/opt/ros/humble /usr/bin/cmake --install /workspace/build/temporal_mpc_ros2/build/rm_competition_interfaces
