[INFO] [1791081673.847787780] [planner_server]: 
	planner_server lifecycle node launched. 
	Waiting on external lifecycle transitions to activate
	See https://design.ros2.org/articles/node_lifecycle.html for more information.
[INFO] [1791081673.849466751] [planner_server]: Creating
[INFO] [1791081673.852576252] [global_costmap.global_costmap]: 
	global_costmap lifecycle node launched. 
	Waiting on external lifecycle transitions to activate
	See https://design.ros2.org/articles/node_lifecycle.html for more information.
[INFO] [1791081673.853115413] [global_costmap.global_costmap]: Creating Costmap
[INFO] [1791081673.969741115] [planner_server]: Configuring
[INFO] [1791081673.969819871] [global_costmap.global_costmap]: Configuring
[INFO] [1791081673.975472527] [global_costmap.global_costmap]: Using plugin "static_layer"
[INFO] [1791081673.980551698] [global_costmap.global_costmap]: Subscribing to the map topic (/map) with transient local durability
[INFO] [1791081673.982095829] [global_costmap.global_costmap]: Initialized plugin "static_layer"
[INFO] [1791081673.982139296] [global_costmap.global_costmap]: Using plugin "inflation_layer"
[INFO] [1791081673.982876986] [global_costmap.global_costmap]: Initialized plugin "inflation_layer"
[INFO] [1791081673.992331402] [planner_server]: Created global planner plugin GridBased of type nav2_navfn_planner/NavfnPlanner
[INFO] [1791081673.992393671] [planner_server]: Configuring plugin GridBased of type NavfnPlanner
[INFO] [1791081673.992900886] [planner_server]: Planner Server has GridBased  planners available.
[INFO] [1791081674.183290098] [global_costmap.global_costmap]: StaticLayer: Resizing costmap to 500 X 140 at 0.050000 m/pix
[INFO] [1791081674.672712935] [planner_server]: Activating
[INFO] [1791081674.672996131] [global_costmap.global_costmap]: Activating
[INFO] [1791081674.673027303] [global_costmap.global_costmap]: Checking transform
[INFO] [1791081674.673224141] [global_costmap.global_costmap]: start
[INFO] [1791081674.723385044] [planner_server]: Activating plugin GridBased of type NavfnPlanner
[INFO] [1791081674.724515855] [planner_server]: Creating bond (planner_server) to lifecycle manager.
