[INFO] [1791081673.872063688] [temporal_controller_selector]: FollowPathMPPI: MPC health stale
[INFO] [1791081678.218547828] [temporal_controller_selector]: FollowPathTemporalMPC: explicit runtime request
[INFO] [1791081678.317721209] [temporal_controller_selector]: FollowPathMPPI: MPC degraded/fallback requested
[INFO] [1791081679.218397442] [temporal_controller_selector]: FollowPathTemporalMPC: explicit runtime request
[INFO] [1791081679.317594851] [temporal_controller_selector]: FollowPathMPPI: MPC degraded/fallback requested
[INFO] [1791081679.718964834] [temporal_controller_selector]: FollowPathTemporalMPC: explicit runtime request
[INFO] [1791081679.868353226] [temporal_controller_selector]: FollowPathMPPI: MPC degraded/fallback requested
[INFO] [1791081680.418839462] [temporal_controller_selector]: FollowPathTemporalMPC: explicit runtime request
[INFO] [1791081680.467720038] [temporal_controller_selector]: FollowPathMPPI: MPC degraded/fallback requested
[INFO] [1791081680.869092745] [temporal_controller_selector]: FollowPathTemporalMPC: explicit runtime request
[INFO] [1791081680.967449685] [temporal_controller_selector]: FollowPathMPPI: MPC degraded/fallback requested
[INFO] [1791081681.318801990] [temporal_controller_selector]: FollowPathTemporalMPC: explicit runtime request
[INFO] [1791081681.468108876] [temporal_controller_selector]: FollowPathMPPI: MPC degraded/fallback requested
[INFO] [1791081681.718712883] [temporal_controller_selector]: FollowPathTemporalMPC: explicit runtime request
[INFO] [1791081681.917686336] [temporal_controller_selector]: FollowPathMPPI: MPC degraded/fallback requested
[INFO] [1791081682.218539998] [temporal_controller_selector]: FollowPathTemporalMPC: explicit runtime request
[INFO] [1791081682.418242817] [temporal_controller_selector]: FollowPathMPPI: MPC degraded/fallback requested
[INFO] [1791081682.719366098] [temporal_controller_selector]: FollowPathTemporalMPC: explicit runtime request
[INFO] [1791081682.817878698] [temporal_controller_selector]: FollowPathMPPI: MPC degraded/fallback requested
[INFO] [1791081683.169160619] [temporal_controller_selector]: FollowPathTemporalMPC: explicit runtime request
[INFO] [1791081683.217828508] [temporal_controller_selector]: FollowPathMPPI: MPC degraded/fallback requested
Traceback (most recent call last):
  File "/workspace/experiments/temporal_mpc/integration/selector_node.py", line 65, in <module>
    main()
  File "/workspace/experiments/temporal_mpc/integration/selector_node.py", line 57, in main
    rclpy.spin(node)
  File "/opt/ros/humble/local/lib/python3.10/dist-packages/rclpy/__init__.py", line 229, in spin
    executor.spin_once()
  File "/opt/ros/humble/local/lib/python3.10/dist-packages/rclpy/executors.py", line 808, in spin_once
    self._spin_once_impl(timeout_sec)
  File "/opt/ros/humble/local/lib/python3.10/dist-packages/rclpy/executors.py", line 797, in _spin_once_impl
    handler, entity, node = self.wait_for_ready_callbacks(timeout_sec=timeout_sec)
  File "/opt/ros/humble/local/lib/python3.10/dist-packages/rclpy/executors.py", line 780, in wait_for_ready_callbacks
    return next(self._cb_iter)
  File "/opt/ros/humble/local/lib/python3.10/dist-packages/rclpy/executors.py", line 681, in _wait_for_ready_callbacks
    raise ExternalShutdownException()
rclpy.executors.ExternalShutdownException
