[ 11%] Built target gtest_main
[ 22%] Built target canonical_odometry
[ 33%] Built target gtest
[ 44%] Built target map_odom_stub
[ 55%] Built target gimbal_state_adapter
[ 66%] Built target imu_frame_adapter
[ 77%] Built target fake_lio_odom_publisher
[ 88%] Built target test_canonical_odometry
[100%] Built target lio_adapter
-- Install configuration: "Release"
-- Up-to-date: /workspace/build/temporal_mpc_ros2/install/rm_localization_adapters/lib/rm_localization_adapters/libcanonical_odometry.a
-- Up-to-date: /workspace/build/temporal_mpc_ros2/install/rm_localization_adapters/lib/rm_localization_adapters/map_odom_stub
-- Up-to-date: /workspace/build/temporal_mpc_ros2/install/rm_localization_adapters/lib/rm_localization_adapters/lio_adapter
-- Up-to-date: /workspace/build/temporal_mpc_ros2/install/rm_localization_adapters/lib/rm_localization_adapters/gimbal_state_adapter
-- Up-to-date: /workspace/build/temporal_mpc_ros2/install/rm_localization_adapters/lib/rm_localization_adapters/imu_frame_adapter
-- Up-to-date: /workspace/build/temporal_mpc_ros2/install/rm_localization_adapters/lib/rm_localization_adapters/fake_lio_odom_publisher
-- Up-to-date: /workspace/build/temporal_mpc_ros2/install/rm_localization_adapters/include
-- Up-to-date: /workspace/build/temporal_mpc_ros2/install/rm_localization_adapters/include/rm_localization_adapters
-- Up-to-date: /workspace/build/temporal_mpc_ros2/install/rm_localization_adapters/include/rm_localization_adapters/canonical_odometry.hpp
-- Up-to-date: /workspace/build/temporal_mpc_ros2/install/rm_localization_adapters/share/rm_localization_adapters/config
-- Up-to-date: /workspace/build/temporal_mpc_ros2/install/rm_localization_adapters/share/rm_localization_adapters/config/lio_adapter.yaml
-- Up-to-date: /workspace/build/temporal_mpc_ros2/install/rm_localization_adapters/share/rm_localization_adapters/config/gimbal_state_adapter.yaml
-- Up-to-date: /workspace/build/temporal_mpc_ros2/install/rm_localization_adapters/share/rm_localization_adapters/config/imu_frame_adapter.yaml
-- Up-to-date: /workspace/build/temporal_mpc_ros2/install/rm_localization_adapters/share/rm_localization_adapters/launch
-- Up-to-date: /workspace/build/temporal_mpc_ros2/install/rm_localization_adapters/share/rm_localization_adapters/launch/lio_dynamic_gimbal_test.launch.py
-- Up-to-date: /workspace/build/temporal_mpc_ros2/install/rm_localization_adapters/share/rm_localization_adapters/launch/localization_adapters.launch.py
-- Up-to-date: /workspace/build/temporal_mpc_ros2/install/rm_localization_adapters/share/ament_index/resource_index/package_run_dependencies/rm_localization_adapters
-- Up-to-date: /workspace/build/temporal_mpc_ros2/install/rm_localization_adapters/share/ament_index/resource_index/parent_prefix_path/rm_localization_adapters
-- Up-to-date: /workspace/build/temporal_mpc_ros2/install/rm_localization_adapters/share/rm_localization_adapters/environment/ament_prefix_path.sh
-- Up-to-date: /workspace/build/temporal_mpc_ros2/install/rm_localization_adapters/share/rm_localization_adapters/environment/ament_prefix_path.dsv
-- Up-to-date: /workspace/build/temporal_mpc_ros2/install/rm_localization_adapters/share/rm_localization_adapters/environment/path.sh
-- Up-to-date: /workspace/build/temporal_mpc_ros2/install/rm_localization_adapters/share/rm_localization_adapters/environment/path.dsv
-- Up-to-date: /workspace/build/temporal_mpc_ros2/install/rm_localization_adapters/share/rm_localization_adapters/local_setup.bash
-- Up-to-date: /workspace/build/temporal_mpc_ros2/install/rm_localization_adapters/share/rm_localization_adapters/local_setup.sh
-- Up-to-date: /workspace/build/temporal_mpc_ros2/install/rm_localization_adapters/share/rm_localization_adapters/local_setup.zsh
-- Up-to-date: /workspace/build/temporal_mpc_ros2/install/rm_localization_adapters/share/rm_localization_adapters/local_setup.dsv
-- Installing: /workspace/build/temporal_mpc_ros2/install/rm_localization_adapters/share/rm_localization_adapters/package.dsv
-- Up-to-date: /workspace/build/temporal_mpc_ros2/install/rm_localization_adapters/share/ament_index/resource_index/packages/rm_localization_adapters
-- Up-to-date: /workspace/build/temporal_mpc_ros2/install/rm_localization_adapters/share/rm_localization_adapters/cmake/rm_localization_adaptersConfig.cmake
-- Up-to-date: /workspace/build/temporal_mpc_ros2/install/rm_localization_adapters/share/rm_localization_adapters/cmake/rm_localization_adaptersConfig-version.cmake
-- Up-to-date: /workspace/build/temporal_mpc_ros2/install/rm_localization_adapters/share/rm_localization_adapters/package.xml
