[0.011s] Invoking command in '/workspace/build/temporal_mpc_ros2/build/rm_localization_adapters': AMENT_PREFIX_PATH=/workspace/build/temporal_mpc_ros2/install/rm_description:${AMENT_PREFIX_PATH} CMAKE_PREFIX_PATH=/workspace/build/temporal_mpc_ros2/install/rm_description:/opt/ros/humble /usr/bin/cmake --build /workspace/build/temporal_mpc_ros2/build/rm_localization_adapters -- -j32 -l32
[0.090s] [ 11%] Built target gtest_main
[0.091s] [ 22%] Built target canonical_odometry
[0.096s] [ 33%] Built target gtest
[0.096s] [ 44%] Built target map_odom_stub
[0.097s] [ 55%] Built target gimbal_state_adapter
[0.100s] [ 66%] Built target imu_frame_adapter
[0.104s] [ 77%] Built target fake_lio_odom_publisher
[0.123s] [ 88%] Built target test_canonical_odometry
[0.132s] [100%] Built target lio_adapter
[0.144s] Invoked command in '/workspace/build/temporal_mpc_ros2/build/rm_localization_adapters' returned '0': AMENT_PREFIX_PATH=/workspace/build/temporal_mpc_ros2/install/rm_description:${AMENT_PREFIX_PATH} CMAKE_PREFIX_PATH=/workspace/build/temporal_mpc_ros2/install/rm_description:/opt/ros/humble /usr/bin/cmake --build /workspace/build/temporal_mpc_ros2/build/rm_localization_adapters -- -j32 -l32
[0.146s] Invoking command in '/workspace/build/temporal_mpc_ros2/build/rm_localization_adapters': AMENT_PREFIX_PATH=/workspace/build/temporal_mpc_ros2/install/rm_description:${AMENT_PREFIX_PATH} CMAKE_PREFIX_PATH=/workspace/build/temporal_mpc_ros2/install/rm_description:/opt/ros/humble /usr/bin/cmake --install /workspace/build/temporal_mpc_ros2/build/rm_localization_adapters
[0.158s] -- Install configuration: "Release"
[0.158s] -- Up-to-date: /workspace/build/temporal_mpc_ros2/install/rm_localization_adapters/lib/rm_localization_adapters/libcanonical_odometry.a
[0.158s] -- Up-to-date: /workspace/build/temporal_mpc_ros2/install/rm_localization_adapters/lib/rm_localization_adapters/map_odom_stub
[0.158s] -- Up-to-date: /workspace/build/temporal_mpc_ros2/install/rm_localization_adapters/lib/rm_localization_adapters/lio_adapter
[0.159s] -- Up-to-date: /workspace/build/temporal_mpc_ros2/install/rm_localization_adapters/lib/rm_localization_adapters/gimbal_state_adapter
[0.159s] -- Up-to-date: /workspace/build/temporal_mpc_ros2/install/rm_localization_adapters/lib/rm_localization_adapters/imu_frame_adapter
[0.159s] -- Up-to-date: /workspace/build/temporal_mpc_ros2/install/rm_localization_adapters/lib/rm_localization_adapters/fake_lio_odom_publisher
[0.159s] -- Up-to-date: /workspace/build/temporal_mpc_ros2/install/rm_localization_adapters/include
[0.159s] -- Up-to-date: /workspace/build/temporal_mpc_ros2/install/rm_localization_adapters/include/rm_localization_adapters
[0.159s] -- Up-to-date: /workspace/build/temporal_mpc_ros2/install/rm_localization_adapters/include/rm_localization_adapters/canonical_odometry.hpp
[0.160s] -- Up-to-date: /workspace/build/temporal_mpc_ros2/install/rm_localization_adapters/share/rm_localization_adapters/config
[0.160s] -- Up-to-date: /workspace/build/temporal_mpc_ros2/install/rm_localization_adapters/share/rm_localization_adapters/config/lio_adapter.yaml
[0.160s] -- Up-to-date: /workspace/build/temporal_mpc_ros2/install/rm_localization_adapters/share/rm_localization_adapters/config/gimbal_state_adapter.yaml
[0.160s] -- Up-to-date: /workspace/build/temporal_mpc_ros2/install/rm_localization_adapters/share/rm_localization_adapters/config/imu_frame_adapter.yaml
[0.160s] -- Up-to-date: /workspace/build/temporal_mpc_ros2/install/rm_localization_adapters/share/rm_localization_adapters/launch
[0.160s] -- Up-to-date: /workspace/build/temporal_mpc_ros2/install/rm_localization_adapters/share/rm_localization_adapters/launch/lio_dynamic_gimbal_test.launch.py
[0.160s] -- Up-to-date: /workspace/build/temporal_mpc_ros2/install/rm_localization_adapters/share/rm_localization_adapters/launch/localization_adapters.launch.py
[0.160s] -- Up-to-date: /workspace/build/temporal_mpc_ros2/install/rm_localization_adapters/share/ament_index/resource_index/package_run_dependencies/rm_localization_adapters
[0.160s] -- Up-to-date: /workspace/build/temporal_mpc_ros2/install/rm_localization_adapters/share/ament_index/resource_index/parent_prefix_path/rm_localization_adapters
[0.160s] -- Up-to-date: /workspace/build/temporal_mpc_ros2/install/rm_localization_adapters/share/rm_localization_adapters/environment/ament_prefix_path.sh
[0.160s] -- Up-to-date: /workspace/build/temporal_mpc_ros2/install/rm_localization_adapters/share/rm_localization_adapters/environment/ament_prefix_path.dsv
[0.160s] -- Up-to-date: /workspace/build/temporal_mpc_ros2/install/rm_localization_adapters/share/rm_localization_adapters/environment/path.sh
[0.160s] -- Up-to-date: /workspace/build/temporal_mpc_ros2/install/rm_localization_adapters/share/rm_localization_adapters/environment/path.dsv
[0.160s] -- Up-to-date: /workspace/build/temporal_mpc_ros2/install/rm_localization_adapters/share/rm_localization_adapters/local_setup.bash
[0.160s] -- Up-to-date: /workspace/build/temporal_mpc_ros2/install/rm_localization_adapters/share/rm_localization_adapters/local_setup.sh
[0.160s] -- Up-to-date: /workspace/build/temporal_mpc_ros2/install/rm_localization_adapters/share/rm_localization_adapters/local_setup.zsh
[0.160s] -- Up-to-date: /workspace/build/temporal_mpc_ros2/install/rm_localization_adapters/share/rm_localization_adapters/local_setup.dsv
[0.161s] -- Installing: /workspace/build/temporal_mpc_ros2/install/rm_localization_adapters/share/rm_localization_adapters/package.dsv
[0.161s] -- Up-to-date: /workspace/build/temporal_mpc_ros2/install/rm_localization_adapters/share/ament_index/resource_index/packages/rm_localization_adapters
[0.161s] -- Up-to-date: /workspace/build/temporal_mpc_ros2/install/rm_localization_adapters/share/rm_localization_adapters/cmake/rm_localization_adaptersConfig.cmake
[0.161s] -- Up-to-date: /workspace/build/temporal_mpc_ros2/install/rm_localization_adapters/share/rm_localization_adapters/cmake/rm_localization_adaptersConfig-version.cmake
[0.161s] -- Up-to-date: /workspace/build/temporal_mpc_ros2/install/rm_localization_adapters/share/rm_localization_adapters/package.xml
[0.163s] Invoked command in '/workspace/build/temporal_mpc_ros2/build/rm_localization_adapters' returned '0': AMENT_PREFIX_PATH=/workspace/build/temporal_mpc_ros2/install/rm_description:${AMENT_PREFIX_PATH} CMAKE_PREFIX_PATH=/workspace/build/temporal_mpc_ros2/install/rm_description:/opt/ros/humble /usr/bin/cmake --install /workspace/build/temporal_mpc_ros2/build/rm_localization_adapters
