[INFO] [1791082162.775670526] [planner_server]: 
	planner_server lifecycle node launched. 
	Waiting on external lifecycle transitions to activate
	See https://design.ros2.org/articles/node_lifecycle.html for more information.
[INFO] [1791082162.778909930] [planner_server]: Creating
[INFO] [1791082162.786826342] [global_costmap.global_costmap]: 
	global_costmap lifecycle node launched. 
	Waiting on external lifecycle transitions to activate
	See https://design.ros2.org/articles/node_lifecycle.html for more information.
[INFO] [1791082162.787824591] [global_costmap.global_costmap]: Creating Costmap
[INFO] [1791082162.899350623] [planner_server]: Configuring
[INFO] [1791082162.899425807] [global_costmap.global_costmap]: Configuring
[INFO] [1791082162.903385141] [global_costmap.global_costmap]: Using plugin "static_layer"
[INFO] [1791082162.906199484] [global_costmap.global_costmap]: Subscribing to the map topic (/map) with transient local durability
[INFO] [1791082162.907005259] [global_costmap.global_costmap]: Initialized plugin "static_layer"
[INFO] [1791082162.907029602] [global_costmap.global_costmap]: Using plugin "inflation_layer"
[INFO] [1791082162.907393488] [global_costmap.global_costmap]: Initialized plugin "inflation_layer"
[INFO] [1791082162.912060874] [planner_server]: Created global planner plugin GridBased of type nav2_navfn_planner/NavfnPlanner
[INFO] [1791082162.912092190] [planner_server]: Configuring plugin GridBased of type NavfnPlanner
[INFO] [1791082162.912330490] [planner_server]: Planner Server has GridBased  planners available.
[INFO] [1791082163.153559318] [global_costmap.global_costmap]: StaticLayer: Resizing costmap to 500 X 140 at 0.050000 m/pix
[INFO] [1791082164.639583227] [planner_server]: Activating
[INFO] [1791082164.639686335] [global_costmap.global_costmap]: Activating
[INFO] [1791082164.639715619] [global_costmap.global_costmap]: Checking transform
[INFO] [1791082164.639902720] [global_costmap.global_costmap]: start
[INFO] [1791082164.690075672] [planner_server]: Activating plugin GridBased of type NavfnPlanner
[INFO] [1791082164.691182346] [planner_server]: Creating bond (planner_server) to lifecycle manager.
