{
  "source_tf_replay_gate": true,
  "event_file_sha256": "210a610fa0938b4e9de11e7d7c7292eed38b32627a566d2b169976ec8b650627",
  "scenario": "head_on",
  "mode": "shadow",
  "source_counts": 763,
  "public_accepted": 763,
  "public_rejections": {},
  "source_epoch_monotonic": true,
  "schema_failures": 0,
  "complete_count": 763,
  "track_states": {
    "1": 160,
    "2": 603
  },
  "confirmed_observations": 603,
  "source_scan_pairs": 763,
  "source_tf_pairs": 762,
  "source_receipt_sim_s": {
    "count": 763,
    "p50": 0.023,
    "p95": 0.043,
    "min": 0.011,
    "max": 0.095
  },
  "source_processing_sim_s": {
    "count": 763,
    "p50": 0.012,
    "p95": 0.017,
    "min": 0.008,
    "max": 0.062
  },
  "processing_order_failures": 0,
  "display_cv_error_max_m": 0.0,
  "odom_count": 2520,
  "odom_receipt_sim_s": {
    "count": 2520,
    "p50": 0.001,
    "p95": 0.005,
    "min": 0.0,
    "max": 0.03
  },
  "measured_wz_abs": {
    "count": 2520,
    "p50": 0.0,
    "p95": 0.0,
    "min": 0.0,
    "max": 1.8499020566255242e-09
  },
  "measured_translation_speed": {
    "count": 2520,
    "p50": 0.0,
    "p95": 0.0,
    "min": 0.0,
    "max": 0.4097570543091018
  },
  "model_domain_rejections": {},
  "solver_s": {
    "count": 1000,
    "p50": 0.006764095000107773,
    "p95": 0.012639071451849304,
    "min": 6.35149990557693e-05,
    "max": 0.02630543999839574
  },
  "solver_feasible_count": 47,
  "solver_reasons": {
    "ContractError: missing plan/map/prediction": 221,
    "revalidated temporal QP": 45,
    "maximum iterations reached; trajectory rejected by hard checks": 3,
    "primal infeasible inaccurate": 1,
    "primal infeasible": 730
  },
  "native_health_reasons": {
    "missing TF/odom": 1,
    "missing proposal/state": 3,
    "proposal stale/rejected/generation": 951,
    "accepted_reanchored": 24,
    "reanchored trajectory rejected": 22
  },
  "native_executed_s": null,
  "native_executed_ready_count": 0,
  "oracle_same_epoch_pairs": 2520,
  "oracle_errors": {},
  "oracle_gap_s": {
    "count": 2519,
    "p50": 0.02,
    "p95": 0.02,
    "min": 0.02,
    "max": 0.02
  },
  "sampled_full_envelope_clearance_m": 0.47829554403146035,
  "diagnostic_sweep_lower_m": 0.42329554403146036,
  "diagnostic_point_speed_bound": 5.5,
  "physical_speed_bound_certified": false,
  "sampled_full_envelope_intersection": false,
  "actual_robot_contacts": 0,
  "actual_contact_message_count": 0,
  "action_success": false,
  "sensor_contract_gate": true,
  "measured_model_gate": true,
  "mpc_entry_gate": true,
  "oracle_sample_gate": true,
  "physical_acceptance": false,
  "false_block": null,
  "blocked_pair_reason": null
}
