[INFO] [1791091611.638179578] [controller_server]: 
	controller_server lifecycle node launched. 
	Waiting on external lifecycle transitions to activate
	See https://design.ros2.org/articles/node_lifecycle.html for more information.
[INFO] [1791091611.643481164] [controller_server]: Creating controller server
[INFO] [1791091611.654374660] [local_costmap.local_costmap]: 
	local_costmap lifecycle node launched. 
	Waiting on external lifecycle transitions to activate
	See https://design.ros2.org/articles/node_lifecycle.html for more information.
[INFO] [1791091611.655931376] [local_costmap.local_costmap]: Creating Costmap
[INFO] [1791091611.657599335] [controller_server]: Configuring controller interface
[INFO] [1791091611.657749597] [controller_server]: getting goal checker plugins..
[INFO] [1791091611.657785474] [controller_server]: Controller frequency set to 20.0000Hz
[INFO] [1791091611.657836637] [local_costmap.local_costmap]: Configuring
[INFO] [1791091611.664215069] [local_costmap.local_costmap]: Using plugin "static_layer"
[INFO] [1791091611.669717880] [local_costmap.local_costmap]: Subscribing to the map topic (/map) with transient local durability
[INFO] [1791091611.671490934] [local_costmap.local_costmap]: Initialized plugin "static_layer"
[INFO] [1791091611.671542912] [local_costmap.local_costmap]: Using plugin "stvl_layer"
[INFO] [1791091611.706433162] [local_costmap.local_costmap]: stvl_layer being initialized as SpatioTemporalVoxelLayer!
[INFO] [1791091611.706504650] [local_costmap.local_costmap]: stvl_layer's global frame is map.
[INFO] [1791091611.706915833] [local_costmap.local_costmap]: stvl_layer loaded parameters from parameter server.
[INFO] [1791091611.708023081] [local_costmap.local_costmap]: stvl_layer created underlying voxel grid.
[INFO] [1791091611.708527606] [local_costmap.local_costmap]: Voxel filter activated.
[INFO] [1791091611.711076775] [local_costmap.local_costmap]: Passthough filter activated.
[INFO] [1791091611.711875326] [local_costmap.local_costmap]: stvl_layer initialization complete!
[INFO] [1791091611.711909642] [local_costmap.local_costmap]: Initialized plugin "stvl_layer"
[INFO] [1791091611.711917477] [local_costmap.local_costmap]: Using plugin "inflation_layer"
[INFO] [1791091611.712306721] [local_costmap.local_costmap]: Initialized plugin "inflation_layer"
[INFO] [1791091611.717473762] [controller_server]: Created progress_checker : progress_checker of type nav2_controller::SimpleProgressChecker
[INFO] [1791091611.718000010] [controller_server]: Created goal checker : general_goal_checker of type nav2_controller::SimpleGoalChecker
[INFO] [1791091611.718115148] [controller_server]: Controller Server has general_goal_checker  goal checkers available.
[INFO] [1791091611.719050698] [controller_server]: Created controller : FollowPathMPPI of type nav2_mppi_controller::MPPIController
[INFO] [1791091611.719786992] [controller_server]: Controller period is equal to model dt. Control sequence shifting is ON
[INFO] [1791091611.720911285] [controller_server]: ConstraintCritic instantiated with 1 power and 4.000000 weight.
[INFO] [1791091611.720937572] [controller_server]: Critic loaded : mppi::critics::ConstraintCritic
[INFO] [1791091611.721178314] [controller_server]: InflationCostCritic instantiated with 1 power and 300.000000 / 0.015000 weights. Critic will collision check based on footprint cost.
[INFO] [1791091611.721190737] [controller_server]: Critic loaded : mppi::critics::CostCritic
[INFO] [1791091611.721304967] [controller_server]: GoalCritic instantiated with 1 power and 5.000000 weight.
[INFO] [1791091611.721314291] [controller_server]: Critic loaded : mppi::critics::GoalCritic
[INFO] [1791091611.721445345] [controller_server]: Critic loaded : mppi::critics::PathFollowCritic
[INFO] [1791091611.722068316] [controller_server]: Optimizer reset
[INFO] [1791091611.723841922] [MPPIController]: Configured MPPI Controller: FollowPathMPPI
[INFO] [1791091611.727791583] [controller_server]: Created controller : FollowPathTemporalMPC of type rm_temporal_mpc::Controller
[INFO] [1791091611.731957454] [controller_server]: Controller Server has FollowPathMPPI FollowPathTemporalMPC  controllers available.
[INFO] [1791091611.776963339] [controller_server]: Activating
[INFO] [1791091611.777053988] [local_costmap.local_costmap]: Activating
[INFO] [1791091611.777084323] [local_costmap.local_costmap]: Checking transform
[INFO] [1791091611.777136840] [local_costmap.local_costmap]: Timed out waiting for transform from base_link to map to become available, tf error: Invalid frame ID "map" passed to canTransform argument target_frame - frame does not exist
[INFO] [1791091612.277291223] [local_costmap.local_costmap]: Timed out waiting for transform from base_link to map to become available, tf error: Invalid frame ID "map" passed to canTransform argument target_frame - frame does not exist
[INFO] [1791091612.777202492] [local_costmap.local_costmap]: Timed out waiting for transform from base_link to map to become available, tf error: Invalid frame ID "base_link" passed to canTransform argument source_frame - frame does not exist
[INFO] [1791091613.277199606] [local_costmap.local_costmap]: Timed out waiting for transform from base_link to map to become available, tf error: Invalid frame ID "base_link" passed to canTransform argument source_frame - frame does not exist
[INFO] [1791091613.777220260] [local_costmap.local_costmap]: Timed out waiting for transform from base_link to map to become available, tf error: Could not find a connection between 'map' and 'base_link' because they are not part of the same tree.Tf has two or more unconnected trees.
[INFO] [1791091614.277198662] [local_costmap.local_costmap]: Timed out waiting for transform from base_link to map to become available, tf error: Could not find a connection between 'map' and 'base_link' because they are not part of the same tree.Tf has two or more unconnected trees.
[INFO] [1791091614.777173124] [local_costmap.local_costmap]: Timed out waiting for transform from base_link to map to become available, tf error: Could not find a connection between 'map' and 'base_link' because they are not part of the same tree.Tf has two or more unconnected trees.
[INFO] [1791091615.277194522] [local_costmap.local_costmap]: Timed out waiting for transform from base_link to map to become available, tf error: Could not find a connection between 'map' and 'base_link' because they are not part of the same tree.Tf has two or more unconnected trees.
[INFO] [1791091615.509981754] [local_costmap.local_costmap]: StaticLayer: Resizing static layer to 160 X 120 at 0.050000 m/pix
[INFO] [1791091615.777285590] [local_costmap.local_costmap]: start
[INFO] [1791091615.777354643] [local_costmap.local_costmap]: stvl_layer was activated.
[WARN] [1791091615.829331040] [controller_server]: Parameter controller_server.verbose not found
[INFO] [1791091615.830089223] [controller_server]: Optimizer reset
[INFO] [1791091615.830311567] [MPPIController]: Activated MPPI Controller: FollowPathMPPI
[INFO] [1791091615.830350912] [controller_server]: Creating bond (controller_server) to lifecycle manager.
[INFO] [1791091627.366863457] [controller_server]: Received a goal, begin computing control effort.
[INFO] [1791091627.367388786] [controller_server]: Optimizer reset
[INFO] [1791091665.517040269] [controller_server]: Goal was canceled. Stopping the robot.
[INFO] [1791091665.517112693] [controller_server]: [follow_path] [ActionServer] Client requested to cancel the goal. Cancelling.
[INFO] [1791091666.043774609] [rclcpp]: signal_handler(SIGINT/SIGTERM)
[INFO] [1791091666.043878049] [controller_server]: Running Nav2 LifecycleNode rcl preshutdown (controller_server)
[INFO] [1791091666.043981948] [controller_server]: Deactivating
[INFO] [1791091666.044038150] [MPPIController]: Deactivated MPPI Controller: FollowPathMPPI
[INFO] [1791091666.044073967] [local_costmap.local_costmap]: Deactivating
[INFO] [1791091666.044133547] [local_costmap.local_costmap]: stvl_layer was deactivated.
[INFO] [1791091666.077584686] [controller_server]: Destroying bond (controller_server) to lifecycle manager.
[INFO] [1791091666.087854303] [controller_server]: Cleaning up
[INFO] [1791091666.087964712] [MPPIController]: Cleaned up MPPI Controller: FollowPathMPPI
[INFO] [1791091666.088013405] [local_costmap.local_costmap]: Cleaning up
[INFO] [1791091666.096419871] [controller_server]: Destroying bond (controller_server) to lifecycle manager.
[INFO] [1791091666.101870587] [local_costmap.local_costmap]: Destroying
[INFO] [1791091666.105708341] [controller_server]: Destroying
