[INFO] [launch]: All log files can be found below /home/rmnav/.ros/log/2026-10-04-08-47-11-582311-c55919c61996-56
[INFO] [launch]: Default logging verbosity is set to INFO
[INFO] [ign gazebo-1]: process started with pid [196]
[INFO] [parameter_bridge-2]: process started with pid [198]
[INFO] [scan_frame_adapter-3]: process started with pid [201]
[INFO] [robot_state_publisher-4]: process started with pid [203]
[INFO] [lio_adapter-5]: process started with pid [205]
[INFO] [gimbal_state_adapter-6]: process started with pid [207]
[INFO] [imu_frame_adapter-7]: process started with pid [209]
[INFO] [static_transform_publisher-8]: process started with pid [211]
[INFO] [chassis_interface_stub-9]: process started with pid [213]
[scan_frame_adapter-3] [WARN] [1791103632.054228241] [scan_frame_adapter]: Simulation-only scan adapter: /simulation/scan_raw -> /scan with frame_id=sim_lidar_link. No TF is published.
[chassis_interface_stub-9] [WARN] [1791103632.059265299] [chassis_interface_stub]: Phase 1 chassis stub only: no TF, no odom, no nav goals, no real serial.
[lio_adapter-5] [WARN] [1791103632.070281239] [lio_adapter]: Canonical LIO adapter: adapting /simulation/ground_truth/odom to /odometry/lio through TF base_link->sensor with gimbal frame gimbal_yaw_link. raw_odom_parent_frame_mode=canonical_odom. twist_mode=passthrough. Real hardware still requires calibrated and timestamped gimbal yaw.
[gimbal_state_adapter-6] [WARN] [1791103632.071670610] [gimbal_state_adapter]: Phase 1 skeleton: publishing gimbal_yaw_joint on /joint_states. Real hardware must provide timestamped gimbal yaw before rotating-gimbal localization is accepted.
[imu_frame_adapter-7] [WARN] [1791103632.072838166] [imu_frame_adapter]: Phase 1 IMU frame adapter: /livox/lio_imu_raw -> /livox/lio_imu, output frame_id=lio_imu_link. This node only rewrites header.frame_id; it does not publish TF, filter IMU data, or modify measurements.
[static_transform_publisher-8] [INFO] [1791103632.073605324] [experiment_map_origin]: Spinning until stopped - publishing transform
[static_transform_publisher-8] translation: ('0.000000', '0.000000', '0.000000')
[static_transform_publisher-8] rotation: ('0.000000', '0.000000', '0.000000', '1.000000')
[static_transform_publisher-8] from 'map' to 'odom'
[robot_state_publisher-4] [INFO] [1791103632.078475925] [robot_state_publisher]: got segment base_imu_link
[robot_state_publisher-4] [INFO] [1791103632.078591970] [robot_state_publisher]: got segment base_link
[robot_state_publisher-4] [INFO] [1791103632.078605770] [robot_state_publisher]: got segment gimbal_yaw_link
[robot_state_publisher-4] [INFO] [1791103632.078613612] [robot_state_publisher]: got segment lio_imu_link
[robot_state_publisher-4] [INFO] [1791103632.078619653] [robot_state_publisher]: got segment mid360_left_frame
[robot_state_publisher-4] [INFO] [1791103632.078626373] [robot_state_publisher]: got segment mid360_right_frame
[robot_state_publisher-4] [INFO] [1791103632.078632781] [robot_state_publisher]: got segment sim_lidar_link
[parameter_bridge-2] Couldn't find a preferred IP via the getifaddrs() call; I'm assuming that your IP address is 127.0.0.1.  This should work for local processes, but will almost certainly not work if you have remote processes.Report to the disc-zmq development team to seek a fix.
[parameter_bridge-2] Couldn't find a preferred IP via the getifaddrs() call; I'm assuming that your IP address is 127.0.0.1.  This should work for local processes, but will almost certainly not work if you have remote processes.Report to the disc-zmq development team to seek a fix.
[parameter_bridge-2] Couldn't find a preferred IP via the getifaddrs() call; I'm assuming that your IP address is 127.0.0.1.  This should work for local processes, but will almost certainly not work if you have remote processes.Report to the disc-zmq development team to seek a fix.
[parameter_bridge-2] Couldn't find a preferred IP via the getifaddrs() call; I'm assuming that your IP address is 127.0.0.1.  This should work for local processes, but will almost certainly not work if you have remote processes.Report to the disc-zmq development team to seek a fix.
[ign gazebo-1] Couldn't find a preferred IP via the getifaddrs() call; I'm assuming that your IP address is 127.0.0.1.  This should work for local processes, but will almost certainly not work if you have remote processes.Report to the disc-zmq development team to seek a fix.
[ign gazebo-1] Couldn't find a preferred IP via the getifaddrs() call; I'm assuming that your IP address is 127.0.0.1.  This should work for local processes, but will almost certainly not work if you have remote processes.Report to the disc-zmq development team to seek a fix.
[ign gazebo-1] Couldn't find a preferred IP via the getifaddrs() call; I'm assuming that your IP address is 127.0.0.1.  This should work for local processes, but will almost certainly not work if you have remote processes.Report to the disc-zmq development team to seek a fix.
[ign gazebo-1] Couldn't find a preferred IP via the getifaddrs() call; I'm assuming that your IP address is 127.0.0.1.  This should work for local processes, but will almost certainly not work if you have remote processes.Report to the disc-zmq development team to seek a fix.
[parameter_bridge-2] [INFO] [1791103633.136872047] [simulation_bridge]: Creating GZ->ROS Bridge: [/clock (ignition.msgs.Clock) -> /clock (rosgraph_msgs/msg/Clock)] (Lazy 0)
[parameter_bridge-2] [INFO] [1791103633.140467137] [simulation_bridge]: Creating ROS->GZ Bridge: [/simulation/chassis/cmd_vel (geometry_msgs/msg/Twist) -> /model/rm_sentry_2027/cmd_vel (ignition.msgs.Twist)] (Lazy 0)
[parameter_bridge-2] [INFO] [1791103633.144243866] [simulation_bridge]: Creating GZ->ROS Bridge: [/model/rm_sentry_2027/odometry (ignition.msgs.Odometry) -> /simulation/ground_truth/odom (nav_msgs/msg/Odometry)] (Lazy 0)
[parameter_bridge-2] [INFO] [1791103633.147144959] [simulation_bridge]: Creating GZ->ROS Bridge: [/model/rm_sentry_2027/sim_lidar/scan (ignition.msgs.LaserScan) -> /simulation/scan_raw (sensor_msgs/msg/LaserScan)] (Lazy 0)
[parameter_bridge-2] [INFO] [1791103633.150460044] [simulation_bridge]: Creating ROS->GZ Bridge: [/simulation/moving_obstacle/target (std_msgs/msg/Float64) -> /simulation/moving_obstacle/gz_target (ignition.msgs.Double)] (Lazy 0)
[parameter_bridge-2] [INFO] [1791103633.152061349] [simulation_bridge]: Creating GZ->ROS Bridge: [/model/rm_sentry_2027/pose (ignition.msgs.Pose_V) -> /simulation/oracle/rm_sentry_2027 (tf2_msgs/msg/TFMessage)] (Lazy 0)
[parameter_bridge-2] [INFO] [1791103633.154247763] [simulation_bridge]: Creating GZ->ROS Bridge: [/model/moving_obstacle/pose (ignition.msgs.Pose_V) -> /simulation/oracle/moving_obstacle (tf2_msgs/msg/TFMessage)] (Lazy 0)
[parameter_bridge-2] [INFO] [1791103633.155423431] [simulation_bridge]: Creating GZ->ROS Bridge: [/world/phase1_omni/dynamic_pose/info (ignition.msgs.Pose_V) -> /simulation/oracle/world (tf2_msgs/msg/TFMessage)] (Lazy 0)
[parameter_bridge-2] [INFO] [1791103633.157061064] [simulation_bridge]: Creating GZ->ROS Bridge: [/simulation/oracle/contacts (ignition.msgs.Contacts) -> /simulation/oracle/contacts (ros_gz_interfaces/msg/Contacts)] (Lazy 0)
[parameter_bridge-2] [INFO] [1791103633.161105652] [simulation_bridge]: Passing message from ROS geometry_msgs/msg/Twist to Gazebo gz.msgs.Twist (showing msg only once per type)
[parameter_bridge-2] [INFO] [1791103633.161221449] [simulation_bridge]: Passing message from ROS std_msgs/msg/Float64 to Gazebo gz.msgs.Double (showing msg only once per type)
[scan_frame_adapter-3] [INFO] [1791103635.016559781] [scan_frame_adapter]: Gazebo raw scan frame_id is 'rm_sentry_2027/sim_lidar_link/phase1_planar_lidar'; canonical simulation frame is 'sim_lidar_link'.
[chassis_interface_stub-9] [INFO] [1791103636.047729171] [chassis_interface_stub]: Mock chassis packet vx=0.000 vy=0.000 wz=0.000
[chassis_interface_stub-9] [INFO] [1791103637.049268610] [chassis_interface_stub]: Mock chassis packet vx=0.000 vy=0.000 wz=0.000
[chassis_interface_stub-9] [INFO] [1791103638.099473577] [chassis_interface_stub]: Mock chassis packet vx=0.000 vy=0.000 wz=0.000
[chassis_interface_stub-9] [INFO] [1791103639.100250154] [chassis_interface_stub]: Mock chassis packet vx=0.000 vy=0.000 wz=0.000
[chassis_interface_stub-9] [INFO] [1791103640.148431845] [chassis_interface_stub]: Mock chassis packet vx=0.000 vy=0.000 wz=0.000
[chassis_interface_stub-9] [INFO] [1791103641.198002349] [chassis_interface_stub]: Mock chassis packet vx=0.000 vy=0.000 wz=0.000
[chassis_interface_stub-9] [INFO] [1791103642.199714081] [chassis_interface_stub]: Mock chassis packet vx=0.000 vy=0.000 wz=0.000
[chassis_interface_stub-9] [INFO] [1791103643.249961381] [chassis_interface_stub]: Mock chassis packet vx=0.000 vy=0.000 wz=0.000
[chassis_interface_stub-9] [INFO] [1791103644.298030394] [chassis_interface_stub]: Mock chassis packet vx=0.000 vy=0.000 wz=0.000
[chassis_interface_stub-9] [INFO] [1791103645.299694391] [chassis_interface_stub]: Mock chassis packet vx=0.000 vy=0.000 wz=0.000
[chassis_interface_stub-9] [INFO] [1791103646.347885436] [chassis_interface_stub]: Mock chassis packet vx=0.000 vy=0.000 wz=0.000
[chassis_interface_stub-9] [INFO] [1791103647.349871866] [chassis_interface_stub]: Mock chassis packet vx=0.000 vy=0.000 wz=0.000
[chassis_interface_stub-9] [INFO] [1791103648.398158261] [chassis_interface_stub]: Mock chassis packet vx=-0.000 vy=0.205 wz=0.000
[chassis_interface_stub-9] [INFO] [1791103649.399828755] [chassis_interface_stub]: Mock chassis packet vx=-0.000 vy=0.498 wz=0.000
[chassis_interface_stub-9] [INFO] [1791103650.399168646] [chassis_interface_stub]: Mock chassis packet vx=-0.000 vy=0.500 wz=0.000
[chassis_interface_stub-9] [INFO] [1791103651.399786227] [chassis_interface_stub]: Mock chassis packet vx=0.000 vy=0.500 wz=0.000
[chassis_interface_stub-9] [INFO] [1791103652.399743598] [chassis_interface_stub]: Mock chassis packet vx=0.000 vy=0.500 wz=0.000
[chassis_interface_stub-9] [INFO] [1791103653.399639585] [chassis_interface_stub]: Mock chassis packet vx=-0.000 vy=0.500 wz=0.000
[chassis_interface_stub-9] [INFO] [1791103654.449833541] [chassis_interface_stub]: Mock chassis packet vx=0.050 vy=0.348 wz=0.000
[chassis_interface_stub-9] [INFO] [1791103655.498355717] [chassis_interface_stub]: Mock chassis packet vx=0.513 vy=-0.164 wz=0.000
[chassis_interface_stub-9] [INFO] [1791103656.500236523] [chassis_interface_stub]: Mock chassis packet vx=0.686 vy=-0.496 wz=0.000
[chassis_interface_stub-9] [INFO] [1791103657.500187640] [chassis_interface_stub]: Mock chassis packet vx=0.725 vy=-0.500 wz=0.000
[chassis_interface_stub-9] [INFO] [1791103658.550265376] [chassis_interface_stub]: Mock chassis packet vx=0.603 vy=-0.188 wz=0.000
[chassis_interface_stub-9] [INFO] [1791103659.552888285] [chassis_interface_stub]: Mock chassis packet vx=0.000 vy=0.000 wz=0.000
[chassis_interface_stub-9] [INFO] [1791103660.602640504] [chassis_interface_stub]: Mock chassis packet vx=0.000 vy=0.000 wz=0.000
[chassis_interface_stub-9] [INFO] [1791103661.649663837] [chassis_interface_stub]: Mock chassis packet vx=0.000 vy=0.000 wz=0.000
[chassis_interface_stub-9] [INFO] [1791103662.698716828] [chassis_interface_stub]: Mock chassis packet vx=0.250 vy=-0.250 wz=0.000
[chassis_interface_stub-9] [INFO] [1791103663.750440518] [chassis_interface_stub]: Mock chassis packet vx=0.235 vy=-0.300 wz=0.000
[chassis_interface_stub-9] [INFO] [1791103664.752992215] [chassis_interface_stub]: Mock chassis packet vx=0.210 vy=-0.225 wz=0.000
[chassis_interface_stub-9] [INFO] [1791103665.752935721] [chassis_interface_stub]: Mock chassis packet vx=0.000 vy=0.000 wz=0.000
[chassis_interface_stub-9] [INFO] [1791103666.799821439] [chassis_interface_stub]: Mock chassis packet vx=0.000 vy=0.000 wz=0.000
[chassis_interface_stub-9] [INFO] [1791103667.802077267] [chassis_interface_stub]: Mock chassis packet vx=0.000 vy=0.000 wz=0.000
[chassis_interface_stub-9] [INFO] [1791103668.851539787] [chassis_interface_stub]: Mock chassis packet vx=0.000 vy=0.000 wz=0.000
[chassis_interface_stub-9] [INFO] [1791103669.852198429] [chassis_interface_stub]: Mock chassis packet vx=0.000 vy=0.000 wz=0.000
[chassis_interface_stub-9] [INFO] [1791103670.852316245] [chassis_interface_stub]: Mock chassis packet vx=0.000 vy=0.000 wz=0.000
[chassis_interface_stub-9] [INFO] [1791103671.853361652] [chassis_interface_stub]: Mock chassis packet vx=0.000 vy=0.000 wz=0.000
[chassis_interface_stub-9] [INFO] [1791103672.900502698] [chassis_interface_stub]: Mock chassis packet vx=0.000 vy=0.000 wz=0.000
[chassis_interface_stub-9] [INFO] [1791103673.950333874] [chassis_interface_stub]: Mock chassis packet vx=0.000 vy=0.000 wz=0.000
[chassis_interface_stub-9] [INFO] [1791103674.950235248] [chassis_interface_stub]: Mock chassis packet vx=0.000 vy=0.000 wz=0.000
[chassis_interface_stub-9] [INFO] [1791103676.003400967] [chassis_interface_stub]: Mock chassis packet vx=0.000 vy=0.000 wz=0.000
[chassis_interface_stub-9] [INFO] [1791103677.050419657] [chassis_interface_stub]: Mock chassis packet vx=0.000 vy=0.000 wz=0.000
[chassis_interface_stub-9] [INFO] [1791103678.050322603] [chassis_interface_stub]: Mock chassis packet vx=0.000 vy=0.000 wz=0.000
[chassis_interface_stub-9] [INFO] [1791103679.053510451] [chassis_interface_stub]: Mock chassis packet vx=0.000 vy=0.000 wz=0.000
[chassis_interface_stub-9] [INFO] [1791103680.100494666] [chassis_interface_stub]: Mock chassis packet vx=0.000 vy=0.000 wz=0.000
[chassis_interface_stub-9] [INFO] [1791103681.103142802] [chassis_interface_stub]: Mock chassis packet vx=0.000 vy=0.000 wz=0.000
[chassis_interface_stub-9] [INFO] [1791103682.152816346] [chassis_interface_stub]: Mock chassis packet vx=0.000 vy=0.000 wz=0.000
[chassis_interface_stub-9] [INFO] [1791103683.153771567] [chassis_interface_stub]: Mock chassis packet vx=0.000 vy=0.000 wz=0.000
[chassis_interface_stub-9] [INFO] [1791103684.153556154] [chassis_interface_stub]: Mock chassis packet vx=0.000 vy=0.000 wz=0.000
[chassis_interface_stub-9] [INFO] [1791103685.203382525] [chassis_interface_stub]: Mock chassis packet vx=0.000 vy=0.000 wz=0.000
[chassis_interface_stub-9] [INFO] [1791103685.602089063] [rclcpp]: signal_handler(SIGINT/SIGTERM)
[lio_adapter-5] [INFO] [1791103685.602102280] [rclcpp]: signal_handler(SIGINT/SIGTERM)
[static_transform_publisher-8] [INFO] [1791103685.602104013] [rclcpp]: signal_handler(SIGINT/SIGTERM)
[robot_state_publisher-4] [INFO] [1791103685.602111507] [rclcpp]: signal_handler(SIGINT/SIGTERM)
[gimbal_state_adapter-6] [INFO] [1791103685.602110532] [rclcpp]: signal_handler(SIGINT/SIGTERM)
[scan_frame_adapter-3] [INFO] [1791103685.602120692] [rclcpp]: signal_handler(SIGINT/SIGTERM)
[imu_frame_adapter-7] [INFO] [1791103685.602119597] [rclcpp]: signal_handler(SIGINT/SIGTERM)
[parameter_bridge-2] [INFO] [1791103685.602132589] [rclcpp]: signal_handler(SIGINT/SIGTERM)
[INFO] [ign gazebo-1]: process has finished cleanly [pid 196]
[INFO] [parameter_bridge-2]: process has finished cleanly [pid 198]
[INFO] [chassis_interface_stub-9]: process has finished cleanly [pid 213]
[INFO] [gimbal_state_adapter-6]: process has finished cleanly [pid 207]
[INFO] [static_transform_publisher-8]: process has finished cleanly [pid 211]
[INFO] [scan_frame_adapter-3]: process has finished cleanly [pid 201]
[INFO] [lio_adapter-5]: process has finished cleanly [pid 205]
[INFO] [imu_frame_adapter-7]: process has finished cleanly [pid 209]
[INFO] [robot_state_publisher-4]: process has finished cleanly [pid 203]
