[INFO] [1790762872.388689680] [costmap]: 
	costmap lifecycle node launched. 
	Waiting on external lifecycle transitions to activate
	See https://design.ros2.org/articles/node_lifecycle.html for more information.
[INFO] [1790762872.389135080] [costmap]: Creating Costmap
[INFO] [1790762872.389238288] [costmap]: Configuring
[INFO] [1790762872.390815355] [costmap]: Using plugin "obstacle_layer"
[INFO] [1790762872.392492891] [costmap]: Subscribed to Topics: scan
[INFO] [1790762872.393294154] [costmap]: Initialized plugin "obstacle_layer"
[INFO] [1790762872.393306055] [costmap]: Using plugin "inflation_layer"
[INFO] [1790762872.393453407] [costmap]: Initialized plugin "inflation_layer"
[INFO] [1790762872.397455856] [frozen_replay]: Controller period is equal to model dt. Control sequence shifting is ON
[INFO] [1790762872.398126149] [frozen_replay]: ConstraintCritic instantiated with 1 power and 4.000000 weight.
[INFO] [1790762872.398142095] [frozen_replay]: Critic loaded : mppi::critics::ConstraintCritic
[INFO] [1790762872.398209242] [frozen_replay]: InflationCostCritic instantiated with 1 power and 300.000000 / 0.015000 weights. Critic will collision check based on footprint cost.
[INFO] [1790762872.398217828] [frozen_replay]: Critic loaded : mppi::critics::CostCritic
[INFO] [1790762872.398252608] [frozen_replay]: GoalCritic instantiated with 1 power and 5.000000 weight.
[INFO] [1790762872.398263057] [frozen_replay]: Critic loaded : mppi::critics::GoalCritic
[INFO] [1790762872.398296821] [frozen_replay]: GoalAngleCritic instantiated with 1 power, 3.000000 weight, and 0.500000 angular threshold.
[INFO] [1790762872.398302291] [frozen_replay]: Critic loaded : mppi::critics::GoalAngleCritic
[INFO] [1790762872.398344329] [frozen_replay]: Critic loaded : mppi::critics::PathFollowCritic
[INFO] [1790762872.398403829] [frozen_replay]: PathAngleCritic instantiated with 1 power and 2.000000 weight. Reversing allowed.
[INFO] [1790762872.398409061] [frozen_replay]: Critic loaded : mppi::critics::PathAngleCritic
[INFO] [1790762872.402114798] [frozen_replay]: Optimizer reset
[INFO] [1790762872.420044166] [costmap]: Cleaning up
[INFO] [1790762872.420972577] [costmap]: Running Nav2 LifecycleNode rcl preshutdown (costmap)
[INFO] [1790762872.421025492] [costmap]: Destroying bond (costmap) to lifecycle manager.
[INFO] [1790762872.421209137] [costmap]: Destroying
score_eval_ms=16.1724
