[INFO] [1791085140.277809881] [controller_server]: 
	controller_server lifecycle node launched. 
	Waiting on external lifecycle transitions to activate
	See https://design.ros2.org/articles/node_lifecycle.html for more information.
[INFO] [1791085140.282756872] [controller_server]: Creating controller server
[INFO] [1791085140.288438031] [local_costmap.local_costmap]: 
	local_costmap lifecycle node launched. 
	Waiting on external lifecycle transitions to activate
	See https://design.ros2.org/articles/node_lifecycle.html for more information.
[INFO] [1791085140.289132852] [local_costmap.local_costmap]: Creating Costmap
[INFO] [1791085140.325376334] [controller_server]: Configuring controller interface
[INFO] [1791085140.325473741] [controller_server]: getting goal checker plugins..
[INFO] [1791085140.325488519] [controller_server]: Controller frequency set to 20.0000Hz
[INFO] [1791085140.325510172] [local_costmap.local_costmap]: Configuring
[INFO] [1791085140.328619246] [local_costmap.local_costmap]: Using plugin "static_layer"
[INFO] [1791085140.331624812] [local_costmap.local_costmap]: Subscribing to the map topic (/map) with transient local durability
[INFO] [1791085140.332517352] [local_costmap.local_costmap]: Initialized plugin "static_layer"
[INFO] [1791085140.332543277] [local_costmap.local_costmap]: Using plugin "stvl_layer"
[INFO] [1791085140.363856640] [local_costmap.local_costmap]: stvl_layer being initialized as SpatioTemporalVoxelLayer!
[INFO] [1791085140.363922197] [local_costmap.local_costmap]: stvl_layer's global frame is map.
[INFO] [1791085140.364408162] [local_costmap.local_costmap]: stvl_layer loaded parameters from parameter server.
[INFO] [1791085140.365417561] [local_costmap.local_costmap]: stvl_layer created underlying voxel grid.
[INFO] [1791085140.365908067] [local_costmap.local_costmap]: Voxel filter activated.
[INFO] [1791085140.369116714] [local_costmap.local_costmap]: Passthough filter activated.
[INFO] [1791085140.370371247] [local_costmap.local_costmap]: stvl_layer initialization complete!
[INFO] [1791085140.370404131] [local_costmap.local_costmap]: Initialized plugin "stvl_layer"
[INFO] [1791085140.370412781] [local_costmap.local_costmap]: Using plugin "inflation_layer"
[INFO] [1791085140.370769138] [local_costmap.local_costmap]: Initialized plugin "inflation_layer"
[INFO] [1791085140.379428264] [controller_server]: Created progress_checker : progress_checker of type nav2_controller::SimpleProgressChecker
[INFO] [1791085140.379945742] [controller_server]: Created goal checker : general_goal_checker of type nav2_controller::SimpleGoalChecker
[INFO] [1791085140.380365700] [controller_server]: Controller Server has general_goal_checker  goal checkers available.
[INFO] [1791085140.381347024] [controller_server]: Created controller : FollowPathMPPI of type nav2_mppi_controller::MPPIController
[INFO] [1791085140.381824858] [controller_server]: Controller period is equal to model dt. Control sequence shifting is ON
[INFO] [1791085140.382907841] [controller_server]: ConstraintCritic instantiated with 1 power and 4.000000 weight.
[INFO] [1791085140.382934999] [controller_server]: Critic loaded : mppi::critics::ConstraintCritic
[INFO] [1791085140.383183125] [controller_server]: InflationCostCritic instantiated with 1 power and 300.000000 / 0.015000 weights. Critic will collision check based on footprint cost.
[INFO] [1791085140.383196663] [controller_server]: Critic loaded : mppi::critics::CostCritic
[INFO] [1791085140.383310975] [controller_server]: GoalCritic instantiated with 1 power and 5.000000 weight.
[INFO] [1791085140.383323659] [controller_server]: Critic loaded : mppi::critics::GoalCritic
[INFO] [1791085140.383525251] [controller_server]: Critic loaded : mppi::critics::PathFollowCritic
[INFO] [1791085140.384389431] [controller_server]: Optimizer reset
[INFO] [1791085140.386357943] [MPPIController]: Configured MPPI Controller: FollowPathMPPI
[INFO] [1791085140.390209190] [controller_server]: Created controller : FollowPathTemporalMPC of type rm_temporal_mpc::Controller
[INFO] [1791085140.393840845] [controller_server]: Controller Server has FollowPathMPPI FollowPathTemporalMPC  controllers available.
[INFO] [1791085140.424385536] [controller_server]: Activating
[INFO] [1791085140.424472473] [local_costmap.local_costmap]: Activating
[INFO] [1791085140.424500164] [local_costmap.local_costmap]: Checking transform
[INFO] [1791085140.424545725] [local_costmap.local_costmap]: Timed out waiting for transform from base_link to map to become available, tf error: Invalid frame ID "map" passed to canTransform argument target_frame - frame does not exist
[INFO] [1791085140.924602544] [local_costmap.local_costmap]: Timed out waiting for transform from base_link to map to become available, tf error: Invalid frame ID "map" passed to canTransform argument target_frame - frame does not exist
[INFO] [1791085141.424632080] [local_costmap.local_costmap]: Timed out waiting for transform from base_link to map to become available, tf error: Could not find a connection between 'map' and 'base_link' because they are not part of the same tree.Tf has two or more unconnected trees.
[INFO] [1791085141.924686023] [local_costmap.local_costmap]: Timed out waiting for transform from base_link to map to become available, tf error: Could not find a connection between 'map' and 'base_link' because they are not part of the same tree.Tf has two or more unconnected trees.
[INFO] [1791085142.424604935] [local_costmap.local_costmap]: Timed out waiting for transform from base_link to map to become available, tf error: Could not find a connection between 'map' and 'base_link' because they are not part of the same tree.Tf has two or more unconnected trees.
[INFO] [1791085142.924605672] [local_costmap.local_costmap]: Timed out waiting for transform from base_link to map to become available, tf error: Could not find a connection between 'map' and 'base_link' because they are not part of the same tree.Tf has two or more unconnected trees.
[INFO] [1791085143.424602351] [local_costmap.local_costmap]: Timed out waiting for transform from base_link to map to become available, tf error: Could not find a connection between 'map' and 'base_link' because they are not part of the same tree.Tf has two or more unconnected trees.
[INFO] [1791085143.924595150] [local_costmap.local_costmap]: Timed out waiting for transform from base_link to map to become available, tf error: Could not find a connection between 'map' and 'base_link' because they are not part of the same tree.Tf has two or more unconnected trees.
[INFO] [1791085144.025678301] [local_costmap.local_costmap]: StaticLayer: Resizing static layer to 160 X 120 at 0.050000 m/pix
[INFO] [1791085144.424684869] [local_costmap.local_costmap]: start
[INFO] [1791085144.424741426] [local_costmap.local_costmap]: stvl_layer was activated.
[WARN] [1791085144.476258112] [controller_server]: Parameter controller_server.verbose not found
[INFO] [1791085144.476690486] [controller_server]: Optimizer reset
[INFO] [1791085144.476815495] [MPPIController]: Activated MPPI Controller: FollowPathMPPI
[INFO] [1791085144.476833685] [controller_server]: Creating bond (controller_server) to lifecycle manager.
[INFO] [1791085156.092848002] [controller_server]: Received a goal, begin computing control effort.
[INFO] [1791085156.093762368] [controller_server]: Optimizer reset
[INFO] [1791085193.943073665] [controller_server]: Goal was canceled. Stopping the robot.
[INFO] [1791085193.943160471] [controller_server]: [follow_path] [ActionServer] Client requested to cancel the goal. Cancelling.
[WARN] [1791085194.674832009] [local_costmap.local_costmap]: /simulation/scan_points buffer updated in 0.25s, it should be updated every 0.20s.
[WARN] [1791085194.724832828] [local_costmap.local_costmap]: /simulation/scan_points buffer updated in 0.30s, it should be updated every 0.20s.
[WARN] [1791085194.774843323] [local_costmap.local_costmap]: /simulation/scan_points buffer updated in 0.35s, it should be updated every 0.20s.
[WARN] [1791085194.824804161] [local_costmap.local_costmap]: /simulation/scan_points buffer updated in 0.40s, it should be updated every 0.20s.
[WARN] [1791085194.874854244] [local_costmap.local_costmap]: /simulation/scan_points buffer updated in 0.45s, it should be updated every 0.20s.
[WARN] [1791085194.924853433] [local_costmap.local_costmap]: /simulation/scan_points buffer updated in 0.50s, it should be updated every 0.20s.
[WARN] [1791085194.974853277] [local_costmap.local_costmap]: /simulation/scan_points buffer updated in 0.55s, it should be updated every 0.20s.
