{
  "physical_sources_identical": true,
  "current_sources_match_physical_snapshot": false,
  "postrun_source_differences": {
    "experiments/temporal_mpc/gazebo/README.md": {
      "physical": "19178eb28cfe950bcb4857f9b93dec84fc89bb288f6e71dd9681a5d5d275d0a5",
      "current": "a06d339dd709604b9b54e8b2245012b3e14944e07d101b560ff2962e3120169f"
    },
    "experiments/temporal_mpc/README.md": {
      "physical": "6625e1b5825ddb2c93c5032850c31efa05091b538fea7a50149c92325735207c",
      "current": "a52ca887a32691b5534b40eee940d715676282514a9f2a98700d31d5695bc0bb"
    }
  },
  "current_runtime_sources_match_physical_snapshot": true,
  "same_prestart_binaries_and_dependencies": true,
  "all_identities_prestart": true,
  "nav2_engineering_binaries_and_dependencies_match_physical": true,
  "control_core_unchanged_since_ca89b527": true,
  "native_validate_body_unchanged_since_ca89b527": true,
  "current_branch": "experiment/temporal-mpc-main-20261004",
  "main_base": "d735ee12bd950dca0e691cdf2f2c61f35cef8ffc",
  "formal_src_diff": "",
  "post_physics_runtime_changes": false,
  "scope": "Timing instrumentation changes worker/native request and health reporting; valid request gates and control core remain equivalent. Invalid stamp diagnostics now retain nullable identity instead of restamping after catch. Same physical run sources/binaries/dependencies, no tuning or physical reruns. Post-run documentation may differ from snapshots."
}
original state preserved True
