{
  "checked_native_records": 26,
  "worker_input_joins": 26,
  "missing": {},
  "errors": [],
  "executed_dynamic_factorials": [],
  "actual_native_margins_match": true,
  "worker_solver_s": {
    "count": 1001,
    "p50": 0.0001378599990857765,
    "p95": 0.000302475003991276,
    "min": 0.0,
    "max": 0.0056174530036514625
  },
  "worker_iterations_max": 400,
  "portfolio_choices": {},
  "portfolio_attempts": {},
  "portfolio_max_attempts": 0,
  "portfolio_diagnostic_count": 0,
  "portfolio_feasible_count": 0,
  "accepted_portfolio_budget_gate": null,
  "scope": "Exact recorded input joins. Four dynamic-margin counterfactuals at one native epoch; no backdating stale predictions, no execution/physical certificate, no unique additive causal attribution.",
  "dynamic_acceptance": false
}
