{
  "goal": [
    8.5,
    0.0
  ],
  "goal_tolerance_m": 0.15,
  "current_public_source": {
    "samples": 610,
    "nonempty_samples": 610,
    "point_excluded": 0,
    "entire_goal_disk_excluded": 0,
    "point_slack_m": {
      "count": 610,
      "p50": 5.228826601406967,
      "p95": 5.230968731949159,
      "min": 1.7301670739199349,
      "max": 5.232842184637493
    },
    "goal_disk_upper_slack_m": {
      "count": 610,
      "p50": 5.378826601406967,
      "p95": 5.380968731949159,
      "min": 1.8801670739199348,
      "max": 5.382842184637493
    }
  },
  "native_exact_epochs": {
    "samples": 26,
    "nonempty_samples": 26,
    "point_excluded": 0,
    "entire_goal_disk_excluded": 0,
    "point_slack_m": {
      "count": 26,
      "p50": 3.5856577504990508,
      "p95": 3.8630536945863114,
      "min": 3.2602270263579425,
      "max": 3.8939751736832817
    },
    "goal_disk_upper_slack_m": {
      "count": 26,
      "p50": 3.7356577504990507,
      "p95": 4.013053694586311,
      "min": 3.4102270263579424,
      "max": 4.043975173683282
    }
  },
  "public_receipt_rejections": {},
  "diagnostic_missing_inputs": {},
  "native_constraint_counts": {
    "input": 782,
    "accepted": 10,
    "dynamic_clearance": 16
  },
  "actual_executed_rejections": [],
  "worker_postsolve_modes": {
    "route": 779,
    "shift": 26
  },
  "worker_reasons": {
    "ContractError: missing plan/map/prediction": 59,
    "revalidated temporal QP": 26,
    "primal infeasible": 720
  },
  "native_current_section_exists": 26,
  "native_preference_no_target_but_current_cut_exists": 0,
  "input_sha256": {
    "events.jsonl": "122fab77e604089521e970a0e6e804d6458960596105f58ad49b7e4af8cb0d16",
    "scene/nav2.yaml": "12abb65f4a5bf02ba52a644e1269b062745b67104dc0618a9b09866336c38cd0"
  },
  "scope": "Recorded current model only. Source rows use source epoch (no double coast); native rows use exact recorded evaluation/prediction. Disk upper bound proves sampled-epoch exclusion only. Free section is not a temporal route. Preference does not reconstruct latch. No oracle, geometry changes, continuous-time infeasibility or physical safety proof.",
  "dynamic_acceptance": false
}
