{
  "checked_native_records": 26,
  "worker_input_joins": 26,
  "missing": {},
  "errors": [],
  "executed_dynamic_factorials": [],
  "shadow_dynamic_factorials": [
    {
      "evaluation_ns": 13569000000,
      "proposal_ns": 13519000000,
      "worker_source_ns": 13465000000,
      "native_source_ns": 13531000000,
      "measured_state_delta": [
        0.007364659168547133,
        -0.0002988855977756657,
        1.1640751859803106e-12,
        0.05566995787697078,
        -0.00018340693670341416,
        -2.5054761679964263e-11
      ],
      "recorded_native_constraint": "dynamic_clearance",
      "recorded_step": 28,
      "recorded_track_id": 1,
      "recorded_slack_m": -0.005322373535241249,
      "cases": {
        "worker_state__worker_prediction": {
          "at_recorded_track_step_m": 0.09067395595510158,
          "hypothetical_full_min_m": 0.04087953604166788,
          "hypothetical_full_min_step": 30,
          "hypothetical_full_min_track": 1
        },
        "worker_state__native_prediction": {
          "at_recorded_track_step_m": 0.07757356674209512,
          "hypothetical_full_min_m": 0.027224570619539958,
          "hypothetical_full_min_step": 30,
          "hypothetical_full_min_track": 1
        },
        "native_state__worker_prediction": {
          "at_recorded_track_step_m": 0.0077773374760248745,
          "hypothetical_full_min_m": -0.04200937312016911,
          "hypothetical_full_min_step": 30,
          "hypothetical_full_min_track": 1
        },
        "native_state__native_prediction": {
          "at_recorded_track_step_m": -0.005322373535241249,
          "hypothetical_full_min_m": -0.055663505990827936,
          "hypothetical_full_min_step": 30,
          "hypothetical_full_min_track": 1
        }
      },
      "worker_original_dynamic_min_m": 0.0807578380909571,
      "worker_constraint_min": 0.0,
      "executed": false
    },
    {
      "evaluation_ns": 13619000000,
      "proposal_ns": 13569000000,
      "worker_source_ns": 13531000000,
      "native_source_ns": 13597000000,
      "measured_state_delta": [
        0.005995568564038699,
        -0.00015711151273911715,
        -7.675332753632154e-13,
        -0.004641201319315558,
        0.004677640794234038,
        -8.682435044745721e-11
      ],
      "recorded_native_constraint": "dynamic_clearance",
      "recorded_step": 30,
      "recorded_track_id": 1,
      "recorded_slack_m": -0.019883982276480004,
      "cases": {
        "worker_state__worker_prediction": {
          "at_recorded_track_step_m": -0.0185867727553737,
          "hypothetical_full_min_m": -0.0185867727553737,
          "hypothetical_full_min_step": 30,
          "hypothetical_full_min_track": 1
        },
        "worker_state__native_prediction": {
          "at_recorded_track_step_m": -0.01982500461571954,
          "hypothetical_full_min_m": -0.01982500461571954,
          "hypothetical_full_min_step": 30,
          "hypothetical_full_min_track": 1
        },
        "native_state__worker_prediction": {
          "at_recorded_track_step_m": -0.018647172772032778,
          "hypothetical_full_min_m": -0.018647172772032778,
          "hypothetical_full_min_step": 30,
          "hypothetical_full_min_track": 1
        },
        "native_state__native_prediction": {
          "at_recorded_track_step_m": -0.019883982276480004,
          "hypothetical_full_min_m": -0.019883982276480004,
          "hypothetical_full_min_step": 30,
          "hypothetical_full_min_track": 1
        }
      },
      "worker_original_dynamic_min_m": 0.027689643944160493,
      "worker_constraint_min": 0.0,
      "executed": false
    },
    {
      "evaluation_ns": 13719000000,
      "proposal_ns": 13669000000,
      "worker_source_ns": 13597000000,
      "native_source_ns": 13663000000,
      "measured_state_delta": [
        0.002069570062812911,
        -3.2986851097871472e-15,
        -6.741410752798136e-13,
        -0.024600134748058514,
        -1.5941827437098496e-15,
        1.663968509963039e-11
      ],
      "recorded_native_constraint": "dynamic_clearance",
      "recorded_step": 30,
      "recorded_track_id": 1,
      "recorded_slack_m": -0.009371144996638384,
      "cases": {
        "worker_state__worker_prediction": {
          "at_recorded_track_step_m": -0.03598142372341215,
          "hypothetical_full_min_m": -0.03598142372341215,
          "hypothetical_full_min_step": 30,
          "hypothetical_full_min_track": 1
        },
        "worker_state__native_prediction": {
          "at_recorded_track_step_m": -0.040466200966084886,
          "hypothetical_full_min_m": -0.040466200966084886,
          "hypothetical_full_min_step": 30,
          "hypothetical_full_min_track": 1
        },
        "native_state__worker_prediction": {
          "at_recorded_track_step_m": -0.004886240216790384,
          "hypothetical_full_min_m": -0.004886240216790384,
          "hypothetical_full_min_step": 30,
          "hypothetical_full_min_track": 1
        },
        "native_state__native_prediction": {
          "at_recorded_track_step_m": -0.009371144996638384,
          "hypothetical_full_min_m": -0.009371144996638384,
          "hypothetical_full_min_step": 30,
          "hypothetical_full_min_track": 1
        }
      },
      "worker_original_dynamic_min_m": 0.0078471541017451,
      "worker_constraint_min": 0.0,
      "executed": false
    },
    {
      "evaluation_ns": 13819000000,
      "proposal_ns": 13769000000,
      "worker_source_ns": 13663000000,
      "native_source_ns": 13795000000,
      "measured_state_delta": [
        0.0,
        0.0,
        2.2855895764009115e-20,
        0.0,
        0.0,
        0.0
      ],
      "recorded_native_constraint": "dynamic_clearance",
      "recorded_step": 29,
      "recorded_track_id": 1,
      "recorded_slack_m": -0.02024489253393989,
      "cases": {
        "worker_state__worker_prediction": {
          "at_recorded_track_step_m": -0.010678761290407904,
          "hypothetical_full_min_m": -0.03613793506703111,
          "hypothetical_full_min_step": 30,
          "hypothetical_full_min_track": 1
        },
        "worker_state__native_prediction": {
          "at_recorded_track_step_m": -0.02024489253393989,
          "hypothetical_full_min_m": -0.04594476162051274,
          "hypothetical_full_min_step": 30,
          "hypothetical_full_min_track": 1
        },
        "native_state__worker_prediction": {
          "at_recorded_track_step_m": -0.010678761290407904,
          "hypothetical_full_min_m": -0.03613793506703111,
          "hypothetical_full_min_step": 30,
          "hypothetical_full_min_track": 1
        },
        "native_state__native_prediction": {
          "at_recorded_track_step_m": -0.02024489253393989,
          "hypothetical_full_min_m": -0.04594476162051274,
          "hypothetical_full_min_step": 30,
          "hypothetical_full_min_track": 1
        }
      },
      "worker_original_dynamic_min_m": 0.007838584113747264,
      "worker_constraint_min": 5.551115123125783e-17,
      "executed": false
    },
    {
      "evaluation_ns": 13869000000,
      "proposal_ns": 13819000000,
      "worker_source_ns": 13795000000,
      "native_source_ns": 13795000000,
      "measured_state_delta": [
        0.0,
        0.0,
        2.2855895764009115e-20,
        0.0,
        0.0,
        0.0
      ],
      "recorded_native_constraint": "dynamic_clearance",
      "recorded_step": 29,
      "recorded_track_id": 1,
      "recorded_slack_m": -0.01633107118455444,
      "cases": {
        "worker_state__worker_prediction": {
          "at_recorded_track_step_m": -0.01633107118455444,
          "hypothetical_full_min_m": -0.042031130963452776,
          "hypothetical_full_min_step": 30,
          "hypothetical_full_min_track": 1
        },
        "worker_state__native_prediction": {
          "at_recorded_track_step_m": -0.01633107118455444,
          "hypothetical_full_min_m": -0.042031130963452776,
          "hypothetical_full_min_step": 30,
          "hypothetical_full_min_track": 1
        },
        "native_state__worker_prediction": {
          "at_recorded_track_step_m": -0.01633107118455444,
          "hypothetical_full_min_m": -0.042031130963452776,
          "hypothetical_full_min_step": 30,
          "hypothetical_full_min_track": 1
        },
        "native_state__native_prediction": {
          "at_recorded_track_step_m": -0.01633107118455444,
          "hypothetical_full_min_m": -0.042031130963452776,
          "hypothetical_full_min_step": 30,
          "hypothetical_full_min_track": 1
        }
      },
      "worker_original_dynamic_min_m": 0.0077857049622339775,
      "worker_constraint_min": -1.1102230246251565e-16,
      "executed": false
    },
    {
      "evaluation_ns": 13919000000,
      "proposal_ns": 13869000000,
      "worker_source_ns": 13795000000,
      "native_source_ns": 13861000000,
      "measured_state_delta": [
        0.0,
        0.0,
        2.2855895764009115e-20,
        0.0,
        0.0,
        0.0
      ],
      "recorded_native_constraint": "dynamic_clearance",
      "recorded_step": 29,
      "recorded_track_id": 1,
      "recorded_slack_m": -0.02065816777095812,
      "cases": {
        "worker_state__worker_prediction": {
          "at_recorded_track_step_m": -0.020439081986595702,
          "hypothetical_full_min_m": -0.046138989854348375,
          "hypothetical_full_min_step": 30,
          "hypothetical_full_min_track": 1
        },
        "worker_state__native_prediction": {
          "at_recorded_track_step_m": -0.020658167770957896,
          "hypothetical_full_min_m": -0.04642051773229276,
          "hypothetical_full_min_step": 30,
          "hypothetical_full_min_track": 1
        },
        "native_state__worker_prediction": {
          "at_recorded_track_step_m": -0.020439081986595702,
          "hypothetical_full_min_m": -0.046138989854348375,
          "hypothetical_full_min_step": 30,
          "hypothetical_full_min_track": 1
        },
        "native_state__native_prediction": {
          "at_recorded_track_step_m": -0.020658167770957896,
          "hypothetical_full_min_m": -0.04642051773229276,
          "hypothetical_full_min_step": 30,
          "hypothetical_full_min_track": 1
        }
      },
      "worker_original_dynamic_min_m": 0.007780969589749623,
      "worker_constraint_min": -1.1102230246251565e-16,
      "executed": false
    },
    {
      "evaluation_ns": 13969000000,
      "proposal_ns": 13919000000,
      "worker_source_ns": 13861000000,
      "native_source_ns": 13927000000,
      "measured_state_delta": [
        0.0,
        0.0,
        2.2855895764009115e-20,
        0.0,
        0.0,
        0.0
      ],
      "recorded_native_constraint": "dynamic_clearance",
      "recorded_step": 29,
      "recorded_track_id": 1,
      "recorded_slack_m": -0.024973915897888162,
      "cases": {
        "worker_state__worker_prediction": {
          "at_recorded_track_step_m": -0.024586050802222464,
          "hypothetical_full_min_m": -0.050348256073932826,
          "hypothetical_full_min_step": 30,
          "hypothetical_full_min_track": 1
        },
        "worker_state__native_prediction": {
          "at_recorded_track_step_m": -0.024973915897888162,
          "hypothetical_full_min_m": -0.050772511712249335,
          "hypothetical_full_min_step": 30,
          "hypothetical_full_min_track": 1
        },
        "native_state__worker_prediction": {
          "at_recorded_track_step_m": -0.024586050802222464,
          "hypothetical_full_min_m": -0.050348256073932826,
          "hypothetical_full_min_step": 30,
          "hypothetical_full_min_track": 1
        },
        "native_state__native_prediction": {
          "at_recorded_track_step_m": -0.024973915897888162,
          "hypothetical_full_min_m": -0.050772511712249335,
          "hypothetical_full_min_step": 30,
          "hypothetical_full_min_track": 1
        }
      },
      "worker_original_dynamic_min_m": 0.007784262884969542,
      "worker_constraint_min": -2.220446049250313e-16,
      "executed": false
    },
    {
      "evaluation_ns": 14019000000,
      "proposal_ns": 13969000000,
      "worker_source_ns": 13927000000,
      "native_source_ns": 13993000000,
      "measured_state_delta": [
        0.0,
        0.0,
        2.2855895764009115e-20,
        0.0,
        0.0,
        0.0
      ],
      "recorded_native_constraint": "dynamic_clearance",
      "recorded_step": 29,
      "recorded_track_id": 1,
      "recorded_slack_m": -0.025399644832445386,
      "cases": {
        "worker_state__worker_prediction": {
          "at_recorded_track_step_m": -0.028757665024021602,
          "hypothetical_full_min_m": -0.05455611830094337,
          "hypothetical_full_min_step": 30,
          "hypothetical_full_min_track": 1
        },
        "worker_state__native_prediction": {
          "at_recorded_track_step_m": -0.025399644832445386,
          "hypothetical_full_min_m": -0.051177760956386154,
          "hypothetical_full_min_step": 30,
          "hypothetical_full_min_track": 1
        },
        "native_state__worker_prediction": {
          "at_recorded_track_step_m": -0.028757665024021602,
          "hypothetical_full_min_m": -0.05455611830094337,
          "hypothetical_full_min_step": 30,
          "hypothetical_full_min_track": 1
        },
        "native_state__native_prediction": {
          "at_recorded_track_step_m": -0.025399644832445386,
          "hypothetical_full_min_m": -0.051177760956386154,
          "hypothetical_full_min_step": 30,
          "hypothetical_full_min_track": 1
        }
      },
      "worker_original_dynamic_min_m": 0.007804118905531288,
      "worker_constraint_min": -1.1102230246251565e-16,
      "executed": false
    },
    {
      "evaluation_ns": 14069000000,
      "proposal_ns": 14019000000,
      "worker_source_ns": 13993000000,
      "native_source_ns": 14059000000,
      "measured_state_delta": [
        0.0,
        0.0,
        2.2855895764009115e-20,
        0.0,
        0.0,
        0.0
      ],
      "recorded_native_constraint": "dynamic_clearance",
      "recorded_step": 28,
      "recorded_track_id": 1,
      "recorded_slack_m": -0.007897471131030957,
      "cases": {
        "worker_state__worker_prediction": {
          "at_recorded_track_step_m": -0.0065550858105021224,
          "hypothetical_full_min_m": -0.058111846180986415,
          "hypothetical_full_min_step": 30,
          "hypothetical_full_min_track": 1
        },
        "worker_state__native_prediction": {
          "at_recorded_track_step_m": -0.0078974711310314,
          "hypothetical_full_min_m": -0.0594649429209429,
          "hypothetical_full_min_step": 30,
          "hypothetical_full_min_track": 1
        },
        "native_state__worker_prediction": {
          "at_recorded_track_step_m": -0.0065550858105021224,
          "hypothetical_full_min_m": -0.058111846180986415,
          "hypothetical_full_min_step": 30,
          "hypothetical_full_min_track": 1
        },
        "native_state__native_prediction": {
          "at_recorded_track_step_m": -0.0078974711310314,
          "hypothetical_full_min_m": -0.0594649429209429,
          "hypothetical_full_min_step": 30,
          "hypothetical_full_min_track": 1
        }
      },
      "worker_original_dynamic_min_m": 0.007812735278793781,
      "worker_constraint_min": -1.1102230246251565e-16,
      "executed": false
    },
    {
      "evaluation_ns": 14119000000,
      "proposal_ns": 14069000000,
      "worker_source_ns": 14059000000,
      "native_source_ns": 14059000000,
      "measured_state_delta": [
        0.0,
        0.0,
        2.2855895764009115e-20,
        0.0,
        0.0,
        0.0
      ],
      "recorded_native_constraint": "dynamic_clearance",
      "recorded_step": 28,
      "recorded_track_id": 1,
      "recorded_slack_m": -0.010889541359805414,
      "cases": {
        "worker_state__worker_prediction": {
          "at_recorded_track_step_m": -0.010889541359805414,
          "hypothetical_full_min_m": -0.06245679544474109,
          "hypothetical_full_min_step": 30,
          "hypothetical_full_min_track": 1
        },
        "worker_state__native_prediction": {
          "at_recorded_track_step_m": -0.010889541359805414,
          "hypothetical_full_min_m": -0.06245679544474109,
          "hypothetical_full_min_step": 30,
          "hypothetical_full_min_track": 1
        },
        "native_state__worker_prediction": {
          "at_recorded_track_step_m": -0.010889541359805414,
          "hypothetical_full_min_m": -0.06245679544474109,
          "hypothetical_full_min_step": 30,
          "hypothetical_full_min_track": 1
        },
        "native_state__native_prediction": {
          "at_recorded_track_step_m": -0.010889541359805414,
          "hypothetical_full_min_m": -0.06245679544474109,
          "hypothetical_full_min_step": 30,
          "hypothetical_full_min_track": 1
        }
      },
      "worker_original_dynamic_min_m": 0.007793652373614783,
      "worker_constraint_min": 0.0,
      "executed": false
    },
    {
      "evaluation_ns": 14169000000,
      "proposal_ns": 14119000000,
      "worker_source_ns": 14059000000,
      "native_source_ns": 14125000000,
      "measured_state_delta": [
        0.0,
        0.0,
        2.2855895764009115e-20,
        0.0,
        0.0,
        0.0
      ],
      "recorded_native_constraint": "dynamic_clearance",
      "recorded_step": 28,
      "recorded_track_id": 1,
      "recorded_slack_m": -0.01255494273795103,
      "cases": {
        "worker_state__worker_prediction": {
          "at_recorded_track_step_m": -0.015007793270281514,
          "hypothetical_full_min_m": -0.0665747304646212,
          "hypothetical_full_min_step": 30,
          "hypothetical_full_min_track": 1
        },
        "worker_state__native_prediction": {
          "at_recorded_track_step_m": -0.01255494273795103,
          "hypothetical_full_min_m": -0.06406977391200534,
          "hypothetical_full_min_step": 30,
          "hypothetical_full_min_track": 1
        },
        "native_state__worker_prediction": {
          "at_recorded_track_step_m": -0.015007793270281514,
          "hypothetical_full_min_m": -0.0665747304646212,
          "hypothetical_full_min_step": 30,
          "hypothetical_full_min_track": 1
        },
        "native_state__native_prediction": {
          "at_recorded_track_step_m": -0.01255494273795103,
          "hypothetical_full_min_m": -0.06406977391200534,
          "hypothetical_full_min_step": 30,
          "hypothetical_full_min_track": 1
        }
      },
      "worker_original_dynamic_min_m": 0.007790961484706864,
      "worker_constraint_min": 0.0,
      "executed": false
    },
    {
      "evaluation_ns": 14219000000,
      "proposal_ns": 14169000000,
      "worker_source_ns": 14125000000,
      "native_source_ns": 14191000000,
      "measured_state_delta": [
        0.0,
        0.0,
        2.2855895764009115e-20,
        0.0,
        0.0,
        0.0
      ],
      "recorded_native_constraint": "dynamic_clearance",
      "recorded_step": 28,
      "recorded_track_id": 1,
      "recorded_slack_m": -0.008010434593730038,
      "cases": {
        "worker_state__worker_prediction": {
          "at_recorded_track_step_m": -0.018751698901788443,
          "hypothetical_full_min_m": -0.07026603030630611,
          "hypothetical_full_min_step": 30,
          "hypothetical_full_min_track": 1
        },
        "worker_state__native_prediction": {
          "at_recorded_track_step_m": -0.008010434593730038,
          "hypothetical_full_min_m": -0.05924417292316615,
          "hypothetical_full_min_step": 30,
          "hypothetical_full_min_track": 1
        },
        "native_state__worker_prediction": {
          "at_recorded_track_step_m": -0.018751698901788443,
          "hypothetical_full_min_m": -0.07026603030630611,
          "hypothetical_full_min_step": 30,
          "hypothetical_full_min_track": 1
        },
        "native_state__native_prediction": {
          "at_recorded_track_step_m": -0.008010434593730038,
          "hypothetical_full_min_m": -0.05924417292316615,
          "hypothetical_full_min_step": 30,
          "hypothetical_full_min_track": 1
        }
      },
      "worker_original_dynamic_min_m": 0.007790279898016908,
      "worker_constraint_min": -1.1102230246251565e-16,
      "executed": false
    },
    {
      "evaluation_ns": 14269000000,
      "proposal_ns": 14219000000,
      "worker_source_ns": 14191000000,
      "native_source_ns": 14257000000,
      "measured_state_delta": [
        0.0,
        0.0,
        2.2855895764009115e-20,
        0.0,
        0.0,
        0.0
      ],
      "recorded_native_constraint": "dynamic_clearance",
      "recorded_step": 28,
      "recorded_track_id": 1,
      "recorded_slack_m": -0.016419898690447837,
      "cases": {
        "worker_state__worker_prediction": {
          "at_recorded_track_step_m": -0.021237850410476062,
          "hypothetical_full_min_m": -0.07247047072011634,
          "hypothetical_full_min_step": 30,
          "hypothetical_full_min_track": 1
        },
        "worker_state__native_prediction": {
          "at_recorded_track_step_m": -0.016419898690447614,
          "hypothetical_full_min_m": -0.06739144543737101,
          "hypothetical_full_min_step": 30,
          "hypothetical_full_min_track": 1
        },
        "native_state__worker_prediction": {
          "at_recorded_track_step_m": -0.021237850410476062,
          "hypothetical_full_min_m": -0.07247047072011634,
          "hypothetical_full_min_step": 30,
          "hypothetical_full_min_track": 1
        },
        "native_state__native_prediction": {
          "at_recorded_track_step_m": -0.016419898690447614,
          "hypothetical_full_min_m": -0.06739144543737101,
          "hypothetical_full_min_step": 30,
          "hypothetical_full_min_track": 1
        }
      },
      "worker_original_dynamic_min_m": 0.00780894095614252,
      "worker_constraint_min": 0.0,
      "executed": false
    },
    {
      "evaluation_ns": 14319000000,
      "proposal_ns": 14269000000,
      "worker_source_ns": 14257000000,
      "native_source_ns": 14257000000,
      "measured_state_delta": [
        0.0,
        0.0,
        2.2855895764009115e-20,
        0.0,
        0.0,
        0.0
      ],
      "recorded_native_constraint": "dynamic_clearance",
      "recorded_step": 28,
      "recorded_track_id": 1,
      "recorded_slack_m": -0.02464540390122875,
      "cases": {
        "worker_state__worker_prediction": {
          "at_recorded_track_step_m": -0.02464540390122853,
          "hypothetical_full_min_m": -0.07561626193203756,
          "hypothetical_full_min_step": 30,
          "hypothetical_full_min_track": 1
        },
        "worker_state__native_prediction": {
          "at_recorded_track_step_m": -0.02464540390122853,
          "hypothetical_full_min_m": -0.07561626193203756,
          "hypothetical_full_min_step": 30,
          "hypothetical_full_min_track": 1
        },
        "native_state__worker_prediction": {
          "at_recorded_track_step_m": -0.02464540390122853,
          "hypothetical_full_min_m": -0.07561626193203756,
          "hypothetical_full_min_step": 30,
          "hypothetical_full_min_track": 1
        },
        "native_state__native_prediction": {
          "at_recorded_track_step_m": -0.02464540390122853,
          "hypothetical_full_min_m": -0.07561626193203756,
          "hypothetical_full_min_step": 30,
          "hypothetical_full_min_track": 1
        }
      },
      "worker_original_dynamic_min_m": 0.007812440100590526,
      "worker_constraint_min": 1.1102230246251565e-16,
      "executed": false
    },
    {
      "evaluation_ns": 14369000000,
      "proposal_ns": 14319000000,
      "worker_source_ns": 14257000000,
      "native_source_ns": 14323000000,
      "measured_state_delta": [
        0.0,
        0.0,
        2.2855895764009115e-20,
        0.0,
        0.0,
        0.0
      ],
      "recorded_native_constraint": "dynamic_clearance",
      "recorded_step": 27,
      "recorded_track_id": 1,
      "recorded_slack_m": -0.0005714609265967951,
      "cases": {
        "worker_state__worker_prediction": {
          "at_recorded_track_step_m": -0.003229785866824028,
          "hypothetical_full_min_m": -0.07950170526315374,
          "hypothetical_full_min_step": 30,
          "hypothetical_full_min_track": 1
        },
        "worker_state__native_prediction": {
          "at_recorded_track_step_m": -0.0005714609265967951,
          "hypothetical_full_min_m": -0.07654256633767978,
          "hypothetical_full_min_step": 30,
          "hypothetical_full_min_track": 1
        },
        "native_state__worker_prediction": {
          "at_recorded_track_step_m": -0.003229785866824028,
          "hypothetical_full_min_m": -0.07950170526315374,
          "hypothetical_full_min_step": 30,
          "hypothetical_full_min_track": 1
        },
        "native_state__native_prediction": {
          "at_recorded_track_step_m": -0.0005714609265967951,
          "hypothetical_full_min_m": -0.07654256633767978,
          "hypothetical_full_min_step": 30,
          "hypothetical_full_min_track": 1
        }
      },
      "worker_original_dynamic_min_m": 0.0078103418461936275,
      "worker_constraint_min": -1.1102230246251565e-16,
      "executed": false
    },
    {
      "evaluation_ns": 14419000000,
      "proposal_ns": 14369000000,
      "worker_source_ns": 14323000000,
      "native_source_ns": 14389000000,
      "measured_state_delta": [
        0.0,
        0.0,
        2.2855895764009115e-20,
        0.0,
        0.0,
        0.0
      ],
      "recorded_native_constraint": "dynamic_clearance",
      "recorded_step": 27,
      "recorded_track_id": 1,
      "recorded_slack_m": -0.003422248467302602,
      "cases": {
        "worker_state__worker_prediction": {
          "at_recorded_track_step_m": -0.007019844604099015,
          "hypothetical_full_min_m": -0.08282003792251216,
          "hypothetical_full_min_step": 30,
          "hypothetical_full_min_track": 1
        },
        "worker_state__native_prediction": {
          "at_recorded_track_step_m": -0.003422248467302387,
          "hypothetical_full_min_m": -0.07893553646248624,
          "hypothetical_full_min_step": 30,
          "hypothetical_full_min_track": 1
        },
        "native_state__worker_prediction": {
          "at_recorded_track_step_m": -0.007019844604099015,
          "hypothetical_full_min_m": -0.08282003792251216,
          "hypothetical_full_min_step": 30,
          "hypothetical_full_min_track": 1
        },
        "native_state__native_prediction": {
          "at_recorded_track_step_m": -0.003422248467302387,
          "hypothetical_full_min_m": -0.07893553646248624,
          "hypothetical_full_min_step": 30,
          "hypothetical_full_min_track": 1
        }
      },
      "worker_original_dynamic_min_m": 0.007824521923751576,
      "worker_constraint_min": 0.0,
      "executed": false
    }
  ],
  "native_dynamic_margins_checked": 16,
  "actual_native_margins_match": true,
  "worker_solver_s": {
    "count": 1001,
    "p50": 0.0001378599990857765,
    "p95": 0.000302475003991276,
    "min": 0.0,
    "max": 0.0056174530036514625
  },
  "worker_iterations_max": 400,
  "portfolio_choices": {},
  "portfolio_optimized_choices": {},
  "portfolio_attempts": {},
  "portfolio_max_attempts": 0,
  "portfolio_diagnostic_count": 0,
  "portfolio_feasible_count": 0,
  "accepted_portfolio_budget_gate": null,
  "scope": "Exact recorded input joins. Four dynamic-margin counterfactuals at one native epoch; no backdating stale predictions, no execution/physical certificate, no unique additive causal attribution.",
  "dynamic_acceptance": false
}
