{
  "mode": "shadow",
  "stop_reason": "sim timeout",
  "goal_epoch_s": 10.0,
  "final_sim_s": 50.0,
  "wall_s": 53.63795827499416,
  "result": {
    "status": 5,
    "result": {
      "result": {}
    }
  },
  "mpc_requested": false,
  "counts": {
    "registration": 1,
    "/controller_selector": 1,
    "/cmd_vel": 1072,
    "/temporal_mpc/execution_health": 1072,
    "/simulation/chassis/cmd_vel": 1066,
    "/tf_static": 1,
    "/simulation/oracle/world": 2966,
    "/scan": 764,
    "/tf": 5039,
    "/odometry/lio": 2519,
    "/simulation/ground_truth/odom": 2520,
    "/simulation/oracle/rm_sentry_2027": 2519,
    "/simulation/oracle/moving_obstacle": 2520,
    "/simulation/moving_obstacle/target": 1008,
    "/map": 1,
    "/dynamic_obstacle_predictions": 760,
    "source_tf": 760,
    "/temporal_mpc/health": 1005,
    "/temporal_mpc/plan": 2,
    "/temporal_mpc/state": 1004,
    "/temporal_mpc/proposal": 1001,
    "/temporal_mpc/solver_diagnostic": 1001,
    "ready": 1,
    "graph_publishers": 2,
    "goal_sent": 1,
    "goal_accepted": 1,
    "/plan": 1,
    "/nav2/cmd_vel": 736,
    "/temporal_mpc/smoothed_cmd_vel": 742,
    "cancel": 1,
    "goal_result": 1
  },
  "physical_acceptance": false,
  "input_gate_pending": true
}
