-- Install configuration: "Release"
-- Up-to-date: /workspace/build/temporal_mpc_ros2/install/rm_description/share/rm_description/launch
-- Up-to-date: /workspace/build/temporal_mpc_ros2/install/rm_description/share/rm_description/launch/description.launch.py
-- Up-to-date: /workspace/build/temporal_mpc_ros2/install/rm_description/share/rm_description/launch/old_car_2026_description.launch.py
-- Up-to-date: /workspace/build/temporal_mpc_ros2/install/rm_description/share/rm_description/urdf
-- Up-to-date: /workspace/build/temporal_mpc_ros2/install/rm_description/share/rm_description/urdf/rm_sentry_2027.urdf.xacro
-- Up-to-date: /workspace/build/temporal_mpc_ros2/install/rm_description/share/rm_description/urdf/rm_old_car_2026.urdf.xacro
-- Up-to-date: /workspace/build/temporal_mpc_ros2/install/rm_description/share/ament_index/resource_index/package_run_dependencies/rm_description
-- Up-to-date: /workspace/build/temporal_mpc_ros2/install/rm_description/share/ament_index/resource_index/parent_prefix_path/rm_description
-- Up-to-date: /workspace/build/temporal_mpc_ros2/install/rm_description/share/rm_description/environment/ament_prefix_path.sh
-- Up-to-date: /workspace/build/temporal_mpc_ros2/install/rm_description/share/rm_description/environment/ament_prefix_path.dsv
-- Up-to-date: /workspace/build/temporal_mpc_ros2/install/rm_description/share/rm_description/environment/path.sh
-- Up-to-date: /workspace/build/temporal_mpc_ros2/install/rm_description/share/rm_description/environment/path.dsv
-- Up-to-date: /workspace/build/temporal_mpc_ros2/install/rm_description/share/rm_description/local_setup.bash
-- Up-to-date: /workspace/build/temporal_mpc_ros2/install/rm_description/share/rm_description/local_setup.sh
-- Up-to-date: /workspace/build/temporal_mpc_ros2/install/rm_description/share/rm_description/local_setup.zsh
-- Up-to-date: /workspace/build/temporal_mpc_ros2/install/rm_description/share/rm_description/local_setup.dsv
-- Installing: /workspace/build/temporal_mpc_ros2/install/rm_description/share/rm_description/package.dsv
-- Up-to-date: /workspace/build/temporal_mpc_ros2/install/rm_description/share/ament_index/resource_index/packages/rm_description
-- Up-to-date: /workspace/build/temporal_mpc_ros2/install/rm_description/share/rm_description/cmake/rm_descriptionConfig.cmake
-- Up-to-date: /workspace/build/temporal_mpc_ros2/install/rm_description/share/rm_description/cmake/rm_descriptionConfig-version.cmake
-- Up-to-date: /workspace/build/temporal_mpc_ros2/install/rm_description/share/rm_description/package.xml
