[INFO] [1791085898.385793749] [controller_server]: 
	controller_server lifecycle node launched. 
	Waiting on external lifecycle transitions to activate
	See https://design.ros2.org/articles/node_lifecycle.html for more information.
[INFO] [1791085898.390736406] [controller_server]: Creating controller server
[INFO] [1791085898.395062151] [local_costmap.local_costmap]: 
	local_costmap lifecycle node launched. 
	Waiting on external lifecycle transitions to activate
	See https://design.ros2.org/articles/node_lifecycle.html for more information.
[INFO] [1791085898.395731385] [local_costmap.local_costmap]: Creating Costmap
[INFO] [1791085898.396202036] [controller_server]: Configuring controller interface
[INFO] [1791085898.396249496] [controller_server]: getting goal checker plugins..
[INFO] [1791085898.396260873] [controller_server]: Controller frequency set to 20.0000Hz
[INFO] [1791085898.396278894] [local_costmap.local_costmap]: Configuring
[INFO] [1791085898.399196917] [local_costmap.local_costmap]: Using plugin "static_layer"
[INFO] [1791085898.402157760] [local_costmap.local_costmap]: Subscribing to the map topic (/map) with transient local durability
[INFO] [1791085898.403021648] [local_costmap.local_costmap]: Initialized plugin "static_layer"
[INFO] [1791085898.403044913] [local_costmap.local_costmap]: Using plugin "stvl_layer"
[INFO] [1791085898.434094683] [local_costmap.local_costmap]: stvl_layer being initialized as SpatioTemporalVoxelLayer!
[INFO] [1791085898.434145225] [local_costmap.local_costmap]: stvl_layer's global frame is map.
[INFO] [1791085898.434512305] [local_costmap.local_costmap]: stvl_layer loaded parameters from parameter server.
[INFO] [1791085898.435469637] [local_costmap.local_costmap]: stvl_layer created underlying voxel grid.
[INFO] [1791085898.436064566] [local_costmap.local_costmap]: Voxel filter activated.
[INFO] [1791085898.438493178] [local_costmap.local_costmap]: Passthough filter activated.
[INFO] [1791085898.439224212] [local_costmap.local_costmap]: stvl_layer initialization complete!
[INFO] [1791085898.439245599] [local_costmap.local_costmap]: Initialized plugin "stvl_layer"
[INFO] [1791085898.439252509] [local_costmap.local_costmap]: Using plugin "inflation_layer"
[INFO] [1791085898.439670963] [local_costmap.local_costmap]: Initialized plugin "inflation_layer"
[INFO] [1791085898.444332276] [controller_server]: Created progress_checker : progress_checker of type nav2_controller::SimpleProgressChecker
[INFO] [1791085898.444809493] [controller_server]: Created goal checker : general_goal_checker of type nav2_controller::SimpleGoalChecker
[INFO] [1791085898.444943497] [controller_server]: Controller Server has general_goal_checker  goal checkers available.
[INFO] [1791085898.445824781] [controller_server]: Created controller : FollowPathMPPI of type nav2_mppi_controller::MPPIController
[INFO] [1791085898.446416147] [controller_server]: Controller period is equal to model dt. Control sequence shifting is ON
[INFO] [1791085898.447577508] [controller_server]: ConstraintCritic instantiated with 1 power and 4.000000 weight.
[INFO] [1791085898.447616856] [controller_server]: Critic loaded : mppi::critics::ConstraintCritic
[INFO] [1791085898.447942289] [controller_server]: InflationCostCritic instantiated with 1 power and 300.000000 / 0.015000 weights. Critic will collision check based on footprint cost.
[INFO] [1791085898.447960878] [controller_server]: Critic loaded : mppi::critics::CostCritic
[INFO] [1791085898.448123691] [controller_server]: GoalCritic instantiated with 1 power and 5.000000 weight.
[INFO] [1791085898.448132605] [controller_server]: Critic loaded : mppi::critics::GoalCritic
[INFO] [1791085898.448329850] [controller_server]: Critic loaded : mppi::critics::PathFollowCritic
[INFO] [1791085898.448994755] [controller_server]: Optimizer reset
[INFO] [1791085898.450784963] [MPPIController]: Configured MPPI Controller: FollowPathMPPI
[INFO] [1791085898.454601732] [controller_server]: Created controller : FollowPathTemporalMPC of type rm_temporal_mpc::Controller
[INFO] [1791085898.457976814] [controller_server]: Controller Server has FollowPathMPPI FollowPathTemporalMPC  controllers available.
[INFO] [1791085898.495640200] [controller_server]: Activating
[INFO] [1791085898.495720592] [local_costmap.local_costmap]: Activating
[INFO] [1791085898.495750743] [local_costmap.local_costmap]: Checking transform
[INFO] [1791085898.495803661] [local_costmap.local_costmap]: Timed out waiting for transform from base_link to map to become available, tf error: Invalid frame ID "map" passed to canTransform argument target_frame - frame does not exist
[INFO] [1791085898.995856051] [local_costmap.local_costmap]: Timed out waiting for transform from base_link to map to become available, tf error: Invalid frame ID "map" passed to canTransform argument target_frame - frame does not exist
[INFO] [1791085899.495953863] [local_costmap.local_costmap]: Timed out waiting for transform from base_link to map to become available, tf error: Could not find a connection between 'map' and 'base_link' because they are not part of the same tree.Tf has two or more unconnected trees.
[INFO] [1791085899.995860154] [local_costmap.local_costmap]: Timed out waiting for transform from base_link to map to become available, tf error: Could not find a connection between 'map' and 'base_link' because they are not part of the same tree.Tf has two or more unconnected trees.
[INFO] [1791085900.495866530] [local_costmap.local_costmap]: Timed out waiting for transform from base_link to map to become available, tf error: Could not find a connection between 'map' and 'base_link' because they are not part of the same tree.Tf has two or more unconnected trees.
[INFO] [1791085900.995968345] [local_costmap.local_costmap]: Timed out waiting for transform from base_link to map to become available, tf error: Could not find a connection between 'map' and 'base_link' because they are not part of the same tree.Tf has two or more unconnected trees.
[INFO] [1791085901.495923739] [local_costmap.local_costmap]: Timed out waiting for transform from base_link to map to become available, tf error: Could not find a connection between 'map' and 'base_link' because they are not part of the same tree.Tf has two or more unconnected trees.
[INFO] [1791085901.995863311] [local_costmap.local_costmap]: Timed out waiting for transform from base_link to map to become available, tf error: Could not find a connection between 'map' and 'base_link' because they are not part of the same tree.Tf has two or more unconnected trees.
[INFO] [1791085902.129648420] [local_costmap.local_costmap]: StaticLayer: Resizing static layer to 160 X 120 at 0.050000 m/pix
[INFO] [1791085902.496012513] [local_costmap.local_costmap]: start
[INFO] [1791085902.496100824] [local_costmap.local_costmap]: stvl_layer was activated.
[WARN] [1791085902.548360685] [controller_server]: Parameter controller_server.verbose not found
[INFO] [1791085902.549092590] [controller_server]: Optimizer reset
[INFO] [1791085902.549323631] [MPPIController]: Activated MPPI Controller: FollowPathMPPI
[INFO] [1791085902.549360188] [controller_server]: Creating bond (controller_server) to lifecycle manager.
[INFO] [1791085914.263327438] [controller_server]: Received a goal, begin computing control effort.
[INFO] [1791085917.763613988] [controller_server]: Passing new path to controller.
[INFO] [1791085917.764641660] [controller_server]: Optimizer reset
[INFO] [1791085935.615557340] [controller_server]: Reached the goal!
[WARN] [1791085936.446203762] [local_costmap.local_costmap]: /simulation/scan_points buffer updated in 0.21s, it should be updated every 0.20s.
[WARN] [1791085936.496180359] [local_costmap.local_costmap]: /simulation/scan_points buffer updated in 0.26s, it should be updated every 0.20s.
[WARN] [1791085936.546159171] [local_costmap.local_costmap]: /simulation/scan_points buffer updated in 0.31s, it should be updated every 0.20s.
[WARN] [1791085936.596158114] [local_costmap.local_costmap]: /simulation/scan_points buffer updated in 0.36s, it should be updated every 0.20s.
[WARN] [1791085936.646182471] [local_costmap.local_costmap]: /simulation/scan_points buffer updated in 0.41s, it should be updated every 0.20s.
[WARN] [1791085936.696188171] [local_costmap.local_costmap]: /simulation/scan_points buffer updated in 0.46s, it should be updated every 0.20s.
[WARN] [1791085936.746175383] [local_costmap.local_costmap]: /simulation/scan_points buffer updated in 0.51s, it should be updated every 0.20s.
