{
  "mode": "mpc",
  "stop_reason": "action terminated",
  "goal_epoch_s": 10.0,
  "final_sim_s": 33.618,
  "wall_s": 37.37846246899426,
  "result": {
    "status": 4,
    "result": {
      "result": {}
    }
  },
  "mpc_requested": true,
  "counts": {
    "registration": 1,
    "/simulation/moving_obstacle/target": 747,
    "/controller_selector": 3,
    "/tf_static": 2,
    "/simulation/oracle/world": 2003,
    "/scan": 516,
    "/odometry/lio": 1700,
    "/simulation/ground_truth/odom": 1700,
    "/simulation/oracle/rm_sentry_2027": 1700,
    "/simulation/oracle/moving_obstacle": 1700,
    "/tf": 3401,
    "/map": 1,
    "/dynamic_obstacle_predictions": 515,
    "source_tf": 515,
    "ready": 1,
    "graph_publishers": 2,
    "/temporal_mpc/plan": 4,
    "/temporal_mpc/health": 741,
    "/temporal_mpc/state": 735,
    "/temporal_mpc/solver_diagnostic": 733,
    "/temporal_mpc/proposal": 733,
    "goal_sent": 1,
    "goal_accepted": 1,
    "/plan": 1,
    "mpc_requested": 1,
    "/nav2/cmd_vel": 429,
    "/cmd_vel": 430,
    "/simulation/chassis/cmd_vel": 430,
    "/simulation/oracle/contacts": 706,
    "goal_result": 1
  },
  "physical_acceptance": false,
  "input_gate_pending": true
}
