-- Found ament_cmake: 1.3.14 (/opt/ros/humble/share/ament_cmake/cmake)
-- Found nav2_mppi_controller: 1.1.20 (/opt/ros/humble/share/nav2_mppi_controller/cmake)
-- Found rosidl_generator_c: 3.1.8 (/opt/ros/humble/share/rosidl_generator_c/cmake)
-- Found rosidl_adapter: 3.1.8 (/opt/ros/humble/share/rosidl_adapter/cmake)
-- Found rosidl_generator_cpp: 3.1.8 (/opt/ros/humble/share/rosidl_generator_cpp/cmake)
-- Using all available rosidl_typesupport_c: rosidl_typesupport_fastrtps_c;rosidl_typesupport_introspection_c
-- Using all available rosidl_typesupport_cpp: rosidl_typesupport_fastrtps_cpp;rosidl_typesupport_introspection_cpp
-- Found rmw_implementation_cmake: 6.1.2 (/opt/ros/humble/share/rmw_implementation_cmake/cmake)
-- Found rmw_fastrtps_cpp: 6.2.10 (/opt/ros/humble/share/rmw_fastrtps_cpp/cmake)
-- Using RMW implementation 'rmw_fastrtps_cpp' as default
-- Ensuring Eigen3 include directory is part of orocos-kdl CMake target
-- Found diagnostic_msgs: 4.9.1 (/opt/ros/humble/share/diagnostic_msgs/cmake)
-- Found rm_competition_interfaces: 0.1.0 (/out/install/rm_competition_interfaces/share/rm_competition_interfaces/cmake)
-- Found ament_cmake_gtest: 1.3.14 (/opt/ros/humble/share/ament_cmake_gtest/cmake)
-- Found gtest sources under '/opt/ros/humble/src/gtest_vendor': C++ tests using 'Google Test' will be built
-- Performing Test RM_NATIVE_REPLAY__mno_avx512f
-- Performing Test RM_NATIVE_REPLAY__mno_avx512f - Success
-- Performing Test RM_NATIVE_REPLAY__msse4_2
-- Performing Test RM_NATIVE_REPLAY__msse4_2 - Success
-- Performing Test RM_NATIVE_REPLAY__mavx2
-- Performing Test RM_NATIVE_REPLAY__mavx2 - Success
-- Performing Test RM_NATIVE_REPLAY__mfma
-- Performing Test RM_NATIVE_REPLAY__mfma - Success
-- Performing Test RM_NATIVE_REPLAY__O3
-- Performing Test RM_NATIVE_REPLAY__O3 - Success
-- Performing Test RM_NATIVE_REPLAY__finline_limit_10000000
-- Performing Test RM_NATIVE_REPLAY__finline_limit_10000000 - Success
-- Performing Test RM_NATIVE_REPLAY__ffp_contract_fast
-- Performing Test RM_NATIVE_REPLAY__ffp_contract_fast - Success
-- Performing Test RM_NATIVE_REPLAY__ffast_math
-- Performing Test RM_NATIVE_REPLAY__ffast_math - Success
-- Performing Test RM_NATIVE_REPLAY__mtune_generic
-- Performing Test RM_NATIVE_REPLAY__mtune_generic - Success
-- Configuring done
-- Generating done
-- Build files have been written to: /out/build/rm_dynamic_obstacle_critic
Consolidate compiler generated dependencies of target replay_native_optimizer
[100%] Built target replay_native_optimizer
7550ffddac8e8b7db0c4e4e7f563edeb490a82ea099df91719dd842434eb0a9c  /out/build/rm_dynamic_obstacle_critic/replay_native_optimizer
