[INFO] [1790762490.995549852] [costmap]: 
	costmap lifecycle node launched. 
	Waiting on external lifecycle transitions to activate
	See https://design.ros2.org/articles/node_lifecycle.html for more information.
[INFO] [1790762490.996010679] [costmap]: Creating Costmap
[INFO] [1790762490.996110659] [costmap]: Configuring
[INFO] [1790762490.997511921] [costmap]: Using plugin "obstacle_layer"
[INFO] [1790762490.999173971] [costmap]: Subscribed to Topics: scan
[INFO] [1790762490.999917363] [costmap]: Initialized plugin "obstacle_layer"
[INFO] [1790762490.999930646] [costmap]: Using plugin "inflation_layer"
[INFO] [1790762491.000063133] [costmap]: Initialized plugin "inflation_layer"
[INFO] [1790762491.004107542] [frozen_replay]: Controller period is equal to model dt. Control sequence shifting is ON
[INFO] [1790762491.004896544] [frozen_replay]: ConstraintCritic instantiated with 1 power and 4.000000 weight.
[INFO] [1790762491.004932326] [frozen_replay]: Critic loaded : mppi::critics::ConstraintCritic
[INFO] [1790762491.005014230] [frozen_replay]: InflationCostCritic instantiated with 1 power and 300.000000 / 0.015000 weights. Critic will collision check based on footprint cost.
[INFO] [1790762491.005023427] [frozen_replay]: Critic loaded : mppi::critics::CostCritic
[INFO] [1790762491.005065273] [frozen_replay]: GoalCritic instantiated with 1 power and 5.000000 weight.
[INFO] [1790762491.005071211] [frozen_replay]: Critic loaded : mppi::critics::GoalCritic
[INFO] [1790762491.005112494] [frozen_replay]: GoalAngleCritic instantiated with 1 power, 3.000000 weight, and 0.500000 angular threshold.
[INFO] [1790762491.005118767] [frozen_replay]: Critic loaded : mppi::critics::GoalAngleCritic
[INFO] [1790762491.005195769] [frozen_replay]: ReferenceTrajectoryCritic instantiated with 1 power and 10.000000 weight
[INFO] [1790762491.005203409] [frozen_replay]: Critic loaded : mppi::critics::PathAlignCritic
[INFO] [1790762491.005266308] [frozen_replay]: Critic loaded : mppi::critics::PathFollowCritic
[INFO] [1790762491.005337090] [frozen_replay]: PathAngleCritic instantiated with 1 power and 2.000000 weight. Reversing allowed.
[INFO] [1790762491.005342721] [frozen_replay]: Critic loaded : mppi::critics::PathAngleCritic
[INFO] [1790762491.008955756] [frozen_replay]: Optimizer reset
[INFO] [1790762491.025070789] [costmap]: Cleaning up
[INFO] [1790762491.025863051] [costmap]: Running Nav2 LifecycleNode rcl preshutdown (costmap)
[INFO] [1790762491.025877910] [costmap]: Destroying bond (costmap) to lifecycle manager.
[INFO] [1790762491.026016483] [costmap]: Destroying
score_eval_ms=14.4088
