{
  "source_tf_replay_gate": true,
  "event_file_sha256": "5e67caeb03f51c5a2ab3f099cf0790428da3badfcc335e6f1b1d15c5c8b0469e",
  "scenario": "head_on",
  "mode": "shadow",
  "source_counts": 762,
  "public_accepted": 762,
  "public_rejections": {},
  "source_epoch_monotonic": true,
  "schema_failures": 0,
  "complete_count": 762,
  "track_states": {
    "1": 159,
    "2": 603
  },
  "confirmed_observations": 603,
  "source_scan_pairs": 762,
  "source_tf_pairs": 756,
  "source_receipt_sim_s": {
    "count": 762,
    "p50": 0.031,
    "p95": 0.06194999999999993,
    "min": 0.009,
    "max": 0.119
  },
  "source_processing_sim_s": {
    "count": 762,
    "p50": 0.009,
    "p95": 0.012,
    "min": 0.007,
    "max": 0.081
  },
  "processing_order_failures": 0,
  "display_cv_error_max_m": 0.0,
  "odom_count": 2520,
  "odom_receipt_sim_s": {
    "count": 2520,
    "p50": 0.001,
    "p95": 0.004,
    "min": 0.0,
    "max": 0.056
  },
  "measured_wz_abs": {
    "count": 2520,
    "p50": 0.0,
    "p95": 0.0,
    "min": 0.0,
    "max": 2.9416555725591403e-10
  },
  "measured_translation_speed": {
    "count": 2520,
    "p50": 0.0,
    "p95": 0.0,
    "min": 0.0,
    "max": 0.27959239401666697
  },
  "model_domain_rejections": {},
  "solver_s": {
    "count": 1000,
    "p50": 0.015376902003481518,
    "p95": 0.034936158492200775,
    "min": 9.375500667374581e-05,
    "max": 0.05190432599920314
  },
  "solver_feasible_count": 32,
  "solver_reasons": {
    "ContractError: missing plan/map/prediction": 247,
    "revalidated temporal QP": 32,
    "maximum iterations reached; trajectory rejected by hard checks": 5,
    "primal infeasible inaccurate": 4,
    "primal infeasible": 711,
    "worker cycle deadline": 1
  },
  "native_health_reasons": {
    "missing TF/odom": 1,
    "missing proposal/state": 5,
    "proposal stale/rejected/generation": 966,
    "accepted_reanchored": 17,
    "reanchored trajectory rejected": 15
  },
  "native_executed_s": null,
  "native_executed_ready_count": 0,
  "oracle_same_epoch_pairs": 2519,
  "oracle_errors": {},
  "oracle_gap_s": {
    "count": 2518,
    "p50": 0.02,
    "p95": 0.02,
    "min": 0.02,
    "max": 0.02
  },
  "sampled_full_envelope_clearance_m": 0.737289550976375,
  "diagnostic_sweep_lower_m": 0.682289550976375,
  "diagnostic_point_speed_bound": 5.5,
  "physical_speed_bound_certified": false,
  "sampled_full_envelope_intersection": false,
  "actual_robot_contacts": 0,
  "actual_contact_message_count": 0,
  "action_success": false,
  "sensor_contract_gate": true,
  "measured_model_gate": true,
  "mpc_entry_gate": true,
  "oracle_sample_gate": true,
  "physical_acceptance": false,
  "false_block": null,
  "blocked_pair_reason": null
}
