{
  "checked_native_records": 32,
  "worker_input_joins": 32,
  "missing": {},
  "errors": [],
  "executed_dynamic_factorials": [],
  "shadow_dynamic_factorials": [
    {
      "evaluation_ns": 13435000000,
      "proposal_ns": 13385000000,
      "worker_source_ns": 13333000000,
      "native_source_ns": 13399000000,
      "measured_state_delta": [
        0.010474203570258606,
        0.00026285249764348994,
        -8.725374581588143e-12,
        0.01288661068104946,
        0.0030361012154288946,
        -5.861225946864751e-11
      ],
      "recorded_native_constraint": "dynamic_clearance",
      "recorded_step": 30,
      "recorded_track_id": 1,
      "recorded_slack_m": -0.0036339011420461684,
      "cases": {
        "worker_state__worker_prediction": {
          "at_recorded_track_step_m": 0.032567983127176646,
          "hypothetical_full_min_m": 0.032567983127176646,
          "hypothetical_full_min_step": 30,
          "hypothetical_full_min_track": 1
        },
        "worker_state__native_prediction": {
          "at_recorded_track_step_m": 0.02394134980065081,
          "hypothetical_full_min_m": 0.02394134980065081,
          "hypothetical_full_min_step": 30,
          "hypothetical_full_min_track": 1
        },
        "native_state__worker_prediction": {
          "at_recorded_track_step_m": 0.004993202480429192,
          "hypothetical_full_min_m": 0.004993202480429192,
          "hypothetical_full_min_step": 30,
          "hypothetical_full_min_track": 1
        },
        "native_state__native_prediction": {
          "at_recorded_track_step_m": -0.0036339011420461614,
          "hypothetical_full_min_m": -0.0036339011420461614,
          "hypothetical_full_min_step": 30,
          "hypothetical_full_min_track": 1
        }
      },
      "worker_original_dynamic_min_m": 0.08689982678766225,
      "worker_constraint_min": 0.0,
      "executed": false
    },
    {
      "evaluation_ns": 13635000000,
      "proposal_ns": 13585000000,
      "worker_source_ns": 13531000000,
      "native_source_ns": 13597000000,
      "measured_state_delta": [
        0.004998164705340591,
        -1.0282188512081292e-13,
        1.406733011887512e-12,
        -0.029999995595955703,
        4.306360117431737e-15,
        -2.4048447830543954e-11
      ],
      "recorded_native_constraint": "dynamic_clearance",
      "recorded_step": 30,
      "recorded_track_id": 1,
      "recorded_slack_m": -0.0006622502869938554,
      "cases": {
        "worker_state__worker_prediction": {
          "at_recorded_track_step_m": -0.02378141687418882,
          "hypothetical_full_min_m": -0.02378141687418882,
          "hypothetical_full_min_step": 30,
          "hypothetical_full_min_track": 1
        },
        "worker_state__native_prediction": {
          "at_recorded_track_step_m": -0.03611287768715721,
          "hypothetical_full_min_m": -0.03611287768715721,
          "hypothetical_full_min_step": 30,
          "hypothetical_full_min_track": 1
        },
        "native_state__worker_prediction": {
          "at_recorded_track_step_m": 0.01166931287113266,
          "hypothetical_full_min_m": 0.01166931287113266,
          "hypothetical_full_min_step": 30,
          "hypothetical_full_min_track": 1
        },
        "native_state__native_prediction": {
          "at_recorded_track_step_m": -0.0006622502869938554,
          "hypothetical_full_min_m": -0.0006622502869938554,
          "hypothetical_full_min_step": 30,
          "hypothetical_full_min_track": 1
        }
      },
      "worker_original_dynamic_min_m": 0.03821234509908628,
      "worker_constraint_min": 0.0,
      "executed": false
    },
    {
      "evaluation_ns": 13785000000,
      "proposal_ns": 13735000000,
      "worker_source_ns": 13663000000,
      "native_source_ns": 13729000000,
      "measured_state_delta": [
        1.454423989605269e-06,
        -2.7701365507004638e-17,
        1.20482081398788e-16,
        -0.012454422374783003,
        6.48266178654643e-17,
        -1.1053907043080487e-12
      ],
      "recorded_native_constraint": "dynamic_clearance",
      "recorded_step": 30,
      "recorded_track_id": 1,
      "recorded_slack_m": -0.0098215696247058,
      "cases": {
        "worker_state__worker_prediction": {
          "at_recorded_track_step_m": -0.025187946646192044,
          "hypothetical_full_min_m": -0.025187946646192044,
          "hypothetical_full_min_step": 30,
          "hypothetical_full_min_track": 1
        },
        "worker_state__native_prediction": {
          "at_recorded_track_step_m": -0.026609387189073446,
          "hypothetical_full_min_m": -0.026609387189073446,
          "hypothetical_full_min_step": 30,
          "hypothetical_full_min_track": 1
        },
        "native_state__worker_prediction": {
          "at_recorded_track_step_m": -0.008400251119211038,
          "hypothetical_full_min_m": -0.008400251119211038,
          "hypothetical_full_min_step": 30,
          "hypothetical_full_min_track": 1
        },
        "native_state__native_prediction": {
          "at_recorded_track_step_m": -0.0098215696247058,
          "hypothetical_full_min_m": -0.0098215696247058,
          "hypothetical_full_min_step": 30,
          "hypothetical_full_min_track": 1
        }
      },
      "worker_original_dynamic_min_m": 0.03657459306939183,
      "worker_constraint_min": 0.0,
      "executed": false
    },
    {
      "evaluation_ns": 13835000000,
      "proposal_ns": 13785000000,
      "worker_source_ns": 13729000000,
      "native_source_ns": 13795000000,
      "measured_state_delta": [
        0.0,
        0.0,
        -1.7720389763516608e-20,
        0.0,
        0.0,
        0.0
      ],
      "recorded_native_constraint": "dynamic_clearance",
      "recorded_step": 29,
      "recorded_track_id": 1,
      "recorded_slack_m": -0.0029919105074917365,
      "cases": {
        "worker_state__worker_prediction": {
          "at_recorded_track_step_m": -0.0032014519219151077,
          "hypothetical_full_min_m": -0.028833308097504822,
          "hypothetical_full_min_step": 30,
          "hypothetical_full_min_track": 1
        },
        "worker_state__native_prediction": {
          "at_recorded_track_step_m": -0.0029919105074917365,
          "hypothetical_full_min_m": -0.028676797148815245,
          "hypothetical_full_min_step": 30,
          "hypothetical_full_min_track": 1
        },
        "native_state__worker_prediction": {
          "at_recorded_track_step_m": -0.0032014519219151077,
          "hypothetical_full_min_m": -0.028833308097504822,
          "hypothetical_full_min_step": 30,
          "hypothetical_full_min_track": 1
        },
        "native_state__native_prediction": {
          "at_recorded_track_step_m": -0.0029919105074917365,
          "hypothetical_full_min_m": -0.028676797148815245,
          "hypothetical_full_min_step": 30,
          "hypothetical_full_min_track": 1
        }
      },
      "worker_original_dynamic_min_m": 0.03542796369655145,
      "worker_constraint_min": 0.0,
      "executed": false
    },
    {
      "evaluation_ns": 13885000000,
      "proposal_ns": 13835000000,
      "worker_source_ns": 13795000000,
      "native_source_ns": 13795000000,
      "measured_state_delta": [
        0.0,
        0.0,
        -1.7720389763516608e-20,
        0.0,
        0.0,
        0.0
      ],
      "recorded_native_constraint": "dynamic_clearance",
      "recorded_step": 29,
      "recorded_track_id": 1,
      "recorded_slack_m": -0.007699592278738541,
      "cases": {
        "worker_state__worker_prediction": {
          "at_recorded_track_step_m": -0.007699592278738541,
          "hypothetical_full_min_m": -0.03338429159241932,
          "hypothetical_full_min_step": 30,
          "hypothetical_full_min_track": 1
        },
        "worker_state__native_prediction": {
          "at_recorded_track_step_m": -0.007699592278738541,
          "hypothetical_full_min_m": -0.03338429159241932,
          "hypothetical_full_min_step": 30,
          "hypothetical_full_min_track": 1
        },
        "native_state__worker_prediction": {
          "at_recorded_track_step_m": -0.007699592278738541,
          "hypothetical_full_min_m": -0.03338429159241932,
          "hypothetical_full_min_step": 30,
          "hypothetical_full_min_track": 1
        },
        "native_state__native_prediction": {
          "at_recorded_track_step_m": -0.007699592278738541,
          "hypothetical_full_min_m": -0.03338429159241932,
          "hypothetical_full_min_step": 30,
          "hypothetical_full_min_track": 1
        }
      },
      "worker_original_dynamic_min_m": 0.03476759207939647,
      "worker_constraint_min": 0.0,
      "executed": false
    },
    {
      "evaluation_ns": 13935000000,
      "proposal_ns": 13885000000,
      "worker_source_ns": 13795000000,
      "native_source_ns": 13861000000,
      "measured_state_delta": [
        0.0,
        0.0,
        -1.7720389763516608e-20,
        0.0,
        0.0,
        0.0
      ],
      "recorded_native_constraint": "dynamic_clearance",
      "recorded_step": 29,
      "recorded_track_id": 1,
      "recorded_slack_m": -0.018037430812366476,
      "cases": {
        "worker_state__worker_prediction": {
          "at_recorded_track_step_m": -0.012129388941950845,
          "hypothetical_full_min_m": -0.037813911092469704,
          "hypothetical_full_min_step": 30,
          "hypothetical_full_min_track": 1
        },
        "worker_state__native_prediction": {
          "at_recorded_track_step_m": -0.018037430812366483,
          "hypothetical_full_min_m": -0.04381711564633535,
          "hypothetical_full_min_step": 30,
          "hypothetical_full_min_track": 1
        },
        "native_state__worker_prediction": {
          "at_recorded_track_step_m": -0.012129388941950845,
          "hypothetical_full_min_m": -0.037813911092469704,
          "hypothetical_full_min_step": 30,
          "hypothetical_full_min_track": 1
        },
        "native_state__native_prediction": {
          "at_recorded_track_step_m": -0.018037430812366483,
          "hypothetical_full_min_m": -0.04381711564633535,
          "hypothetical_full_min_step": 30,
          "hypothetical_full_min_track": 1
        }
      },
      "worker_original_dynamic_min_m": 0.034389912690335166,
      "worker_constraint_min": 0.0,
      "executed": false
    },
    {
      "evaluation_ns": 13985000000,
      "proposal_ns": 13935000000,
      "worker_source_ns": 13861000000,
      "native_source_ns": 13927000000,
      "measured_state_delta": [
        0.0,
        0.0,
        -1.7720389763516608e-20,
        0.0,
        0.0,
        0.0
      ],
      "recorded_native_constraint": "dynamic_clearance",
      "recorded_step": 29,
      "recorded_track_id": 1,
      "recorded_slack_m": -0.014827004459340053,
      "cases": {
        "worker_state__worker_prediction": {
          "at_recorded_track_step_m": -0.017393096991987055,
          "hypothetical_full_min_m": -0.04317282263401885,
          "hypothetical_full_min_step": 30,
          "hypothetical_full_min_track": 1
        },
        "worker_state__native_prediction": {
          "at_recorded_track_step_m": -0.014827004459340053,
          "hypothetical_full_min_m": -0.04062594783259556,
          "hypothetical_full_min_step": 30,
          "hypothetical_full_min_track": 1
        },
        "native_state__worker_prediction": {
          "at_recorded_track_step_m": -0.017393096991987055,
          "hypothetical_full_min_m": -0.04317282263401885,
          "hypothetical_full_min_step": 30,
          "hypothetical_full_min_track": 1
        },
        "native_state__native_prediction": {
          "at_recorded_track_step_m": -0.014827004459340053,
          "hypothetical_full_min_m": -0.04062594783259556,
          "hypothetical_full_min_step": 30,
          "hypothetical_full_min_track": 1
        }
      },
      "worker_original_dynamic_min_m": 0.03414082731482297,
      "worker_constraint_min": 0.0,
      "executed": false
    },
    {
      "evaluation_ns": 14035000000,
      "proposal_ns": 13985000000,
      "worker_source_ns": 13927000000,
      "native_source_ns": 13993000000,
      "measured_state_delta": [
        0.0,
        0.0,
        -1.7720389763516608e-20,
        0.0,
        0.0,
        0.0
      ],
      "recorded_native_constraint": "dynamic_clearance",
      "recorded_step": 29,
      "recorded_track_id": 1,
      "recorded_slack_m": -0.014942013357621475,
      "cases": {
        "worker_state__worker_prediction": {
          "at_recorded_track_step_m": -0.021054890474578546,
          "hypothetical_full_min_m": -0.04685357890673471,
          "hypothetical_full_min_step": 30,
          "hypothetical_full_min_track": 1
        },
        "worker_state__native_prediction": {
          "at_recorded_track_step_m": -0.014942013357621253,
          "hypothetical_full_min_m": -0.04067938787270832,
          "hypothetical_full_min_step": 30,
          "hypothetical_full_min_track": 1
        },
        "native_state__worker_prediction": {
          "at_recorded_track_step_m": -0.021054890474578546,
          "hypothetical_full_min_m": -0.04685357890673471,
          "hypothetical_full_min_step": 30,
          "hypothetical_full_min_track": 1
        },
        "native_state__native_prediction": {
          "at_recorded_track_step_m": -0.014942013357621253,
          "hypothetical_full_min_m": -0.04067938787270832,
          "hypothetical_full_min_step": 30,
          "hypothetical_full_min_track": 1
        }
      },
      "worker_original_dynamic_min_m": 0.03437275926641191,
      "worker_constraint_min": 0.0,
      "executed": false
    },
    {
      "evaluation_ns": 14085000000,
      "proposal_ns": 14035000000,
      "worker_source_ns": 13993000000,
      "native_source_ns": 14059000000,
      "measured_state_delta": [
        0.0,
        0.0,
        -1.7720389763516608e-20,
        0.0,
        0.0,
        0.0
      ],
      "recorded_native_constraint": "dynamic_clearance",
      "recorded_step": 29,
      "recorded_track_id": 1,
      "recorded_slack_m": -0.021003158474080758,
      "cases": {
        "worker_state__worker_prediction": {
          "at_recorded_track_step_m": -0.0242066314293088,
          "hypothetical_full_min_m": -0.04994361670282356,
          "hypothetical_full_min_step": 30,
          "hypothetical_full_min_track": 1
        },
        "worker_state__native_prediction": {
          "at_recorded_track_step_m": -0.021003158474080758,
          "hypothetical_full_min_m": -0.04667141928169828,
          "hypothetical_full_min_step": 30,
          "hypothetical_full_min_track": 1
        },
        "native_state__worker_prediction": {
          "at_recorded_track_step_m": -0.0242066314293088,
          "hypothetical_full_min_m": -0.04994361670282356,
          "hypothetical_full_min_step": 30,
          "hypothetical_full_min_track": 1
        },
        "native_state__native_prediction": {
          "at_recorded_track_step_m": -0.021003158474080758,
          "hypothetical_full_min_m": -0.04667141928169828,
          "hypothetical_full_min_step": 30,
          "hypothetical_full_min_track": 1
        }
      },
      "worker_original_dynamic_min_m": 0.034495647415587735,
      "worker_constraint_min": 0.0,
      "executed": false
    },
    {
      "evaluation_ns": 14135000000,
      "proposal_ns": 14085000000,
      "worker_source_ns": 14059000000,
      "native_source_ns": 14059000000,
      "measured_state_delta": [
        0.0,
        0.0,
        -1.7720389763516608e-20,
        0.0,
        0.0,
        0.0
      ],
      "recorded_native_constraint": "dynamic_clearance",
      "recorded_step": 28,
      "recorded_track_id": 1,
      "recorded_slack_m": -0.0019031301981097468,
      "cases": {
        "worker_state__worker_prediction": {
          "at_recorded_track_step_m": -0.0019031301981095247,
          "hypothetical_full_min_m": -0.05324019147818472,
          "hypothetical_full_min_step": 30,
          "hypothetical_full_min_track": 1
        },
        "worker_state__native_prediction": {
          "at_recorded_track_step_m": -0.0019031301981095247,
          "hypothetical_full_min_m": -0.05324019147818472,
          "hypothetical_full_min_step": 30,
          "hypothetical_full_min_track": 1
        },
        "native_state__worker_prediction": {
          "at_recorded_track_step_m": -0.0019031301981095247,
          "hypothetical_full_min_m": -0.05324019147818472,
          "hypothetical_full_min_step": 30,
          "hypothetical_full_min_track": 1
        },
        "native_state__native_prediction": {
          "at_recorded_track_step_m": -0.0019031301981095247,
          "hypothetical_full_min_m": -0.05324019147818472,
          "hypothetical_full_min_step": 30,
          "hypothetical_full_min_track": 1
        }
      },
      "worker_original_dynamic_min_m": 0.034762696856824295,
      "worker_constraint_min": 0.0,
      "executed": false
    },
    {
      "evaluation_ns": 14185000000,
      "proposal_ns": 14135000000,
      "worker_source_ns": 14059000000,
      "native_source_ns": 14125000000,
      "measured_state_delta": [
        0.0,
        0.0,
        -1.7720389763516608e-20,
        0.0,
        0.0,
        0.0
      ],
      "recorded_native_constraint": "dynamic_clearance",
      "recorded_step": 29,
      "recorded_track_id": 1,
      "recorded_slack_m": -0.023729772712692648,
      "cases": {
        "worker_state__worker_prediction": {
          "at_recorded_track_step_m": -0.030404919312698415,
          "hypothetical_full_min_m": -0.05607280190737142,
          "hypothetical_full_min_step": 30,
          "hypothetical_full_min_track": 1
        },
        "worker_state__native_prediction": {
          "at_recorded_track_step_m": -0.023729772712692648,
          "hypothetical_full_min_m": -0.04928520163403442,
          "hypothetical_full_min_step": 30,
          "hypothetical_full_min_track": 1
        },
        "native_state__worker_prediction": {
          "at_recorded_track_step_m": -0.030404919312698415,
          "hypothetical_full_min_m": -0.05607280190737142,
          "hypothetical_full_min_step": 30,
          "hypothetical_full_min_track": 1
        },
        "native_state__native_prediction": {
          "at_recorded_track_step_m": -0.023729772712692648,
          "hypothetical_full_min_m": -0.04928520163403442,
          "hypothetical_full_min_step": 30,
          "hypothetical_full_min_track": 1
        }
      },
      "worker_original_dynamic_min_m": 0.03634692331085563,
      "worker_constraint_min": 0.0,
      "executed": false
    },
    {
      "evaluation_ns": 14235000000,
      "proposal_ns": 14185000000,
      "worker_source_ns": 14125000000,
      "native_source_ns": 14191000000,
      "measured_state_delta": [
        0.0,
        0.0,
        -1.7720389763516608e-20,
        0.0,
        0.0,
        0.0
      ],
      "recorded_native_constraint": "dynamic_clearance",
      "recorded_step": 28,
      "recorded_track_id": 1,
      "recorded_slack_m": -0.003968558798039874,
      "cases": {
        "worker_state__worker_prediction": {
          "at_recorded_track_step_m": -0.006767672000340268,
          "hypothetical_full_min_m": -0.05787889293030761,
          "hypothetical_full_min_step": 30,
          "hypothetical_full_min_track": 1
        },
        "worker_state__native_prediction": {
          "at_recorded_track_step_m": -0.003968558798039874,
          "hypothetical_full_min_m": -0.05489671942392521,
          "hypothetical_full_min_step": 30,
          "hypothetical_full_min_track": 1
        },
        "native_state__worker_prediction": {
          "at_recorded_track_step_m": -0.006767672000340268,
          "hypothetical_full_min_m": -0.05787889293030761,
          "hypothetical_full_min_step": 30,
          "hypothetical_full_min_track": 1
        },
        "native_state__native_prediction": {
          "at_recorded_track_step_m": -0.003968558798039874,
          "hypothetical_full_min_m": -0.05489671942392521,
          "hypothetical_full_min_step": 30,
          "hypothetical_full_min_track": 1
        }
      },
      "worker_original_dynamic_min_m": 0.038161251891602535,
      "worker_constraint_min": 0.0,
      "executed": false
    },
    {
      "evaluation_ns": 14285000000,
      "proposal_ns": 14235000000,
      "worker_source_ns": 14191000000,
      "native_source_ns": 14257000000,
      "measured_state_delta": [
        0.0,
        0.0,
        -1.7720389763516608e-20,
        0.0,
        0.0,
        0.0
      ],
      "recorded_native_constraint": "dynamic_clearance",
      "recorded_step": 28,
      "recorded_track_id": 1,
      "recorded_slack_m": -0.008692537908026158,
      "cases": {
        "worker_state__worker_prediction": {
          "at_recorded_track_step_m": -0.010923113487588513,
          "hypothetical_full_min_m": -0.06185070637439477,
          "hypothetical_full_min_step": 30,
          "hypothetical_full_min_track": 1
        },
        "worker_state__native_prediction": {
          "at_recorded_track_step_m": -0.008692537908026158,
          "hypothetical_full_min_m": -0.059472281059287924,
          "hypothetical_full_min_step": 30,
          "hypothetical_full_min_track": 1
        },
        "native_state__worker_prediction": {
          "at_recorded_track_step_m": -0.010923113487588513,
          "hypothetical_full_min_m": -0.06185070637439477,
          "hypothetical_full_min_step": 30,
          "hypothetical_full_min_track": 1
        },
        "native_state__native_prediction": {
          "at_recorded_track_step_m": -0.008692537908026158,
          "hypothetical_full_min_m": -0.059472281059287924,
          "hypothetical_full_min_step": 30,
          "hypothetical_full_min_track": 1
        }
      },
      "worker_original_dynamic_min_m": 0.03873359986580687,
      "worker_constraint_min": 0.0,
      "executed": false
    },
    {
      "evaluation_ns": 14335000000,
      "proposal_ns": 14285000000,
      "worker_source_ns": 14257000000,
      "native_source_ns": 14257000000,
      "measured_state_delta": [
        0.0,
        0.0,
        -1.7720389763516608e-20,
        0.0,
        0.0,
        0.0
      ],
      "recorded_native_constraint": "dynamic_clearance",
      "recorded_step": 28,
      "recorded_track_id": 1,
      "recorded_slack_m": -0.013528087438118622,
      "cases": {
        "worker_state__worker_prediction": {
          "at_recorded_track_step_m": -0.013528087438118622,
          "hypothetical_full_min_m": -0.0643074419873596,
          "hypothetical_full_min_step": 30,
          "hypothetical_full_min_track": 1
        },
        "worker_state__native_prediction": {
          "at_recorded_track_step_m": -0.013528087438118622,
          "hypothetical_full_min_m": -0.0643074419873596,
          "hypothetical_full_min_step": 30,
          "hypothetical_full_min_track": 1
        },
        "native_state__worker_prediction": {
          "at_recorded_track_step_m": -0.013528087438118622,
          "hypothetical_full_min_m": -0.0643074419873596,
          "hypothetical_full_min_step": 30,
          "hypothetical_full_min_track": 1
        },
        "native_state__native_prediction": {
          "at_recorded_track_step_m": -0.013528087438118622,
          "hypothetical_full_min_m": -0.0643074419873596,
          "hypothetical_full_min_step": 30,
          "hypothetical_full_min_track": 1
        }
      },
      "worker_original_dynamic_min_m": 0.038708541712745397,
      "worker_constraint_min": 0.0,
      "executed": false
    },
    {
      "evaluation_ns": 14385000000,
      "proposal_ns": 14335000000,
      "worker_source_ns": 14257000000,
      "native_source_ns": 14323000000,
      "measured_state_delta": [
        0.0,
        0.0,
        -1.7720389763516608e-20,
        0.0,
        0.0,
        0.0
      ],
      "recorded_native_constraint": "dynamic_clearance",
      "recorded_step": 28,
      "recorded_track_id": 1,
      "recorded_slack_m": -0.00900466023488172,
      "cases": {
        "worker_state__worker_prediction": {
          "at_recorded_track_step_m": -0.014359574256683886,
          "hypothetical_full_min_m": -0.06513888463841788,
          "hypothetical_full_min_step": 30,
          "hypothetical_full_min_track": 1
        },
        "worker_state__native_prediction": {
          "at_recorded_track_step_m": -0.009004660234881941,
          "hypothetical_full_min_m": -0.05958182690857666,
          "hypothetical_full_min_step": 30,
          "hypothetical_full_min_track": 1
        },
        "native_state__worker_prediction": {
          "at_recorded_track_step_m": -0.014359574256683886,
          "hypothetical_full_min_m": -0.06513888463841788,
          "hypothetical_full_min_step": 30,
          "hypothetical_full_min_track": 1
        },
        "native_state__native_prediction": {
          "at_recorded_track_step_m": -0.009004660234881941,
          "hypothetical_full_min_m": -0.05958182690857666,
          "hypothetical_full_min_step": 30,
          "hypothetical_full_min_track": 1
        }
      },
      "worker_original_dynamic_min_m": 0.0378801115036188,
      "worker_constraint_min": 0.0,
      "executed": false
    }
  ],
  "native_dynamic_margins_checked": 15,
  "actual_native_margins_match": true,
  "worker_solver_s": {
    "count": 1000,
    "p50": 0.0004111210073460825,
    "p95": 0.0008132651564665139,
    "min": 0.0,
    "max": 0.003822523998678662
  },
  "worker_iterations_max": 390,
  "portfolio_choices": {
    "none": 248,
    "left": 426,
    "right": 326
  },
  "portfolio_optimized_choices": {
    "left": 32
  },
  "portfolio_attempts": {
    "left": 753,
    "right": 721,
    "wait": 721
  },
  "portfolio_max_attempts": 3,
  "portfolio_diagnostic_count": 1000,
  "portfolio_feasible_count": 32,
  "accepted_portfolio_budget_gate": true,
  "scope": "Exact recorded input joins. Four dynamic-margin counterfactuals at one native epoch; no backdating stale predictions, no execution/physical certificate, no unique additive causal attribution.",
  "dynamic_acceptance": false
}
