In file included from /usr/include/c++/13/array:43,
                 from /home/qihei/rm2027_navigation/build/temporal_mpc_main_20261004/experiments/temporal_mpc/frontend/vendor/tdt_nav/MinimumSnapOsqp/sfcSquare.hpp:8,
                 from /home/qihei/rm2027_navigation/build/temporal_mpc_main_20261004/experiments/temporal_mpc/frontend/vendor/tdt_nav/MinimumSnapOsqp/sfcSquare.cpp:1:
In static member function ‘static constexpr _Up* std::__copy_move<_IsMove, true, std::random_access_iterator_tag>::__copy_m(_Tp*, _Tp*, _Up*) [with _Tp = const std::array<float, 4>; _Up = std::array<float, 4>; bool _IsMove = false]’,
    inlined from ‘constexpr _OI std::__copy_move_a2(_II, _II, _OI) [with bool _IsMove = false; _II = const array<float, 4>*; _OI = array<float, 4>*]’ at /usr/include/c++/13/bits/stl_algobase.h:506:30,
    inlined from ‘constexpr _OI std::__copy_move_a1(_II, _II, _OI) [with bool _IsMove = false; _II = const array<float, 4>*; _OI = array<float, 4>*]’ at /usr/include/c++/13/bits/stl_algobase.h:533:42,
    inlined from ‘constexpr _OI std::__copy_move_a(_II, _II, _OI) [with bool _IsMove = false; _II = __gnu_cxx::__normal_iterator<const array<float, 4>*, vector<array<float, 4> > >; _OI = array<float, 4>*]’ at /usr/include/c++/13/bits/stl_algobase.h:540:31,
    inlined from ‘constexpr _OI std::copy(_II, _II, _OI) [with _II = __gnu_cxx::__normal_iterator<const array<float, 4>*, vector<array<float, 4> > >; _OI = array<float, 4>*]’ at /usr/include/c++/13/bits/stl_algobase.h:633:7,
    inlined from ‘static _ForwardIterator std::__uninitialized_copy<true>::__uninit_copy(_InputIterator, _InputIterator, _ForwardIterator) [with _InputIterator = __gnu_cxx::__normal_iterator<const std::array<float, 4>*, std::vector<std::array<float, 4> > >; _ForwardIterator = std::array<float, 4>*]’ at /usr/include/c++/13/bits/stl_uninitialized.h:147:27,
    inlined from ‘_ForwardIterator std::uninitialized_copy(_InputIterator, _InputIterator, _ForwardIterator) [with _InputIterator = __gnu_cxx::__normal_iterator<const array<float, 4>*, vector<array<float, 4> > >; _ForwardIterator = array<float, 4>*]’ at /usr/include/c++/13/bits/stl_uninitialized.h:185:15,
    inlined from ‘constexpr _ForwardIterator std::__uninitialized_copy_a(_InputIterator, _InputIterator, _ForwardIterator, allocator<_Tp>&) [with _InputIterator = __gnu_cxx::__normal_iterator<const array<float, 4>*, vector<array<float, 4> > >; _ForwardIterator = array<float, 4>*; _Tp = array<float, 4>]’ at /usr/include/c++/13/bits/stl_uninitialized.h:373:37,
    inlined from ‘constexpr std::vector<_Tp, _Alloc>::vector(const std::vector<_Tp, _Alloc>&) [with _Tp = std::array<float, 4>; _Alloc = std::allocator<std::array<float, 4> >]’ at /usr/include/c++/13/bits/stl_vector.h:606:31,
    inlined from ‘constexpr SfcSquare::CorridorOutput::CorridorOutput(const SfcSquare::CorridorOutput&)’ at /home/qihei/rm2027_navigation/build/temporal_mpc_main_20261004/experiments/temporal_mpc/frontend/vendor/tdt_nav/MinimumSnapOsqp/sfcSquare.hpp:29:12,
    inlined from ‘static SfcSquare::CorridorOutput SfcSquare::_removeRedundant(CorridorOutput&, float)’ at /home/qihei/rm2027_navigation/build/temporal_mpc_main_20261004/experiments/temporal_mpc/frontend/vendor/tdt_nav/MinimumSnapOsqp/sfcSquare.cpp:515:16:
/usr/include/c++/13/bits/stl_algobase.h:437:30: warning: ‘void* __builtin_memmove(void*, const void*, long unsigned int)’ writing between 17 and 9223372036854775807 bytes into a region of size 16 overflows the destination [-Wstringop-overflow=]
  437 |             __builtin_memmove(__result, __first, sizeof(_Tp) * _Num);
      |             ~~~~~~~~~~~~~~~~~^~~~~~~~~~~~~~~~~~~~~~~~~~~~~~~~~~~~~~~
In file included from /usr/include/x86_64-linux-gnu/c++/13/bits/c++allocator.h:33,
                 from /usr/include/c++/13/bits/allocator.h:46,
                 from /usr/include/c++/13/vector:63,
                 from /home/qihei/rm2027_navigation/build/temporal_mpc_main_20261004/experiments/temporal_mpc/frontend/vendor/tdt_nav/MinimumSnapOsqp/sfcSquare.hpp:9:
In member function ‘_Tp* std::__new_allocator<_Tp>::allocate(size_type, const void*) [with _Tp = std::array<float, 4>]’,
    inlined from ‘constexpr _Tp* std::allocator< <template-parameter-1-1> >::allocate(std::size_t) [with _Tp = std::array<float, 4>]’ at /usr/include/c++/13/bits/allocator.h:198:40,
    inlined from ‘static constexpr _Tp* std::allocator_traits<std::allocator<_Up> >::allocate(allocator_type&, size_type) [with _Tp = std::array<float, 4>]’ at /usr/include/c++/13/bits/alloc_traits.h:482:28,
    inlined from ‘constexpr std::_Vector_base<_Tp, _Alloc>::pointer std::_Vector_base<_Tp, _Alloc>::_M_allocate(std::size_t) [with _Tp = std::array<float, 4>; _Alloc = std::allocator<std::array<float, 4> >]’ at /usr/include/c++/13/bits/stl_vector.h:381:33,
    inlined from ‘constexpr std::_Vector_base<_Tp, _Alloc>::pointer std::_Vector_base<_Tp, _Alloc>::_M_allocate(std::size_t) [with _Tp = std::array<float, 4>; _Alloc = std::allocator<std::array<float, 4> >]’ at /usr/include/c++/13/bits/stl_vector.h:378:7,
    inlined from ‘constexpr void std::_Vector_base<_Tp, _Alloc>::_M_create_storage(std::size_t) [with _Tp = std::array<float, 4>; _Alloc = std::allocator<std::array<float, 4> >]’ at /usr/include/c++/13/bits/stl_vector.h:398:44,
    inlined from ‘constexpr std::_Vector_base<_Tp, _Alloc>::_Vector_base(std::size_t, const allocator_type&) [with _Tp = std::array<float, 4>; _Alloc = std::allocator<std::array<float, 4> >]’ at /usr/include/c++/13/bits/stl_vector.h:335:26,
    inlined from ‘constexpr std::vector<_Tp, _Alloc>::vector(const std::vector<_Tp, _Alloc>&) [with _Tp = std::array<float, 4>; _Alloc = std::allocator<std::array<float, 4> >]’ at /usr/include/c++/13/bits/stl_vector.h:603:61,
    inlined from ‘constexpr SfcSquare::CorridorOutput::CorridorOutput(const SfcSquare::CorridorOutput&)’ at /home/qihei/rm2027_navigation/build/temporal_mpc_main_20261004/experiments/temporal_mpc/frontend/vendor/tdt_nav/MinimumSnapOsqp/sfcSquare.hpp:29:12,
    inlined from ‘static SfcSquare::CorridorOutput SfcSquare::_removeRedundant(CorridorOutput&, float)’ at /home/qihei/rm2027_navigation/build/temporal_mpc_main_20261004/experiments/temporal_mpc/frontend/vendor/tdt_nav/MinimumSnapOsqp/sfcSquare.cpp:515:16:
/usr/include/c++/13/bits/new_allocator.h:151:55: note: destination object of size 16 allocated by ‘operator new’
  151 |         return static_cast<_Tp*>(_GLIBCXX_OPERATOR_NEW(__n * sizeof(_Tp)));
      |                                                       ^
