{"scenario": "stationary", "geometry_mode": "observed_polygon", "model_goal_reached": false, "physical_collision": false, "control_p95_s": 0.007754425599705427, "offline_physical_and_20hz_gate": false}
{"scenario": "stationary", "geometry_mode": "nominal_diameter", "model_goal_reached": false, "physical_collision": false, "control_p95_s": 0.005964888799644541, "offline_physical_and_20hz_gate": false}
{"scenario": "low_crossing", "geometry_mode": "observed_polygon", "model_goal_reached": false, "physical_collision": false, "control_p95_s": 0.007601547047670465, "offline_physical_and_20hz_gate": false}
{"scenario": "low_crossing", "geometry_mode": "nominal_diameter", "model_goal_reached": false, "physical_collision": false, "control_p95_s": 0.0065961533033259915, "offline_physical_and_20hz_gate": false}
{"scenario": "high_crossing", "geometry_mode": "observed_polygon", "model_goal_reached": true, "physical_collision": false, "control_p95_s": 0.0061806994985090565, "offline_physical_and_20hz_gate": true}
{"scenario": "high_crossing", "geometry_mode": "nominal_diameter", "model_goal_reached": false, "physical_collision": false, "control_p95_s": 0.00390795895036717, "offline_physical_and_20hz_gate": false}
{"scenario": "head_on", "geometry_mode": "observed_polygon", "model_goal_reached": false, "physical_collision": true, "control_p95_s": 0.00752366274537053, "offline_physical_and_20hz_gate": false}
{"scenario": "head_on", "geometry_mode": "nominal_diameter", "model_goal_reached": false, "physical_collision": true, "control_p95_s": 0.0061862089969508816, "offline_physical_and_20hz_gate": false}
{"scenario": "sudden_stop", "geometry_mode": "observed_polygon", "model_goal_reached": false, "physical_collision": false, "control_p95_s": 0.0076242450031713815, "offline_physical_and_20hz_gate": false}
{"scenario": "sudden_stop", "geometry_mode": "nominal_diameter", "model_goal_reached": false, "physical_collision": false, "control_p95_s": 0.0038015680976968723, "offline_physical_and_20hz_gate": false}
{"scenario": "sudden_reverse", "geometry_mode": "observed_polygon", "model_goal_reached": true, "physical_collision": false, "control_p95_s": 0.00740413084931788, "offline_physical_and_20hz_gate": true}
{"scenario": "sudden_reverse", "geometry_mode": "nominal_diameter", "model_goal_reached": false, "physical_collision": false, "control_p95_s": 0.00534451995154086, "offline_physical_and_20hz_gate": false}
{"scenario": "short_occlusion", "geometry_mode": "observed_polygon", "model_goal_reached": false, "physical_collision": false, "control_p95_s": 0.007817895546759246, "offline_physical_and_20hz_gate": false}
{"scenario": "short_occlusion", "geometry_mode": "nominal_diameter", "model_goal_reached": false, "physical_collision": false, "control_p95_s": 0.006860550848796265, "offline_physical_and_20hz_gate": false}
{"scenario": "narrow_crossing", "geometry_mode": "observed_polygon", "model_goal_reached": false, "physical_collision": false, "control_p95_s": 0.007715000143434735, "offline_physical_and_20hz_gate": false}
{"scenario": "narrow_crossing", "geometry_mode": "nominal_diameter", "model_goal_reached": false, "physical_collision": false, "control_p95_s": 0.006638040246252785, "offline_physical_and_20hz_gate": false}
{"scenario": "wait_then_pass", "geometry_mode": "observed_polygon", "model_goal_reached": true, "physical_collision": false, "control_p95_s": 0.00757981299830135, "offline_physical_and_20hz_gate": true}
{"scenario": "wait_then_pass", "geometry_mode": "nominal_diameter", "model_goal_reached": false, "physical_collision": false, "control_p95_s": 0.005566018548779539, "offline_physical_and_20hz_gate": false}
{"scenario": "road_reopens", "geometry_mode": "observed_polygon", "model_goal_reached": true, "physical_collision": false, "control_p95_s": 0.007650813598593232, "offline_physical_and_20hz_gate": true}
{"scenario": "road_reopens", "geometry_mode": "nominal_diameter", "model_goal_reached": false, "physical_collision": false, "control_p95_s": 0.005562126301811077, "offline_physical_and_20hz_gate": false}
{"scenario": "near_face_geometry", "geometry_mode": "observed_polygon", "model_goal_reached": false, "physical_collision": false, "control_p95_s": 0.007562293994487845, "offline_physical_and_20hz_gate": false}
{"scenario": "near_face_geometry", "geometry_mode": "nominal_diameter", "model_goal_reached": false, "physical_collision": false, "control_p95_s": 0.006622415249148616, "offline_physical_and_20hz_gate": false}
{"scenario": "analytic_course_sine", "geometry_mode": "observed_polygon", "model_goal_reached": true, "physical_collision": false, "control_p95_s": 0.0062671506995684466, "offline_physical_and_20hz_gate": false}
{"scenario": "analytic_course_sine", "geometry_mode": "nominal_diameter", "model_goal_reached": false, "physical_collision": false, "control_p95_s": 0.006634245546229068, "offline_physical_and_20hz_gate": false}
