[INFO] [1791103392.047646758] [planner_server]: 
	planner_server lifecycle node launched. 
	Waiting on external lifecycle transitions to activate
	See https://design.ros2.org/articles/node_lifecycle.html for more information.
[INFO] [1791103392.049658815] [planner_server]: Creating
[INFO] [1791103392.054186471] [global_costmap.global_costmap]: 
	global_costmap lifecycle node launched. 
	Waiting on external lifecycle transitions to activate
	See https://design.ros2.org/articles/node_lifecycle.html for more information.
[INFO] [1791103392.054858567] [global_costmap.global_costmap]: Creating Costmap
[INFO] [1791103392.141143216] [planner_server]: Configuring
[INFO] [1791103392.141220974] [global_costmap.global_costmap]: Configuring
[INFO] [1791103392.145022025] [global_costmap.global_costmap]: Using plugin "static_layer"
[INFO] [1791103392.148110922] [global_costmap.global_costmap]: Subscribing to the map topic (/map) with transient local durability
[INFO] [1791103392.149006484] [global_costmap.global_costmap]: Initialized plugin "static_layer"
[INFO] [1791103392.149037039] [global_costmap.global_costmap]: Using plugin "inflation_layer"
[INFO] [1791103392.149408283] [global_costmap.global_costmap]: Initialized plugin "inflation_layer"
[INFO] [1791103392.154317830] [planner_server]: Created global planner plugin GridBased of type nav2_navfn_planner/NavfnPlanner
[INFO] [1791103392.154352204] [planner_server]: Configuring plugin GridBased of type NavfnPlanner
[INFO] [1791103392.154599706] [planner_server]: Planner Server has GridBased  planners available.
[INFO] [1791103392.437056653] [global_costmap.global_costmap]: StaticLayer: Resizing costmap to 500 X 140 at 0.050000 m/pix
[INFO] [1791103392.834656842] [planner_server]: Activating
[INFO] [1791103392.834763347] [global_costmap.global_costmap]: Activating
[INFO] [1791103392.834792973] [global_costmap.global_costmap]: Checking transform
[INFO] [1791103392.834979111] [global_costmap.global_costmap]: start
[INFO] [1791103392.885181859] [planner_server]: Activating plugin GridBased of type NavfnPlanner
[INFO] [1791103392.886405125] [planner_server]: Creating bond (planner_server) to lifecycle manager.
