-- Found ament_cmake: 1.3.14 (/opt/ros/humble/share/ament_cmake/cmake)
-- Found nav2_mppi_controller: 1.1.20 (/opt/ros/humble/share/nav2_mppi_controller/cmake)
-- Found rosidl_generator_c: 3.1.8 (/opt/ros/humble/share/rosidl_generator_c/cmake)
-- Found rosidl_adapter: 3.1.8 (/opt/ros/humble/share/rosidl_adapter/cmake)
-- Found rosidl_generator_cpp: 3.1.8 (/opt/ros/humble/share/rosidl_generator_cpp/cmake)
-- Using all available rosidl_typesupport_c: rosidl_typesupport_fastrtps_c;rosidl_typesupport_introspection_c
-- Using all available rosidl_typesupport_cpp: rosidl_typesupport_fastrtps_cpp;rosidl_typesupport_introspection_cpp
-- Found rmw_implementation_cmake: 6.1.2 (/opt/ros/humble/share/rmw_implementation_cmake/cmake)
-- Found rmw_fastrtps_cpp: 6.2.10 (/opt/ros/humble/share/rmw_fastrtps_cpp/cmake)
-- Using RMW implementation 'rmw_fastrtps_cpp' as default
-- Ensuring Eigen3 include directory is part of orocos-kdl CMake target
-- Found diagnostic_msgs: 4.9.1 (/opt/ros/humble/share/diagnostic_msgs/cmake)
-- Found rm_competition_interfaces: 0.1.0 (/out/install/rm_competition_interfaces/share/rm_competition_interfaces/cmake)
-- Found ament_cmake_gtest: 1.3.14 (/opt/ros/humble/share/ament_cmake_gtest/cmake)
-- Found gtest sources under '/opt/ros/humble/src/gtest_vendor': C++ tests using 'Google Test' will be built
-- Configuring done
-- Generating done
-- Build files have been written to: /out/build/rm_dynamic_obstacle_critic
Consolidate compiler generated dependencies of target rm_dynamic_obstacle_critic
[ 25%] Building CXX object CMakeFiles/rm_dynamic_obstacle_critic.dir/src/dynamic_obstacle_critic.cpp.o
[ 50%] Linking CXX shared library librm_dynamic_obstacle_critic.so
[100%] Built target rm_dynamic_obstacle_critic
Consolidate compiler generated dependencies of target gtest_main
[ 20%] Built target gtest_main
Consolidate compiler generated dependencies of target rm_dynamic_obstacle_critic
Consolidate compiler generated dependencies of target gtest
[ 60%] Built target rm_dynamic_obstacle_critic
[ 80%] Built target gtest
Consolidate compiler generated dependencies of target test_plugin
[ 90%] Building CXX object CMakeFiles/test_plugin.dir/test/test_plugin.cpp.o
[100%] Linking CXX executable test_plugin
[100%] Built target test_plugin
gmake: *** No rule to make target 'replay_dynamic_consumption'.  Stop.
