-- Install configuration: "Release"
-- Up-to-date: /out/install/rm_dynamic_obstacle_critic/share/rm_dynamic_obstacle_critic/critics.xml
-- Up-to-date: /out/install/rm_dynamic_obstacle_critic/lib/rm_dynamic_obstacle_critic/native_command_observer
-- Up-to-date: /out/install/rm_dynamic_obstacle_critic/lib/librm_dynamic_obstacle_critic.so
-- Up-to-date: /out/install/rm_dynamic_obstacle_critic/lib/rm_dynamic_obstacle_critic/dynamic_safety_guard
-- Up-to-date: /out/install/rm_dynamic_obstacle_critic/include
-- Up-to-date: /out/install/rm_dynamic_obstacle_critic/include/rm_dynamic_obstacle_critic
-- Up-to-date: /out/install/rm_dynamic_obstacle_critic/include/rm_dynamic_obstacle_critic/dynamic_consumption_evidence.hpp
-- Up-to-date: /out/install/rm_dynamic_obstacle_critic/include/rm_dynamic_obstacle_critic/guard.hpp
-- Up-to-date: /out/install/rm_dynamic_obstacle_critic/include/rm_dynamic_obstacle_critic/model.hpp
-- Up-to-date: /out/install/rm_dynamic_obstacle_critic/include/rm_dynamic_obstacle_critic/geometry.hpp
-- Up-to-date: /out/install/rm_dynamic_obstacle_critic/include/rm_dynamic_obstacle_critic/evidence_json.hpp
-- Up-to-date: /out/install/rm_dynamic_obstacle_critic/include/rm_dynamic_obstacle_critic/native_snapshot.hpp
-- Up-to-date: /out/install/rm_dynamic_obstacle_critic/include/rm_dynamic_obstacle_critic/static_map.hpp
-- Up-to-date: /out/install/rm_dynamic_obstacle_critic/share/rm_dynamic_obstacle_critic/config
-- Installing: /out/install/rm_dynamic_obstacle_critic/share/rm_dynamic_obstacle_critic/config/nav2_cv_dynamic_consumption.yaml
-- Up-to-date: /out/install/rm_dynamic_obstacle_critic/share/rm_dynamic_obstacle_critic/config/nav2_cv_soft_map_clearance.yaml
-- Up-to-date: /out/install/rm_dynamic_obstacle_critic/share/rm_dynamic_obstacle_critic/config/nav2_cv_map_uncertainty.yaml
-- Up-to-date: /out/install/rm_dynamic_obstacle_critic/share/rm_dynamic_obstacle_critic/config/course_static.pgm
-- Up-to-date: /out/install/rm_dynamic_obstacle_critic/share/rm_dynamic_obstacle_critic/config/nav2_cv_controller_odom.yaml
-- Up-to-date: /out/install/rm_dynamic_obstacle_critic/share/rm_dynamic_obstacle_critic/config/nav2_cv_native_cycle_snapshot.yaml
-- Up-to-date: /out/install/rm_dynamic_obstacle_critic/share/rm_dynamic_obstacle_critic/config/tracker_cv.yaml
-- Up-to-date: /out/install/rm_dynamic_obstacle_critic/share/rm_dynamic_obstacle_critic/config/guard_mechanical_footprint.yaml
-- Up-to-date: /out/install/rm_dynamic_obstacle_critic/share/rm_dynamic_obstacle_critic/config/nav2_cv_static_stopping.yaml
-- Up-to-date: /out/install/rm_dynamic_obstacle_critic/share/rm_dynamic_obstacle_critic/config/native_command_observer.yaml
-- Up-to-date: /out/install/rm_dynamic_obstacle_critic/share/rm_dynamic_obstacle_critic/config/guard.yaml
-- Up-to-date: /out/install/rm_dynamic_obstacle_critic/share/rm_dynamic_obstacle_critic/config/course_static.yaml
-- Up-to-date: /out/install/rm_dynamic_obstacle_critic/share/rm_dynamic_obstacle_critic/config/nav2_cv_experiment.yaml
-- Up-to-date: /out/install/rm_dynamic_obstacle_critic/share/rm_dynamic_obstacle_critic/config/nav2_cv_mechanical_footprint.yaml
-- Up-to-date: /out/install/rm_dynamic_obstacle_critic/share/rm_dynamic_obstacle_critic/launch
-- Up-to-date: /out/install/rm_dynamic_obstacle_critic/share/rm_dynamic_obstacle_critic/launch/cv_course.launch.py
-- Up-to-date: /out/install/rm_dynamic_obstacle_critic/share/rm_dynamic_obstacle_critic/launch/__pycache__
-- Up-to-date: /out/install/rm_dynamic_obstacle_critic/share/rm_dynamic_obstacle_critic/launch/__pycache__/cv_course.launch.cpython-312.pyc
-- Up-to-date: /out/install/rm_dynamic_obstacle_critic/share/ament_index/resource_index/package_run_dependencies/rm_dynamic_obstacle_critic
-- Up-to-date: /out/install/rm_dynamic_obstacle_critic/share/ament_index/resource_index/parent_prefix_path/rm_dynamic_obstacle_critic
-- Up-to-date: /out/install/rm_dynamic_obstacle_critic/share/rm_dynamic_obstacle_critic/environment/ament_prefix_path.sh
-- Up-to-date: /out/install/rm_dynamic_obstacle_critic/share/rm_dynamic_obstacle_critic/environment/ament_prefix_path.dsv
-- Up-to-date: /out/install/rm_dynamic_obstacle_critic/share/rm_dynamic_obstacle_critic/environment/path.sh
-- Up-to-date: /out/install/rm_dynamic_obstacle_critic/share/rm_dynamic_obstacle_critic/environment/path.dsv
-- Up-to-date: /out/install/rm_dynamic_obstacle_critic/share/rm_dynamic_obstacle_critic/local_setup.bash
-- Up-to-date: /out/install/rm_dynamic_obstacle_critic/share/rm_dynamic_obstacle_critic/local_setup.sh
-- Up-to-date: /out/install/rm_dynamic_obstacle_critic/share/rm_dynamic_obstacle_critic/local_setup.zsh
-- Up-to-date: /out/install/rm_dynamic_obstacle_critic/share/rm_dynamic_obstacle_critic/local_setup.dsv
-- Up-to-date: /out/install/rm_dynamic_obstacle_critic/share/rm_dynamic_obstacle_critic/package.dsv
-- Up-to-date: /out/install/rm_dynamic_obstacle_critic/share/ament_index/resource_index/packages/rm_dynamic_obstacle_critic
-- Up-to-date: /out/install/rm_dynamic_obstacle_critic/share/ament_index/resource_index/nav2_mppi_controller__pluginlib__plugin/rm_dynamic_obstacle_critic
-- Up-to-date: /out/install/rm_dynamic_obstacle_critic/share/rm_dynamic_obstacle_critic/cmake/ament_cmake_export_include_directories-extras.cmake
-- Up-to-date: /out/install/rm_dynamic_obstacle_critic/share/rm_dynamic_obstacle_critic/cmake/ament_cmake_export_dependencies-extras.cmake
-- Up-to-date: /out/install/rm_dynamic_obstacle_critic/share/rm_dynamic_obstacle_critic/cmake/rm_dynamic_obstacle_criticConfig.cmake
-- Up-to-date: /out/install/rm_dynamic_obstacle_critic/share/rm_dynamic_obstacle_critic/cmake/rm_dynamic_obstacle_criticConfig-version.cmake
-- Up-to-date: /out/install/rm_dynamic_obstacle_critic/share/rm_dynamic_obstacle_critic/package.xml
