{"scenario": "stationary", "geometry_mode": "observed_polygon", "consumption": "temporal", "model_goal_reached": false, "physical_collision": false, "minimum_physical_clearance_lower_m": 0.5590363946803859, "solve_p95_s": 0.5003727484003321, "offline_physical_task_gate": false}
{"scenario": "stationary", "geometry_mode": "nominal_diameter", "consumption": "temporal", "model_goal_reached": false, "physical_collision": false, "minimum_physical_clearance_lower_m": 0.675, "solve_p95_s": 0.5002869854961318, "offline_physical_task_gate": false}
{"scenario": "low_crossing", "geometry_mode": "observed_polygon", "consumption": "temporal", "model_goal_reached": false, "physical_collision": false, "minimum_physical_clearance_lower_m": 0.2541396303724312, "solve_p95_s": 0.5003223908002837, "offline_physical_task_gate": false}
{"scenario": "low_crossing", "geometry_mode": "nominal_diameter", "consumption": "temporal", "model_goal_reached": false, "physical_collision": false, "minimum_physical_clearance_lower_m": 0.6396289944862943, "solve_p95_s": 0.3965040358518308, "offline_physical_task_gate": false}
{"scenario": "high_crossing", "geometry_mode": "observed_polygon", "consumption": "temporal", "model_goal_reached": true, "physical_collision": false, "minimum_physical_clearance_lower_m": 0.17589775323013523, "solve_p95_s": 0.500121621101789, "offline_physical_task_gate": true}
{"scenario": "high_crossing", "geometry_mode": "nominal_diameter", "consumption": "temporal", "model_goal_reached": true, "physical_collision": false, "minimum_physical_clearance_lower_m": 0.670949964682207, "solve_p95_s": 0.25359410634591745, "offline_physical_task_gate": true}
{"scenario": "head_on", "geometry_mode": "observed_polygon", "consumption": "temporal", "model_goal_reached": false, "physical_collision": true, "minimum_physical_clearance_lower_m": -0.0021250032672305297, "solve_p95_s": 0.5003322942036903, "offline_physical_task_gate": false}
{"scenario": "head_on", "geometry_mode": "nominal_diameter", "consumption": "temporal", "model_goal_reached": false, "physical_collision": true, "minimum_physical_clearance_lower_m": -0.002255263448226404, "solve_p95_s": 0.5002326722024009, "offline_physical_task_gate": false}
{"scenario": "sudden_stop", "geometry_mode": "observed_polygon", "consumption": "temporal", "model_goal_reached": false, "physical_collision": false, "minimum_physical_clearance_lower_m": 0.5674769168994271, "solve_p95_s": 0.5003817226443061, "offline_physical_task_gate": false}
{"scenario": "sudden_stop", "geometry_mode": "nominal_diameter", "consumption": "temporal", "model_goal_reached": false, "physical_collision": false, "minimum_physical_clearance_lower_m": 0.673, "solve_p95_s": 0.0008012760972633259, "offline_physical_task_gate": false}
{"scenario": "sudden_reverse", "geometry_mode": "observed_polygon", "consumption": "temporal", "model_goal_reached": true, "physical_collision": false, "minimum_physical_clearance_lower_m": 0.20591541470297664, "solve_p95_s": 0.5001912133469887, "offline_physical_task_gate": true}
{"scenario": "sudden_reverse", "geometry_mode": "nominal_diameter", "consumption": "temporal", "model_goal_reached": false, "physical_collision": false, "minimum_physical_clearance_lower_m": 0.6729468826547399, "solve_p95_s": 0.30871759285473666, "offline_physical_task_gate": false}
{"scenario": "short_occlusion", "geometry_mode": "observed_polygon", "consumption": "temporal", "model_goal_reached": false, "physical_collision": false, "minimum_physical_clearance_lower_m": 0.20933062686177228, "solve_p95_s": 0.5003385620464542, "offline_physical_task_gate": false}
{"scenario": "short_occlusion", "geometry_mode": "nominal_diameter", "consumption": "temporal", "model_goal_reached": false, "physical_collision": false, "minimum_physical_clearance_lower_m": 0.6396289944862943, "solve_p95_s": 0.3997861735060723, "offline_physical_task_gate": false}
{"scenario": "narrow_crossing", "geometry_mode": "observed_polygon", "consumption": "temporal", "model_goal_reached": false, "physical_collision": false, "minimum_physical_clearance_lower_m": 0.2541396303724312, "solve_p95_s": 0.5003054872962821, "offline_physical_task_gate": false}
{"scenario": "narrow_crossing", "geometry_mode": "nominal_diameter", "consumption": "temporal", "model_goal_reached": false, "physical_collision": false, "minimum_physical_clearance_lower_m": 0.3041527295211766, "solve_p95_s": 0.48923283359981723, "offline_physical_task_gate": false}
{"scenario": "wait_then_pass", "geometry_mode": "observed_polygon", "consumption": "temporal", "model_goal_reached": false, "physical_collision": false, "minimum_physical_clearance_lower_m": 0.3938577510939485, "solve_p95_s": 0.5003965852985857, "offline_physical_task_gate": false}
{"scenario": "wait_then_pass", "geometry_mode": "nominal_diameter", "consumption": "temporal", "model_goal_reached": false, "physical_collision": false, "minimum_physical_clearance_lower_m": 0.3857535379094468, "solve_p95_s": 0.20738233845368084, "offline_physical_task_gate": false}
{"scenario": "road_reopens", "geometry_mode": "observed_polygon", "consumption": "temporal", "model_goal_reached": true, "physical_collision": false, "minimum_physical_clearance_lower_m": 0.15808575846515763, "solve_p95_s": 0.5003212397994503, "offline_physical_task_gate": true}
{"scenario": "road_reopens", "geometry_mode": "nominal_diameter", "consumption": "temporal", "model_goal_reached": false, "physical_collision": false, "minimum_physical_clearance_lower_m": 0.38376553102386807, "solve_p95_s": 0.2092740695992688, "offline_physical_task_gate": false}
{"scenario": "near_face_geometry", "geometry_mode": "observed_polygon", "consumption": "temporal", "model_goal_reached": false, "physical_collision": false, "minimum_physical_clearance_lower_m": 0.18857387677234907, "solve_p95_s": 0.5003134248003335, "offline_physical_task_gate": false}
{"scenario": "near_face_geometry", "geometry_mode": "nominal_diameter", "consumption": "temporal", "model_goal_reached": false, "physical_collision": false, "minimum_physical_clearance_lower_m": 0.6396289944862943, "solve_p95_s": 0.4097100478975335, "offline_physical_task_gate": false}
{"scenario": "analytic_course_sine", "geometry_mode": "observed_polygon", "consumption": "temporal", "model_goal_reached": true, "physical_collision": false, "minimum_physical_clearance_lower_m": 0.16350913452561802, "solve_p95_s": 0.377433286998712, "offline_physical_task_gate": true}
{"scenario": "analytic_course_sine", "geometry_mode": "nominal_diameter", "consumption": "temporal", "model_goal_reached": false, "physical_collision": false, "minimum_physical_clearance_lower_m": 0.6714091239060169, "solve_p95_s": 0.500290872846017, "offline_physical_task_gate": false}
