[INFO] [1791082257.853706674] [controller_server]: 
	controller_server lifecycle node launched. 
	Waiting on external lifecycle transitions to activate
	See https://design.ros2.org/articles/node_lifecycle.html for more information.
[INFO] [1791082257.857836858] [controller_server]: Creating controller server
[INFO] [1791082257.861408761] [local_costmap.local_costmap]: 
	local_costmap lifecycle node launched. 
	Waiting on external lifecycle transitions to activate
	See https://design.ros2.org/articles/node_lifecycle.html for more information.
[INFO] [1791082257.861996335] [local_costmap.local_costmap]: Creating Costmap
[INFO] [1791082257.956148535] [controller_server]: Configuring controller interface
[INFO] [1791082257.956249776] [controller_server]: getting goal checker plugins..
[INFO] [1791082257.956261803] [controller_server]: Controller frequency set to 20.0000Hz
[INFO] [1791082257.956282583] [local_costmap.local_costmap]: Configuring
[INFO] [1791082257.959355469] [local_costmap.local_costmap]: Using plugin "static_layer"
[INFO] [1791082257.962510130] [local_costmap.local_costmap]: Subscribing to the map topic (/map) with transient local durability
[INFO] [1791082257.963402499] [local_costmap.local_costmap]: Initialized plugin "static_layer"
[INFO] [1791082257.963434213] [local_costmap.local_costmap]: Using plugin "inflation_layer"
[INFO] [1791082257.963799180] [local_costmap.local_costmap]: Initialized plugin "inflation_layer"
[INFO] [1791082257.968529256] [controller_server]: Created progress_checker : progress_checker of type nav2_controller::SimpleProgressChecker
[INFO] [1791082257.968939764] [controller_server]: Created goal checker : general_goal_checker of type nav2_controller::SimpleGoalChecker
[INFO] [1791082257.969035641] [controller_server]: Controller Server has general_goal_checker  goal checkers available.
[INFO] [1791082257.969890562] [controller_server]: Created controller : FollowPathMPPI of type nav2_mppi_controller::MPPIController
[INFO] [1791082257.970388672] [controller_server]: Controller period is equal to model dt. Control sequence shifting is ON
[INFO] [1791082257.971474745] [controller_server]: ConstraintCritic instantiated with 1 power and 4.000000 weight.
[INFO] [1791082257.971502370] [controller_server]: Critic loaded : mppi::critics::ConstraintCritic
[INFO] [1791082257.971722850] [controller_server]: InflationCostCritic instantiated with 1 power and 300.000000 / 0.015000 weights. Critic will collision check based on footprint cost.
[INFO] [1791082257.971735584] [controller_server]: Critic loaded : mppi::critics::CostCritic
[INFO] [1791082257.971845685] [controller_server]: GoalCritic instantiated with 1 power and 5.000000 weight.
[INFO] [1791082257.971853377] [controller_server]: Critic loaded : mppi::critics::GoalCritic
[INFO] [1791082257.971977068] [controller_server]: Critic loaded : mppi::critics::PathFollowCritic
[INFO] [1791082257.972621986] [controller_server]: Optimizer reset
[INFO] [1791082257.974343193] [MPPIController]: Configured MPPI Controller: FollowPathMPPI
[INFO] [1791082257.978299471] [controller_server]: Created controller : FollowPathTemporalMPC of type rm_temporal_mpc::Controller
[INFO] [1791082257.981604579] [controller_server]: Controller Server has FollowPathMPPI FollowPathTemporalMPC  controllers available.
[INFO] [1791082258.018715225] [controller_server]: Activating
[INFO] [1791082258.018805469] [local_costmap.local_costmap]: Activating
[INFO] [1791082258.018835575] [local_costmap.local_costmap]: Checking transform
[INFO] [1791082258.018882573] [local_costmap.local_costmap]: Timed out waiting for transform from base_link to map to become available, tf error: Invalid frame ID "map" passed to canTransform argument target_frame - frame does not exist
[INFO] [1791082258.207681884] [local_costmap.local_costmap]: StaticLayer: Resizing costmap to 500 X 140 at 0.050000 m/pix
[INFO] [1791082258.519202089] [local_costmap.local_costmap]: start
[WARN] [1791082258.569595790] [controller_server]: Parameter controller_server.verbose not found
[INFO] [1791082258.570181929] [controller_server]: Optimizer reset
[INFO] [1791082258.570381133] [MPPIController]: Activated MPPI Controller: FollowPathMPPI
[INFO] [1791082258.570413842] [controller_server]: Creating bond (controller_server) to lifecycle manager.
[INFO] [1791082261.323855939] [controller_server]: Received a goal, begin computing control effort.
[INFO] [1791082261.325077837] [controller_server]: Optimizer reset
[INFO] [1791082262.324281268] [controller_server]: Passing new path to controller.
[INFO] [1791082262.424277527] [controller_server]: Passing new path to controller.
[INFO] [1791082262.574268940] [controller_server]: Passing new path to controller.
[INFO] [1791082262.674279184] [controller_server]: Passing new path to controller.
[INFO] [1791082262.824281021] [controller_server]: Passing new path to controller.
[INFO] [1791082262.924278701] [controller_server]: Passing new path to controller.
[INFO] [1791082263.074281981] [controller_server]: Passing new path to controller.
[INFO] [1791082263.174267714] [controller_server]: Passing new path to controller.
[INFO] [1791082263.324281715] [controller_server]: Passing new path to controller.
[INFO] [1791082263.424306608] [controller_server]: Passing new path to controller.
[INFO] [1791082263.574368094] [controller_server]: Passing new path to controller.
[INFO] [1791082263.674277398] [controller_server]: Passing new path to controller.
[INFO] [1791082263.824370777] [controller_server]: Passing new path to controller.
[INFO] [1791082263.974369959] [controller_server]: Passing new path to controller.
[INFO] [1791082264.074376006] [controller_server]: Passing new path to controller.
[INFO] [1791082264.174397810] [controller_server]: Passing new path to controller.
[INFO] [1791082264.324274750] [controller_server]: Passing new path to controller.
[INFO] [1791082264.474402934] [controller_server]: Passing new path to controller.
[INFO] [1791082264.574289452] [controller_server]: Passing new path to controller.
[INFO] [1791082264.674278730] [controller_server]: Passing new path to controller.
[INFO] [1791082264.824279062] [controller_server]: Passing new path to controller.
[INFO] [1791082264.924272680] [controller_server]: Passing new path to controller.
[INFO] [1791082265.074267592] [controller_server]: Passing new path to controller.
[INFO] [1791082265.174274706] [controller_server]: Passing new path to controller.
[INFO] [1791082265.324368919] [controller_server]: Passing new path to controller.
[INFO] [1791082265.424288455] [controller_server]: Passing new path to controller.
[INFO] [1791082265.574286837] [controller_server]: Passing new path to controller.
[INFO] [1791082265.674274672] [controller_server]: Passing new path to controller.
[INFO] [1791082265.824281905] [controller_server]: Passing new path to controller.
[INFO] [1791082265.924273205] [controller_server]: Passing new path to controller.
[INFO] [1791082266.074305904] [controller_server]: Passing new path to controller.
[INFO] [1791082266.174380578] [controller_server]: Passing new path to controller.
[INFO] [1791082266.324286725] [controller_server]: Passing new path to controller.
[INFO] [1791082266.424288286] [controller_server]: Passing new path to controller.
[INFO] [1791082266.574272743] [controller_server]: Passing new path to controller.
[INFO] [1791082266.674267243] [controller_server]: Passing new path to controller.
[INFO] [1791082266.824276390] [controller_server]: Passing new path to controller.
[INFO] [1791082266.924363496] [controller_server]: Passing new path to controller.
[INFO] [1791082267.074280184] [controller_server]: Passing new path to controller.
[INFO] [1791082267.174288598] [controller_server]: Passing new path to controller.
[INFO] [1791082267.324280690] [controller_server]: Passing new path to controller.
[INFO] [1791082267.424286084] [controller_server]: Passing new path to controller.
[INFO] [1791082267.574368599] [controller_server]: Passing new path to controller.
[INFO] [1791082267.674270828] [controller_server]: Passing new path to controller.
[INFO] [1791082267.824380344] [controller_server]: Passing new path to controller.
[INFO] [1791082267.924285583] [controller_server]: Passing new path to controller.
[INFO] [1791082268.074276094] [controller_server]: Passing new path to controller.
[INFO] [1791082268.174276340] [controller_server]: Passing new path to controller.
[INFO] [1791082268.324272268] [controller_server]: Passing new path to controller.
[INFO] [1791082268.424267751] [controller_server]: Passing new path to controller.
[INFO] [1791082269.474396986] [controller_server]: Passing new path to controller.
[INFO] [1791082269.574378254] [controller_server]: Passing new path to controller.
[INFO] [1791082269.724392924] [controller_server]: Passing new path to controller.
[INFO] [1791082269.824407738] [controller_server]: Passing new path to controller.
[INFO] [1791082269.974281315] [controller_server]: Passing new path to controller.
[INFO] [1791082270.074275120] [controller_server]: Passing new path to controller.
[INFO] [1791082270.224396789] [controller_server]: Passing new path to controller.
[INFO] [1791082270.324278361] [controller_server]: Passing new path to controller.
[INFO] [1791082270.474277242] [controller_server]: Passing new path to controller.
[INFO] [1791082270.574278618] [controller_server]: Passing new path to controller.
[INFO] [1791082270.724285539] [controller_server]: Passing new path to controller.
[INFO] [1791082270.824285702] [controller_server]: Passing new path to controller.
[INFO] [1791082270.974274569] [controller_server]: Passing new path to controller.
[INFO] [1791082271.074288841] [controller_server]: Passing new path to controller.
[INFO] [1791082271.224271420] [controller_server]: Passing new path to controller.
[INFO] [1791082271.324271110] [controller_server]: Passing new path to controller.
[INFO] [1791082271.474388945] [controller_server]: Passing new path to controller.
[INFO] [1791082271.574274498] [controller_server]: Passing new path to controller.
[INFO] [1791082271.724414625] [controller_server]: Passing new path to controller.
[INFO] [1791082271.824370207] [controller_server]: Passing new path to controller.
[INFO] [1791082271.974277222] [controller_server]: Passing new path to controller.
[INFO] [1791082272.074279471] [controller_server]: Passing new path to controller.
[INFO] [1791082272.224268249] [controller_server]: Passing new path to controller.
[INFO] [1791082272.324273496] [controller_server]: Passing new path to controller.
[INFO] [1791082272.474402393] [controller_server]: Passing new path to controller.
[INFO] [1791082272.574410469] [controller_server]: Passing new path to controller.
[INFO] [1791082272.724277620] [controller_server]: Passing new path to controller.
[INFO] [1791082272.824282046] [controller_server]: Passing new path to controller.
[INFO] [1791082272.974396503] [controller_server]: Passing new path to controller.
[INFO] [1791082273.074277090] [controller_server]: Passing new path to controller.
[INFO] [1791082273.224276266] [controller_server]: Passing new path to controller.
[INFO] [1791082273.324367162] [controller_server]: Passing new path to controller.
[INFO] [1791082273.474389210] [controller_server]: Passing new path to controller.
[INFO] [1791082273.574280089] [controller_server]: Passing new path to controller.
[INFO] [1791082273.724284659] [controller_server]: Passing new path to controller.
[INFO] [1791082273.824284620] [controller_server]: Passing new path to controller.
[INFO] [1791082273.974278466] [controller_server]: Passing new path to controller.
[INFO] [1791082274.074383944] [controller_server]: Passing new path to controller.
[INFO] [1791082274.224286356] [controller_server]: Passing new path to controller.
[INFO] [1791082274.324306818] [controller_server]: Passing new path to controller.
[INFO] [1791082274.474347693] [controller_server]: Passing new path to controller.
[INFO] [1791082274.574357930] [controller_server]: Passing new path to controller.
[INFO] [1791082274.724286086] [controller_server]: Passing new path to controller.
[INFO] [1791082274.824277908] [controller_server]: Passing new path to controller.
[INFO] [1791082274.974304228] [controller_server]: Passing new path to controller.
[INFO] [1791082275.074346860] [controller_server]: Passing new path to controller.
[INFO] [1791082275.224282547] [controller_server]: Passing new path to controller.
[INFO] [1791082275.324280323] [controller_server]: Passing new path to controller.
[INFO] [1791082275.724285666] [controller_server]: Passing new path to controller.
[INFO] [1791082275.824361333] [controller_server]: Passing new path to controller.
[INFO] [1791082275.974280933] [controller_server]: Passing new path to controller.
[INFO] [1791082276.074395083] [controller_server]: Passing new path to controller.
[INFO] [1791082276.224489574] [controller_server]: Passing new path to controller.
[INFO] [1791082276.324268389] [controller_server]: Passing new path to controller.
[INFO] [1791082276.474286545] [controller_server]: Passing new path to controller.
[INFO] [1791082276.574390614] [controller_server]: Passing new path to controller.
[INFO] [1791082276.724272001] [controller_server]: Passing new path to controller.
[INFO] [1791082276.824278271] [controller_server]: Passing new path to controller.
[INFO] [1791082276.974369630] [controller_server]: Passing new path to controller.
[INFO] [1791082277.074272536] [controller_server]: Passing new path to controller.
[INFO] [1791082277.224274723] [controller_server]: Passing new path to controller.
[INFO] [1791082277.324367386] [controller_server]: Passing new path to controller.
[INFO] [1791082277.474388715] [controller_server]: Passing new path to controller.
[INFO] [1791082277.574376293] [controller_server]: Passing new path to controller.
[INFO] [1791082277.724282963] [controller_server]: Passing new path to controller.
[INFO] [1791082278.124400590] [controller_server]: Passing new path to controller.
[INFO] [1791082278.674269475] [controller_server]: Passing new path to controller.
[INFO] [1791082278.774280835] [controller_server]: Passing new path to controller.
[INFO] [1791082278.924365735] [controller_server]: Passing new path to controller.
[INFO] [1791082279.024277711] [controller_server]: Passing new path to controller.
[INFO] [1791082279.174277326] [controller_server]: Passing new path to controller.
[INFO] [1791082279.274376218] [controller_server]: Passing new path to controller.
[INFO] [1791082279.424389868] [controller_server]: Passing new path to controller.
[INFO] [1791082279.524289176] [controller_server]: Passing new path to controller.
[INFO] [1791082279.674377732] [controller_server]: Passing new path to controller.
[INFO] [1791082279.824379108] [controller_server]: Passing new path to controller.
[INFO] [1791082279.924424344] [controller_server]: Passing new path to controller.
[INFO] [1791082280.024396471] [controller_server]: Passing new path to controller.
[INFO] [1791082280.174283273] [controller_server]: Passing new path to controller.
[INFO] [1791082280.274288178] [controller_server]: Passing new path to controller.
[INFO] [1791082280.424368840] [controller_server]: Passing new path to controller.
[INFO] [1791082280.524311007] [controller_server]: Passing new path to controller.
[INFO] [1791082280.674288487] [controller_server]: Passing new path to controller.
[INFO] [1791082280.774271490] [controller_server]: Passing new path to controller.
[INFO] [1791082280.924387172] [controller_server]: Passing new path to controller.
[INFO] [1791082281.024358834] [controller_server]: Passing new path to controller.
[INFO] [1791082281.174280092] [controller_server]: Passing new path to controller.
[INFO] [1791082281.274284553] [controller_server]: Passing new path to controller.
[INFO] [1791082281.424285913] [controller_server]: Passing new path to controller.
[INFO] [1791082281.524377481] [controller_server]: Passing new path to controller.
[INFO] [1791082281.674288498] [controller_server]: Passing new path to controller.
[INFO] [1791082281.774408966] [controller_server]: Passing new path to controller.
[INFO] [1791082281.924373104] [controller_server]: Passing new path to controller.
[INFO] [1791082282.074401209] [controller_server]: Passing new path to controller.
[INFO] [1791082282.174272134] [controller_server]: Passing new path to controller.
[INFO] [1791082282.274273674] [controller_server]: Passing new path to controller.
[INFO] [1791082282.424409133] [controller_server]: Passing new path to controller.
[INFO] [1791082282.524273601] [controller_server]: Passing new path to controller.
[INFO] [1791082282.674285334] [controller_server]: Passing new path to controller.
[INFO] [1791082282.774377729] [controller_server]: Passing new path to controller.
[INFO] [1791082282.924287222] [controller_server]: Passing new path to controller.
[INFO] [1791082283.024282257] [controller_server]: Passing new path to controller.
[INFO] [1791082283.174280816] [controller_server]: Passing new path to controller.
[INFO] [1791082283.274368562] [controller_server]: Passing new path to controller.
[INFO] [1791082283.424268944] [controller_server]: Passing new path to controller.
[INFO] [1791082283.524289083] [controller_server]: Passing new path to controller.
[INFO] [1791082283.674280752] [controller_server]: Passing new path to controller.
[INFO] [1791082283.774381498] [controller_server]: Passing new path to controller.
[INFO] [1791082283.924394301] [controller_server]: Passing new path to controller.
[INFO] [1791082284.024435750] [controller_server]: Passing new path to controller.
[INFO] [1791082284.174413185] [controller_server]: Passing new path to controller.
[INFO] [1791082284.274380283] [controller_server]: Passing new path to controller.
[INFO] [1791082284.674419335] [controller_server]: Passing new path to controller.
[INFO] [1791082284.774372808] [controller_server]: Passing new path to controller.
[INFO] [1791082284.924372400] [controller_server]: Passing new path to controller.
[INFO] [1791082285.024275476] [controller_server]: Passing new path to controller.
[INFO] [1791082285.174366895] [controller_server]: Passing new path to controller.
[INFO] [1791082285.274275325] [controller_server]: Passing new path to controller.
[INFO] [1791082285.424278471] [controller_server]: Passing new path to controller.
[INFO] [1791082285.524428601] [controller_server]: Passing new path to controller.
[INFO] [1791082285.674293310] [controller_server]: Passing new path to controller.
[INFO] [1791082285.824403714] [controller_server]: Passing new path to controller.
[INFO] [1791082285.924274586] [controller_server]: Passing new path to controller.
[INFO] [1791082286.024286240] [controller_server]: Passing new path to controller.
[INFO] [1791082286.174290923] [controller_server]: Passing new path to controller.
[INFO] [1791082286.274397775] [controller_server]: Passing new path to controller.
[INFO] [1791082286.424275946] [controller_server]: Passing new path to controller.
[INFO] [1791082286.524282017] [controller_server]: Passing new path to controller.
[INFO] [1791082286.674379038] [controller_server]: Passing new path to controller.
[INFO] [1791082286.774380195] [controller_server]: Passing new path to controller.
[INFO] [1791082286.924387887] [controller_server]: Passing new path to controller.
[INFO] [1791082287.024371725] [controller_server]: Passing new path to controller.
[INFO] [1791082287.174411801] [controller_server]: Passing new path to controller.
[INFO] [1791082287.274374889] [controller_server]: Passing new path to controller.
[INFO] [1791082287.424387844] [controller_server]: Passing new path to controller.
[INFO] [1791082287.524374153] [controller_server]: Passing new path to controller.
[INFO] [1791082287.674376568] [controller_server]: Passing new path to controller.
[INFO] [1791082287.774270356] [controller_server]: Passing new path to controller.
[INFO] [1791082287.924278617] [controller_server]: Passing new path to controller.
[INFO] [1791082288.024290053] [controller_server]: Passing new path to controller.
[INFO] [1791082288.174273278] [controller_server]: Passing new path to controller.
[INFO] [1791082288.274305652] [controller_server]: Passing new path to controller.
[INFO] [1791082288.424278183] [controller_server]: Passing new path to controller.
[INFO] [1791082288.524283052] [controller_server]: Passing new path to controller.
[INFO] [1791082288.674381956] [controller_server]: Passing new path to controller.
[INFO] [1791082288.774263631] [controller_server]: Passing new path to controller.
[INFO] [1791082288.924379353] [controller_server]: Passing new path to controller.
[INFO] [1791082289.024411368] [controller_server]: Passing new path to controller.
[INFO] [1791082289.174285302] [controller_server]: Passing new path to controller.
[INFO] [1791082289.274283190] [controller_server]: Passing new path to controller.
[INFO] [1791082289.424366670] [controller_server]: Passing new path to controller.
[INFO] [1791082289.524283101] [controller_server]: Passing new path to controller.
[INFO] [1791082289.674276735] [controller_server]: Passing new path to controller.
[INFO] [1791082289.774263978] [controller_server]: Passing new path to controller.
[INFO] [1791082289.924369551] [controller_server]: Passing new path to controller.
[INFO] [1791082290.024271806] [controller_server]: Passing new path to controller.
[INFO] [1791082290.174275384] [controller_server]: Passing new path to controller.
[INFO] [1791082290.274377795] [controller_server]: Passing new path to controller.
[INFO] [1791082290.424278012] [controller_server]: Passing new path to controller.
[INFO] [1791082290.524380836] [controller_server]: Passing new path to controller.
[INFO] [1791082290.924391928] [controller_server]: Passing new path to controller.
[INFO] [1791082291.024284398] [controller_server]: Passing new path to controller.
[INFO] [1791082291.174385382] [controller_server]: Passing new path to controller.
[INFO] [1791082291.274276597] [controller_server]: Passing new path to controller.
[INFO] [1791082291.424373364] [controller_server]: Passing new path to controller.
[INFO] [1791082291.524370619] [controller_server]: Passing new path to controller.
[INFO] [1791082291.674277534] [controller_server]: Passing new path to controller.
[INFO] [1791082291.774385734] [controller_server]: Passing new path to controller.
[INFO] [1791082291.924380222] [controller_server]: Passing new path to controller.
[INFO] [1791082292.024288573] [controller_server]: Passing new path to controller.
[INFO] [1791082292.174284887] [controller_server]: Passing new path to controller.
[INFO] [1791082292.274282575] [controller_server]: Passing new path to controller.
[INFO] [1791082292.424368126] [controller_server]: Passing new path to controller.
[INFO] [1791082292.524276351] [controller_server]: Passing new path to controller.
[INFO] [1791082292.674287490] [controller_server]: Passing new path to controller.
[INFO] [1791082292.824367092] [controller_server]: Passing new path to controller.
[INFO] [1791082292.924288776] [controller_server]: Passing new path to controller.
[INFO] [1791082293.024287905] [controller_server]: Passing new path to controller.
[INFO] [1791082293.174277581] [controller_server]: Passing new path to controller.
[INFO] [1791082293.274281595] [controller_server]: Passing new path to controller.
[INFO] [1791082293.424292633] [controller_server]: Passing new path to controller.
[INFO] [1791082293.524386934] [controller_server]: Passing new path to controller.
[INFO] [1791082293.674279963] [controller_server]: Passing new path to controller.
[INFO] [1791082293.774391856] [controller_server]: Passing new path to controller.
[INFO] [1791082293.924269082] [controller_server]: Passing new path to controller.
[INFO] [1791082294.024368779] [controller_server]: Passing new path to controller.
[INFO] [1791082294.174392960] [controller_server]: Passing new path to controller.
[INFO] [1791082294.274370717] [controller_server]: Passing new path to controller.
[INFO] [1791082294.424367304] [controller_server]: Passing new path to controller.
[INFO] [1791082294.524360531] [controller_server]: Passing new path to controller.
[INFO] [1791082294.674267846] [controller_server]: Passing new path to controller.
[INFO] [1791082294.774265731] [controller_server]: Passing new path to controller.
[INFO] [1791082294.924368411] [controller_server]: Passing new path to controller.
[INFO] [1791082295.074281530] [controller_server]: Passing new path to controller.
[INFO] [1791082295.174305226] [controller_server]: Passing new path to controller.
[INFO] [1791082295.274264454] [controller_server]: Passing new path to controller.
[INFO] [1791082295.424279944] [controller_server]: Passing new path to controller.
[INFO] [1791082295.524350880] [controller_server]: Passing new path to controller.
[INFO] [1791082295.674364540] [controller_server]: Passing new path to controller.
[INFO] [1791082295.774278571] [controller_server]: Passing new path to controller.
[INFO] [1791082295.924366851] [controller_server]: Passing new path to controller.
[INFO] [1791082296.024367196] [controller_server]: Passing new path to controller.
[INFO] [1791082296.174375086] [controller_server]: Passing new path to controller.
[INFO] [1791082296.274396795] [controller_server]: Passing new path to controller.
[INFO] [1791082296.424277938] [controller_server]: Passing new path to controller.
[INFO] [1791082296.524280751] [controller_server]: Passing new path to controller.
[INFO] [1791082296.674385793] [controller_server]: Passing new path to controller.
[INFO] [1791082296.774277144] [controller_server]: Passing new path to controller.
[INFO] [1791082297.174371057] [controller_server]: Passing new path to controller.
[INFO] [1791082297.274278699] [controller_server]: Passing new path to controller.
[INFO] [1791082297.424369337] [controller_server]: Passing new path to controller.
[INFO] [1791082297.574275287] [controller_server]: Passing new path to controller.
[INFO] [1791082297.674366597] [controller_server]: Passing new path to controller.
[INFO] [1791082297.774266059] [controller_server]: Passing new path to controller.
[INFO] [1791082297.924275973] [controller_server]: Passing new path to controller.
[INFO] [1791082298.024275320] [controller_server]: Passing new path to controller.
[INFO] [1791082298.174268059] [controller_server]: Passing new path to controller.
[INFO] [1791082298.274362149] [controller_server]: Passing new path to controller.
[INFO] [1791082298.424367577] [controller_server]: Passing new path to controller.
[INFO] [1791082298.524366217] [controller_server]: Passing new path to controller.
[INFO] [1791082298.674372084] [controller_server]: Passing new path to controller.
[INFO] [1791082298.774272574] [controller_server]: Passing new path to controller.
[INFO] [1791082298.924378323] [controller_server]: Passing new path to controller.
[INFO] [1791082299.024266900] [controller_server]: Passing new path to controller.
[INFO] [1791082299.174394042] [controller_server]: Passing new path to controller.
[INFO] [1791082299.274288591] [controller_server]: Passing new path to controller.
[INFO] [1791082299.424361668] [controller_server]: Passing new path to controller.
[INFO] [1791082299.524377181] [controller_server]: Passing new path to controller.
[INFO] [1791082299.674379466] [controller_server]: Passing new path to controller.
[INFO] [1791082299.774359377] [controller_server]: Passing new path to controller.
[INFO] [1791082299.924277340] [controller_server]: Passing new path to controller.
[INFO] [1791082300.024280945] [controller_server]: Passing new path to controller.
[INFO] [1791082300.174280263] [controller_server]: Passing new path to controller.
[INFO] [1791082300.274278541] [controller_server]: Passing new path to controller.
[INFO] [1791082300.424281733] [controller_server]: Passing new path to controller.
[INFO] [1791082300.524368593] [controller_server]: Passing new path to controller.
[INFO] [1791082300.674269802] [controller_server]: Passing new path to controller.
[INFO] [1791082300.774279619] [controller_server]: Passing new path to controller.
[INFO] [1791082300.924281342] [controller_server]: Passing new path to controller.
[INFO] [1791082301.024375371] [controller_server]: Passing new path to controller.
[INFO] [1791082301.174300253] [controller_server]: Passing new path to controller.
[INFO] [1791082301.274277668] [controller_server]: Passing new path to controller.
[INFO] [1791082301.424290747] [controller_server]: Passing new path to controller.
[INFO] [1791082301.524374829] [controller_server]: Passing new path to controller.
[INFO] [1791082301.674284919] [controller_server]: Passing new path to controller.
[INFO] [1791082301.774269761] [controller_server]: Passing new path to controller.
[INFO] [1791082301.924383779] [controller_server]: Passing new path to controller.
[INFO] [1791082302.024268302] [controller_server]: Passing new path to controller.
[INFO] [1791082302.174376137] [controller_server]: Passing new path to controller.
[INFO] [1791082302.274272846] [controller_server]: Passing new path to controller.
[INFO] [1791082302.424268242] [controller_server]: Passing new path to controller.
[INFO] [1791082302.524269293] [controller_server]: Passing new path to controller.
[INFO] [1791082302.674371311] [controller_server]: Passing new path to controller.
[INFO] [1791082302.774397649] [controller_server]: Passing new path to controller.
[INFO] [1791082302.924364322] [controller_server]: Passing new path to controller.
[INFO] [1791082303.024380367] [controller_server]: Passing new path to controller.
[INFO] [1791082303.474262438] [controller_server]: Passing new path to controller.
[INFO] [1791082303.574265421] [controller_server]: Passing new path to controller.
[INFO] [1791082303.724263970] [controller_server]: Passing new path to controller.
[INFO] [1791082303.824276956] [controller_server]: Passing new path to controller.
[INFO] [1791082303.974279488] [controller_server]: Passing new path to controller.
[INFO] [1791082304.124269647] [controller_server]: Passing new path to controller.
[INFO] [1791082304.224358663] [controller_server]: Passing new path to controller.
[INFO] [1791082304.324363812] [controller_server]: Passing new path to controller.
[INFO] [1791082304.474381617] [controller_server]: Passing new path to controller.
[INFO] [1791082304.574285964] [controller_server]: Passing new path to controller.
[INFO] [1791082304.724273284] [controller_server]: Passing new path to controller.
[INFO] [1791082304.824269780] [controller_server]: Passing new path to controller.
[INFO] [1791082304.974401404] [controller_server]: Passing new path to controller.
[INFO] [1791082305.074271008] [controller_server]: Passing new path to controller.
[INFO] [1791082305.224279820] [controller_server]: Passing new path to controller.
[INFO] [1791082305.324378150] [controller_server]: Passing new path to controller.
[INFO] [1791082305.474279820] [controller_server]: Passing new path to controller.
[INFO] [1791082305.574392409] [controller_server]: Passing new path to controller.
[INFO] [1791082305.724367474] [controller_server]: Passing new path to controller.
[INFO] [1791082305.824281126] [controller_server]: Passing new path to controller.
[INFO] [1791082305.974279940] [controller_server]: Passing new path to controller.
[INFO] [1791082306.074363061] [controller_server]: Passing new path to controller.
[INFO] [1791082306.224283617] [controller_server]: Passing new path to controller.
[INFO] [1791082306.324283867] [controller_server]: Passing new path to controller.
[INFO] [1791082306.474362521] [controller_server]: Passing new path to controller.
[INFO] [1791082306.574399383] [controller_server]: Passing new path to controller.
[INFO] [1791082306.724269190] [controller_server]: Passing new path to controller.
[INFO] [1791082306.824265075] [controller_server]: Passing new path to controller.
[INFO] [1791082306.974265882] [controller_server]: Passing new path to controller.
[INFO] [1791082307.074356247] [controller_server]: Passing new path to controller.
[INFO] [1791082307.224269593] [controller_server]: Passing new path to controller.
[INFO] [1791082307.324366453] [controller_server]: Passing new path to controller.
[INFO] [1791082307.474370344] [controller_server]: Passing new path to controller.
[INFO] [1791082307.624374553] [controller_server]: Passing new path to controller.
[INFO] [1791082307.724265721] [controller_server]: Passing new path to controller.
[INFO] [1791082307.824360318] [controller_server]: Passing new path to controller.
[INFO] [1791082307.974266873] [controller_server]: Passing new path to controller.
[INFO] [1791082308.074262481] [controller_server]: Passing new path to controller.
[INFO] [1791082308.224260518] [controller_server]: Passing new path to controller.
[INFO] [1791082308.324274869] [controller_server]: Passing new path to controller.
[INFO] [1791082308.474266405] [controller_server]: Passing new path to controller.
[INFO] [1791082308.574272574] [controller_server]: Passing new path to controller.
[INFO] [1791082308.724278554] [controller_server]: Passing new path to controller.
[INFO] [1791082308.824365490] [controller_server]: Passing new path to controller.
[INFO] [1791082308.974274574] [controller_server]: Passing new path to controller.
[INFO] [1791082309.074365640] [controller_server]: Passing new path to controller.
[INFO] [1791082309.224380744] [controller_server]: Passing new path to controller.
[INFO] [1791082309.324363467] [controller_server]: Passing new path to controller.
[INFO] [1791082309.774261044] [controller_server]: Passing new path to controller.
[INFO] [1791082309.874273533] [controller_server]: Passing new path to controller.
[INFO] [1791082310.024267545] [controller_server]: Passing new path to controller.
[INFO] [1791082310.124369205] [controller_server]: Passing new path to controller.
[INFO] [1791082310.274243562] [controller_server]: Passing new path to controller.
[INFO] [1791082310.374269395] [controller_server]: Passing new path to controller.
[INFO] [1791082310.524379665] [controller_server]: Passing new path to controller.
[INFO] [1791082310.624379838] [controller_server]: Passing new path to controller.
[INFO] [1791082310.774369296] [controller_server]: Passing new path to controller.
[INFO] [1791082310.874273820] [controller_server]: Passing new path to controller.
[INFO] [1791082311.024431546] [controller_server]: Passing new path to controller.
[INFO] [1791082311.124281772] [controller_server]: Passing new path to controller.
[INFO] [1791082311.274372654] [controller_server]: Passing new path to controller.
[INFO] [1791082311.574383359] [controller_server]: Passing new path to controller.
[INFO] [1791082311.874286762] [controller_server]: Passing new path to controller.
[INFO] [1791082311.974284373] [controller_server]: Passing new path to controller.
[INFO] [1791082312.124283966] [controller_server]: Passing new path to controller.
[INFO] [1791082312.224286111] [controller_server]: Passing new path to controller.
[INFO] [1791082312.374271366] [controller_server]: Passing new path to controller.
[INFO] [1791082312.474284160] [controller_server]: Passing new path to controller.
[INFO] [1791082312.624366051] [controller_server]: Passing new path to controller.
[INFO] [1791082312.824281929] [controller_server]: Passing new path to controller.
[INFO] [1791082312.874389264] [controller_server]: Passing new path to controller.
[INFO] [1791082312.924379372] [controller_server]: Passing new path to controller.
[INFO] [1791082313.174362755] [controller_server]: Passing new path to controller.
[INFO] [1791082313.574386025] [controller_server]: Passing new path to controller.
[INFO] [1791082313.724309177] [controller_server]: Passing new path to controller.
[INFO] [1791082313.824397875] [controller_server]: Passing new path to controller.
[INFO] [1791082313.974376513] [controller_server]: Passing new path to controller.
[INFO] [1791082314.074314564] [controller_server]: Passing new path to controller.
[INFO] [1791082314.224292460] [controller_server]: Passing new path to controller.
[INFO] [1791082314.324267284] [controller_server]: Passing new path to controller.
[INFO] [1791082314.474276673] [controller_server]: Passing new path to controller.
[INFO] [1791082314.574291369] [controller_server]: Passing new path to controller.
[INFO] [1791082314.724393467] [controller_server]: Passing new path to controller.
[INFO] [1791082314.824362851] [controller_server]: Passing new path to controller.
[INFO] [1791082314.974370308] [controller_server]: Passing new path to controller.
[INFO] [1791082315.074370307] [controller_server]: Passing new path to controller.
[INFO] [1791082315.224448787] [controller_server]: Passing new path to controller.
[INFO] [1791082315.324400426] [controller_server]: Passing new path to controller.
[INFO] [1791082315.474380327] [controller_server]: Passing new path to controller.
[INFO] [1791082315.574360895] [controller_server]: Passing new path to controller.
[INFO] [1791082315.724376329] [controller_server]: Passing new path to controller.
[INFO] [1791082315.824285625] [controller_server]: Passing new path to controller.
[INFO] [1791082315.974380602] [controller_server]: Passing new path to controller.
[INFO] [1791082316.074286213] [controller_server]: Passing new path to controller.
[INFO] [1791082316.224359416] [controller_server]: Passing new path to controller.
[INFO] [1791082316.324278282] [controller_server]: Passing new path to controller.
[INFO] [1791082316.474369575] [controller_server]: Passing new path to controller.
[INFO] [1791082316.574375997] [controller_server]: Passing new path to controller.
[INFO] [1791082316.724267367] [controller_server]: Passing new path to controller.
[INFO] [1791082316.824380210] [controller_server]: Passing new path to controller.
[INFO] [1791082316.974258199] [controller_server]: Passing new path to controller.
[INFO] [1791082317.274263366] [controller_server]: Passing new path to controller.
[INFO] [1791082317.574390046] [controller_server]: Passing new path to controller.
[INFO] [1791082317.674274694] [controller_server]: Passing new path to controller.
[INFO] [1791082317.824387445] [controller_server]: Passing new path to controller.
[INFO] [1791082318.124371142] [controller_server]: Passing new path to controller.
[INFO] [1791082318.424286319] [controller_server]: Passing new path to controller.
[INFO] [1791082318.724387873] [controller_server]: Passing new path to controller.
[INFO] [1791082319.024391999] [controller_server]: Passing new path to controller.
[INFO] [1791082319.124375627] [controller_server]: Passing new path to controller.
[INFO] [1791082319.274282497] [controller_server]: Passing new path to controller.
[INFO] [1791082319.374376410] [controller_server]: Passing new path to controller.
[INFO] [1791082319.524384320] [controller_server]: Passing new path to controller.
[INFO] [1791082319.624365932] [controller_server]: Passing new path to controller.
[INFO] [1791082319.774372589] [controller_server]: Passing new path to controller.
[INFO] [1791082319.874387425] [controller_server]: Passing new path to controller.
[INFO] [1791082320.024364985] [controller_server]: Passing new path to controller.
[INFO] [1791082320.124368426] [controller_server]: Passing new path to controller.
[INFO] [1791082320.274274460] [controller_server]: Passing new path to controller.
[INFO] [1791082320.374372651] [controller_server]: Passing new path to controller.
[INFO] [1791082320.524272160] [controller_server]: Passing new path to controller.
[INFO] [1791082320.624271300] [controller_server]: Passing new path to controller.
[INFO] [1791082320.774354648] [controller_server]: Passing new path to controller.
[INFO] [1791082320.874371906] [controller_server]: Passing new path to controller.
[INFO] [1791082321.024390569] [controller_server]: Passing new path to controller.
[INFO] [1791082321.124342359] [controller_server]: Passing new path to controller.
[INFO] [1791082321.274427874] [controller_server]: Passing new path to controller.
[INFO] [1791082321.374353426] [controller_server]: Passing new path to controller.
[INFO] [1791082321.524285351] [controller_server]: Passing new path to controller.
[INFO] [1791082321.624276856] [controller_server]: Passing new path to controller.
[INFO] [1791082321.774278044] [controller_server]: Passing new path to controller.
[INFO] [1791082321.874319550] [controller_server]: Passing new path to controller.
[INFO] [1791082322.024278598] [controller_server]: Passing new path to controller.
[INFO] [1791082322.124279603] [controller_server]: Passing new path to controller.
[INFO] [1791082322.274386876] [controller_server]: Passing new path to controller.
[INFO] [1791082322.374369993] [controller_server]: Passing new path to controller.
[INFO] [1791082322.524266546] [controller_server]: Passing new path to controller.
[INFO] [1791082322.624373548] [controller_server]: Passing new path to controller.
[INFO] [1791082322.774380950] [controller_server]: Passing new path to controller.
[INFO] [1791082322.874269180] [controller_server]: Passing new path to controller.
[INFO] [1791082323.024384101] [controller_server]: Passing new path to controller.
[INFO] [1791082323.124370468] [controller_server]: Passing new path to controller.
[INFO] [1791082323.274361933] [controller_server]: Passing new path to controller.
[INFO] [1791082323.574369291] [controller_server]: Passing new path to controller.
[INFO] [1791082323.874359158] [controller_server]: Passing new path to controller.
[INFO] [1791082323.974271290] [controller_server]: Passing new path to controller.
[INFO] [1791082324.124366696] [controller_server]: Passing new path to controller.
[INFO] [1791082324.224279460] [controller_server]: Passing new path to controller.
[INFO] [1791082324.374285253] [controller_server]: Passing new path to controller.
[INFO] [1791082324.474274378] [controller_server]: Passing new path to controller.
[INFO] [1791082324.624384164] [controller_server]: Passing new path to controller.
[INFO] [1791082324.924377870] [controller_server]: Passing new path to controller.
[INFO] [1791082325.074355630] [controller_server]: Goal was canceled. Stopping the robot.
[INFO] [1791082325.074416173] [controller_server]: [follow_path] [ActionServer] Client requested to cancel the goal. Cancelling.
[INFO] [1791082325.285199495] [controller_server]: Received a goal, begin computing control effort.
[INFO] [1791082326.335603755] [controller_server]: Goal was canceled. Stopping the robot.
[INFO] [1791082326.335672752] [controller_server]: [follow_path] [ActionServer] Client requested to cancel the goal. Cancelling.
