[INFO] [1789261308.173431106] [benchmark_costmap.benchmark_costmap]: 
	benchmark_costmap lifecycle node launched. 
	Waiting on external lifecycle transitions to activate
	See https://design.ros2.org/articles/node_lifecycle.html for more information.
[INFO] [1789261308.174094615] [benchmark_costmap.benchmark_costmap]: Creating Costmap
[INFO] [1789261308.174304353] [benchmark_costmap.benchmark_costmap]: Configuring
[INFO] [1789261308.180977550] [tdt_p2_benchmark]: Configuring plugin Navfn of type NavfnPlanner
[INFO] [1789261308.181060569] [tdt_p2_benchmark]: Configuring Smac of type SmacPlanner2D
[INFO] [1789261308.181499537] [tdt_p2_benchmark]: Configured plugin Smac of type SmacPlanner2D with tolerance 0.00, maximum iterations 1000000, max on approach iterations 1000, and not allowing unknown traversal.
[INFO] [1789261308.181516064] [tdt_p2_benchmark]: Activating plugin Navfn of type NavfnPlanner
[INFO] [1789261308.181524224] [tdt_p2_benchmark]: Activating plugin Smac of type SmacPlanner2D
[INFO] [1789261308.181621235] [map_io]: Loading yaml file: /maps/old_car_field/20260912T070820Z/old_car_field.yaml
[INFO] [1789261308.181777224] [map_io]: resolution: 0.05
[INFO] [1789261308.181786048] [map_io]: origin[0]: -11.4
[INFO] [1789261308.181790098] [map_io]: origin[1]: -6.6
[INFO] [1789261308.181793619] [map_io]: origin[2]: 0
[INFO] [1789261308.181797351] [map_io]: free_thresh: 0.196
[INFO] [1789261308.181801051] [map_io]: occupied_thresh: 0.65
[INFO] [1789261308.181804548] [map_io]: mode: trinary
[INFO] [1789261308.181808402] [map_io]: negate: 0
[INFO] [1789261308.182001001] [map_io]: Loading image_file: /maps/old_car_field/20260912T070820Z/old_car_field.pgm
[INFO] [1789261308.199471797] [map_io]: Read map /maps/old_car_field/20260912T070820Z/old_car_field.pgm: 421 X 443 map @ 0.05 m/cell
scenario open free_component=24564
[WARN] [1789261308.653840808] [tdt_p2_benchmark]: Navfn: failed to create plan with tolerance 0.00.
[WARN] [1789261308.967536732] [tdt_p2_benchmark]: Navfn: failed to create plan with tolerance 0.00.
scenario wall_detour free_component=22317
[WARN] [1789261309.744147274] [tdt_p2_benchmark]: Navfn: failed to create plan with tolerance 0.00.
[WARN] [1789261309.890259823] [tdt_p2_benchmark]: Navfn: failed to create plan with tolerance 0.00.
[WARN] [1789261310.042503094] [tdt_p2_benchmark]: Navfn: failed to create plan with tolerance 0.00.
[WARN] [1789261310.150457151] [tdt_p2_benchmark]: Navfn: failed to create plan with tolerance 0.00.
[WARN] [1789261310.197678885] [tdt_p2_benchmark]: Navfn: failed to create plan with tolerance 0.00.
scenario passage_080m free_component=10920
[WARN] [1789261310.714492080] [tdt_p2_benchmark]: Navfn: failed to create plan with tolerance 0.00.
[WARN] [1789261310.718703156] [tdt_p2_benchmark]: Smac: failed to create plan, no valid path found.
[31mError: No path found! return empty path[0m
[31mError: No path found! return empty path[0m
[WARN] [1789261310.732417340] [tdt_p2_benchmark]: Smac: failed to create plan, no valid path found.
[31mError: No path found! return empty path[0m
[31mError: No path found! return empty path[0m
[WARN] [1789261310.745527674] [tdt_p2_benchmark]: Navfn: failed to create plan with tolerance 0.00.
[31mError: No path found! return empty path[0m
[31mError: No path found! return empty path[0m
[WARN] [1789261310.753874165] [tdt_p2_benchmark]: Navfn: failed to create plan with tolerance 0.00.
[WARN] [1789261310.758745134] [tdt_p2_benchmark]: Smac: failed to create plan, no valid path found.
[31mError: No path found! return empty path[0m
[WARN] [1789261310.763312023] [tdt_p2_benchmark]: Navfn: failed to create plan with tolerance 0.00.
[WARN] [1789261310.769895298] [tdt_p2_benchmark]: Smac: failed to create plan, no valid path found.
[31mError: No path found! return empty path[0m
[WARN] [1789261310.775336802] [tdt_p2_benchmark]: Navfn: failed to create plan with tolerance 0.00.
[WARN] [1789261310.779785251] [tdt_p2_benchmark]: Smac: failed to create plan, no valid path found.
[31mError: No path found! return empty path[0m
[31mError: No path found! return empty path[0m
[WARN] [1789261310.792384605] [tdt_p2_benchmark]: Smac: failed to create plan, no valid path found.
[31mError: No path found! return empty path[0m
[31mError: No path found! return empty path[0m
[WARN] [1789261310.801216752] [tdt_p2_benchmark]: Navfn: failed to create plan with tolerance 0.00.
[31mError: No path found! return empty path[0m
[31mError: No path found! return empty path[0m
[WARN] [1789261310.813809569] [tdt_p2_benchmark]: Navfn: failed to create plan with tolerance 0.00.
[WARN] [1789261310.818236787] [tdt_p2_benchmark]: Smac: failed to create plan, no valid path found.
[31mError: No path found! return empty path[0m
[WARN] [1789261310.823044919] [tdt_p2_benchmark]: Navfn: failed to create plan with tolerance 0.00.
[WARN] [1789261310.827689261] [tdt_p2_benchmark]: Smac: failed to create plan, no valid path found.
[31mError: No path found! return empty path[0m
[WARN] [1789261310.832851220] [tdt_p2_benchmark]: Navfn: failed to create plan with tolerance 0.00.
[WARN] [1789261310.839742994] [tdt_p2_benchmark]: Smac: failed to create plan, no valid path found.
[31mError: No path found! return empty path[0m
[31mError: No path found! return empty path[0m
[WARN] [1789261310.852883024] [tdt_p2_benchmark]: Smac: failed to create plan, no valid path found.
[31mError: No path found! return empty path[0m
[31mError: No path found! return empty path[0m
[WARN] [1789261310.862376218] [tdt_p2_benchmark]: Navfn: failed to create plan with tolerance 0.00.
[31mError: No path found! return empty path[0m
[31mError: No path found! return empty path[0m
[WARN] [1789261310.872372230] [tdt_p2_benchmark]: Navfn: failed to create plan with tolerance 0.00.
[WARN] [1789261310.879885121] [tdt_p2_benchmark]: Smac: failed to create plan, no valid path found.
[31mError: No path found! return empty path[0m
[WARN] [1789261310.884211063] [tdt_p2_benchmark]: Navfn: failed to create plan with tolerance 0.00.
[WARN] [1789261310.889110113] [tdt_p2_benchmark]: Smac: failed to create plan, no valid path found.
[31mError: No path found! return empty path[0m
[WARN] [1789261310.895141021] [tdt_p2_benchmark]: Navfn: failed to create plan with tolerance 0.00.
[WARN] [1789261310.901580503] [tdt_p2_benchmark]: Smac: failed to create plan, no valid path found.
[31mError: No path found! return empty path[0m
[31mError: No path found! return empty path[0m
[WARN] [1789261310.918727388] [tdt_p2_benchmark]: Smac: failed to create plan, no valid path found.
[31mError: No path found! return empty path[0m
[31mError: No path found! return empty path[0m
[WARN] [1789261310.928048281] [tdt_p2_benchmark]: Navfn: failed to create plan with tolerance 0.00.
[31mError: No path found! return empty path[0m
[31mError: No path found! return empty path[0m
[WARN] [1789261310.938789416] [tdt_p2_benchmark]: Navfn: failed to create plan with tolerance 0.00.
[WARN] [1789261310.946832249] [tdt_p2_benchmark]: Smac: failed to create plan, no valid path found.
[31mError: No path found! return empty path[0m
[WARN] [1789261310.951177300] [tdt_p2_benchmark]: Navfn: failed to create plan with tolerance 0.00.
[WARN] [1789261310.956261932] [tdt_p2_benchmark]: Smac: failed to create plan, no valid path found.
[31mError: No path found! return empty path[0m
[WARN] [1789261310.961270671] [tdt_p2_benchmark]: Navfn: failed to create plan with tolerance 0.00.
[WARN] [1789261310.966466853] [tdt_p2_benchmark]: Smac: failed to create plan, no valid path found.
[31mError: No path found! return empty path[0m
[31mError: No path found! return empty path[0m
[WARN] [1789261310.981030362] [tdt_p2_benchmark]: Smac: failed to create plan, no valid path found.
[31mError: No path found! return empty path[0m
[31mError: No path found! return empty path[0m
[WARN] [1789261310.989821790] [tdt_p2_benchmark]: Navfn: failed to create plan with tolerance 0.00.
[31mError: No path found! return empty path[0m
[31mError: No path found! return empty path[0m
[WARN] [1789261310.998426079] [tdt_p2_benchmark]: Navfn: failed to create plan with tolerance 0.00.
[WARN] [1789261311.003762914] [tdt_p2_benchmark]: Smac: failed to create plan, no valid path found.
[31mError: No path found! return empty path[0m
[WARN] [1789261311.010656500] [tdt_p2_benchmark]: Navfn: failed to create plan with tolerance 0.00.
[WARN] [1789261311.015266190] [tdt_p2_benchmark]: Smac: failed to create plan, no valid path found.
[31mError: No path found! return empty path[0m
[WARN] [1789261311.019759273] [tdt_p2_benchmark]: Navfn: failed to create plan with tolerance 0.00.
[WARN] [1789261311.025269785] [tdt_p2_benchmark]: Smac: failed to create plan, no valid path found.
[31mError: No path found! return empty path[0m
[31mError: No path found! return empty path[0m
[WARN] [1789261311.039728351] [tdt_p2_benchmark]: Smac: failed to create plan, no valid path found.
[31mError: No path found! return empty path[0m
[31mError: No path found! return empty path[0m
[WARN] [1789261311.050994972] [tdt_p2_benchmark]: Navfn: failed to create plan with tolerance 0.00.
[31mError: No path found! return empty path[0m
[31mError: No path found! return empty path[0m
[WARN] [1789261311.060857039] [tdt_p2_benchmark]: Navfn: failed to create plan with tolerance 0.00.
[WARN] [1789261311.067732859] [tdt_p2_benchmark]: Smac: failed to create plan, no valid path found.
[31mError: No path found! return empty path[0m
[WARN] [1789261311.072900476] [tdt_p2_benchmark]: Navfn: failed to create plan with tolerance 0.00.
[WARN] [1789261311.077905781] [tdt_p2_benchmark]: Smac: failed to create plan, no valid path found.
[31mError: No path found! return empty path[0m
[WARN] [1789261311.082160819] [tdt_p2_benchmark]: Navfn: failed to create plan with tolerance 0.00.
[WARN] [1789261311.086655055] [tdt_p2_benchmark]: Smac: failed to create plan, no valid path found.
[31mError: No path found! return empty path[0m
[31mError: No path found! return empty path[0m
[WARN] [1789261311.100914567] [tdt_p2_benchmark]: Smac: failed to create plan, no valid path found.
[31mError: No path found! return empty path[0m
[31mError: No path found! return empty path[0m
[WARN] [1789261311.113436027] [tdt_p2_benchmark]: Navfn: failed to create plan with tolerance 0.00.
[31mError: No path found! return empty path[0m
[31mError: No path found! return empty path[0m
[WARN] [1789261311.121878577] [tdt_p2_benchmark]: Navfn: failed to create plan with tolerance 0.00.
[WARN] [1789261311.127250220] [tdt_p2_benchmark]: Smac: failed to create plan, no valid path found.
[31mError: No path found! return empty path[0m
[WARN] [1789261311.132175296] [tdt_p2_benchmark]: Navfn: failed to create plan with tolerance 0.00.
[WARN] [1789261311.138670597] [tdt_p2_benchmark]: Smac: failed to create plan, no valid path found.
[31mError: No path found! return empty path[0m
[WARN] [1789261311.143746708] [tdt_p2_benchmark]: Navfn: failed to create plan with tolerance 0.00.
[WARN] [1789261311.148063306] [tdt_p2_benchmark]: Smac: failed to create plan, no valid path found.
[31mError: No path found! return empty path[0m
[31mError: No path found! return empty path[0m
[WARN] [1789261311.161037657] [tdt_p2_benchmark]: Smac: failed to create plan, no valid path found.
[31mError: No path found! return empty path[0m
[31mError: No path found! return empty path[0m
[WARN] [1789261311.170069065] [tdt_p2_benchmark]: Navfn: failed to create plan with tolerance 0.00.
[31mError: No path found! return empty path[0m
[31mError: No path found! return empty path[0m
[WARN] [1789261311.181936555] [tdt_p2_benchmark]: Navfn: failed to create plan with tolerance 0.00.
[WARN] [1789261311.186645568] [tdt_p2_benchmark]: Smac: failed to create plan, no valid path found.
[31mError: No path found! return empty path[0m
[WARN] [1789261311.192222370] [tdt_p2_benchmark]: Navfn: failed to create plan with tolerance 0.00.
[WARN] [1789261311.196771981] [tdt_p2_benchmark]: Smac: failed to create plan, no valid path found.
[31mError: No path found! return empty path[0m
[WARN] [1789261311.202308766] [tdt_p2_benchmark]: Navfn: failed to create plan with tolerance 0.00.
[WARN] [1789261311.208730369] [tdt_p2_benchmark]: Smac: failed to create plan, no valid path found.
[31mError: No path found! return empty path[0m
[31mError: No path found! return empty path[0m
[WARN] [1789261311.225255535] [tdt_p2_benchmark]: Smac: failed to create plan, no valid path found.
[31mError: No path found! return empty path[0m
[31mError: No path found! return empty path[0m
[WARN] [1789261311.234782574] [tdt_p2_benchmark]: Navfn: failed to create plan with tolerance 0.00.
[31mError: No path found! return empty path[0m
[31mError: No path found! return empty path[0m
[WARN] [1789261311.247607365] [tdt_p2_benchmark]: Navfn: failed to create plan with tolerance 0.00.
[WARN] [1789261311.252093770] [tdt_p2_benchmark]: Smac: failed to create plan, no valid path found.
[31mError: No path found! return empty path[0m
[WARN] [1789261311.257470263] [tdt_p2_benchmark]: Navfn: failed to create plan with tolerance 0.00.
[WARN] [1789261311.261859641] [tdt_p2_benchmark]: Smac: failed to create plan, no valid path found.
[31mError: No path found! return empty path[0m
[WARN] [1789261311.266795473] [tdt_p2_benchmark]: Navfn: failed to create plan with tolerance 0.00.
[WARN] [1789261311.273577557] [tdt_p2_benchmark]: Smac: failed to create plan, no valid path found.
[31mError: No path found! return empty path[0m
[31mError: No path found! return empty path[0m
[WARN] [1789261311.290726214] [tdt_p2_benchmark]: Smac: failed to create plan, no valid path found.
[31mError: No path found! return empty path[0m
[31mError: No path found! return empty path[0m
[WARN] [1789261311.299324229] [tdt_p2_benchmark]: Navfn: failed to create plan with tolerance 0.00.
[31mError: No path found! return empty path[0m
[31mError: No path found! return empty path[0m
[WARN] [1789261311.309958301] [tdt_p2_benchmark]: Navfn: failed to create plan with tolerance 0.00.
[WARN] [1789261311.314402997] [tdt_p2_benchmark]: Smac: failed to create plan, no valid path found.
[31mError: No path found! return empty path[0m
[WARN] [1789261311.318676170] [tdt_p2_benchmark]: Navfn: failed to create plan with tolerance 0.00.
[WARN] [1789261311.323650919] [tdt_p2_benchmark]: Smac: failed to create plan, no valid path found.
[31mError: No path found! return empty path[0m
[WARN] [1789261311.328167808] [tdt_p2_benchmark]: Navfn: failed to create plan with tolerance 0.00.
[WARN] [1789261311.332678479] [tdt_p2_benchmark]: Smac: failed to create plan, no valid path found.
[31mError: No path found! return empty path[0m
[31mError: No path found! return empty path[0m
[WARN] [1789261311.347941148] [tdt_p2_benchmark]: Smac: failed to create plan, no valid path found.
[31mError: No path found! return empty path[0m
[31mError: No path found! return empty path[0m
[WARN] [1789261311.356847985] [tdt_p2_benchmark]: Navfn: failed to create plan with tolerance 0.00.
[31mError: No path found! return empty path[0m
[31mError: No path found! return empty path[0m
[WARN] [1789261311.365304124] [tdt_p2_benchmark]: Navfn: failed to create plan with tolerance 0.00.
[WARN] [1789261311.371917677] [tdt_p2_benchmark]: Smac: failed to create plan, no valid path found.
[31mError: No path found! return empty path[0m
[WARN] [1789261311.377560660] [tdt_p2_benchmark]: Navfn: failed to create plan with tolerance 0.00.
[WARN] [1789261311.381850161] [tdt_p2_benchmark]: Smac: failed to create plan, no valid path found.
[31mError: No path found! return empty path[0m
[WARN] [1789261311.386221661] [tdt_p2_benchmark]: Navfn: failed to create plan with tolerance 0.00.
[WARN] [1789261311.391699029] [tdt_p2_benchmark]: Smac: failed to create plan, no valid path found.
[31mError: No path found! return empty path[0m
[31mError: No path found! return empty path[0m
[WARN] [1789261311.406618805] [tdt_p2_benchmark]: Smac: failed to create plan, no valid path found.
[31mError: No path found! return empty path[0m
[31mError: No path found! return empty path[0m
[WARN] [1789261311.416163983] [tdt_p2_benchmark]: Navfn: failed to create plan with tolerance 0.00.
[31mError: No path found! return empty path[0m
[31mError: No path found! return empty path[0m
[WARN] [1789261311.425316984] [tdt_p2_benchmark]: Navfn: failed to create plan with tolerance 0.00.
[WARN] [1789261311.429821835] [tdt_p2_benchmark]: Smac: failed to create plan, no valid path found.
[31mError: No path found! return empty path[0m
[WARN] [1789261311.434605602] [tdt_p2_benchmark]: Navfn: failed to create plan with tolerance 0.00.
[WARN] [1789261311.441370053] [tdt_p2_benchmark]: Smac: failed to create plan, no valid path found.
[31mError: No path found! return empty path[0m
[WARN] [1789261311.446905582] [tdt_p2_benchmark]: Navfn: failed to create plan with tolerance 0.00.
[WARN] [1789261311.451189050] [tdt_p2_benchmark]: Smac: failed to create plan, no valid path found.
[31mError: No path found! return empty path[0m
[31mError: No path found! return empty path[0m
[WARN] [1789261311.464854762] [tdt_p2_benchmark]: Smac: failed to create plan, no valid path found.
[31mError: No path found! return empty path[0m
[31mError: No path found! return empty path[0m
[WARN] [1789261311.476879541] [tdt_p2_benchmark]: Navfn: failed to create plan with tolerance 0.00.
[31mError: No path found! return empty path[0m
[31mError: No path found! return empty path[0m
[WARN] [1789261311.485890548] [tdt_p2_benchmark]: Navfn: failed to create plan with tolerance 0.00.
[WARN] [1789261311.491575384] [tdt_p2_benchmark]: Smac: failed to create plan, no valid path found.
[31mError: No path found! return empty path[0m
[WARN] [1789261311.495983554] [tdt_p2_benchmark]: Navfn: failed to create plan with tolerance 0.00.
[WARN] [1789261311.500560711] [tdt_p2_benchmark]: Smac: failed to create plan, no valid path found.
[31mError: No path found! return empty path[0m
[WARN] [1789261311.506513618] [tdt_p2_benchmark]: Navfn: failed to create plan with tolerance 0.00.
[WARN] [1789261311.513560344] [tdt_p2_benchmark]: Smac: failed to create plan, no valid path found.
[31mError: No path found! return empty path[0m
[31mError: No path found! return empty path[0m
[WARN] [1789261311.527411533] [tdt_p2_benchmark]: Smac: failed to create plan, no valid path found.
[31mError: No path found! return empty path[0m
[31mError: No path found! return empty path[0m
[WARN] [1789261311.537137840] [tdt_p2_benchmark]: Navfn: failed to create plan with tolerance 0.00.
[31mError: No path found! return empty path[0m
[31mError: No path found! return empty path[0m
[WARN] [1789261311.550576472] [tdt_p2_benchmark]: Navfn: failed to create plan with tolerance 0.00.
[WARN] [1789261311.556767516] [tdt_p2_benchmark]: Smac: failed to create plan, no valid path found.
[31mError: No path found! return empty path[0m
[WARN] [1789261311.561896538] [tdt_p2_benchmark]: Navfn: failed to create plan with tolerance 0.00.
[WARN] [1789261311.566521186] [tdt_p2_benchmark]: Smac: failed to create plan, no valid path found.
[31mError: No path found! return empty path[0m
[WARN] [1789261311.572552602] [tdt_p2_benchmark]: Navfn: failed to create plan with tolerance 0.00.
[WARN] [1789261311.578663061] [tdt_p2_benchmark]: Smac: failed to create plan, no valid path found.
[31mError: No path found! return empty path[0m
[31mError: No path found! return empty path[0m
[WARN] [1789261311.591772525] [tdt_p2_benchmark]: Smac: failed to create plan, no valid path found.
[31mError: No path found! return empty path[0m
[31mError: No path found! return empty path[0m
[WARN] [1789261311.600674251] [tdt_p2_benchmark]: Navfn: failed to create plan with tolerance 0.00.
[31mError: No path found! return empty path[0m
[31mError: No path found! return empty path[0m
[WARN] [1789261311.615500030] [tdt_p2_benchmark]: Navfn: failed to create plan with tolerance 0.00.
[WARN] [1789261311.621740415] [tdt_p2_benchmark]: Smac: failed to create plan, no valid path found.
[31mError: No path found! return empty path[0m
[WARN] [1789261311.627459819] [tdt_p2_benchmark]: Navfn: failed to create plan with tolerance 0.00.
[WARN] [1789261311.632142379] [tdt_p2_benchmark]: Smac: failed to create plan, no valid path found.
[31mError: No path found! return empty path[0m
[WARN] [1789261311.638624924] [tdt_p2_benchmark]: Navfn: failed to create plan with tolerance 0.00.
[WARN] [1789261311.643368398] [tdt_p2_benchmark]: Smac: failed to create plan, no valid path found.
[31mError: No path found! return empty path[0m
[31mError: No path found! return empty path[0m
[WARN] [1789261311.656593804] [tdt_p2_benchmark]: Smac: failed to create plan, no valid path found.
[31mError: No path found! return empty path[0m
[31mError: No path found! return empty path[0m
[WARN] [1789261311.665477733] [tdt_p2_benchmark]: Navfn: failed to create plan with tolerance 0.00.
[31mError: No path found! return empty path[0m
[31mError: No path found! return empty path[0m
[WARN] [1789261311.676554420] [tdt_p2_benchmark]: Navfn: failed to create plan with tolerance 0.00.
[WARN] [1789261311.681049514] [tdt_p2_benchmark]: Smac: failed to create plan, no valid path found.
[31mError: No path found! return empty path[0m
[WARN] [1789261311.685377777] [tdt_p2_benchmark]: Navfn: failed to create plan with tolerance 0.00.
[WARN] [1789261311.690761060] [tdt_p2_benchmark]: Smac: failed to create plan, no valid path found.
[31mError: No path found! return empty path[0m
[WARN] [1789261311.695232055] [tdt_p2_benchmark]: Navfn: failed to create plan with tolerance 0.00.
[WARN] [1789261311.699572388] [tdt_p2_benchmark]: Smac: failed to create plan, no valid path found.
[31mError: No path found! return empty path[0m
[31mError: No path found! return empty path[0m
[WARN] [1789261311.715514878] [tdt_p2_benchmark]: Smac: failed to create plan, no valid path found.
[31mError: No path found! return empty path[0m
[31mError: No path found! return empty path[0m
[WARN] [1789261311.725054629] [tdt_p2_benchmark]: Navfn: failed to create plan with tolerance 0.00.
[31mError: No path found! return empty path[0m
[31mError: No path found! return empty path[0m
[WARN] [1789261311.733297435] [tdt_p2_benchmark]: Navfn: failed to create plan with tolerance 0.00.
[WARN] [1789261311.739703641] [tdt_p2_benchmark]: Smac: failed to create plan, no valid path found.
[31mError: No path found! return empty path[0m
[WARN] [1789261311.745515239] [tdt_p2_benchmark]: Navfn: failed to create plan with tolerance 0.00.
[WARN] [1789261311.749914250] [tdt_p2_benchmark]: Smac: failed to create plan, no valid path found.
[31mError: No path found! return empty path[0m
[WARN] [1789261311.755628975] [tdt_p2_benchmark]: Navfn: failed to create plan with tolerance 0.00.
[WARN] [1789261311.760856252] [tdt_p2_benchmark]: Smac: failed to create plan, no valid path found.
[31mError: No path found! return empty path[0m
[31mError: No path found! return empty path[0m
[WARN] [1789261311.777602021] [tdt_p2_benchmark]: Smac: failed to create plan, no valid path found.
[31mError: No path found! return empty path[0m
[31mError: No path found! return empty path[0m
[WARN] [1789261311.787820770] [tdt_p2_benchmark]: Navfn: failed to create plan with tolerance 0.00.
[31mError: No path found! return empty path[0m
[31mError: No path found! return empty path[0m
[WARN] [1789261311.796438874] [tdt_p2_benchmark]: Navfn: failed to create plan with tolerance 0.00.
[WARN] [1789261311.801118177] [tdt_p2_benchmark]: Smac: failed to create plan, no valid path found.
[31mError: No path found! return empty path[0m
[WARN] [1789261311.809215973] [tdt_p2_benchmark]: Navfn: failed to create plan with tolerance 0.00.
[WARN] [1789261311.814982544] [tdt_p2_benchmark]: Smac: failed to create plan, no valid path found.
[31mError: No path found! return empty path[0m
[WARN] [1789261311.819525278] [tdt_p2_benchmark]: Navfn: failed to create plan with tolerance 0.00.
[WARN] [1789261311.825844400] [tdt_p2_benchmark]: Smac: failed to create plan, no valid path found.
[31mError: No path found! return empty path[0m
[31mError: No path found! return empty path[0m
[WARN] [1789261311.841076145] [tdt_p2_benchmark]: Smac: failed to create plan, no valid path found.
[31mError: No path found! return empty path[0m
[31mError: No path found! return empty path[0m
[WARN] [1789261311.849456928] [tdt_p2_benchmark]: Navfn: failed to create plan with tolerance 0.00.
[31mError: No path found! return empty path[0m
[31mError: No path found! return empty path[0m
[WARN] [1789261311.858767805] [tdt_p2_benchmark]: Navfn: failed to create plan with tolerance 0.00.
[WARN] [1789261311.864421945] [tdt_p2_benchmark]: Smac: failed to create plan, no valid path found.
[31mError: No path found! return empty path[0m
[WARN] [1789261311.870845353] [tdt_p2_benchmark]: Navfn: failed to create plan with tolerance 0.00.
[WARN] [1789261311.879348151] [tdt_p2_benchmark]: Smac: failed to create plan, no valid path found.
[31mError: No path found! return empty path[0m
[WARN] [1789261311.883944218] [tdt_p2_benchmark]: Navfn: failed to create plan with tolerance 0.00.
[WARN] [1789261311.888695461] [tdt_p2_benchmark]: Smac: failed to create plan, no valid path found.
[31mError: No path found! return empty path[0m
[31mError: No path found! return empty path[0m
[WARN] [1789261311.901756791] [tdt_p2_benchmark]: Smac: failed to create plan, no valid path found.
[31mError: No path found! return empty path[0m
[31mError: No path found! return empty path[0m
[WARN] [1789261311.914077393] [tdt_p2_benchmark]: Navfn: failed to create plan with tolerance 0.00.
[31mError: No path found! return empty path[0m
[31mError: No path found! return empty path[0m
[WARN] [1789261311.923051857] [tdt_p2_benchmark]: Navfn: failed to create plan with tolerance 0.00.
[WARN] [1789261311.927787722] [tdt_p2_benchmark]: Smac: failed to create plan, no valid path found.
[31mError: No path found! return empty path[0m
[WARN] [1789261311.932127467] [tdt_p2_benchmark]: Navfn: failed to create plan with tolerance 0.00.
[WARN] [1789261311.937568821] [tdt_p2_benchmark]: Smac: failed to create plan, no valid path found.
[31mError: No path found! return empty path[0m
[WARN] [1789261311.944312801] [tdt_p2_benchmark]: Navfn: failed to create plan with tolerance 0.00.
[WARN] [1789261311.949065095] [tdt_p2_benchmark]: Smac: failed to create plan, no valid path found.
[31mError: No path found! return empty path[0m
[31mError: No path found! return empty path[0m
[WARN] [1789261311.962760044] [tdt_p2_benchmark]: Smac: failed to create plan, no valid path found.
[31mError: No path found! return empty path[0m
[31mError: No path found! return empty path[0m
[WARN] [1789261311.972386355] [tdt_p2_benchmark]: Navfn: failed to create plan with tolerance 0.00.
[31mError: No path found! return empty path[0m
[31mError: No path found! return empty path[0m
[WARN] [1789261311.983901122] [tdt_p2_benchmark]: Navfn: failed to create plan with tolerance 0.00.
[WARN] [1789261311.989198185] [tdt_p2_benchmark]: Smac: failed to create plan, no valid path found.
[31mError: No path found! return empty path[0m
[WARN] [1789261311.994384911] [tdt_p2_benchmark]: Navfn: failed to create plan with tolerance 0.00.
[WARN] [1789261311.998748259] [tdt_p2_benchmark]: Smac: failed to create plan, no valid path found.
[31mError: No path found! return empty path[0m
[WARN] [1789261312.004556573] [tdt_p2_benchmark]: Navfn: failed to create plan with tolerance 0.00.
[WARN] [1789261312.011905129] [tdt_p2_benchmark]: Smac: failed to create plan, no valid path found.
[31mError: No path found! return empty path[0m
[31mError: No path found! return empty path[0m
[WARN] [1789261312.025354371] [tdt_p2_benchmark]: Smac: failed to create plan, no valid path found.
[31mError: No path found! return empty path[0m
[31mError: No path found! return empty path[0m
[WARN] [1789261312.033894502] [tdt_p2_benchmark]: Navfn: failed to create plan with tolerance 0.00.
[31mError: No path found! return empty path[0m
[31mError: No path found! return empty path[0m
[WARN] [1789261312.045471201] [tdt_p2_benchmark]: Navfn: failed to create plan with tolerance 0.00.
[WARN] [1789261312.049964950] [tdt_p2_benchmark]: Smac: failed to create plan, no valid path found.
[31mError: No path found! return empty path[0m
[WARN] [1789261312.054821911] [tdt_p2_benchmark]: Navfn: failed to create plan with tolerance 0.00.
[WARN] [1789261312.059418721] [tdt_p2_benchmark]: Smac: failed to create plan, no valid path found.
[31mError: No path found! return empty path[0m
[WARN] [1789261312.064034671] [tdt_p2_benchmark]: Navfn: failed to create plan with tolerance 0.00.
[WARN] [1789261312.068555120] [tdt_p2_benchmark]: Smac: failed to create plan, no valid path found.
[31mError: No path found! return empty path[0m
[31mError: No path found! return empty path[0m
[WARN] [1789261312.085421429] [tdt_p2_benchmark]: Smac: failed to create plan, no valid path found.
[31mError: No path found! return empty path[0m
[31mError: No path found! return empty path[0m
[WARN] [1789261312.094845382] [tdt_p2_benchmark]: Navfn: failed to create plan with tolerance 0.00.
[31mError: No path found! return empty path[0m
[31mError: No path found! return empty path[0m
[WARN] [1789261312.104649577] [tdt_p2_benchmark]: Navfn: failed to create plan with tolerance 0.00.
[WARN] [1789261312.112182078] [tdt_p2_benchmark]: Smac: failed to create plan, no valid path found.
[31mError: No path found! return empty path[0m
[WARN] [1789261312.116824192] [tdt_p2_benchmark]: Navfn: failed to create plan with tolerance 0.00.
[WARN] [1789261312.121728092] [tdt_p2_benchmark]: Smac: failed to create plan, no valid path found.
[31mError: No path found! return empty path[0m
[WARN] [1789261312.126500082] [tdt_p2_benchmark]: Navfn: failed to create plan with tolerance 0.00.
[WARN] [1789261312.131061200] [tdt_p2_benchmark]: Smac: failed to create plan, no valid path found.
[31mError: No path found! return empty path[0m
[31mError: No path found! return empty path[0m
[WARN] [1789261312.147915002] [tdt_p2_benchmark]: Smac: failed to create plan, no valid path found.
[31mError: No path found! return empty path[0m
[31mError: No path found! return empty path[0m
[WARN] [1789261312.156800459] [tdt_p2_benchmark]: Navfn: failed to create plan with tolerance 0.00.
[31mError: No path found! return empty path[0m
[31mError: No path found! return empty path[0m
[WARN] [1789261312.165319024] [tdt_p2_benchmark]: Navfn: failed to create plan with tolerance 0.00.
[WARN] [1789261312.173570193] [tdt_p2_benchmark]: Smac: failed to create plan, no valid path found.
[31mError: No path found! return empty path[0m
[WARN] [1789261312.178756946] [tdt_p2_benchmark]: Navfn: failed to create plan with tolerance 0.00.
[WARN] [1789261312.183599108] [tdt_p2_benchmark]: Smac: failed to create plan, no valid path found.
[31mError: No path found! return empty path[0m
[WARN] [1789261312.189498337] [tdt_p2_benchmark]: Navfn: failed to create plan with tolerance 0.00.
[WARN] [1789261312.194923722] [tdt_p2_benchmark]: Smac: failed to create plan, no valid path found.
[31mError: No path found! return empty path[0m
[31mError: No path found! return empty path[0m
[WARN] [1789261312.212281077] [tdt_p2_benchmark]: Smac: failed to create plan, no valid path found.
[31mError: No path found! return empty path[0m
[31mError: No path found! return empty path[0m
[WARN] [1789261312.221176791] [tdt_p2_benchmark]: Navfn: failed to create plan with tolerance 0.00.
[31mError: No path found! return empty path[0m
[31mError: No path found! return empty path[0m
[WARN] [1789261312.229827879] [tdt_p2_benchmark]: Navfn: failed to create plan with tolerance 0.00.
[WARN] [1789261312.234438347] [tdt_p2_benchmark]: Smac: failed to create plan, no valid path found.
[31mError: No path found! return empty path[0m
[WARN] [1789261312.241442892] [tdt_p2_benchmark]: Navfn: failed to create plan with tolerance 0.00.
[WARN] [1789261312.247351581] [tdt_p2_benchmark]: Smac: failed to create plan, no valid path found.
[31mError: No path found! return empty path[0m
scenario passage_140m free_component=21918
scenario blocker_present free_component=10902
[WARN] [1789261313.654335120] [tdt_p2_benchmark]: Navfn: failed to create plan with tolerance 0.00.
[WARN] [1789261313.659097225] [tdt_p2_benchmark]: Smac: failed to create plan, no valid path found.
[31mError: No path found! return empty path[0m
[31mError: No path found! return empty path[0m
[WARN] [1789261313.672666446] [tdt_p2_benchmark]: Smac: failed to create plan, no valid path found.
[31mError: No path found! return empty path[0m
[31mError: No path found! return empty path[0m
[WARN] [1789261313.685423369] [tdt_p2_benchmark]: Navfn: failed to create plan with tolerance 0.00.
[31mError: No path found! return empty path[0m
[31mError: No path found! return empty path[0m
[WARN] [1789261313.694464674] [tdt_p2_benchmark]: Navfn: failed to create plan with tolerance 0.00.
[WARN] [1789261313.698730418] [tdt_p2_benchmark]: Smac: failed to create plan, no valid path found.
[31mError: No path found! return empty path[0m
[WARN] [1789261313.702981147] [tdt_p2_benchmark]: Navfn: failed to create plan with tolerance 0.00.
[WARN] [1789261313.709694331] [tdt_p2_benchmark]: Smac: failed to create plan, no valid path found.
[31mError: No path found! return empty path[0m
[WARN] [1789261313.715652494] [tdt_p2_benchmark]: Navfn: failed to create plan with tolerance 0.00.
[WARN] [1789261313.720151684] [tdt_p2_benchmark]: Smac: failed to create plan, no valid path found.
[31mError: No path found! return empty path[0m
[31mError: No path found! return empty path[0m
[WARN] [1789261313.733317519] [tdt_p2_benchmark]: Smac: failed to create plan, no valid path found.
[31mError: No path found! return empty path[0m
[31mError: No path found! return empty path[0m
[WARN] [1789261313.744039161] [tdt_p2_benchmark]: Navfn: failed to create plan with tolerance 0.00.
[31mError: No path found! return empty path[0m
[31mError: No path found! return empty path[0m
[WARN] [1789261313.754690981] [tdt_p2_benchmark]: Navfn: failed to create plan with tolerance 0.00.
[WARN] [1789261313.759505014] [tdt_p2_benchmark]: Smac: failed to create plan, no valid path found.
[31mError: No path found! return empty path[0m
[WARN] [1789261313.764054387] [tdt_p2_benchmark]: Navfn: failed to create plan with tolerance 0.00.
[WARN] [1789261313.768416616] [tdt_p2_benchmark]: Smac: failed to create plan, no valid path found.
[31mError: No path found! return empty path[0m
[WARN] [1789261313.774779153] [tdt_p2_benchmark]: Navfn: failed to create plan with tolerance 0.00.
[WARN] [1789261313.782240344] [tdt_p2_benchmark]: Smac: failed to create plan, no valid path found.
[31mError: No path found! return empty path[0m
[31mError: No path found! return empty path[0m
[WARN] [1789261313.797918396] [tdt_p2_benchmark]: Smac: failed to create plan, no valid path found.
[31mError: No path found! return empty path[0m
[31mError: No path found! return empty path[0m
[WARN] [1789261313.807871818] [tdt_p2_benchmark]: Navfn: failed to create plan with tolerance 0.00.
[31mError: No path found! return empty path[0m
[31mError: No path found! return empty path[0m
[WARN] [1789261313.818969217] [tdt_p2_benchmark]: Navfn: failed to create plan with tolerance 0.00.
[WARN] [1789261313.824745054] [tdt_p2_benchmark]: Smac: failed to create plan, no valid path found.
[31mError: No path found! return empty path[0m
[WARN] [1789261313.829139903] [tdt_p2_benchmark]: Navfn: failed to create plan with tolerance 0.00.
[WARN] [1789261313.833397287] [tdt_p2_benchmark]: Smac: failed to create plan, no valid path found.
[31mError: No path found! return empty path[0m
[WARN] [1789261313.837842318] [tdt_p2_benchmark]: Navfn: failed to create plan with tolerance 0.00.
[WARN] [1789261313.844313343] [tdt_p2_benchmark]: Smac: failed to create plan, no valid path found.
[31mError: No path found! return empty path[0m
[31mError: No path found! return empty path[0m
[WARN] [1789261313.858479834] [tdt_p2_benchmark]: Smac: failed to create plan, no valid path found.
[31mError: No path found! return empty path[0m
[31mError: No path found! return empty path[0m
[WARN] [1789261313.866920308] [tdt_p2_benchmark]: Navfn: failed to create plan with tolerance 0.00.
[31mError: No path found! return empty path[0m
[31mError: No path found! return empty path[0m
[WARN] [1789261313.876830767] [tdt_p2_benchmark]: Navfn: failed to create plan with tolerance 0.00.
[WARN] [1789261313.883468598] [tdt_p2_benchmark]: Smac: failed to create plan, no valid path found.
[31mError: No path found! return empty path[0m
[WARN] [1789261313.888903486] [tdt_p2_benchmark]: Navfn: failed to create plan with tolerance 0.00.
[WARN] [1789261313.894210872] [tdt_p2_benchmark]: Smac: failed to create plan, no valid path found.
[31mError: No path found! return empty path[0m
[WARN] [1789261313.898700410] [tdt_p2_benchmark]: Navfn: failed to create plan with tolerance 0.00.
[WARN] [1789261313.903381381] [tdt_p2_benchmark]: Smac: failed to create plan, no valid path found.
[31mError: No path found! return empty path[0m
[31mError: No path found! return empty path[0m
[WARN] [1789261313.921535274] [tdt_p2_benchmark]: Smac: failed to create plan, no valid path found.
[31mError: No path found! return empty path[0m
[31mError: No path found! return empty path[0m
[WARN] [1789261313.930774130] [tdt_p2_benchmark]: Navfn: failed to create plan with tolerance 0.00.
[31mError: No path found! return empty path[0m
[31mError: No path found! return empty path[0m
[WARN] [1789261313.940269293] [tdt_p2_benchmark]: Navfn: failed to create plan with tolerance 0.00.
[WARN] [1789261313.947305136] [tdt_p2_benchmark]: Smac: failed to create plan, no valid path found.
[31mError: No path found! return empty path[0m
[WARN] [1789261313.952896656] [tdt_p2_benchmark]: Navfn: failed to create plan with tolerance 0.00.
[WARN] [1789261313.958582201] [tdt_p2_benchmark]: Smac: failed to create plan, no valid path found.
[31mError: No path found! return empty path[0m
[WARN] [1789261313.962936616] [tdt_p2_benchmark]: Navfn: failed to create plan with tolerance 0.00.
[WARN] [1789261313.967335044] [tdt_p2_benchmark]: Smac: failed to create plan, no valid path found.
[31mError: No path found! return empty path[0m
[31mError: No path found! return empty path[0m
[WARN] [1789261313.983095187] [tdt_p2_benchmark]: Smac: failed to create plan, no valid path found.
[31mError: No path found! return empty path[0m
[31mError: No path found! return empty path[0m
[WARN] [1789261313.992443710] [tdt_p2_benchmark]: Navfn: failed to create plan with tolerance 0.00.
[31mError: No path found! return empty path[0m
[31mError: No path found! return empty path[0m
[WARN] [1789261314.000769853] [tdt_p2_benchmark]: Navfn: failed to create plan with tolerance 0.00.
[WARN] [1789261314.005551735] [tdt_p2_benchmark]: Smac: failed to create plan, no valid path found.
[31mError: No path found! return empty path[0m
[WARN] [1789261314.012252796] [tdt_p2_benchmark]: Navfn: failed to create plan with tolerance 0.00.
[WARN] [1789261314.018564174] [tdt_p2_benchmark]: Smac: failed to create plan, no valid path found.
[31mError: No path found! return empty path[0m
[WARN] [1789261314.023624556] [tdt_p2_benchmark]: Navfn: failed to create plan with tolerance 0.00.
[WARN] [1789261314.028194260] [tdt_p2_benchmark]: Smac: failed to create plan, no valid path found.
[31mError: No path found! return empty path[0m
[31mError: No path found! return empty path[0m
[WARN] [1789261314.040899134] [tdt_p2_benchmark]: Smac: failed to create plan, no valid path found.
[31mError: No path found! return empty path[0m
[31mError: No path found! return empty path[0m
[WARN] [1789261314.052694030] [tdt_p2_benchmark]: Navfn: failed to create plan with tolerance 0.00.
[31mError: No path found! return empty path[0m
[31mError: No path found! return empty path[0m
[WARN] [1789261314.061859543] [tdt_p2_benchmark]: Navfn: failed to create plan with tolerance 0.00.
[WARN] [1789261314.066171826] [tdt_p2_benchmark]: Smac: failed to create plan, no valid path found.
[31mError: No path found! return empty path[0m
[WARN] [1789261314.070592181] [tdt_p2_benchmark]: Navfn: failed to create plan with tolerance 0.00.
[WARN] [1789261314.076191594] [tdt_p2_benchmark]: Smac: failed to create plan, no valid path found.
[31mError: No path found! return empty path[0m
[WARN] [1789261314.082183945] [tdt_p2_benchmark]: Navfn: failed to create plan with tolerance 0.00.
[WARN] [1789261314.087903141] [tdt_p2_benchmark]: Smac: failed to create plan, no valid path found.
[31mError: No path found! return empty path[0m
[31mError: No path found! return empty path[0m
[WARN] [1789261314.101111285] [tdt_p2_benchmark]: Smac: failed to create plan, no valid path found.
[31mError: No path found! return empty path[0m
[31mError: No path found! return empty path[0m
[WARN] [1789261314.112740572] [tdt_p2_benchmark]: Navfn: failed to create plan with tolerance 0.00.
[31mError: No path found! return empty path[0m
[31mError: No path found! return empty path[0m
[WARN] [1789261314.123691604] [tdt_p2_benchmark]: Navfn: failed to create plan with tolerance 0.00.
[WARN] [1789261314.128191974] [tdt_p2_benchmark]: Smac: failed to create plan, no valid path found.
[31mError: No path found! return empty path[0m
[WARN] [1789261314.132471268] [tdt_p2_benchmark]: Navfn: failed to create plan with tolerance 0.00.
[WARN] [1789261314.136741798] [tdt_p2_benchmark]: Smac: failed to create plan, no valid path found.
[31mError: No path found! return empty path[0m
[WARN] [1789261314.143189337] [tdt_p2_benchmark]: Navfn: failed to create plan with tolerance 0.00.
[WARN] [1789261314.149359673] [tdt_p2_benchmark]: Smac: failed to create plan, no valid path found.
[31mError: No path found! return empty path[0m
[31mError: No path found! return empty path[0m
[WARN] [1789261314.162833918] [tdt_p2_benchmark]: Smac: failed to create plan, no valid path found.
[31mError: No path found! return empty path[0m
[31mError: No path found! return empty path[0m
[WARN] [1789261314.171182848] [tdt_p2_benchmark]: Navfn: failed to create plan with tolerance 0.00.
[31mError: No path found! return empty path[0m
[31mError: No path found! return empty path[0m
[WARN] [1789261314.182698158] [tdt_p2_benchmark]: Navfn: failed to create plan with tolerance 0.00.
[WARN] [1789261314.187735371] [tdt_p2_benchmark]: Smac: failed to create plan, no valid path found.
[31mError: No path found! return empty path[0m
[WARN] [1789261314.192584530] [tdt_p2_benchmark]: Navfn: failed to create plan with tolerance 0.00.
[WARN] [1789261314.196863681] [tdt_p2_benchmark]: Smac: failed to create plan, no valid path found.
[31mError: No path found! return empty path[0m
[WARN] [1789261314.201219619] [tdt_p2_benchmark]: Navfn: failed to create plan with tolerance 0.00.
[WARN] [1789261314.205910846] [tdt_p2_benchmark]: Smac: failed to create plan, no valid path found.
[31mError: No path found! return empty path[0m
[31mError: No path found! return empty path[0m
[WARN] [1789261314.222065569] [tdt_p2_benchmark]: Smac: failed to create plan, no valid path found.
[31mError: No path found! return empty path[0m
[31mError: No path found! return empty path[0m
[WARN] [1789261314.230974313] [tdt_p2_benchmark]: Navfn: failed to create plan with tolerance 0.00.
[31mError: No path found! return empty path[0m
[31mError: No path found! return empty path[0m
[WARN] [1789261314.239627955] [tdt_p2_benchmark]: Navfn: failed to create plan with tolerance 0.00.
[WARN] [1789261314.247133640] [tdt_p2_benchmark]: Smac: failed to create plan, no valid path found.
[31mError: No path found! return empty path[0m
[WARN] [1789261314.253744641] [tdt_p2_benchmark]: Navfn: failed to create plan with tolerance 0.00.
[WARN] [1789261314.259081924] [tdt_p2_benchmark]: Smac: failed to create plan, no valid path found.
[31mError: No path found! return empty path[0m
[WARN] [1789261314.263618103] [tdt_p2_benchmark]: Navfn: failed to create plan with tolerance 0.00.
[WARN] [1789261314.268003760] [tdt_p2_benchmark]: Smac: failed to create plan, no valid path found.
[31mError: No path found! return empty path[0m
[31mError: No path found! return empty path[0m
[WARN] [1789261314.284402779] [tdt_p2_benchmark]: Smac: failed to create plan, no valid path found.
[31mError: No path found! return empty path[0m
[31mError: No path found! return empty path[0m
[WARN] [1789261314.293913541] [tdt_p2_benchmark]: Navfn: failed to create plan with tolerance 0.00.
[31mError: No path found! return empty path[0m
[31mError: No path found! return empty path[0m
[WARN] [1789261314.301979111] [tdt_p2_benchmark]: Navfn: failed to create plan with tolerance 0.00.
[WARN] [1789261314.306398200] [tdt_p2_benchmark]: Smac: failed to create plan, no valid path found.
[31mError: No path found! return empty path[0m
[WARN] [1789261314.312749816] [tdt_p2_benchmark]: Navfn: failed to create plan with tolerance 0.00.
[WARN] [1789261314.319184839] [tdt_p2_benchmark]: Smac: failed to create plan, no valid path found.
[31mError: No path found! return empty path[0m
[WARN] [1789261314.324494131] [tdt_p2_benchmark]: Navfn: failed to create plan with tolerance 0.00.
[WARN] [1789261314.328958740] [tdt_p2_benchmark]: Smac: failed to create plan, no valid path found.
[31mError: No path found! return empty path[0m
[31mError: No path found! return empty path[0m
[WARN] [1789261314.341691919] [tdt_p2_benchmark]: Smac: failed to create plan, no valid path found.
[31mError: No path found! return empty path[0m
[31mError: No path found! return empty path[0m
[WARN] [1789261314.353237300] [tdt_p2_benchmark]: Navfn: failed to create plan with tolerance 0.00.
[31mError: No path found! return empty path[0m
[31mError: No path found! return empty path[0m
[WARN] [1789261314.362704233] [tdt_p2_benchmark]: Navfn: failed to create plan with tolerance 0.00.
[WARN] [1789261314.367041708] [tdt_p2_benchmark]: Smac: failed to create plan, no valid path found.
[31mError: No path found! return empty path[0m
[WARN] [1789261314.371426813] [tdt_p2_benchmark]: Navfn: failed to create plan with tolerance 0.00.
[WARN] [1789261314.377310608] [tdt_p2_benchmark]: Smac: failed to create plan, no valid path found.
[31mError: No path found! return empty path[0m
[WARN] [1789261314.383728198] [tdt_p2_benchmark]: Navfn: failed to create plan with tolerance 0.00.
[WARN] [1789261314.388728526] [tdt_p2_benchmark]: Smac: failed to create plan, no valid path found.
[31mError: No path found! return empty path[0m
[31mError: No path found! return empty path[0m
[WARN] [1789261314.401561887] [tdt_p2_benchmark]: Smac: failed to create plan, no valid path found.
[31mError: No path found! return empty path[0m
[31mError: No path found! return empty path[0m
[WARN] [1789261314.410815491] [tdt_p2_benchmark]: Navfn: failed to create plan with tolerance 0.00.
[31mError: No path found! return empty path[0m
[31mError: No path found! return empty path[0m
[WARN] [1789261314.424002787] [tdt_p2_benchmark]: Navfn: failed to create plan with tolerance 0.00.
[WARN] [1789261314.430102217] [tdt_p2_benchmark]: Smac: failed to create plan, no valid path found.
[31mError: No path found! return empty path[0m
[WARN] [1789261314.434947533] [tdt_p2_benchmark]: Navfn: failed to create plan with tolerance 0.00.
[WARN] [1789261314.440930494] [tdt_p2_benchmark]: Smac: failed to create plan, no valid path found.
[31mError: No path found! return empty path[0m
[WARN] [1789261314.449480603] [tdt_p2_benchmark]: Navfn: failed to create plan with tolerance 0.00.
[WARN] [1789261314.458096467] [tdt_p2_benchmark]: Smac: failed to create plan, no valid path found.
[31mError: No path found! return empty path[0m
[31mError: No path found! return empty path[0m
[WARN] [1789261314.470858355] [tdt_p2_benchmark]: Smac: failed to create plan, no valid path found.
[31mError: No path found! return empty path[0m
[31mError: No path found! return empty path[0m
[WARN] [1789261314.482311526] [tdt_p2_benchmark]: Navfn: failed to create plan with tolerance 0.00.
[31mError: No path found! return empty path[0m
[31mError: No path found! return empty path[0m
[WARN] [1789261314.491855712] [tdt_p2_benchmark]: Navfn: failed to create plan with tolerance 0.00.
[WARN] [1789261314.496363506] [tdt_p2_benchmark]: Smac: failed to create plan, no valid path found.
[31mError: No path found! return empty path[0m
[WARN] [1789261314.500734690] [tdt_p2_benchmark]: Navfn: failed to create plan with tolerance 0.00.
[WARN] [1789261314.505067913] [tdt_p2_benchmark]: Smac: failed to create plan, no valid path found.
[31mError: No path found! return empty path[0m
[WARN] [1789261314.511221723] [tdt_p2_benchmark]: Navfn: failed to create plan with tolerance 0.00.
[WARN] [1789261314.518317086] [tdt_p2_benchmark]: Smac: failed to create plan, no valid path found.
[31mError: No path found! return empty path[0m
[31mError: No path found! return empty path[0m
[WARN] [1789261314.532474198] [tdt_p2_benchmark]: Smac: failed to create plan, no valid path found.
[31mError: No path found! return empty path[0m
[31mError: No path found! return empty path[0m
[WARN] [1789261314.542579455] [tdt_p2_benchmark]: Navfn: failed to create plan with tolerance 0.00.
[31mError: No path found! return empty path[0m
[31mError: No path found! return empty path[0m
[WARN] [1789261314.555354903] [tdt_p2_benchmark]: Navfn: failed to create plan with tolerance 0.00.
[WARN] [1789261314.560414467] [tdt_p2_benchmark]: Smac: failed to create plan, no valid path found.
[31mError: No path found! return empty path[0m
[WARN] [1789261314.564721984] [tdt_p2_benchmark]: Navfn: failed to create plan with tolerance 0.00.
[WARN] [1789261314.569053628] [tdt_p2_benchmark]: Smac: failed to create plan, no valid path found.
[31mError: No path found! return empty path[0m
[WARN] [1789261314.573481100] [tdt_p2_benchmark]: Navfn: failed to create plan with tolerance 0.00.
[WARN] [1789261314.580632603] [tdt_p2_benchmark]: Smac: failed to create plan, no valid path found.
[31mError: No path found! return empty path[0m
[31mError: No path found! return empty path[0m
[WARN] [1789261314.596269358] [tdt_p2_benchmark]: Smac: failed to create plan, no valid path found.
[31mError: No path found! return empty path[0m
[31mError: No path found! return empty path[0m
[WARN] [1789261314.605393369] [tdt_p2_benchmark]: Navfn: failed to create plan with tolerance 0.00.
[31mError: No path found! return empty path[0m
[31mError: No path found! return empty path[0m
[WARN] [1789261314.618137526] [tdt_p2_benchmark]: Navfn: failed to create plan with tolerance 0.00.
[WARN] [1789261314.626070731] [tdt_p2_benchmark]: Smac: failed to create plan, no valid path found.
[31mError: No path found! return empty path[0m
[WARN] [1789261314.630926024] [tdt_p2_benchmark]: Navfn: failed to create plan with tolerance 0.00.
[WARN] [1789261314.635608893] [tdt_p2_benchmark]: Smac: failed to create plan, no valid path found.
[31mError: No path found! return empty path[0m
[WARN] [1789261314.640679193] [tdt_p2_benchmark]: Navfn: failed to create plan with tolerance 0.00.
[WARN] [1789261314.647874155] [tdt_p2_benchmark]: Smac: failed to create plan, no valid path found.
[31mError: No path found! return empty path[0m
[31mError: No path found! return empty path[0m
[WARN] [1789261314.664423288] [tdt_p2_benchmark]: Smac: failed to create plan, no valid path found.
[31mError: No path found! return empty path[0m
[31mError: No path found! return empty path[0m
[WARN] [1789261314.673950032] [tdt_p2_benchmark]: Navfn: failed to create plan with tolerance 0.00.
[31mError: No path found! return empty path[0m
[31mError: No path found! return empty path[0m
[WARN] [1789261314.687847366] [tdt_p2_benchmark]: Navfn: failed to create plan with tolerance 0.00.
[WARN] [1789261314.692651663] [tdt_p2_benchmark]: Smac: failed to create plan, no valid path found.
[31mError: No path found! return empty path[0m
[WARN] [1789261314.697053984] [tdt_p2_benchmark]: Navfn: failed to create plan with tolerance 0.00.
[WARN] [1789261314.701458850] [tdt_p2_benchmark]: Smac: failed to create plan, no valid path found.
[31mError: No path found! return empty path[0m
[WARN] [1789261314.705782601] [tdt_p2_benchmark]: Navfn: failed to create plan with tolerance 0.00.
[WARN] [1789261314.712117277] [tdt_p2_benchmark]: Smac: failed to create plan, no valid path found.
[31mError: No path found! return empty path[0m
[31mError: No path found! return empty path[0m
[WARN] [1789261314.727357041] [tdt_p2_benchmark]: Smac: failed to create plan, no valid path found.
[31mError: No path found! return empty path[0m
[31mError: No path found! return empty path[0m
[WARN] [1789261314.735431627] [tdt_p2_benchmark]: Navfn: failed to create plan with tolerance 0.00.
[31mError: No path found! return empty path[0m
[31mError: No path found! return empty path[0m
[WARN] [1789261314.745466737] [tdt_p2_benchmark]: Navfn: failed to create plan with tolerance 0.00.
[WARN] [1789261314.753207598] [tdt_p2_benchmark]: Smac: failed to create plan, no valid path found.
[31mError: No path found! return empty path[0m
[WARN] [1789261314.759878755] [tdt_p2_benchmark]: Navfn: failed to create plan with tolerance 0.00.
[WARN] [1789261314.765144026] [tdt_p2_benchmark]: Smac: failed to create plan, no valid path found.
[31mError: No path found! return empty path[0m
[WARN] [1789261314.769579967] [tdt_p2_benchmark]: Navfn: failed to create plan with tolerance 0.00.
[WARN] [1789261314.774436973] [tdt_p2_benchmark]: Smac: failed to create plan, no valid path found.
[31mError: No path found! return empty path[0m
[31mError: No path found! return empty path[0m
[WARN] [1789261314.792583188] [tdt_p2_benchmark]: Smac: failed to create plan, no valid path found.
[31mError: No path found! return empty path[0m
[31mError: No path found! return empty path[0m
[WARN] [1789261314.800999557] [tdt_p2_benchmark]: Navfn: failed to create plan with tolerance 0.00.
[31mError: No path found! return empty path[0m
[31mError: No path found! return empty path[0m
[WARN] [1789261314.810643245] [tdt_p2_benchmark]: Navfn: failed to create plan with tolerance 0.00.
[WARN] [1789261314.817137553] [tdt_p2_benchmark]: Smac: failed to create plan, no valid path found.
[31mError: No path found! return empty path[0m
[WARN] [1789261314.822258308] [tdt_p2_benchmark]: Navfn: failed to create plan with tolerance 0.00.
[WARN] [1789261314.827477490] [tdt_p2_benchmark]: Smac: failed to create plan, no valid path found.
[31mError: No path found! return empty path[0m
[WARN] [1789261314.831723513] [tdt_p2_benchmark]: Navfn: failed to create plan with tolerance 0.00.
[WARN] [1789261314.836033088] [tdt_p2_benchmark]: Smac: failed to create plan, no valid path found.
[31mError: No path found! return empty path[0m
[31mError: No path found! return empty path[0m
[WARN] [1789261314.852709116] [tdt_p2_benchmark]: Smac: failed to create plan, no valid path found.
[31mError: No path found! return empty path[0m
[31mError: No path found! return empty path[0m
[WARN] [1789261314.862807017] [tdt_p2_benchmark]: Navfn: failed to create plan with tolerance 0.00.
[31mError: No path found! return empty path[0m
[31mError: No path found! return empty path[0m
[WARN] [1789261314.871035322] [tdt_p2_benchmark]: Navfn: failed to create plan with tolerance 0.00.
[WARN] [1789261314.876015795] [tdt_p2_benchmark]: Smac: failed to create plan, no valid path found.
[31mError: No path found! return empty path[0m
[WARN] [1789261314.883886644] [tdt_p2_benchmark]: Navfn: failed to create plan with tolerance 0.00.
[WARN] [1789261314.890449248] [tdt_p2_benchmark]: Smac: failed to create plan, no valid path found.
[31mError: No path found! return empty path[0m
[WARN] [1789261314.895173715] [tdt_p2_benchmark]: Navfn: failed to create plan with tolerance 0.00.
[WARN] [1789261314.899553269] [tdt_p2_benchmark]: Smac: failed to create plan, no valid path found.
[31mError: No path found! return empty path[0m
[31mError: No path found! return empty path[0m
[WARN] [1789261314.914938275] [tdt_p2_benchmark]: Smac: failed to create plan, no valid path found.
[31mError: No path found! return empty path[0m
[31mError: No path found! return empty path[0m
[WARN] [1789261314.926923687] [tdt_p2_benchmark]: Navfn: failed to create plan with tolerance 0.00.
[31mError: No path found! return empty path[0m
[31mError: No path found! return empty path[0m
[WARN] [1789261314.934581961] [tdt_p2_benchmark]: Navfn: failed to create plan with tolerance 0.00.
[WARN] [1789261314.938839205] [tdt_p2_benchmark]: Smac: failed to create plan, no valid path found.
[31mError: No path found! return empty path[0m
[WARN] [1789261314.944774205] [tdt_p2_benchmark]: Navfn: failed to create plan with tolerance 0.00.
[WARN] [1789261314.951987235] [tdt_p2_benchmark]: Smac: failed to create plan, no valid path found.
[31mError: No path found! return empty path[0m
[WARN] [1789261314.958547439] [tdt_p2_benchmark]: Navfn: failed to create plan with tolerance 0.00.
[WARN] [1789261314.963073615] [tdt_p2_benchmark]: Smac: failed to create plan, no valid path found.
[31mError: No path found! return empty path[0m
[31mError: No path found! return empty path[0m
[WARN] [1789261314.976129984] [tdt_p2_benchmark]: Smac: failed to create plan, no valid path found.
[31mError: No path found! return empty path[0m
[31mError: No path found! return empty path[0m
[WARN] [1789261314.990615158] [tdt_p2_benchmark]: Navfn: failed to create plan with tolerance 0.00.
[31mError: No path found! return empty path[0m
[31mError: No path found! return empty path[0m
[WARN] [1789261314.999040076] [tdt_p2_benchmark]: Navfn: failed to create plan with tolerance 0.00.
[WARN] [1789261315.003261201] [tdt_p2_benchmark]: Smac: failed to create plan, no valid path found.
[31mError: No path found! return empty path[0m
[WARN] [1789261315.007680168] [tdt_p2_benchmark]: Navfn: failed to create plan with tolerance 0.00.
[WARN] [1789261315.015545288] [tdt_p2_benchmark]: Smac: failed to create plan, no valid path found.
[31mError: No path found! return empty path[0m
[WARN] [1789261315.022088575] [tdt_p2_benchmark]: Navfn: failed to create plan with tolerance 0.00.
[WARN] [1789261315.026795156] [tdt_p2_benchmark]: Smac: failed to create plan, no valid path found.
[31mError: No path found! return empty path[0m
[31mError: No path found! return empty path[0m
[WARN] [1789261315.039015023] [tdt_p2_benchmark]: Smac: failed to create plan, no valid path found.
[31mError: No path found! return empty path[0m
[31mError: No path found! return empty path[0m
[WARN] [1789261315.051080013] [tdt_p2_benchmark]: Navfn: failed to create plan with tolerance 0.00.
[31mError: No path found! return empty path[0m
[31mError: No path found! return empty path[0m
[WARN] [1789261315.061302442] [tdt_p2_benchmark]: Navfn: failed to create plan with tolerance 0.00.
[WARN] [1789261315.065611077] [tdt_p2_benchmark]: Smac: failed to create plan, no valid path found.
[31mError: No path found! return empty path[0m
[WARN] [1789261315.070536927] [tdt_p2_benchmark]: Navfn: failed to create plan with tolerance 0.00.
[WARN] [1789261315.076673273] [tdt_p2_benchmark]: Smac: failed to create plan, no valid path found.
[31mError: No path found! return empty path[0m
[WARN] [1789261315.083563328] [tdt_p2_benchmark]: Navfn: failed to create plan with tolerance 0.00.
[WARN] [1789261315.090833295] [tdt_p2_benchmark]: Smac: failed to create plan, no valid path found.
[31mError: No path found! return empty path[0m
[31mError: No path found! return empty path[0m
[WARN] [1789261315.103213565] [tdt_p2_benchmark]: Smac: failed to create plan, no valid path found.
[31mError: No path found! return empty path[0m
[31mError: No path found! return empty path[0m
[WARN] [1789261315.113616611] [tdt_p2_benchmark]: Navfn: failed to create plan with tolerance 0.00.
[31mError: No path found! return empty path[0m
[31mError: No path found! return empty path[0m
[WARN] [1789261315.125482918] [tdt_p2_benchmark]: Navfn: failed to create plan with tolerance 0.00.
[WARN] [1789261315.130436553] [tdt_p2_benchmark]: Smac: failed to create plan, no valid path found.
[31mError: No path found! return empty path[0m
[WARN] [1789261315.134732046] [tdt_p2_benchmark]: Navfn: failed to create plan with tolerance 0.00.
[WARN] [1789261315.139377965] [tdt_p2_benchmark]: Smac: failed to create plan, no valid path found.
[31mError: No path found! return empty path[0m
[WARN] [1789261315.146132924] [tdt_p2_benchmark]: Navfn: failed to create plan with tolerance 0.00.
[WARN] [1789261315.152425005] [tdt_p2_benchmark]: Smac: failed to create plan, no valid path found.
[31mError: No path found! return empty path[0m
[31mError: No path found! return empty path[0m
[WARN] [1789261315.166047451] [tdt_p2_benchmark]: Smac: failed to create plan, no valid path found.
[31mError: No path found! return empty path[0m
[31mError: No path found! return empty path[0m
[WARN] [1789261315.174332414] [tdt_p2_benchmark]: Navfn: failed to create plan with tolerance 0.00.
[31mError: No path found! return empty path[0m
[31mError: No path found! return empty path[0m
[WARN] [1789261315.186226125] [tdt_p2_benchmark]: Navfn: failed to create plan with tolerance 0.00.
[WARN] [1789261315.192282143] [tdt_p2_benchmark]: Smac: failed to create plan, no valid path found.
[31mError: No path found! return empty path[0m
[WARN] [1789261315.196718402] [tdt_p2_benchmark]: Navfn: failed to create plan with tolerance 0.00.
[WARN] [1789261315.201021615] [tdt_p2_benchmark]: Smac: failed to create plan, no valid path found.
[31mError: No path found! return empty path[0m
scenario blocker_removed free_component=21918
scenario unknown_barrier free_component=10902
[WARN] [1789261316.637397909] [tdt_p2_benchmark]: Navfn: failed to create plan with tolerance 0.00.
[WARN] [1789261316.642072490] [tdt_p2_benchmark]: Smac: failed to create plan, no valid path found.
[31mError: No path found! return empty path[0m
[31mError: No path found! return empty path[0m
[WARN] [1789261316.660221468] [tdt_p2_benchmark]: Smac: failed to create plan, no valid path found.
[31mError: No path found! return empty path[0m
[31mError: No path found! return empty path[0m
[WARN] [1789261316.671610066] [tdt_p2_benchmark]: Navfn: failed to create plan with tolerance 0.00.
[31mError: No path found! return empty path[0m
[31mError: No path found! return empty path[0m
[WARN] [1789261316.681812185] [tdt_p2_benchmark]: Navfn: failed to create plan with tolerance 0.00.
[WARN] [1789261316.688847013] [tdt_p2_benchmark]: Smac: failed to create plan, no valid path found.
[31mError: No path found! return empty path[0m
[WARN] [1789261316.694877913] [tdt_p2_benchmark]: Navfn: failed to create plan with tolerance 0.00.
[WARN] [1789261316.699338738] [tdt_p2_benchmark]: Smac: failed to create plan, no valid path found.
[31mError: No path found! return empty path[0m
[WARN] [1789261316.704493659] [tdt_p2_benchmark]: Navfn: failed to create plan with tolerance 0.00.
[WARN] [1789261316.709181128] [tdt_p2_benchmark]: Smac: failed to create plan, no valid path found.
[31mError: No path found! return empty path[0m
[31mError: No path found! return empty path[0m
[WARN] [1789261316.727669197] [tdt_p2_benchmark]: Smac: failed to create plan, no valid path found.
[31mError: No path found! return empty path[0m
[31mError: No path found! return empty path[0m
[WARN] [1789261316.736115707] [tdt_p2_benchmark]: Navfn: failed to create plan with tolerance 0.00.
[31mError: No path found! return empty path[0m
[31mError: No path found! return empty path[0m
[WARN] [1789261316.746606896] [tdt_p2_benchmark]: Navfn: failed to create plan with tolerance 0.00.
[WARN] [1789261316.752647504] [tdt_p2_benchmark]: Smac: failed to create plan, no valid path found.
[31mError: No path found! return empty path[0m
[WARN] [1789261316.758698628] [tdt_p2_benchmark]: Navfn: failed to create plan with tolerance 0.00.
[WARN] [1789261316.763180473] [tdt_p2_benchmark]: Smac: failed to create plan, no valid path found.
[31mError: No path found! return empty path[0m
[WARN] [1789261316.767525142] [tdt_p2_benchmark]: Navfn: failed to create plan with tolerance 0.00.
[WARN] [1789261316.772926835] [tdt_p2_benchmark]: Smac: failed to create plan, no valid path found.
[31mError: No path found! return empty path[0m
[31mError: No path found! return empty path[0m
[WARN] [1789261316.787017786] [tdt_p2_benchmark]: Smac: failed to create plan, no valid path found.
[31mError: No path found! return empty path[0m
[31mError: No path found! return empty path[0m
[WARN] [1789261316.799760559] [tdt_p2_benchmark]: Navfn: failed to create plan with tolerance 0.00.
[31mError: No path found! return empty path[0m
[31mError: No path found! return empty path[0m
[WARN] [1789261316.809107505] [tdt_p2_benchmark]: Navfn: failed to create plan with tolerance 0.00.
[WARN] [1789261316.814751168] [tdt_p2_benchmark]: Smac: failed to create plan, no valid path found.
[31mError: No path found! return empty path[0m
[WARN] [1789261316.821141835] [tdt_p2_benchmark]: Navfn: failed to create plan with tolerance 0.00.
[WARN] [1789261316.827732863] [tdt_p2_benchmark]: Smac: failed to create plan, no valid path found.
[31mError: No path found! return empty path[0m
[WARN] [1789261316.832408278] [tdt_p2_benchmark]: Navfn: failed to create plan with tolerance 0.00.
[WARN] [1789261316.837035662] [tdt_p2_benchmark]: Smac: failed to create plan, no valid path found.
[31mError: No path found! return empty path[0m
[31mError: No path found! return empty path[0m
[WARN] [1789261316.850591466] [tdt_p2_benchmark]: Smac: failed to create plan, no valid path found.
[31mError: No path found! return empty path[0m
[31mError: No path found! return empty path[0m
[WARN] [1789261316.863214122] [tdt_p2_benchmark]: Navfn: failed to create plan with tolerance 0.00.
[31mError: No path found! return empty path[0m
[31mError: No path found! return empty path[0m
[WARN] [1789261316.872419565] [tdt_p2_benchmark]: Navfn: failed to create plan with tolerance 0.00.
[WARN] [1789261316.877175204] [tdt_p2_benchmark]: Smac: failed to create plan, no valid path found.
[31mError: No path found! return empty path[0m
[WARN] [1789261316.881912153] [tdt_p2_benchmark]: Navfn: failed to create plan with tolerance 0.00.
[WARN] [1789261316.889330506] [tdt_p2_benchmark]: Smac: failed to create plan, no valid path found.
[31mError: No path found! return empty path[0m
[WARN] [1789261316.895807460] [tdt_p2_benchmark]: Navfn: failed to create plan with tolerance 0.00.
[WARN] [1789261316.900192869] [tdt_p2_benchmark]: Smac: failed to create plan, no valid path found.
[31mError: No path found! return empty path[0m
[31mError: No path found! return empty path[0m
[WARN] [1789261316.914536831] [tdt_p2_benchmark]: Smac: failed to create plan, no valid path found.
[31mError: No path found! return empty path[0m
[31mError: No path found! return empty path[0m
[WARN] [1789261316.928017768] [tdt_p2_benchmark]: Navfn: failed to create plan with tolerance 0.00.
[31mError: No path found! return empty path[0m
[31mError: No path found! return empty path[0m
[WARN] [1789261316.936418915] [tdt_p2_benchmark]: Navfn: failed to create plan with tolerance 0.00.
[WARN] [1789261316.942610009] [tdt_p2_benchmark]: Smac: failed to create plan, no valid path found.
[31mError: No path found! return empty path[0m
[WARN] [1789261316.947018630] [tdt_p2_benchmark]: Navfn: failed to create plan with tolerance 0.00.
[WARN] [1789261316.952398486] [tdt_p2_benchmark]: Smac: failed to create plan, no valid path found.
[31mError: No path found! return empty path[0m
[WARN] [1789261316.959768422] [tdt_p2_benchmark]: Navfn: failed to create plan with tolerance 0.00.
[WARN] [1789261316.964401213] [tdt_p2_benchmark]: Smac: failed to create plan, no valid path found.
[31mError: No path found! return empty path[0m
[31mError: No path found! return empty path[0m
[WARN] [1789261316.977647661] [tdt_p2_benchmark]: Smac: failed to create plan, no valid path found.
[31mError: No path found! return empty path[0m
[31mError: No path found! return empty path[0m
[WARN] [1789261316.989289919] [tdt_p2_benchmark]: Navfn: failed to create plan with tolerance 0.00.
[31mError: No path found! return empty path[0m
[31mError: No path found! return empty path[0m
[WARN] [1789261317.001414903] [tdt_p2_benchmark]: Navfn: failed to create plan with tolerance 0.00.
[WARN] [1789261317.007851296] [tdt_p2_benchmark]: Smac: failed to create plan, no valid path found.
[31mError: No path found! return empty path[0m
[WARN] [1789261317.012310735] [tdt_p2_benchmark]: Navfn: failed to create plan with tolerance 0.00.
[WARN] [1789261317.017610119] [tdt_p2_benchmark]: Smac: failed to create plan, no valid path found.
[31mError: No path found! return empty path[0m
[WARN] [1789261317.025242921] [tdt_p2_benchmark]: Navfn: failed to create plan with tolerance 0.00.
[WARN] [1789261317.030116543] [tdt_p2_benchmark]: Smac: failed to create plan, no valid path found.
[31mError: No path found! return empty path[0m
[31mError: No path found! return empty path[0m
[WARN] [1789261317.043413272] [tdt_p2_benchmark]: Smac: failed to create plan, no valid path found.
[31mError: No path found! return empty path[0m
[31mError: No path found! return empty path[0m
[WARN] [1789261317.052948436] [tdt_p2_benchmark]: Navfn: failed to create plan with tolerance 0.00.
[31mError: No path found! return empty path[0m
[31mError: No path found! return empty path[0m
[WARN] [1789261317.064874361] [tdt_p2_benchmark]: Navfn: failed to create plan with tolerance 0.00.
[WARN] [1789261317.069221417] [tdt_p2_benchmark]: Smac: failed to create plan, no valid path found.
[31mError: No path found! return empty path[0m
[WARN] [1789261317.075018583] [tdt_p2_benchmark]: Navfn: failed to create plan with tolerance 0.00.
[WARN] [1789261317.079441912] [tdt_p2_benchmark]: Smac: failed to create plan, no valid path found.
[31mError: No path found! return empty path[0m
[WARN] [1789261317.084549601] [tdt_p2_benchmark]: Navfn: failed to create plan with tolerance 0.00.
[WARN] [1789261317.093104029] [tdt_p2_benchmark]: Smac: failed to create plan, no valid path found.
[31mError: No path found! return empty path[0m
[31mError: No path found! return empty path[0m
[WARN] [1789261317.108332155] [tdt_p2_benchmark]: Smac: failed to create plan, no valid path found.
[31mError: No path found! return empty path[0m
[31mError: No path found! return empty path[0m
[WARN] [1789261317.117362407] [tdt_p2_benchmark]: Navfn: failed to create plan with tolerance 0.00.
[31mError: No path found! return empty path[0m
[31mError: No path found! return empty path[0m
[WARN] [1789261317.131613751] [tdt_p2_benchmark]: Navfn: failed to create plan with tolerance 0.00.
[WARN] [1789261317.136349875] [tdt_p2_benchmark]: Smac: failed to create plan, no valid path found.
[31mError: No path found! return empty path[0m
[WARN] [1789261317.142416041] [tdt_p2_benchmark]: Navfn: failed to create plan with tolerance 0.00.
[WARN] [1789261317.146808052] [tdt_p2_benchmark]: Smac: failed to create plan, no valid path found.
[31mError: No path found! return empty path[0m
[WARN] [1789261317.151857782] [tdt_p2_benchmark]: Navfn: failed to create plan with tolerance 0.00.
[WARN] [1789261317.161324641] [tdt_p2_benchmark]: Smac: failed to create plan, no valid path found.
[31mError: No path found! return empty path[0m
[31mError: No path found! return empty path[0m
[WARN] [1789261317.175408446] [tdt_p2_benchmark]: Smac: failed to create plan, no valid path found.
[31mError: No path found! return empty path[0m
[31mError: No path found! return empty path[0m
[WARN] [1789261317.185163420] [tdt_p2_benchmark]: Navfn: failed to create plan with tolerance 0.00.
[31mError: No path found! return empty path[0m
[31mError: No path found! return empty path[0m
[WARN] [1789261317.195601705] [tdt_p2_benchmark]: Navfn: failed to create plan with tolerance 0.00.
[WARN] [1789261317.199899683] [tdt_p2_benchmark]: Smac: failed to create plan, no valid path found.
[31mError: No path found! return empty path[0m
[WARN] [1789261317.205151787] [tdt_p2_benchmark]: Navfn: failed to create plan with tolerance 0.00.
[WARN] [1789261317.209725229] [tdt_p2_benchmark]: Smac: failed to create plan, no valid path found.
[31mError: No path found! return empty path[0m
[WARN] [1789261317.214178841] [tdt_p2_benchmark]: Navfn: failed to create plan with tolerance 0.00.
[WARN] [1789261317.220946017] [tdt_p2_benchmark]: Smac: failed to create plan, no valid path found.
[31mError: No path found! return empty path[0m
[31mError: No path found! return empty path[0m
[WARN] [1789261317.236183446] [tdt_p2_benchmark]: Smac: failed to create plan, no valid path found.
[31mError: No path found! return empty path[0m
[31mError: No path found! return empty path[0m
[WARN] [1789261317.247023701] [tdt_p2_benchmark]: Navfn: failed to create plan with tolerance 0.00.
[31mError: No path found! return empty path[0m
[31mError: No path found! return empty path[0m
[WARN] [1789261317.258090416] [tdt_p2_benchmark]: Navfn: failed to create plan with tolerance 0.00.
[WARN] [1789261317.262804624] [tdt_p2_benchmark]: Smac: failed to create plan, no valid path found.
[31mError: No path found! return empty path[0m
[WARN] [1789261317.267104580] [tdt_p2_benchmark]: Navfn: failed to create plan with tolerance 0.00.
[WARN] [1789261317.272905165] [tdt_p2_benchmark]: Smac: failed to create plan, no valid path found.
[31mError: No path found! return empty path[0m
[WARN] [1789261317.277838185] [tdt_p2_benchmark]: Navfn: failed to create plan with tolerance 0.00.
[WARN] [1789261317.283042491] [tdt_p2_benchmark]: Smac: failed to create plan, no valid path found.
[31mError: No path found! return empty path[0m
[31mError: No path found! return empty path[0m
[WARN] [1789261317.300749040] [tdt_p2_benchmark]: Smac: failed to create plan, no valid path found.
[31mError: No path found! return empty path[0m
[31mError: No path found! return empty path[0m
[WARN] [1789261317.311626576] [tdt_p2_benchmark]: Navfn: failed to create plan with tolerance 0.00.
[31mError: No path found! return empty path[0m
[31mError: No path found! return empty path[0m
[WARN] [1789261317.324241689] [tdt_p2_benchmark]: Navfn: failed to create plan with tolerance 0.00.
[WARN] [1789261317.330883023] [tdt_p2_benchmark]: Smac: failed to create plan, no valid path found.
[31mError: No path found! return empty path[0m
[WARN] [1789261317.335200117] [tdt_p2_benchmark]: Navfn: failed to create plan with tolerance 0.00.
[WARN] [1789261317.341013451] [tdt_p2_benchmark]: Smac: failed to create plan, no valid path found.
[31mError: No path found! return empty path[0m
[WARN] [1789261317.345414981] [tdt_p2_benchmark]: Navfn: failed to create plan with tolerance 0.00.
[WARN] [1789261317.350637317] [tdt_p2_benchmark]: Smac: failed to create plan, no valid path found.
[31mError: No path found! return empty path[0m
[31mError: No path found! return empty path[0m
[WARN] [1789261317.366950137] [tdt_p2_benchmark]: Smac: failed to create plan, no valid path found.
[31mError: No path found! return empty path[0m
[31mError: No path found! return empty path[0m
[WARN] [1789261317.376807157] [tdt_p2_benchmark]: Navfn: failed to create plan with tolerance 0.00.
[31mError: No path found! return empty path[0m
[31mError: No path found! return empty path[0m
[WARN] [1789261317.385932865] [tdt_p2_benchmark]: Navfn: failed to create plan with tolerance 0.00.
[WARN] [1789261317.394784025] [tdt_p2_benchmark]: Smac: failed to create plan, no valid path found.
[31mError: No path found! return empty path[0m
[WARN] [1789261317.399246728] [tdt_p2_benchmark]: Navfn: failed to create plan with tolerance 0.00.
[WARN] [1789261317.404112886] [tdt_p2_benchmark]: Smac: failed to create plan, no valid path found.
[31mError: No path found! return empty path[0m
[WARN] [1789261317.409494555] [tdt_p2_benchmark]: Navfn: failed to create plan with tolerance 0.00.
[WARN] [1789261317.414726215] [tdt_p2_benchmark]: Smac: failed to create plan, no valid path found.
[31mError: No path found! return empty path[0m
[31mError: No path found! return empty path[0m
[WARN] [1789261317.431033135] [tdt_p2_benchmark]: Smac: failed to create plan, no valid path found.
[31mError: No path found! return empty path[0m
[31mError: No path found! return empty path[0m
[WARN] [1789261317.440395120] [tdt_p2_benchmark]: Navfn: failed to create plan with tolerance 0.00.
[31mError: No path found! return empty path[0m
[31mError: No path found! return empty path[0m
[WARN] [1789261317.448910368] [tdt_p2_benchmark]: Navfn: failed to create plan with tolerance 0.00.
[WARN] [1789261317.456273282] [tdt_p2_benchmark]: Smac: failed to create plan, no valid path found.
[31mError: No path found! return empty path[0m
[WARN] [1789261317.463612439] [tdt_p2_benchmark]: Navfn: failed to create plan with tolerance 0.00.
[WARN] [1789261317.468058141] [tdt_p2_benchmark]: Smac: failed to create plan, no valid path found.
[31mError: No path found! return empty path[0m
[WARN] [1789261317.473911954] [tdt_p2_benchmark]: Navfn: failed to create plan with tolerance 0.00.
[WARN] [1789261317.479052893] [tdt_p2_benchmark]: Smac: failed to create plan, no valid path found.
[31mError: No path found! return empty path[0m
[31mError: No path found! return empty path[0m
[WARN] [1789261317.494795441] [tdt_p2_benchmark]: Smac: failed to create plan, no valid path found.
[31mError: No path found! return empty path[0m
[31mError: No path found! return empty path[0m
[WARN] [1789261317.503383052] [tdt_p2_benchmark]: Navfn: failed to create plan with tolerance 0.00.
[31mError: No path found! return empty path[0m
[31mError: No path found! return empty path[0m
[WARN] [1789261317.512766241] [tdt_p2_benchmark]: Navfn: failed to create plan with tolerance 0.00.
[WARN] [1789261317.518669669] [tdt_p2_benchmark]: Smac: failed to create plan, no valid path found.
[31mError: No path found! return empty path[0m
[WARN] [1789261317.528564822] [tdt_p2_benchmark]: Navfn: failed to create plan with tolerance 0.00.
[WARN] [1789261317.532924366] [tdt_p2_benchmark]: Smac: failed to create plan, no valid path found.
[31mError: No path found! return empty path[0m
[WARN] [1789261317.537635007] [tdt_p2_benchmark]: Navfn: failed to create plan with tolerance 0.00.
[WARN] [1789261317.542623824] [tdt_p2_benchmark]: Smac: failed to create plan, no valid path found.
[31mError: No path found! return empty path[0m
[31mError: No path found! return empty path[0m
[WARN] [1789261317.559260623] [tdt_p2_benchmark]: Smac: failed to create plan, no valid path found.
[31mError: No path found! return empty path[0m
[31mError: No path found! return empty path[0m
[WARN] [1789261317.567617768] [tdt_p2_benchmark]: Navfn: failed to create plan with tolerance 0.00.
[31mError: No path found! return empty path[0m
[31mError: No path found! return empty path[0m
[WARN] [1789261317.577402705] [tdt_p2_benchmark]: Navfn: failed to create plan with tolerance 0.00.
[WARN] [1789261317.581587603] [tdt_p2_benchmark]: Smac: failed to create plan, no valid path found.
[31mError: No path found! return empty path[0m
[WARN] [1789261317.587381511] [tdt_p2_benchmark]: Navfn: failed to create plan with tolerance 0.00.
[WARN] [1789261317.595322348] [tdt_p2_benchmark]: Smac: failed to create plan, no valid path found.
[31mError: No path found! return empty path[0m
[WARN] [1789261317.600669154] [tdt_p2_benchmark]: Navfn: failed to create plan with tolerance 0.00.
[WARN] [1789261317.606525022] [tdt_p2_benchmark]: Smac: failed to create plan, no valid path found.
[31mError: No path found! return empty path[0m
[31mError: No path found! return empty path[0m
[WARN] [1789261317.624766248] [tdt_p2_benchmark]: Smac: failed to create plan, no valid path found.
[31mError: No path found! return empty path[0m
[31mError: No path found! return empty path[0m
[WARN] [1789261317.638180407] [tdt_p2_benchmark]: Navfn: failed to create plan with tolerance 0.00.
[31mError: No path found! return empty path[0m
[31mError: No path found! return empty path[0m
[WARN] [1789261317.648244086] [tdt_p2_benchmark]: Navfn: failed to create plan with tolerance 0.00.
[WARN] [1789261317.654530711] [tdt_p2_benchmark]: Smac: failed to create plan, no valid path found.
[31mError: No path found! return empty path[0m
[WARN] [1789261317.662263535] [tdt_p2_benchmark]: Navfn: failed to create plan with tolerance 0.00.
[WARN] [1789261317.666695420] [tdt_p2_benchmark]: Smac: failed to create plan, no valid path found.
[31mError: No path found! return empty path[0m
[WARN] [1789261317.672155921] [tdt_p2_benchmark]: Navfn: failed to create plan with tolerance 0.00.
[WARN] [1789261317.678136248] [tdt_p2_benchmark]: Smac: failed to create plan, no valid path found.
[31mError: No path found! return empty path[0m
[31mError: No path found! return empty path[0m
[WARN] [1789261317.693787783] [tdt_p2_benchmark]: Smac: failed to create plan, no valid path found.
[31mError: No path found! return empty path[0m
[31mError: No path found! return empty path[0m
[WARN] [1789261317.702181908] [tdt_p2_benchmark]: Navfn: failed to create plan with tolerance 0.00.
[31mError: No path found! return empty path[0m
[31mError: No path found! return empty path[0m
[WARN] [1789261317.711630041] [tdt_p2_benchmark]: Navfn: failed to create plan with tolerance 0.00.
[WARN] [1789261317.716332173] [tdt_p2_benchmark]: Smac: failed to create plan, no valid path found.
[31mError: No path found! return empty path[0m
[WARN] [1789261317.722654095] [tdt_p2_benchmark]: Navfn: failed to create plan with tolerance 0.00.
[WARN] [1789261317.730351852] [tdt_p2_benchmark]: Smac: failed to create plan, no valid path found.
[31mError: No path found! return empty path[0m
[WARN] [1789261317.734663310] [tdt_p2_benchmark]: Navfn: failed to create plan with tolerance 0.00.
[WARN] [1789261317.740742933] [tdt_p2_benchmark]: Smac: failed to create plan, no valid path found.
[31mError: No path found! return empty path[0m
[31mError: No path found! return empty path[0m
[WARN] [1789261317.756211205] [tdt_p2_benchmark]: Smac: failed to create plan, no valid path found.
[31mError: No path found! return empty path[0m
[31mError: No path found! return empty path[0m
[WARN] [1789261317.765285683] [tdt_p2_benchmark]: Navfn: failed to create plan with tolerance 0.00.
[31mError: No path found! return empty path[0m
[31mError: No path found! return empty path[0m
[WARN] [1789261317.774998796] [tdt_p2_benchmark]: Navfn: failed to create plan with tolerance 0.00.
[WARN] [1789261317.779543341] [tdt_p2_benchmark]: Smac: failed to create plan, no valid path found.
[31mError: No path found! return empty path[0m
[WARN] [1789261317.784335456] [tdt_p2_benchmark]: Navfn: failed to create plan with tolerance 0.00.
[WARN] [1789261317.792103909] [tdt_p2_benchmark]: Smac: failed to create plan, no valid path found.
[31mError: No path found! return empty path[0m
[WARN] [1789261317.796957841] [tdt_p2_benchmark]: Navfn: failed to create plan with tolerance 0.00.
[WARN] [1789261317.801270458] [tdt_p2_benchmark]: Smac: failed to create plan, no valid path found.
[31mError: No path found! return empty path[0m
[31mError: No path found! return empty path[0m
[WARN] [1789261317.815129129] [tdt_p2_benchmark]: Smac: failed to create plan, no valid path found.
[31mError: No path found! return empty path[0m
[31mError: No path found! return empty path[0m
[WARN] [1789261317.828322513] [tdt_p2_benchmark]: Navfn: failed to create plan with tolerance 0.00.
[31mError: No path found! return empty path[0m
[31mError: No path found! return empty path[0m
[WARN] [1789261317.837069286] [tdt_p2_benchmark]: Navfn: failed to create plan with tolerance 0.00.
[WARN] [1789261317.842729959] [tdt_p2_benchmark]: Smac: failed to create plan, no valid path found.
[31mError: No path found! return empty path[0m
[WARN] [1789261317.847410091] [tdt_p2_benchmark]: Navfn: failed to create plan with tolerance 0.00.
[WARN] [1789261317.853327671] [tdt_p2_benchmark]: Smac: failed to create plan, no valid path found.
[31mError: No path found! return empty path[0m
[WARN] [1789261317.859746858] [tdt_p2_benchmark]: Navfn: failed to create plan with tolerance 0.00.
[WARN] [1789261317.865165666] [tdt_p2_benchmark]: Smac: failed to create plan, no valid path found.
[31mError: No path found! return empty path[0m
[31mError: No path found! return empty path[0m
[WARN] [1789261317.880726784] [tdt_p2_benchmark]: Smac: failed to create plan, no valid path found.
[31mError: No path found! return empty path[0m
[31mError: No path found! return empty path[0m
[WARN] [1789261317.893665416] [tdt_p2_benchmark]: Navfn: failed to create plan with tolerance 0.00.
[31mError: No path found! return empty path[0m
[31mError: No path found! return empty path[0m
[WARN] [1789261317.905203143] [tdt_p2_benchmark]: Navfn: failed to create plan with tolerance 0.00.
[WARN] [1789261317.911176577] [tdt_p2_benchmark]: Smac: failed to create plan, no valid path found.
[31mError: No path found! return empty path[0m
[WARN] [1789261317.915920797] [tdt_p2_benchmark]: Navfn: failed to create plan with tolerance 0.00.
[WARN] [1789261317.924320721] [tdt_p2_benchmark]: Smac: failed to create plan, no valid path found.
[31mError: No path found! return empty path[0m
[WARN] [1789261317.932359473] [tdt_p2_benchmark]: Navfn: failed to create plan with tolerance 0.00.
[WARN] [1789261317.938026686] [tdt_p2_benchmark]: Smac: failed to create plan, no valid path found.
[31mError: No path found! return empty path[0m
[31mError: No path found! return empty path[0m
[WARN] [1789261317.957978495] [tdt_p2_benchmark]: Smac: failed to create plan, no valid path found.
[31mError: No path found! return empty path[0m
[31mError: No path found! return empty path[0m
[WARN] [1789261317.970359787] [tdt_p2_benchmark]: Navfn: failed to create plan with tolerance 0.00.
[31mError: No path found! return empty path[0m
[31mError: No path found! return empty path[0m
[WARN] [1789261317.980821838] [tdt_p2_benchmark]: Navfn: failed to create plan with tolerance 0.00.
[WARN] [1789261317.986493202] [tdt_p2_benchmark]: Smac: failed to create plan, no valid path found.
[31mError: No path found! return empty path[0m
[WARN] [1789261317.995040676] [tdt_p2_benchmark]: Navfn: failed to create plan with tolerance 0.00.
[WARN] [1789261317.999479738] [tdt_p2_benchmark]: Smac: failed to create plan, no valid path found.
[31mError: No path found! return empty path[0m
[WARN] [1789261318.005018631] [tdt_p2_benchmark]: Navfn: failed to create plan with tolerance 0.00.
[WARN] [1789261318.010852156] [tdt_p2_benchmark]: Smac: failed to create plan, no valid path found.
[31mError: No path found! return empty path[0m
[31mError: No path found! return empty path[0m
[WARN] [1789261318.028268035] [tdt_p2_benchmark]: Smac: failed to create plan, no valid path found.
[31mError: No path found! return empty path[0m
[31mError: No path found! return empty path[0m
[WARN] [1789261318.040550014] [tdt_p2_benchmark]: Navfn: failed to create plan with tolerance 0.00.
[31mError: No path found! return empty path[0m
[31mError: No path found! return empty path[0m
[WARN] [1789261318.049319670] [tdt_p2_benchmark]: Navfn: failed to create plan with tolerance 0.00.
[WARN] [1789261318.059430427] [tdt_p2_benchmark]: Smac: failed to create plan, no valid path found.
[31mError: No path found! return empty path[0m
[WARN] [1789261318.066204015] [tdt_p2_benchmark]: Navfn: failed to create plan with tolerance 0.00.
[WARN] [1789261318.071717719] [tdt_p2_benchmark]: Smac: failed to create plan, no valid path found.
[31mError: No path found! return empty path[0m
[WARN] [1789261318.076797922] [tdt_p2_benchmark]: Navfn: failed to create plan with tolerance 0.00.
[WARN] [1789261318.081203001] [tdt_p2_benchmark]: Smac: failed to create plan, no valid path found.
[31mError: No path found! return empty path[0m
[31mError: No path found! return empty path[0m
[WARN] [1789261318.100583930] [tdt_p2_benchmark]: Smac: failed to create plan, no valid path found.
[31mError: No path found! return empty path[0m
[31mError: No path found! return empty path[0m
[WARN] [1789261318.110189886] [tdt_p2_benchmark]: Navfn: failed to create plan with tolerance 0.00.
[31mError: No path found! return empty path[0m
[31mError: No path found! return empty path[0m
[WARN] [1789261318.121089446] [tdt_p2_benchmark]: Navfn: failed to create plan with tolerance 0.00.
[WARN] [1789261318.129151034] [tdt_p2_benchmark]: Smac: failed to create plan, no valid path found.
[31mError: No path found! return empty path[0m
[WARN] [1789261318.133552086] [tdt_p2_benchmark]: Navfn: failed to create plan with tolerance 0.00.
[WARN] [1789261318.138429559] [tdt_p2_benchmark]: Smac: failed to create plan, no valid path found.
[31mError: No path found! return empty path[0m
[WARN] [1789261318.143625792] [tdt_p2_benchmark]: Navfn: failed to create plan with tolerance 0.00.
[WARN] [1789261318.148407797] [tdt_p2_benchmark]: Smac: failed to create plan, no valid path found.
[31mError: No path found! return empty path[0m
[31mError: No path found! return empty path[0m
[WARN] [1789261318.169705871] [tdt_p2_benchmark]: Smac: failed to create plan, no valid path found.
[31mError: No path found! return empty path[0m
[31mError: No path found! return empty path[0m
[WARN] [1789261318.180718430] [tdt_p2_benchmark]: Navfn: failed to create plan with tolerance 0.00.
[31mError: No path found! return empty path[0m
[31mError: No path found! return empty path[0m
[WARN] [1789261318.195346562] [tdt_p2_benchmark]: Navfn: failed to create plan with tolerance 0.00.
[WARN] [1789261318.200234190] [tdt_p2_benchmark]: Smac: failed to create plan, no valid path found.
[31mError: No path found! return empty path[0m
[WARN] [1789261318.205475723] [tdt_p2_benchmark]: Navfn: failed to create plan with tolerance 0.00.
[WARN] [1789261318.210711262] [tdt_p2_benchmark]: Smac: failed to create plan, no valid path found.
[31mError: No path found! return empty path[0m
[WARN] [1789261318.215201444] [tdt_p2_benchmark]: Navfn: failed to create plan with tolerance 0.00.
[WARN] [1789261318.225209444] [tdt_p2_benchmark]: Smac: failed to create plan, no valid path found.
[31mError: No path found! return empty path[0m
[31mError: No path found! return empty path[0m
[WARN] [1789261318.238339140] [tdt_p2_benchmark]: Smac: failed to create plan, no valid path found.
[31mError: No path found! return empty path[0m
[31mError: No path found! return empty path[0m
[WARN] [1789261318.247147363] [tdt_p2_benchmark]: Navfn: failed to create plan with tolerance 0.00.
[31mError: No path found! return empty path[0m
[31mError: No path found! return empty path[0m
[WARN] [1789261318.261439350] [tdt_p2_benchmark]: Navfn: failed to create plan with tolerance 0.00.
[WARN] [1789261318.265815452] [tdt_p2_benchmark]: Smac: failed to create plan, no valid path found.
[31mError: No path found! return empty path[0m
[WARN] [1789261318.270427803] [tdt_p2_benchmark]: Navfn: failed to create plan with tolerance 0.00.
[WARN] [1789261318.276369171] [tdt_p2_benchmark]: Smac: failed to create plan, no valid path found.
[31mError: No path found! return empty path[0m
scenario field_map free_component=4607
[WARN] [1789261318.408329738] [tdt_p2_benchmark]: Navfn: failed to create plan with tolerance 0.00.
[WARN] [1789261318.443828242] [tdt_p2_benchmark]: Navfn: failed to create plan with tolerance 0.00.
[WARN] [1789261319.298276426] [tdt_p2_benchmark]: Navfn: failed to create plan with tolerance 0.00.
[WARN] [1789261320.167286156] [tdt_p2_benchmark]: Navfn: failed to create plan with tolerance 0.00.
[WARN] [1789261320.210467829] [tdt_p2_benchmark]: Navfn: failed to create plan with tolerance 0.00.
[WARN] [1789261320.618542575] [tdt_p2_benchmark]: Navfn: failed to create plan with tolerance 0.00.
[INFO] [1789261321.670053188] [tdt_p2_benchmark]: Deactivating plugin Smac of type SmacPlanner2D
[INFO] [1789261321.670413726] [tdt_p2_benchmark]: Deactivating plugin Navfn of type NavfnPlanner
[INFO] [1789261321.670437700] [tdt_p2_benchmark]: Cleaning up plugin Smac of type SmacPlanner2D
[INFO] [1789261321.673353930] [tdt_p2_benchmark]: Cleaning up plugin Navfn of type NavfnPlanner
[INFO] [1789261321.673407402] [benchmark_costmap.benchmark_costmap]: Cleaning up
[INFO] [1789261321.675947229] [benchmark_costmap.benchmark_costmap]: Destroying
[INFO] [1789261321.681012881] [tdt_p2_benchmark]: Destroying plugin Smac of type SmacPlanner2D
[INFO] [1789261321.681026502] [tdt_p2_benchmark]: Destroying plugin Navfn of type NavfnPlanner
