[INFO] [launch]: All log files can be found below /home/rmnav/.ros/log/2026-10-04-07-22-19-673892-a39ec1dfcbd1-40
[INFO] [launch]: Default logging verbosity is set to INFO
[INFO] [ign gazebo-1]: process started with pid [191]
[INFO] [parameter_bridge-2]: process started with pid [193]
[INFO] [scan_frame_adapter-3]: process started with pid [196]
[INFO] [robot_state_publisher-4]: process started with pid [198]
[INFO] [lio_adapter-5]: process started with pid [200]
[INFO] [gimbal_state_adapter-6]: process started with pid [202]
[INFO] [imu_frame_adapter-7]: process started with pid [204]
[INFO] [static_transform_publisher-8]: process started with pid [206]
[INFO] [chassis_interface_stub-9]: process started with pid [208]
[scan_frame_adapter-3] [WARN] [1791098540.130409478] [scan_frame_adapter]: Simulation-only scan adapter: /simulation/scan_raw -> /scan with frame_id=sim_lidar_link. No TF is published.
[gimbal_state_adapter-6] [WARN] [1791098540.131727792] [gimbal_state_adapter]: Phase 1 skeleton: publishing gimbal_yaw_joint on /joint_states. Real hardware must provide timestamped gimbal yaw before rotating-gimbal localization is accepted.
[imu_frame_adapter-7] [WARN] [1791098540.133794372] [imu_frame_adapter]: Phase 1 IMU frame adapter: /livox/lio_imu_raw -> /livox/lio_imu, output frame_id=lio_imu_link. This node only rewrites header.frame_id; it does not publish TF, filter IMU data, or modify measurements.
[chassis_interface_stub-9] [WARN] [1791098540.135395068] [chassis_interface_stub]: Phase 1 chassis stub only: no TF, no odom, no nav goals, no real serial.
[static_transform_publisher-8] [INFO] [1791098540.138584884] [experiment_map_origin]: Spinning until stopped - publishing transform
[static_transform_publisher-8] translation: ('0.000000', '0.000000', '0.000000')
[static_transform_publisher-8] rotation: ('0.000000', '0.000000', '0.000000', '1.000000')
[static_transform_publisher-8] from 'map' to 'odom'
[robot_state_publisher-4] [INFO] [1791098540.144749144] [robot_state_publisher]: got segment base_imu_link
[robot_state_publisher-4] [INFO] [1791098540.144857332] [robot_state_publisher]: got segment base_link
[robot_state_publisher-4] [INFO] [1791098540.144868588] [robot_state_publisher]: got segment gimbal_yaw_link
[robot_state_publisher-4] [INFO] [1791098540.144876591] [robot_state_publisher]: got segment lio_imu_link
[robot_state_publisher-4] [INFO] [1791098540.144883882] [robot_state_publisher]: got segment mid360_left_frame
[robot_state_publisher-4] [INFO] [1791098540.144890882] [robot_state_publisher]: got segment mid360_right_frame
[robot_state_publisher-4] [INFO] [1791098540.144898483] [robot_state_publisher]: got segment sim_lidar_link
[lio_adapter-5] [WARN] [1791098540.149084282] [lio_adapter]: Canonical LIO adapter: adapting /simulation/ground_truth/odom to /odometry/lio through TF base_link->sensor with gimbal frame gimbal_yaw_link. raw_odom_parent_frame_mode=canonical_odom. twist_mode=passthrough. Real hardware still requires calibrated and timestamped gimbal yaw.
[parameter_bridge-2] Couldn't find a preferred IP via the getifaddrs() call; I'm assuming that your IP address is 127.0.0.1.  This should work for local processes, but will almost certainly not work if you have remote processes.Report to the disc-zmq development team to seek a fix.
[parameter_bridge-2] Couldn't find a preferred IP via the getifaddrs() call; I'm assuming that your IP address is 127.0.0.1.  This should work for local processes, but will almost certainly not work if you have remote processes.Report to the disc-zmq development team to seek a fix.
[parameter_bridge-2] Couldn't find a preferred IP via the getifaddrs() call; I'm assuming that your IP address is 127.0.0.1.  This should work for local processes, but will almost certainly not work if you have remote processes.Report to the disc-zmq development team to seek a fix.
[parameter_bridge-2] Couldn't find a preferred IP via the getifaddrs() call; I'm assuming that your IP address is 127.0.0.1.  This should work for local processes, but will almost certainly not work if you have remote processes.Report to the disc-zmq development team to seek a fix.
[ign gazebo-1] Couldn't find a preferred IP via the getifaddrs() call; I'm assuming that your IP address is 127.0.0.1.  This should work for local processes, but will almost certainly not work if you have remote processes.Report to the disc-zmq development team to seek a fix.
[ign gazebo-1] Couldn't find a preferred IP via the getifaddrs() call; I'm assuming that your IP address is 127.0.0.1.  This should work for local processes, but will almost certainly not work if you have remote processes.Report to the disc-zmq development team to seek a fix.
[ign gazebo-1] Couldn't find a preferred IP via the getifaddrs() call; I'm assuming that your IP address is 127.0.0.1.  This should work for local processes, but will almost certainly not work if you have remote processes.Report to the disc-zmq development team to seek a fix.
[ign gazebo-1] Couldn't find a preferred IP via the getifaddrs() call; I'm assuming that your IP address is 127.0.0.1.  This should work for local processes, but will almost certainly not work if you have remote processes.Report to the disc-zmq development team to seek a fix.
[parameter_bridge-2] [INFO] [1791098541.184101173] [simulation_bridge]: Creating GZ->ROS Bridge: [/clock (ignition.msgs.Clock) -> /clock (rosgraph_msgs/msg/Clock)] (Lazy 0)
[parameter_bridge-2] [INFO] [1791098541.186641734] [simulation_bridge]: Creating ROS->GZ Bridge: [/simulation/chassis/cmd_vel (geometry_msgs/msg/Twist) -> /model/rm_sentry_2027/cmd_vel (ignition.msgs.Twist)] (Lazy 0)
[parameter_bridge-2] [INFO] [1791098541.189414294] [simulation_bridge]: Creating GZ->ROS Bridge: [/model/rm_sentry_2027/odometry (ignition.msgs.Odometry) -> /simulation/ground_truth/odom (nav_msgs/msg/Odometry)] (Lazy 0)
[parameter_bridge-2] [INFO] [1791098541.191674446] [simulation_bridge]: Creating GZ->ROS Bridge: [/model/rm_sentry_2027/sim_lidar/scan (ignition.msgs.LaserScan) -> /simulation/scan_raw (sensor_msgs/msg/LaserScan)] (Lazy 0)
[parameter_bridge-2] [INFO] [1791098541.193751103] [simulation_bridge]: Creating ROS->GZ Bridge: [/simulation/moving_obstacle/target (std_msgs/msg/Float64) -> /simulation/moving_obstacle/gz_target (ignition.msgs.Double)] (Lazy 0)
[parameter_bridge-2] [INFO] [1791098541.194962895] [simulation_bridge]: Creating GZ->ROS Bridge: [/model/rm_sentry_2027/pose (ignition.msgs.Pose_V) -> /simulation/oracle/rm_sentry_2027 (tf2_msgs/msg/TFMessage)] (Lazy 0)
[parameter_bridge-2] [INFO] [1791098541.196892329] [simulation_bridge]: Creating GZ->ROS Bridge: [/model/moving_obstacle/pose (ignition.msgs.Pose_V) -> /simulation/oracle/moving_obstacle (tf2_msgs/msg/TFMessage)] (Lazy 0)
[parameter_bridge-2] [INFO] [1791098541.197645855] [simulation_bridge]: Creating GZ->ROS Bridge: [/world/phase1_omni/dynamic_pose/info (ignition.msgs.Pose_V) -> /simulation/oracle/world (tf2_msgs/msg/TFMessage)] (Lazy 0)
[parameter_bridge-2] [INFO] [1791098541.198360360] [simulation_bridge]: Creating GZ->ROS Bridge: [/simulation/oracle/contacts (ignition.msgs.Contacts) -> /simulation/oracle/contacts (ros_gz_interfaces/msg/Contacts)] (Lazy 0)
[parameter_bridge-2] [INFO] [1791098541.200440840] [simulation_bridge]: Passing message from ROS geometry_msgs/msg/Twist to Gazebo gz.msgs.Twist (showing msg only once per type)
[parameter_bridge-2] [INFO] [1791098541.239871338] [simulation_bridge]: Passing message from ROS std_msgs/msg/Float64 to Gazebo gz.msgs.Double (showing msg only once per type)
[scan_frame_adapter-3] [INFO] [1791098543.078679766] [scan_frame_adapter]: Gazebo raw scan frame_id is 'rm_sentry_2027/sim_lidar_link/phase1_planar_lidar'; canonical simulation frame is 'sim_lidar_link'.
[chassis_interface_stub-9] [INFO] [1791098544.099065601] [chassis_interface_stub]: Mock chassis packet vx=0.000 vy=0.000 wz=0.000
[chassis_interface_stub-9] [INFO] [1791098545.122672600] [chassis_interface_stub]: Mock chassis packet vx=0.000 vy=0.000 wz=0.000
[chassis_interface_stub-9] [INFO] [1791098546.148606777] [chassis_interface_stub]: Mock chassis packet vx=0.000 vy=0.000 wz=0.000
[chassis_interface_stub-9] [INFO] [1791098547.178212020] [chassis_interface_stub]: Mock chassis packet vx=0.000 vy=0.000 wz=0.000
[chassis_interface_stub-9] [INFO] [1791098548.210069826] [chassis_interface_stub]: Mock chassis packet vx=0.000 vy=0.000 wz=0.000
[chassis_interface_stub-9] [INFO] [1791098549.242841043] [chassis_interface_stub]: Mock chassis packet vx=0.000 vy=0.000 wz=0.000
[chassis_interface_stub-9] [INFO] [1791098550.281116283] [chassis_interface_stub]: Mock chassis packet vx=0.000 vy=0.000 wz=0.000
[chassis_interface_stub-9] [INFO] [1791098551.318034816] [chassis_interface_stub]: Mock chassis packet vx=0.000 vy=0.000 wz=0.000
[chassis_interface_stub-9] [INFO] [1791098552.357131564] [chassis_interface_stub]: Mock chassis packet vx=0.000 vy=0.000 wz=0.000
[chassis_interface_stub-9] [INFO] [1791098553.398917068] [chassis_interface_stub]: Mock chassis packet vx=0.000 vy=0.000 wz=0.000
[chassis_interface_stub-9] [INFO] [1791098554.441357165] [chassis_interface_stub]: Mock chassis packet vx=0.000 vy=0.000 wz=0.000
[chassis_interface_stub-9] [INFO] [1791098555.483446300] [chassis_interface_stub]: Mock chassis packet vx=0.099 vy=-0.301 wz=0.000
[chassis_interface_stub-9] [INFO] [1791098556.526139692] [chassis_interface_stub]: Mock chassis packet vx=0.367 vy=0.050 wz=0.000
[chassis_interface_stub-9] [INFO] [1791098557.570562321] [chassis_interface_stub]: Mock chassis packet vx=0.470 vy=0.128 wz=0.000
[chassis_interface_stub-9] [INFO] [1791098558.617390758] [chassis_interface_stub]: Mock chassis packet vx=0.664 vy=0.164 wz=0.000
[chassis_interface_stub-9] [INFO] [1791098559.663085214] [chassis_interface_stub]: Mock chassis packet vx=0.400 vy=-0.173 wz=0.000
[chassis_interface_stub-9] [INFO] [1791098560.708147493] [chassis_interface_stub]: Mock chassis packet vx=0.097 vy=-0.500 wz=0.000
[chassis_interface_stub-9] [INFO] [1791098561.756067123] [chassis_interface_stub]: Mock chassis packet vx=0.011 vy=-0.500 wz=0.000
[chassis_interface_stub-9] [INFO] [1791098562.802692776] [chassis_interface_stub]: Mock chassis packet vx=0.000 vy=-0.500 wz=0.000
[chassis_interface_stub-9] [INFO] [1791098563.848443939] [chassis_interface_stub]: Mock chassis packet vx=0.096 vy=0.141 wz=0.000
[chassis_interface_stub-9] [INFO] [1791098564.896221555] [chassis_interface_stub]: Mock chassis packet vx=0.075 vy=0.291 wz=0.000
[chassis_interface_stub-9] [INFO] [1791098565.895753667] [chassis_interface_stub]: Mock chassis packet vx=0.075 vy=0.291 wz=0.000
[chassis_interface_stub-9] [INFO] [1791098566.943598646] [chassis_interface_stub]: Mock chassis packet vx=0.125 vy=0.341 wz=0.000
[chassis_interface_stub-9] [INFO] [1791098567.990488566] [chassis_interface_stub]: Mock chassis packet vx=0.075 vy=0.268 wz=0.000
[chassis_interface_stub-9] [INFO] [1791098568.992556387] [chassis_interface_stub]: Mock chassis packet vx=0.059 vy=0.000 wz=0.000
[chassis_interface_stub-9] [INFO] [1791098570.041334364] [chassis_interface_stub]: Mock chassis packet vx=0.000 vy=0.000 wz=0.000
[chassis_interface_stub-9] [INFO] [1791098571.089718652] [chassis_interface_stub]: Mock chassis packet vx=0.000 vy=0.000 wz=0.000
[chassis_interface_stub-9] [INFO] [1791098572.136106017] [chassis_interface_stub]: Mock chassis packet vx=0.000 vy=0.000 wz=0.000
[chassis_interface_stub-9] [INFO] [1791098573.141411252] [chassis_interface_stub]: Mock chassis packet vx=0.000 vy=0.000 wz=0.000
[chassis_interface_stub-9] [INFO] [1791098574.142665472] [chassis_interface_stub]: Mock chassis packet vx=0.000 vy=0.000 wz=0.000
[chassis_interface_stub-9] [INFO] [1791098575.191735369] [chassis_interface_stub]: Mock chassis packet vx=0.000 vy=0.000 wz=0.000
[chassis_interface_stub-9] [INFO] [1791098576.195304459] [chassis_interface_stub]: Mock chassis packet vx=0.000 vy=0.000 wz=0.000
[chassis_interface_stub-9] [INFO] [1791098577.197205826] [chassis_interface_stub]: Mock chassis packet vx=0.000 vy=0.000 wz=0.000
[chassis_interface_stub-9] [INFO] [1791098578.198421396] [chassis_interface_stub]: Mock chassis packet vx=0.000 vy=0.000 wz=0.000
[chassis_interface_stub-9] [INFO] [1791098579.246095182] [chassis_interface_stub]: Mock chassis packet vx=0.000 vy=0.000 wz=0.000
[chassis_interface_stub-9] [INFO] [1791098580.247504056] [chassis_interface_stub]: Mock chassis packet vx=0.000 vy=0.000 wz=0.000
[chassis_interface_stub-9] [INFO] [1791098581.300994164] [chassis_interface_stub]: Mock chassis packet vx=0.000 vy=0.000 wz=0.000
[chassis_interface_stub-9] [INFO] [1791098582.300610231] [chassis_interface_stub]: Mock chassis packet vx=0.000 vy=0.000 wz=0.000
[chassis_interface_stub-9] [INFO] [1791098583.351707147] [chassis_interface_stub]: Mock chassis packet vx=0.000 vy=0.000 wz=0.000
[chassis_interface_stub-9] [INFO] [1791098584.400664095] [chassis_interface_stub]: Mock chassis packet vx=0.000 vy=0.000 wz=0.000
[chassis_interface_stub-9] [INFO] [1791098585.401769116] [chassis_interface_stub]: Mock chassis packet vx=0.000 vy=0.000 wz=0.000
[chassis_interface_stub-9] [INFO] [1791098586.404676084] [chassis_interface_stub]: Mock chassis packet vx=0.000 vy=0.000 wz=0.000
[chassis_interface_stub-9] [INFO] [1791098587.455503442] [chassis_interface_stub]: Mock chassis packet vx=0.000 vy=0.000 wz=0.000
[chassis_interface_stub-9] [INFO] [1791098588.506441268] [chassis_interface_stub]: Mock chassis packet vx=0.000 vy=0.000 wz=0.000
[chassis_interface_stub-9] [INFO] [1791098589.553545225] [chassis_interface_stub]: Mock chassis packet vx=0.000 vy=0.000 wz=0.000
[chassis_interface_stub-9] [INFO] [1791098590.554559762] [chassis_interface_stub]: Mock chassis packet vx=0.000 vy=0.000 wz=0.000
[chassis_interface_stub-9] [INFO] [1791098591.604896510] [chassis_interface_stub]: Mock chassis packet vx=0.000 vy=0.000 wz=0.000
[chassis_interface_stub-9] [INFO] [1791098592.604615679] [chassis_interface_stub]: Mock chassis packet vx=0.000 vy=0.000 wz=0.000
[chassis_interface_stub-9] [INFO] [1791098593.607679405] [chassis_interface_stub]: Mock chassis packet vx=0.000 vy=0.000 wz=0.000
[robot_state_publisher-4] [INFO] [1791098593.663314589] [rclcpp]: signal_handler(SIGINT/SIGTERM)
[lio_adapter-5] [INFO] [1791098593.663313416] [rclcpp]: signal_handler(SIGINT/SIGTERM)
[chassis_interface_stub-9] [INFO] [1791098593.663323483] [rclcpp]: signal_handler(SIGINT/SIGTERM)
[gimbal_state_adapter-6] [INFO] [1791098593.663322054] [rclcpp]: signal_handler(SIGINT/SIGTERM)
[static_transform_publisher-8] [INFO] [1791098593.663323536] [rclcpp]: signal_handler(SIGINT/SIGTERM)
[scan_frame_adapter-3] [INFO] [1791098593.663340627] [rclcpp]: signal_handler(SIGINT/SIGTERM)
[parameter_bridge-2] [INFO] [1791098593.663346643] [rclcpp]: signal_handler(SIGINT/SIGTERM)
[imu_frame_adapter-7] [INFO] [1791098593.663740067] [rclcpp]: signal_handler(SIGINT/SIGTERM)
[INFO] [ign gazebo-1]: process has finished cleanly [pid 191]
[INFO] [gimbal_state_adapter-6]: process has finished cleanly [pid 202]
[INFO] [parameter_bridge-2]: process has finished cleanly [pid 193]
[INFO] [static_transform_publisher-8]: process has finished cleanly [pid 206]
[INFO] [scan_frame_adapter-3]: process has finished cleanly [pid 196]
[INFO] [chassis_interface_stub-9]: process has finished cleanly [pid 208]
[INFO] [lio_adapter-5]: process has finished cleanly [pid 200]
[INFO] [robot_state_publisher-4]: process has finished cleanly [pid 198]
[INFO] [imu_frame_adapter-7]: process has finished cleanly [pid 204]
