{
  "guard_exact_input_replays": 1074,
  "native_zoh_state_replays": 26,
  "native_model_error": {
    "count": 26,
    "p50": 5.551115123125783e-17,
    "p95": 1.1102230246251565e-16,
    "min": 0.0,
    "max": 2.220446049250313e-16
  },
  "native_dynamic_rejection_checks": 13,
  "native_constraint_counts": {
    "input": 980,
    "accepted": 13,
    "dynamic_clearance": 13
  },
  "guard_statuses": {
    "uncertified_brake": 805,
    "certified_brake": 261,
    "pass": 8
  },
  "guard_slew_max": 0.05,
  "guard_core_s": {
    "count": 1074,
    "p50": 0.002053227501164656,
    "p95": 0.004553366396430647,
    "min": 6.184300582390279e-05,
    "max": 0.004994119008188136
  },
  "guard_tick_to_output_s": {
    "count": 1074,
    "p50": 0.002387278502283152,
    "p95": 0.005058658103371272,
    "min": 0.0002566390030551702,
    "max": 0.005594578993623145
  },
  "guard_producer_start_interval_s": {
    "count": 1074,
    "p50": 0.0500013455,
    "p95": 0.0503892483,
    "min": 0.047483318000000004,
    "max": 0.052420953000000006
  },
  "guard_producer_output_interval_s": {
    "count": 1074,
    "p50": 0.04999568,
    "p95": 0.0528844321,
    "min": 0.046470703,
    "max": 0.054108147
  },
  "guard_tick_to_output_cpu_s": {
    "count": 1074,
    "p50": 0.0024992820000000002,
    "p95": 0.0052312259,
    "min": 0.000242116,
    "max": 0.005848283
  },
  "guard_nominal_missed_slots": 0,
  "guard_record_tick_gaps": [],
  "guard_observed_10ms_gate": true,
  "errors": [],
  "missing_inputs": {},
  "all_model_replays_pass": true,
  "scope": "Model replay and recorded timing only; no continuous actuator or detection safety certificate; no oracle inputs"
}
