{
  "checked_native_records": 26,
  "worker_input_joins": 26,
  "missing": {},
  "errors": [],
  "executed_dynamic_factorials": [],
  "shadow_dynamic_factorials": [
    {
      "evaluation_ns": 13566000000,
      "proposal_ns": 13516000000,
      "worker_source_ns": 13465000000,
      "native_source_ns": 13531000000,
      "measured_state_delta": [
        0.008131665015790608,
        -0.0002689956111008589,
        -3.116482112533214e-12,
        0.034944443606540976,
        -3.6601437468861305e-05,
        9.52067065592907e-13
      ],
      "recorded_native_constraint": "dynamic_clearance",
      "recorded_step": 29,
      "recorded_track_id": 1,
      "recorded_slack_m": -0.01306886091262249,
      "cases": {
        "worker_state__worker_prediction": {
          "at_recorded_track_step_m": 0.05297193947724249,
          "hypothetical_full_min_m": 0.027948447088367245,
          "hypothetical_full_min_step": 30,
          "hypothetical_full_min_track": 1
        },
        "worker_state__native_prediction": {
          "at_recorded_track_step_m": 0.04213855329092142,
          "hypothetical_full_min_m": 0.01688128027950697,
          "hypothetical_full_min_step": 30,
          "hypothetical_full_min_track": 1
        },
        "native_state__worker_prediction": {
          "at_recorded_track_step_m": -0.002230104440574421,
          "hypothetical_full_min_m": -0.027250615678923448,
          "hypothetical_full_min_step": 30,
          "hypothetical_full_min_track": 1
        },
        "native_state__native_prediction": {
          "at_recorded_track_step_m": -0.01306886091262249,
          "hypothetical_full_min_m": -0.03832345189361275,
          "hypothetical_full_min_step": 30,
          "hypothetical_full_min_track": 1
        }
      },
      "worker_original_dynamic_min_m": 0.0690146256177519,
      "worker_constraint_min": 0.0,
      "executed": false
    },
    {
      "evaluation_ns": 13616000000,
      "proposal_ns": 13566000000,
      "worker_source_ns": 13531000000,
      "native_source_ns": 13597000000,
      "measured_state_delta": [
        0.006738534051563355,
        -0.0001326317923460974,
        -3.0946379888011824e-12,
        0.030486460024972878,
        0.001686122486582774,
        -3.7505703431211027e-11
      ],
      "recorded_native_constraint": "dynamic_clearance",
      "recorded_step": 28,
      "recorded_track_id": 1,
      "recorded_slack_m": -0.015548666661402765,
      "cases": {
        "worker_state__worker_prediction": {
          "at_recorded_track_step_m": 0.03973455736387732,
          "hypothetical_full_min_m": -0.010778232484290547,
          "hypothetical_full_min_step": 30,
          "hypothetical_full_min_track": 1
        },
        "worker_state__native_prediction": {
          "at_recorded_track_step_m": 0.0323930984757662,
          "hypothetical_full_min_m": -0.018539248601670787,
          "hypothetical_full_min_step": 30,
          "hypothetical_full_min_track": 1
        },
        "native_state__worker_prediction": {
          "at_recorded_track_step_m": -0.008206645690323474,
          "hypothetical_full_min_m": -0.05871867021191435,
          "hypothetical_full_min_step": 30,
          "hypothetical_full_min_track": 1
        },
        "native_state__native_prediction": {
          "at_recorded_track_step_m": -0.015548666661402543,
          "hypothetical_full_min_m": -0.06648040908233067,
          "hypothetical_full_min_step": 30,
          "hypothetical_full_min_track": 1
        }
      },
      "worker_original_dynamic_min_m": 0.03781872453001667,
      "worker_constraint_min": 0.0,
      "executed": false
    },
    {
      "evaluation_ns": 13865000000,
      "proposal_ns": 13815000000,
      "worker_source_ns": 13795000000,
      "native_source_ns": 13795000000,
      "measured_state_delta": [
        0.0,
        0.0,
        2.838810514626112e-20,
        -0.00010423763062913927,
        -2.871560741528259e-17,
        1.6716188596618717e-14
      ],
      "recorded_native_constraint": "dynamic_clearance",
      "recorded_step": 30,
      "recorded_track_id": 1,
      "recorded_slack_m": -0.018343162216269856,
      "cases": {
        "worker_state__worker_prediction": {
          "at_recorded_track_step_m": -0.018483668375798176,
          "hypothetical_full_min_m": -0.018483668375798176,
          "hypothetical_full_min_step": 30,
          "hypothetical_full_min_track": 1
        },
        "worker_state__native_prediction": {
          "at_recorded_track_step_m": -0.018483668375798176,
          "hypothetical_full_min_m": -0.018483668375798176,
          "hypothetical_full_min_step": 30,
          "hypothetical_full_min_track": 1
        },
        "native_state__worker_prediction": {
          "at_recorded_track_step_m": -0.018343162216270522,
          "hypothetical_full_min_m": -0.018343162216270522,
          "hypothetical_full_min_step": 30,
          "hypothetical_full_min_track": 1
        },
        "native_state__native_prediction": {
          "at_recorded_track_step_m": -0.018343162216270522,
          "hypothetical_full_min_m": -0.018343162216270522,
          "hypothetical_full_min_step": 30,
          "hypothetical_full_min_track": 1
        }
      },
      "worker_original_dynamic_min_m": 0.03808736485107922,
      "worker_constraint_min": 0.0,
      "executed": false
    },
    {
      "evaluation_ns": 13915000000,
      "proposal_ns": 13865000000,
      "worker_source_ns": 13795000000,
      "native_source_ns": 13861000000,
      "measured_state_delta": [
        0.0,
        0.0,
        2.838810514626112e-20,
        0.0,
        0.0,
        0.0
      ],
      "recorded_native_constraint": "dynamic_clearance",
      "recorded_step": 29,
      "recorded_track_id": 1,
      "recorded_slack_m": -0.0012539809180462588,
      "cases": {
        "worker_state__worker_prediction": {
          "at_recorded_track_step_m": 0.001608814613049625,
          "hypothetical_full_min_m": -0.024127531350955796,
          "hypothetical_full_min_step": 30,
          "hypothetical_full_min_track": 1
        },
        "worker_state__native_prediction": {
          "at_recorded_track_step_m": -0.0012539809180462588,
          "hypothetical_full_min_m": -0.027058682999622403,
          "hypothetical_full_min_step": 30,
          "hypothetical_full_min_track": 1
        },
        "native_state__worker_prediction": {
          "at_recorded_track_step_m": 0.001608814613049625,
          "hypothetical_full_min_m": -0.024127531350955796,
          "hypothetical_full_min_step": 30,
          "hypothetical_full_min_track": 1
        },
        "native_state__native_prediction": {
          "at_recorded_track_step_m": -0.0012539809180462588,
          "hypothetical_full_min_m": -0.027058682999622403,
          "hypothetical_full_min_step": 30,
          "hypothetical_full_min_track": 1
        }
      },
      "worker_original_dynamic_min_m": 0.03588772439951293,
      "worker_constraint_min": 0.0,
      "executed": false
    },
    {
      "evaluation_ns": 13965000000,
      "proposal_ns": 13915000000,
      "worker_source_ns": 13861000000,
      "native_source_ns": 13927000000,
      "measured_state_delta": [
        0.0,
        0.0,
        2.838810514626112e-20,
        0.0,
        0.0,
        0.0
      ],
      "recorded_native_constraint": "dynamic_clearance",
      "recorded_step": 30,
      "recorded_track_id": 1,
      "recorded_slack_m": -0.022346612624338496,
      "cases": {
        "worker_state__worker_prediction": {
          "at_recorded_track_step_m": -0.02928569755483031,
          "hypothetical_full_min_m": -0.02928569755483031,
          "hypothetical_full_min_step": 30,
          "hypothetical_full_min_track": 1
        },
        "worker_state__native_prediction": {
          "at_recorded_track_step_m": -0.022346612624338496,
          "hypothetical_full_min_m": -0.022346612624338496,
          "hypothetical_full_min_step": 30,
          "hypothetical_full_min_track": 1
        },
        "native_state__worker_prediction": {
          "at_recorded_track_step_m": -0.02928569755483031,
          "hypothetical_full_min_m": -0.02928569755483031,
          "hypothetical_full_min_step": 30,
          "hypothetical_full_min_track": 1
        },
        "native_state__native_prediction": {
          "at_recorded_track_step_m": -0.022346612624338496,
          "hypothetical_full_min_m": -0.022346612624338496,
          "hypothetical_full_min_step": 30,
          "hypothetical_full_min_track": 1
        }
      },
      "worker_original_dynamic_min_m": 0.03508620501423313,
      "worker_constraint_min": 0.0,
      "executed": false
    },
    {
      "evaluation_ns": 14015000000,
      "proposal_ns": 13965000000,
      "worker_source_ns": 13927000000,
      "native_source_ns": 13993000000,
      "measured_state_delta": [
        0.0,
        0.0,
        2.838810514626112e-20,
        0.0,
        0.0,
        0.0
      ],
      "recorded_native_constraint": "dynamic_clearance",
      "recorded_step": 29,
      "recorded_track_id": 1,
      "recorded_slack_m": -0.005849271115825758,
      "cases": {
        "worker_state__worker_prediction": {
          "at_recorded_track_step_m": -0.006951234586204096,
          "hypothetical_full_min_m": -0.03271087602639293,
          "hypothetical_full_min_step": 30,
          "hypothetical_full_min_track": 1
        },
        "worker_state__native_prediction": {
          "at_recorded_track_step_m": -0.005849271115825758,
          "hypothetical_full_min_m": -0.03157307406170748,
          "hypothetical_full_min_step": 30,
          "hypothetical_full_min_track": 1
        },
        "native_state__worker_prediction": {
          "at_recorded_track_step_m": -0.006951234586204096,
          "hypothetical_full_min_m": -0.03271087602639293,
          "hypothetical_full_min_step": 30,
          "hypothetical_full_min_track": 1
        },
        "native_state__native_prediction": {
          "at_recorded_track_step_m": -0.005849271115825758,
          "hypothetical_full_min_m": -0.03157307406170748,
          "hypothetical_full_min_step": 30,
          "hypothetical_full_min_track": 1
        }
      },
      "worker_original_dynamic_min_m": 0.034659517215353944,
      "worker_constraint_min": 0.0,
      "executed": false
    },
    {
      "evaluation_ns": 14065000000,
      "proposal_ns": 14015000000,
      "worker_source_ns": 13993000000,
      "native_source_ns": 13993000000,
      "measured_state_delta": [
        0.0,
        0.0,
        2.838810514626112e-20,
        0.0,
        0.0,
        0.0
      ],
      "recorded_native_constraint": "dynamic_clearance",
      "recorded_step": 29,
      "recorded_track_id": 1,
      "recorded_slack_m": -0.01128361913640916,
      "cases": {
        "worker_state__worker_prediction": {
          "at_recorded_track_step_m": -0.01128361913640916,
          "hypothetical_full_min_m": -0.037007351829238616,
          "hypothetical_full_min_step": 30,
          "hypothetical_full_min_track": 1
        },
        "worker_state__native_prediction": {
          "at_recorded_track_step_m": -0.01128361913640916,
          "hypothetical_full_min_m": -0.037007351829238616,
          "hypothetical_full_min_step": 30,
          "hypothetical_full_min_track": 1
        },
        "native_state__worker_prediction": {
          "at_recorded_track_step_m": -0.01128361913640916,
          "hypothetical_full_min_m": -0.037007351829238616,
          "hypothetical_full_min_step": 30,
          "hypothetical_full_min_track": 1
        },
        "native_state__native_prediction": {
          "at_recorded_track_step_m": -0.01128361913640916,
          "hypothetical_full_min_m": -0.037007351829238616,
          "hypothetical_full_min_step": 30,
          "hypothetical_full_min_track": 1
        }
      },
      "worker_original_dynamic_min_m": 0.03406188800660239,
      "worker_constraint_min": 0.0,
      "executed": false
    },
    {
      "evaluation_ns": 14115000000,
      "proposal_ns": 14065000000,
      "worker_source_ns": 13993000000,
      "native_source_ns": 14059000000,
      "measured_state_delta": [
        0.0,
        0.0,
        2.838810514626112e-20,
        0.0,
        0.0,
        0.0
      ],
      "recorded_native_constraint": "dynamic_clearance",
      "recorded_step": 29,
      "recorded_track_id": 1,
      "recorded_slack_m": -0.01062735980017623,
      "cases": {
        "worker_state__worker_prediction": {
          "at_recorded_track_step_m": -0.015572086888563128,
          "hypothetical_full_min_m": -0.04129578758496952,
          "hypothetical_full_min_step": 30,
          "hypothetical_full_min_track": 1
        },
        "worker_state__native_prediction": {
          "at_recorded_track_step_m": -0.010627359800176008,
          "hypothetical_full_min_m": -0.03627587235181748,
          "hypothetical_full_min_step": 30,
          "hypothetical_full_min_track": 1
        },
        "native_state__worker_prediction": {
          "at_recorded_track_step_m": -0.015572086888563128,
          "hypothetical_full_min_m": -0.04129578758496952,
          "hypothetical_full_min_step": 30,
          "hypothetical_full_min_track": 1
        },
        "native_state__native_prediction": {
          "at_recorded_track_step_m": -0.010627359800176008,
          "hypothetical_full_min_m": -0.03627587235181748,
          "hypothetical_full_min_step": 30,
          "hypothetical_full_min_track": 1
        }
      },
      "worker_original_dynamic_min_m": 0.033856681385113795,
      "worker_constraint_min": 0.0,
      "executed": false
    },
    {
      "evaluation_ns": 14165000000,
      "proposal_ns": 14115000000,
      "worker_source_ns": 14059000000,
      "native_source_ns": 14125000000,
      "measured_state_delta": [
        0.0,
        0.0,
        2.838810514626112e-20,
        0.0,
        0.0,
        0.0
      ],
      "recorded_native_constraint": "dynamic_clearance",
      "recorded_step": 29,
      "recorded_track_id": 1,
      "recorded_slack_m": -0.022575942001007415,
      "cases": {
        "worker_state__worker_prediction": {
          "at_recorded_track_step_m": -0.01891001501081543,
          "hypothetical_full_min_m": -0.04455840516052631,
          "hypothetical_full_min_step": 30,
          "hypothetical_full_min_track": 1
        },
        "worker_state__native_prediction": {
          "at_recorded_track_step_m": -0.022575942001007415,
          "hypothetical_full_min_m": -0.04822807213903223,
          "hypothetical_full_min_step": 30,
          "hypothetical_full_min_track": 1
        },
        "native_state__worker_prediction": {
          "at_recorded_track_step_m": -0.01891001501081543,
          "hypothetical_full_min_m": -0.04455840516052631,
          "hypothetical_full_min_step": 30,
          "hypothetical_full_min_track": 1
        },
        "native_state__native_prediction": {
          "at_recorded_track_step_m": -0.022575942001007415,
          "hypothetical_full_min_m": -0.04822807213903223,
          "hypothetical_full_min_step": 30,
          "hypothetical_full_min_track": 1
        }
      },
      "worker_original_dynamic_min_m": 0.03387525294928409,
      "worker_constraint_min": 0.0,
      "executed": false
    },
    {
      "evaluation_ns": 14215000000,
      "proposal_ns": 14165000000,
      "worker_source_ns": 14125000000,
      "native_source_ns": 14125000000,
      "measured_state_delta": [
        0.0,
        0.0,
        2.838810514626112e-20,
        0.0,
        0.0,
        0.0
      ],
      "recorded_native_constraint": "dynamic_clearance",
      "recorded_step": 29,
      "recorded_track_id": 1,
      "recorded_slack_m": -0.023802439221832544,
      "cases": {
        "worker_state__worker_prediction": {
          "at_recorded_track_step_m": -0.023802439221832544,
          "hypothetical_full_min_m": -0.049454683370147454,
          "hypothetical_full_min_step": 30,
          "hypothetical_full_min_track": 1
        },
        "worker_state__native_prediction": {
          "at_recorded_track_step_m": -0.023802439221832544,
          "hypothetical_full_min_m": -0.049454683370147454,
          "hypothetical_full_min_step": 30,
          "hypothetical_full_min_track": 1
        },
        "native_state__worker_prediction": {
          "at_recorded_track_step_m": -0.023802439221832544,
          "hypothetical_full_min_m": -0.049454683370147454,
          "hypothetical_full_min_step": 30,
          "hypothetical_full_min_track": 1
        },
        "native_state__native_prediction": {
          "at_recorded_track_step_m": -0.023802439221832544,
          "hypothetical_full_min_m": -0.049454683370147454,
          "hypothetical_full_min_step": 30,
          "hypothetical_full_min_track": 1
        }
      },
      "worker_original_dynamic_min_m": 0.03360948452339631,
      "worker_constraint_min": 0.0,
      "executed": false
    },
    {
      "evaluation_ns": 14265000000,
      "proposal_ns": 14215000000,
      "worker_source_ns": 14125000000,
      "native_source_ns": 14191000000,
      "measured_state_delta": [
        0.0,
        0.0,
        2.838810514626112e-20,
        0.0,
        0.0,
        0.0
      ],
      "recorded_native_constraint": "dynamic_clearance",
      "recorded_step": 29,
      "recorded_track_id": 1,
      "recorded_slack_m": -0.014419755554082484,
      "cases": {
        "worker_state__worker_prediction": {
          "at_recorded_track_step_m": -0.027628222847253064,
          "hypothetical_full_min_m": -0.05328050246255954,
          "hypothetical_full_min_step": 30,
          "hypothetical_full_min_track": 1
        },
        "worker_state__native_prediction": {
          "at_recorded_track_step_m": -0.014419755554082928,
          "hypothetical_full_min_m": -0.03992168777959393,
          "hypothetical_full_min_step": 30,
          "hypothetical_full_min_track": 1
        },
        "native_state__worker_prediction": {
          "at_recorded_track_step_m": -0.027628222847253064,
          "hypothetical_full_min_m": -0.05328050246255954,
          "hypothetical_full_min_step": 30,
          "hypothetical_full_min_track": 1
        },
        "native_state__native_prediction": {
          "at_recorded_track_step_m": -0.014419755554082928,
          "hypothetical_full_min_m": -0.03992168777959393,
          "hypothetical_full_min_step": 30,
          "hypothetical_full_min_track": 1
        }
      },
      "worker_original_dynamic_min_m": 0.03402835775256331,
      "worker_constraint_min": 0.0,
      "executed": false
    },
    {
      "evaluation_ns": 14315000000,
      "proposal_ns": 14265000000,
      "worker_source_ns": 14191000000,
      "native_source_ns": 14257000000,
      "measured_state_delta": [
        0.0,
        0.0,
        2.838810514626112e-20,
        0.0,
        0.0,
        0.0
      ],
      "recorded_native_constraint": "dynamic_clearance",
      "recorded_step": 28,
      "recorded_track_id": 1,
      "recorded_slack_m": -0.0025650970211386834,
      "cases": {
        "worker_state__worker_prediction": {
          "at_recorded_track_step_m": -0.0038093517273055724,
          "hypothetical_full_min_m": -0.0548132430302356,
          "hypothetical_full_min_step": 30,
          "hypothetical_full_min_track": 1
        },
        "worker_state__native_prediction": {
          "at_recorded_track_step_m": -0.0025650970211386834,
          "hypothetical_full_min_m": -0.053383794195168546,
          "hypothetical_full_min_step": 30,
          "hypothetical_full_min_track": 1
        },
        "native_state__worker_prediction": {
          "at_recorded_track_step_m": -0.0038093517273055724,
          "hypothetical_full_min_m": -0.0548132430302356,
          "hypothetical_full_min_step": 30,
          "hypothetical_full_min_track": 1
        },
        "native_state__native_prediction": {
          "at_recorded_track_step_m": -0.0025650970211386834,
          "hypothetical_full_min_m": -0.053383794195168546,
          "hypothetical_full_min_step": 30,
          "hypothetical_full_min_track": 1
        }
      },
      "worker_original_dynamic_min_m": 0.03449207940200349,
      "worker_constraint_min": 0.0,
      "executed": false
    },
    {
      "evaluation_ns": 14365000000,
      "proposal_ns": 14315000000,
      "worker_source_ns": 14257000000,
      "native_source_ns": 14323000000,
      "measured_state_delta": [
        0.0,
        0.0,
        2.838810514626112e-20,
        0.0,
        0.0,
        0.0
      ],
      "recorded_native_constraint": "dynamic_clearance",
      "recorded_step": 29,
      "recorded_track_id": 1,
      "recorded_slack_m": -0.02425838337175486,
      "cases": {
        "worker_state__worker_prediction": {
          "at_recorded_track_step_m": -0.030512541257366427,
          "hypothetical_full_min_m": -0.05592170298186179,
          "hypothetical_full_min_step": 30,
          "hypothetical_full_min_track": 1
        },
        "worker_state__native_prediction": {
          "at_recorded_track_step_m": -0.02425838337175486,
          "hypothetical_full_min_m": -0.04954709894548688,
          "hypothetical_full_min_step": 30,
          "hypothetical_full_min_track": 1
        },
        "native_state__worker_prediction": {
          "at_recorded_track_step_m": -0.030512541257366427,
          "hypothetical_full_min_m": -0.05592170298186179,
          "hypothetical_full_min_step": 30,
          "hypothetical_full_min_track": 1
        },
        "native_state__native_prediction": {
          "at_recorded_track_step_m": -0.02425838337175486,
          "hypothetical_full_min_m": -0.04954709894548688,
          "hypothetical_full_min_step": 30,
          "hypothetical_full_min_track": 1
        }
      },
      "worker_original_dynamic_min_m": 0.03735824318355522,
      "worker_constraint_min": 0.0,
      "executed": false
    }
  ],
  "native_dynamic_margins_checked": 13,
  "actual_native_margins_match": true,
  "worker_solver_s": {
    "count": 1000,
    "p50": 0.0004123699982301332,
    "p95": 0.0008093844495306256,
    "min": 0.0,
    "max": 0.004245332005666569
  },
  "worker_iterations_max": 390,
  "portfolio_choices": {
    "none": 253,
    "right": 747
  },
  "portfolio_optimized_choices": {
    "right": 26
  },
  "portfolio_attempts": {
    "right": 747,
    "left": 721,
    "wait": 721
  },
  "portfolio_max_attempts": 3,
  "portfolio_diagnostic_count": 1000,
  "portfolio_feasible_count": 26,
  "accepted_portfolio_budget_gate": true,
  "scope": "Exact recorded input joins. Four dynamic-margin counterfactuals at one native epoch; no backdating stale predictions, no execution/physical certificate, no unique additive causal attribution.",
  "dynamic_acceptance": false
}
