{
  "checked_native_records": 26,
  "worker_input_joins": 26,
  "missing": {},
  "errors": [],
  "executed_dynamic_factorials": [],
  "actual_native_margins_match": true,
  "worker_solver_s": {
    "count": 1000,
    "p50": 0.0004123699982301332,
    "p95": 0.0008093844495306256,
    "min": 0.0,
    "max": 0.004245332005666569
  },
  "worker_iterations_max": 390,
  "portfolio_choices": {
    "none": 253,
    "right": 747
  },
  "portfolio_attempts": {
    "right": 747,
    "left": 721,
    "wait": 721
  },
  "portfolio_max_attempts": 3,
  "portfolio_diagnostic_count": 1000,
  "portfolio_feasible_count": 26,
  "accepted_portfolio_budget_gate": true,
  "scope": "Exact recorded input joins. Four dynamic-margin counterfactuals at one native epoch; no backdating stale predictions, no execution/physical certificate, no unique additive causal attribution.",
  "dynamic_acceptance": false
}
