[INFO] [1791104321.212371739] [controller_server]: 
	controller_server lifecycle node launched. 
	Waiting on external lifecycle transitions to activate
	See https://design.ros2.org/articles/node_lifecycle.html for more information.
[INFO] [1791104321.217614040] [controller_server]: Creating controller server
[INFO] [1791104321.228794579] [local_costmap.local_costmap]: 
	local_costmap lifecycle node launched. 
	Waiting on external lifecycle transitions to activate
	See https://design.ros2.org/articles/node_lifecycle.html for more information.
[INFO] [1791104321.230113835] [local_costmap.local_costmap]: Creating Costmap
[INFO] [1791104321.315648351] [controller_server]: Configuring controller interface
[INFO] [1791104321.315846767] [controller_server]: getting goal checker plugins..
[INFO] [1791104321.315883674] [controller_server]: Controller frequency set to 20.0000Hz
[INFO] [1791104321.315935286] [local_costmap.local_costmap]: Configuring
[INFO] [1791104321.321993920] [local_costmap.local_costmap]: Using plugin "static_layer"
[INFO] [1791104321.327381416] [local_costmap.local_costmap]: Subscribing to the map topic (/map) with transient local durability
[INFO] [1791104321.329058035] [local_costmap.local_costmap]: Initialized plugin "static_layer"
[INFO] [1791104321.329102754] [local_costmap.local_costmap]: Using plugin "stvl_layer"
[INFO] [1791104321.386145934] [local_costmap.local_costmap]: stvl_layer being initialized as SpatioTemporalVoxelLayer!
[INFO] [1791104321.386226177] [local_costmap.local_costmap]: stvl_layer's global frame is map.
[INFO] [1791104321.387042874] [local_costmap.local_costmap]: stvl_layer loaded parameters from parameter server.
[INFO] [1791104321.388715461] [local_costmap.local_costmap]: stvl_layer created underlying voxel grid.
[INFO] [1791104321.389917493] [local_costmap.local_costmap]: Voxel filter activated.
[INFO] [1791104321.394523625] [local_costmap.local_costmap]: Passthough filter activated.
[INFO] [1791104321.396015725] [local_costmap.local_costmap]: stvl_layer initialization complete!
[INFO] [1791104321.396063579] [local_costmap.local_costmap]: Initialized plugin "stvl_layer"
[INFO] [1791104321.396084503] [local_costmap.local_costmap]: Using plugin "inflation_layer"
[INFO] [1791104321.396779041] [local_costmap.local_costmap]: Initialized plugin "inflation_layer"
[INFO] [1791104321.406231946] [controller_server]: Created progress_checker : progress_checker of type nav2_controller::SimpleProgressChecker
[INFO] [1791104321.407174340] [controller_server]: Created goal checker : general_goal_checker of type nav2_controller::SimpleGoalChecker
[INFO] [1791104321.407459576] [controller_server]: Controller Server has general_goal_checker  goal checkers available.
[INFO] [1791104321.409186899] [controller_server]: Created controller : FollowPathMPPI of type nav2_mppi_controller::MPPIController
[INFO] [1791104321.410393123] [controller_server]: Controller period is equal to model dt. Control sequence shifting is ON
[INFO] [1791104321.412598663] [controller_server]: ConstraintCritic instantiated with 1 power and 4.000000 weight.
[INFO] [1791104321.412658971] [controller_server]: Critic loaded : mppi::critics::ConstraintCritic
[INFO] [1791104321.413530586] [controller_server]: InflationCostCritic instantiated with 1 power and 300.000000 / 0.015000 weights. Critic will collision check based on footprint cost.
[INFO] [1791104321.413576104] [controller_server]: Critic loaded : mppi::critics::CostCritic
[INFO] [1791104321.413804713] [controller_server]: GoalCritic instantiated with 1 power and 5.000000 weight.
[INFO] [1791104321.413812960] [controller_server]: Critic loaded : mppi::critics::GoalCritic
[INFO] [1791104321.414017812] [controller_server]: Critic loaded : mppi::critics::PathFollowCritic
[INFO] [1791104321.414681953] [controller_server]: Optimizer reset
[INFO] [1791104321.418775133] [MPPIController]: Configured MPPI Controller: FollowPathMPPI
[INFO] [1791104321.422664775] [controller_server]: Created controller : FollowPathTemporalMPC of type rm_temporal_mpc::Controller
[INFO] [1791104321.429260808] [controller_server]: Controller Server has FollowPathMPPI FollowPathTemporalMPC  controllers available.
[INFO] [1791104321.466329904] [controller_server]: Activating
[INFO] [1791104321.466403454] [local_costmap.local_costmap]: Activating
[INFO] [1791104321.466431511] [local_costmap.local_costmap]: Checking transform
[INFO] [1791104321.466479403] [local_costmap.local_costmap]: Timed out waiting for transform from base_link to map to become available, tf error: Invalid frame ID "map" passed to canTransform argument target_frame - frame does not exist
[INFO] [1791104321.966586938] [local_costmap.local_costmap]: Timed out waiting for transform from base_link to map to become available, tf error: Invalid frame ID "map" passed to canTransform argument target_frame - frame does not exist
[INFO] [1791104322.466673874] [local_costmap.local_costmap]: Timed out waiting for transform from base_link to map to become available, tf error: Invalid frame ID "base_link" passed to canTransform argument source_frame - frame does not exist
[INFO] [1791104322.966592950] [local_costmap.local_costmap]: Timed out waiting for transform from base_link to map to become available, tf error: Could not find a connection between 'map' and 'base_link' because they are not part of the same tree.Tf has two or more unconnected trees.
[INFO] [1791104323.466664985] [local_costmap.local_costmap]: Timed out waiting for transform from base_link to map to become available, tf error: Could not find a connection between 'map' and 'base_link' because they are not part of the same tree.Tf has two or more unconnected trees.
[INFO] [1791104323.966670921] [local_costmap.local_costmap]: Timed out waiting for transform from base_link to map to become available, tf error: Could not find a connection between 'map' and 'base_link' because they are not part of the same tree.Tf has two or more unconnected trees.
[INFO] [1791104324.466546079] [local_costmap.local_costmap]: Timed out waiting for transform from base_link to map to become available, tf error: Could not find a connection between 'map' and 'base_link' because they are not part of the same tree.Tf has two or more unconnected trees.
[INFO] [1791104324.871460632] [local_costmap.local_costmap]: StaticLayer: Resizing static layer to 240 X 200 at 0.050000 m/pix
[INFO] [1791104324.966655807] [local_costmap.local_costmap]: start
[INFO] [1791104324.966752820] [local_costmap.local_costmap]: stvl_layer was activated.
[WARN] [1791104325.019167131] [controller_server]: Parameter controller_server.verbose not found
[INFO] [1791104325.019917844] [controller_server]: Optimizer reset
[INFO] [1791104325.020131694] [MPPIController]: Activated MPPI Controller: FollowPathMPPI
[INFO] [1791104325.020162333] [controller_server]: Creating bond (controller_server) to lifecycle manager.
[INFO] [1791104337.975402217] [controller_server]: Received a goal, begin computing control effort.
[INFO] [1791104338.075699874] [controller_server]: Passing new path to controller.
[INFO] [1791104338.076749831] [controller_server]: Optimizer reset
[INFO] [1791104374.775708975] [controller_server]: Goal was canceled. Stopping the robot.
[INFO] [1791104374.775784357] [controller_server]: [follow_path] [ActionServer] Client requested to cancel the goal. Cancelling.
[INFO] [1791104375.357481180] [rclcpp]: signal_handler(SIGINT/SIGTERM)
[INFO] [1791104375.357583598] [controller_server]: Running Nav2 LifecycleNode rcl preshutdown (controller_server)
[INFO] [1791104375.357686583] [controller_server]: Deactivating
[INFO] [1791104375.357739853] [MPPIController]: Deactivated MPPI Controller: FollowPathMPPI
[INFO] [1791104375.357778417] [local_costmap.local_costmap]: Deactivating
[INFO] [1791104375.357838020] [local_costmap.local_costmap]: stvl_layer was deactivated.
[INFO] [1791104375.366993824] [controller_server]: Destroying bond (controller_server) to lifecycle manager.
[INFO] [1791104375.377388260] [controller_server]: Cleaning up
[INFO] [1791104375.377587340] [MPPIController]: Cleaned up MPPI Controller: FollowPathMPPI
[INFO] [1791104375.377757054] [local_costmap.local_costmap]: Cleaning up
[INFO] [1791104375.393355310] [controller_server]: Destroying bond (controller_server) to lifecycle manager.
[INFO] [1791104375.395924958] [local_costmap.local_costmap]: Destroying
[INFO] [1791104375.400754854] [controller_server]: Destroying
