[INFO] [1791082432.378388019] [controller_server]: 
	controller_server lifecycle node launched. 
	Waiting on external lifecycle transitions to activate
	See https://design.ros2.org/articles/node_lifecycle.html for more information.
[INFO] [1791082432.387651413] [controller_server]: Creating controller server
[INFO] [1791082432.394044121] [local_costmap.local_costmap]: 
	local_costmap lifecycle node launched. 
	Waiting on external lifecycle transitions to activate
	See https://design.ros2.org/articles/node_lifecycle.html for more information.
[INFO] [1791082432.394581633] [local_costmap.local_costmap]: Creating Costmap
[INFO] [1791082432.477925536] [controller_server]: Configuring controller interface
[INFO] [1791082432.478102928] [controller_server]: getting goal checker plugins..
[INFO] [1791082432.478137775] [controller_server]: Controller frequency set to 20.0000Hz
[INFO] [1791082432.478186220] [local_costmap.local_costmap]: Configuring
[INFO] [1791082432.483780675] [local_costmap.local_costmap]: Using plugin "static_layer"
[INFO] [1791082432.487740033] [local_costmap.local_costmap]: Subscribing to the map topic (/map) with transient local durability
[INFO] [1791082432.488656668] [local_costmap.local_costmap]: Initialized plugin "static_layer"
[INFO] [1791082432.488680440] [local_costmap.local_costmap]: Using plugin "inflation_layer"
[INFO] [1791082432.489032656] [local_costmap.local_costmap]: Initialized plugin "inflation_layer"
[INFO] [1791082432.493775207] [controller_server]: Created progress_checker : progress_checker of type nav2_controller::SimpleProgressChecker
[INFO] [1791082432.494232789] [controller_server]: Created goal checker : general_goal_checker of type nav2_controller::SimpleGoalChecker
[INFO] [1791082432.494351372] [controller_server]: Controller Server has general_goal_checker  goal checkers available.
[INFO] [1791082432.495189997] [controller_server]: Created controller : FollowPathMPPI of type nav2_mppi_controller::MPPIController
[INFO] [1791082432.495733501] [controller_server]: Controller period is equal to model dt. Control sequence shifting is ON
[INFO] [1791082432.496739921] [controller_server]: ConstraintCritic instantiated with 1 power and 4.000000 weight.
[INFO] [1791082432.496767605] [controller_server]: Critic loaded : mppi::critics::ConstraintCritic
[INFO] [1791082432.497029135] [controller_server]: InflationCostCritic instantiated with 1 power and 300.000000 / 0.015000 weights. Critic will collision check based on footprint cost.
[INFO] [1791082432.497043149] [controller_server]: Critic loaded : mppi::critics::CostCritic
[INFO] [1791082432.497140567] [controller_server]: GoalCritic instantiated with 1 power and 5.000000 weight.
[INFO] [1791082432.497147252] [controller_server]: Critic loaded : mppi::critics::GoalCritic
[INFO] [1791082432.497268385] [controller_server]: Critic loaded : mppi::critics::PathFollowCritic
[INFO] [1791082432.497919239] [controller_server]: Optimizer reset
[INFO] [1791082432.499579225] [MPPIController]: Configured MPPI Controller: FollowPathMPPI
[INFO] [1791082432.503390891] [controller_server]: Created controller : FollowPathTemporalMPC of type rm_temporal_mpc::Controller
[INFO] [1791082432.506454697] [controller_server]: Controller Server has FollowPathMPPI FollowPathTemporalMPC  controllers available.
[INFO] [1791082432.563833756] [controller_server]: Activating
[INFO] [1791082432.563922342] [local_costmap.local_costmap]: Activating
[INFO] [1791082432.563950470] [local_costmap.local_costmap]: Checking transform
[INFO] [1791082432.564007835] [local_costmap.local_costmap]: Timed out waiting for transform from base_link to map to become available, tf error: Invalid frame ID "map" passed to canTransform argument target_frame - frame does not exist
[INFO] [1791082433.064154180] [local_costmap.local_costmap]: Timed out waiting for transform from base_link to map to become available, tf error: Invalid frame ID "map" passed to canTransform argument target_frame - frame does not exist
[INFO] [1791082433.377405394] [local_costmap.local_costmap]: StaticLayer: Resizing costmap to 500 X 140 at 0.050000 m/pix
[INFO] [1791082433.564377125] [local_costmap.local_costmap]: start
[WARN] [1791082433.615020070] [controller_server]: Parameter controller_server.verbose not found
[INFO] [1791082433.615721008] [controller_server]: Optimizer reset
[INFO] [1791082433.615902346] [MPPIController]: Activated MPPI Controller: FollowPathMPPI
[INFO] [1791082433.615935067] [controller_server]: Creating bond (controller_server) to lifecycle manager.
[INFO] [1791082435.756874363] [controller_server]: Received a goal, begin computing control effort.
[INFO] [1791082435.757971970] [controller_server]: Optimizer reset
[INFO] [1791082436.807283467] [controller_server]: Passing new path to controller.
[INFO] [1791082437.657413638] [controller_server]: Passing new path to controller.
[INFO] [1791082437.957380005] [controller_server]: Passing new path to controller.
[INFO] [1791082438.357384749] [controller_server]: Passing new path to controller.
[INFO] [1791082438.607404906] [controller_server]: Passing new path to controller.
[INFO] [1791082439.007376320] [controller_server]: Passing new path to controller.
[INFO] [1791082439.557275499] [controller_server]: Passing new path to controller.
[INFO] [1791082439.907258883] [controller_server]: Passing new path to controller.
[INFO] [1791082440.157285312] [controller_server]: Passing new path to controller.
[INFO] [1791082440.507331531] [controller_server]: Passing new path to controller.
[INFO] [1791082440.757269188] [controller_server]: Passing new path to controller.
[INFO] [1791082441.107278006] [controller_server]: Passing new path to controller.
[INFO] [1791082441.357375537] [controller_server]: Passing new path to controller.
[INFO] [1791082441.707278583] [controller_server]: Passing new path to controller.
[INFO] [1791082442.007398143] [controller_server]: Passing new path to controller.
[INFO] [1791082442.357414459] [controller_server]: Passing new path to controller.
[INFO] [1791082442.657388889] [controller_server]: Passing new path to controller.
[INFO] [1791082443.007425779] [controller_server]: Passing new path to controller.
[INFO] [1791082443.307372068] [controller_server]: Passing new path to controller.
[INFO] [1791082444.007280306] [controller_server]: Passing new path to controller.
[INFO] [1791082444.307277863] [controller_server]: Passing new path to controller.
[INFO] [1791082444.657386813] [controller_server]: Passing new path to controller.
[INFO] [1791082444.957279651] [controller_server]: Passing new path to controller.
[INFO] [1791082445.307279356] [controller_server]: Passing new path to controller.
[INFO] [1791082445.607377097] [controller_server]: Passing new path to controller.
[INFO] [1791082445.957277791] [controller_server]: Passing new path to controller.
[INFO] [1791082446.257366304] [controller_server]: Passing new path to controller.
[INFO] [1791082446.607289644] [controller_server]: Passing new path to controller.
[INFO] [1791082446.907279196] [controller_server]: Passing new path to controller.
[INFO] [1791082447.257269036] [controller_server]: Passing new path to controller.
[INFO] [1791082447.407286056] [controller_server]: Goal was canceled. Stopping the robot.
[INFO] [1791082447.407377964] [controller_server]: [follow_path] [ActionServer] Client requested to cancel the goal. Cancelling.
[INFO] [1791082447.626206216] [controller_server]: Received a goal, begin computing control effort.
[INFO] [1791082448.676692443] [controller_server]: Goal was canceled. Stopping the robot.
[INFO] [1791082448.676806444] [controller_server]: [follow_path] [ActionServer] Client requested to cancel the goal. Cancelling.
