[INFO] [1791082432.384785466] [planner_server]: 
	planner_server lifecycle node launched. 
	Waiting on external lifecycle transitions to activate
	See https://design.ros2.org/articles/node_lifecycle.html for more information.
[INFO] [1791082432.386401279] [planner_server]: Creating
[INFO] [1791082432.390367254] [global_costmap.global_costmap]: 
	global_costmap lifecycle node launched. 
	Waiting on external lifecycle transitions to activate
	See https://design.ros2.org/articles/node_lifecycle.html for more information.
[INFO] [1791082432.390897254] [global_costmap.global_costmap]: Creating Costmap
[INFO] [1791082432.509748607] [planner_server]: Configuring
[INFO] [1791082432.509834214] [global_costmap.global_costmap]: Configuring
[INFO] [1791082432.515650084] [global_costmap.global_costmap]: Using plugin "static_layer"
[INFO] [1791082432.519484433] [global_costmap.global_costmap]: Subscribing to the map topic (/map) with transient local durability
[INFO] [1791082432.520403120] [global_costmap.global_costmap]: Initialized plugin "static_layer"
[INFO] [1791082432.520425956] [global_costmap.global_costmap]: Using plugin "inflation_layer"
[INFO] [1791082432.520787934] [global_costmap.global_costmap]: Initialized plugin "inflation_layer"
[INFO] [1791082432.525508585] [planner_server]: Created global planner plugin GridBased of type nav2_navfn_planner/NavfnPlanner
[INFO] [1791082432.525540739] [planner_server]: Configuring plugin GridBased of type NavfnPlanner
[INFO] [1791082432.525804205] [planner_server]: Planner Server has GridBased  planners available.
[INFO] [1791082432.718279700] [global_costmap.global_costmap]: StaticLayer: Resizing costmap to 500 X 140 at 0.050000 m/pix
[INFO] [1791082433.722799457] [planner_server]: Activating
[INFO] [1791082433.722890218] [global_costmap.global_costmap]: Activating
[INFO] [1791082433.722927294] [global_costmap.global_costmap]: Checking transform
[INFO] [1791082433.723155204] [global_costmap.global_costmap]: start
[INFO] [1791082433.773402227] [planner_server]: Activating plugin GridBased of type NavfnPlanner
[INFO] [1791082433.774385311] [planner_server]: Creating bond (planner_server) to lifecycle manager.
