[  2%] Built target rm_temporal_mpc_msgs__cpp
[  4%] Built target rm_temporal_mpc_msgs__rs
[ 14%] Built target rm_temporal_mpc_msgs__rosidl_generator_c
[ 14%] Built target ament_cmake_python_copy_rm_temporal_mpc_msgs
[ 25%] Built target rm_temporal_mpc_msgs__rosidl_typesupport_fastrtps_c
[ 35%] Built target rm_temporal_mpc_msgs__rosidl_typesupport_c
[ 45%] Built target rm_temporal_mpc_msgs__rosidl_typesupport_introspection_c
[ 66%] Built target rm_temporal_mpc_msgs__rosidl_typesupport_fastrtps_cpp
[ 66%] Built target rm_temporal_mpc_msgs__rosidl_typesupport_cpp
[ 77%] Built target rm_temporal_mpc_msgs__rosidl_typesupport_introspection_cpp
[ 77%] Built target rm_temporal_mpc_msgs
[ 79%] Built target rm_temporal_mpc_msgs__py
[ 87%] Built target rm_temporal_mpc_msgs__rosidl_generator_py
[ 91%] Built target rm_temporal_mpc_msgs__rosidl_typesupport_c__pyext
[ 95%] Built target rm_temporal_mpc_msgs__rosidl_typesupport_introspection_c__pyext
[100%] Built target rm_temporal_mpc_msgs__rosidl_typesupport_fastrtps_c__pyext
running egg_info
writing rm_temporal_mpc_msgs.egg-info/PKG-INFO
writing dependency_links to rm_temporal_mpc_msgs.egg-info/dependency_links.txt
writing top-level names to rm_temporal_mpc_msgs.egg-info/top_level.txt
reading manifest file 'rm_temporal_mpc_msgs.egg-info/SOURCES.txt'
writing manifest file 'rm_temporal_mpc_msgs.egg-info/SOURCES.txt'
[100%] Built target ament_cmake_python_build_rm_temporal_mpc_msgs_egg
-- Install configuration: "Release"
-- Up-to-date: /workspace/build/temporal_mpc_ros2/install/rm_temporal_mpc_msgs/share/ament_index/resource_index/rosidl_interfaces/rm_temporal_mpc_msgs
-- Up-to-date: /workspace/build/temporal_mpc_ros2/install/rm_temporal_mpc_msgs/include/rm_temporal_mpc_msgs/rm_temporal_mpc_msgs
-- Up-to-date: /workspace/build/temporal_mpc_ros2/install/rm_temporal_mpc_msgs/include/rm_temporal_mpc_msgs/rm_temporal_mpc_msgs/msg
-- Up-to-date: /workspace/build/temporal_mpc_ros2/install/rm_temporal_mpc_msgs/include/rm_temporal_mpc_msgs/rm_temporal_mpc_msgs/msg/rosidl_generator_c__visibility_control.h
-- Up-to-date: /workspace/build/temporal_mpc_ros2/install/rm_temporal_mpc_msgs/include/rm_temporal_mpc_msgs/rm_temporal_mpc_msgs/msg/plan.h
-- Up-to-date: /workspace/build/temporal_mpc_ros2/install/rm_temporal_mpc_msgs/include/rm_temporal_mpc_msgs/rm_temporal_mpc_msgs/msg/proposal.h
-- Up-to-date: /workspace/build/temporal_mpc_ros2/install/rm_temporal_mpc_msgs/include/rm_temporal_mpc_msgs/rm_temporal_mpc_msgs/msg/state_request.h
-- Up-to-date: /workspace/build/temporal_mpc_ros2/install/rm_temporal_mpc_msgs/include/rm_temporal_mpc_msgs/rm_temporal_mpc_msgs/msg/detail
-- Up-to-date: /workspace/build/temporal_mpc_ros2/install/rm_temporal_mpc_msgs/include/rm_temporal_mpc_msgs/rm_temporal_mpc_msgs/msg/detail/state_request__functions.c
-- Up-to-date: /workspace/build/temporal_mpc_ros2/install/rm_temporal_mpc_msgs/include/rm_temporal_mpc_msgs/rm_temporal_mpc_msgs/msg/detail/state_request__type_support.h
-- Up-to-date: /workspace/build/temporal_mpc_ros2/install/rm_temporal_mpc_msgs/include/rm_temporal_mpc_msgs/rm_temporal_mpc_msgs/msg/detail/proposal__type_support.h
-- Up-to-date: /workspace/build/temporal_mpc_ros2/install/rm_temporal_mpc_msgs/include/rm_temporal_mpc_msgs/rm_temporal_mpc_msgs/msg/detail/proposal__functions.c
-- Up-to-date: /workspace/build/temporal_mpc_ros2/install/rm_temporal_mpc_msgs/include/rm_temporal_mpc_msgs/rm_temporal_mpc_msgs/msg/detail/plan__type_support.h
-- Up-to-date: /workspace/build/temporal_mpc_ros2/install/rm_temporal_mpc_msgs/include/rm_temporal_mpc_msgs/rm_temporal_mpc_msgs/msg/detail/plan__functions.h
-- Up-to-date: /workspace/build/temporal_mpc_ros2/install/rm_temporal_mpc_msgs/include/rm_temporal_mpc_msgs/rm_temporal_mpc_msgs/msg/detail/state_request__struct.h
-- Up-to-date: /workspace/build/temporal_mpc_ros2/install/rm_temporal_mpc_msgs/include/rm_temporal_mpc_msgs/rm_temporal_mpc_msgs/msg/detail/proposal__struct.h
-- Up-to-date: /workspace/build/temporal_mpc_ros2/install/rm_temporal_mpc_msgs/include/rm_temporal_mpc_msgs/rm_temporal_mpc_msgs/msg/detail/proposal__functions.h
-- Up-to-date: /workspace/build/temporal_mpc_ros2/install/rm_temporal_mpc_msgs/include/rm_temporal_mpc_msgs/rm_temporal_mpc_msgs/msg/detail/plan__struct.h
-- Up-to-date: /workspace/build/temporal_mpc_ros2/install/rm_temporal_mpc_msgs/include/rm_temporal_mpc_msgs/rm_temporal_mpc_msgs/msg/detail/state_request__functions.h
-- Up-to-date: /workspace/build/temporal_mpc_ros2/install/rm_temporal_mpc_msgs/include/rm_temporal_mpc_msgs/rm_temporal_mpc_msgs/msg/detail/plan__functions.c
-- Up-to-date: /workspace/build/temporal_mpc_ros2/install/rm_temporal_mpc_msgs/share/rm_temporal_mpc_msgs/environment/library_path.sh
-- Up-to-date: /workspace/build/temporal_mpc_ros2/install/rm_temporal_mpc_msgs/share/rm_temporal_mpc_msgs/environment/library_path.dsv
-- Up-to-date: /workspace/build/temporal_mpc_ros2/install/rm_temporal_mpc_msgs/lib/librm_temporal_mpc_msgs__rosidl_generator_c.so
-- Up-to-date: /workspace/build/temporal_mpc_ros2/install/rm_temporal_mpc_msgs/include/rm_temporal_mpc_msgs/rm_temporal_mpc_msgs
-- Up-to-date: /workspace/build/temporal_mpc_ros2/install/rm_temporal_mpc_msgs/include/rm_temporal_mpc_msgs/rm_temporal_mpc_msgs/msg
-- Up-to-date: /workspace/build/temporal_mpc_ros2/install/rm_temporal_mpc_msgs/include/rm_temporal_mpc_msgs/rm_temporal_mpc_msgs/msg/detail
-- Up-to-date: /workspace/build/temporal_mpc_ros2/install/rm_temporal_mpc_msgs/include/rm_temporal_mpc_msgs/rm_temporal_mpc_msgs/msg/detail/proposal__rosidl_typesupport_fastrtps_c.h
-- Up-to-date: /workspace/build/temporal_mpc_ros2/install/rm_temporal_mpc_msgs/include/rm_temporal_mpc_msgs/rm_temporal_mpc_msgs/msg/detail/state_request__rosidl_typesupport_fastrtps_c.h
-- Up-to-date: /workspace/build/temporal_mpc_ros2/install/rm_temporal_mpc_msgs/include/rm_temporal_mpc_msgs/rm_temporal_mpc_msgs/msg/detail/plan__rosidl_typesupport_fastrtps_c.h
-- Up-to-date: /workspace/build/temporal_mpc_ros2/install/rm_temporal_mpc_msgs/include/rm_temporal_mpc_msgs/rm_temporal_mpc_msgs/msg/rosidl_typesupport_fastrtps_c__visibility_control.h
-- Up-to-date: /workspace/build/temporal_mpc_ros2/install/rm_temporal_mpc_msgs/lib/librm_temporal_mpc_msgs__rosidl_typesupport_fastrtps_c.so
-- Up-to-date: /workspace/build/temporal_mpc_ros2/install/rm_temporal_mpc_msgs/include/rm_temporal_mpc_msgs/rm_temporal_mpc_msgs
-- Up-to-date: /workspace/build/temporal_mpc_ros2/install/rm_temporal_mpc_msgs/include/rm_temporal_mpc_msgs/rm_temporal_mpc_msgs/msg
-- Up-to-date: /workspace/build/temporal_mpc_ros2/install/rm_temporal_mpc_msgs/include/rm_temporal_mpc_msgs/rm_temporal_mpc_msgs/msg/rosidl_typesupport_introspection_c__visibility_control.h
-- Up-to-date: /workspace/build/temporal_mpc_ros2/install/rm_temporal_mpc_msgs/include/rm_temporal_mpc_msgs/rm_temporal_mpc_msgs/msg/detail
-- Up-to-date: /workspace/build/temporal_mpc_ros2/install/rm_temporal_mpc_msgs/include/rm_temporal_mpc_msgs/rm_temporal_mpc_msgs/msg/detail/state_request__type_support.c
-- Up-to-date: /workspace/build/temporal_mpc_ros2/install/rm_temporal_mpc_msgs/include/rm_temporal_mpc_msgs/rm_temporal_mpc_msgs/msg/detail/proposal__type_support.c
-- Up-to-date: /workspace/build/temporal_mpc_ros2/install/rm_temporal_mpc_msgs/include/rm_temporal_mpc_msgs/rm_temporal_mpc_msgs/msg/detail/state_request__rosidl_typesupport_introspection_c.h
-- Up-to-date: /workspace/build/temporal_mpc_ros2/install/rm_temporal_mpc_msgs/include/rm_temporal_mpc_msgs/rm_temporal_mpc_msgs/msg/detail/plan__rosidl_typesupport_introspection_c.h
-- Up-to-date: /workspace/build/temporal_mpc_ros2/install/rm_temporal_mpc_msgs/include/rm_temporal_mpc_msgs/rm_temporal_mpc_msgs/msg/detail/proposal__rosidl_typesupport_introspection_c.h
-- Up-to-date: /workspace/build/temporal_mpc_ros2/install/rm_temporal_mpc_msgs/include/rm_temporal_mpc_msgs/rm_temporal_mpc_msgs/msg/detail/plan__type_support.c
-- Up-to-date: /workspace/build/temporal_mpc_ros2/install/rm_temporal_mpc_msgs/lib/librm_temporal_mpc_msgs__rosidl_typesupport_introspection_c.so
-- Up-to-date: /workspace/build/temporal_mpc_ros2/install/rm_temporal_mpc_msgs/lib/librm_temporal_mpc_msgs__rosidl_typesupport_c.so
-- Up-to-date: /workspace/build/temporal_mpc_ros2/install/rm_temporal_mpc_msgs/include/rm_temporal_mpc_msgs/rm_temporal_mpc_msgs
-- Up-to-date: /workspace/build/temporal_mpc_ros2/install/rm_temporal_mpc_msgs/include/rm_temporal_mpc_msgs/rm_temporal_mpc_msgs/msg
-- Up-to-date: /workspace/build/temporal_mpc_ros2/install/rm_temporal_mpc_msgs/include/rm_temporal_mpc_msgs/rm_temporal_mpc_msgs/msg/plan.hpp
-- Up-to-date: /workspace/build/temporal_mpc_ros2/install/rm_temporal_mpc_msgs/include/rm_temporal_mpc_msgs/rm_temporal_mpc_msgs/msg/state_request.hpp
-- Up-to-date: /workspace/build/temporal_mpc_ros2/install/rm_temporal_mpc_msgs/include/rm_temporal_mpc_msgs/rm_temporal_mpc_msgs/msg/proposal.hpp
-- Up-to-date: /workspace/build/temporal_mpc_ros2/install/rm_temporal_mpc_msgs/include/rm_temporal_mpc_msgs/rm_temporal_mpc_msgs/msg/rosidl_generator_cpp__visibility_control.hpp
-- Up-to-date: /workspace/build/temporal_mpc_ros2/install/rm_temporal_mpc_msgs/include/rm_temporal_mpc_msgs/rm_temporal_mpc_msgs/msg/detail
-- Up-to-date: /workspace/build/temporal_mpc_ros2/install/rm_temporal_mpc_msgs/include/rm_temporal_mpc_msgs/rm_temporal_mpc_msgs/msg/detail/proposal__builder.hpp
-- Up-to-date: /workspace/build/temporal_mpc_ros2/install/rm_temporal_mpc_msgs/include/rm_temporal_mpc_msgs/rm_temporal_mpc_msgs/msg/detail/state_request__struct.hpp
-- Up-to-date: /workspace/build/temporal_mpc_ros2/install/rm_temporal_mpc_msgs/include/rm_temporal_mpc_msgs/rm_temporal_mpc_msgs/msg/detail/state_request__builder.hpp
-- Up-to-date: /workspace/build/temporal_mpc_ros2/install/rm_temporal_mpc_msgs/include/rm_temporal_mpc_msgs/rm_temporal_mpc_msgs/msg/detail/state_request__type_support.hpp
-- Up-to-date: /workspace/build/temporal_mpc_ros2/install/rm_temporal_mpc_msgs/include/rm_temporal_mpc_msgs/rm_temporal_mpc_msgs/msg/detail/plan__builder.hpp
-- Up-to-date: /workspace/build/temporal_mpc_ros2/install/rm_temporal_mpc_msgs/include/rm_temporal_mpc_msgs/rm_temporal_mpc_msgs/msg/detail/state_request__traits.hpp
-- Up-to-date: /workspace/build/temporal_mpc_ros2/install/rm_temporal_mpc_msgs/include/rm_temporal_mpc_msgs/rm_temporal_mpc_msgs/msg/detail/plan__traits.hpp
-- Up-to-date: /workspace/build/temporal_mpc_ros2/install/rm_temporal_mpc_msgs/include/rm_temporal_mpc_msgs/rm_temporal_mpc_msgs/msg/detail/proposal__type_support.hpp
-- Up-to-date: /workspace/build/temporal_mpc_ros2/install/rm_temporal_mpc_msgs/include/rm_temporal_mpc_msgs/rm_temporal_mpc_msgs/msg/detail/proposal__struct.hpp
-- Up-to-date: /workspace/build/temporal_mpc_ros2/install/rm_temporal_mpc_msgs/include/rm_temporal_mpc_msgs/rm_temporal_mpc_msgs/msg/detail/plan__struct.hpp
-- Up-to-date: /workspace/build/temporal_mpc_ros2/install/rm_temporal_mpc_msgs/include/rm_temporal_mpc_msgs/rm_temporal_mpc_msgs/msg/detail/plan__type_support.hpp
-- Up-to-date: /workspace/build/temporal_mpc_ros2/install/rm_temporal_mpc_msgs/include/rm_temporal_mpc_msgs/rm_temporal_mpc_msgs/msg/detail/proposal__traits.hpp
-- Up-to-date: /workspace/build/temporal_mpc_ros2/install/rm_temporal_mpc_msgs/include/rm_temporal_mpc_msgs/rm_temporal_mpc_msgs
-- Up-to-date: /workspace/build/temporal_mpc_ros2/install/rm_temporal_mpc_msgs/include/rm_temporal_mpc_msgs/rm_temporal_mpc_msgs/msg
-- Up-to-date: /workspace/build/temporal_mpc_ros2/install/rm_temporal_mpc_msgs/include/rm_temporal_mpc_msgs/rm_temporal_mpc_msgs/msg/rosidl_typesupport_fastrtps_cpp__visibility_control.h
-- Up-to-date: /workspace/build/temporal_mpc_ros2/install/rm_temporal_mpc_msgs/include/rm_temporal_mpc_msgs/rm_temporal_mpc_msgs/msg/detail
-- Up-to-date: /workspace/build/temporal_mpc_ros2/install/rm_temporal_mpc_msgs/include/rm_temporal_mpc_msgs/rm_temporal_mpc_msgs/msg/detail/state_request__rosidl_typesupport_fastrtps_cpp.hpp
-- Up-to-date: /workspace/build/temporal_mpc_ros2/install/rm_temporal_mpc_msgs/include/rm_temporal_mpc_msgs/rm_temporal_mpc_msgs/msg/detail/plan__rosidl_typesupport_fastrtps_cpp.hpp
-- Up-to-date: /workspace/build/temporal_mpc_ros2/install/rm_temporal_mpc_msgs/include/rm_temporal_mpc_msgs/rm_temporal_mpc_msgs/msg/detail/dds_fastrtps
-- Up-to-date: /workspace/build/temporal_mpc_ros2/install/rm_temporal_mpc_msgs/include/rm_temporal_mpc_msgs/rm_temporal_mpc_msgs/msg/detail/proposal__rosidl_typesupport_fastrtps_cpp.hpp
-- Up-to-date: /workspace/build/temporal_mpc_ros2/install/rm_temporal_mpc_msgs/lib/librm_temporal_mpc_msgs__rosidl_typesupport_fastrtps_cpp.so
-- Up-to-date: /workspace/build/temporal_mpc_ros2/install/rm_temporal_mpc_msgs/include/rm_temporal_mpc_msgs/rm_temporal_mpc_msgs
-- Up-to-date: /workspace/build/temporal_mpc_ros2/install/rm_temporal_mpc_msgs/include/rm_temporal_mpc_msgs/rm_temporal_mpc_msgs/msg
-- Up-to-date: /workspace/build/temporal_mpc_ros2/install/rm_temporal_mpc_msgs/include/rm_temporal_mpc_msgs/rm_temporal_mpc_msgs/msg/detail
-- Up-to-date: /workspace/build/temporal_mpc_ros2/install/rm_temporal_mpc_msgs/include/rm_temporal_mpc_msgs/rm_temporal_mpc_msgs/msg/detail/plan__rosidl_typesupport_introspection_cpp.hpp
-- Up-to-date: /workspace/build/temporal_mpc_ros2/install/rm_temporal_mpc_msgs/include/rm_temporal_mpc_msgs/rm_temporal_mpc_msgs/msg/detail/state_request__type_support.cpp
-- Up-to-date: /workspace/build/temporal_mpc_ros2/install/rm_temporal_mpc_msgs/include/rm_temporal_mpc_msgs/rm_temporal_mpc_msgs/msg/detail/plan__type_support.cpp
-- Up-to-date: /workspace/build/temporal_mpc_ros2/install/rm_temporal_mpc_msgs/include/rm_temporal_mpc_msgs/rm_temporal_mpc_msgs/msg/detail/proposal__rosidl_typesupport_introspection_cpp.hpp
-- Up-to-date: /workspace/build/temporal_mpc_ros2/install/rm_temporal_mpc_msgs/include/rm_temporal_mpc_msgs/rm_temporal_mpc_msgs/msg/detail/proposal__type_support.cpp
-- Up-to-date: /workspace/build/temporal_mpc_ros2/install/rm_temporal_mpc_msgs/include/rm_temporal_mpc_msgs/rm_temporal_mpc_msgs/msg/detail/state_request__rosidl_typesupport_introspection_cpp.hpp
-- Up-to-date: /workspace/build/temporal_mpc_ros2/install/rm_temporal_mpc_msgs/lib/librm_temporal_mpc_msgs__rosidl_typesupport_introspection_cpp.so
-- Up-to-date: /workspace/build/temporal_mpc_ros2/install/rm_temporal_mpc_msgs/lib/librm_temporal_mpc_msgs__rosidl_typesupport_cpp.so
-- Up-to-date: /workspace/build/temporal_mpc_ros2/install/rm_temporal_mpc_msgs/share/rm_temporal_mpc_msgs/environment/pythonpath.sh
-- Up-to-date: /workspace/build/temporal_mpc_ros2/install/rm_temporal_mpc_msgs/share/rm_temporal_mpc_msgs/environment/pythonpath.dsv
-- Up-to-date: /workspace/build/temporal_mpc_ros2/install/rm_temporal_mpc_msgs/local/lib/python3.10/dist-packages/rm_temporal_mpc_msgs-0.1.0-py3.10.egg-info
-- Installing: /workspace/build/temporal_mpc_ros2/install/rm_temporal_mpc_msgs/local/lib/python3.10/dist-packages/rm_temporal_mpc_msgs-0.1.0-py3.10.egg-info/PKG-INFO
-- Installing: /workspace/build/temporal_mpc_ros2/install/rm_temporal_mpc_msgs/local/lib/python3.10/dist-packages/rm_temporal_mpc_msgs-0.1.0-py3.10.egg-info/SOURCES.txt
-- Installing: /workspace/build/temporal_mpc_ros2/install/rm_temporal_mpc_msgs/local/lib/python3.10/dist-packages/rm_temporal_mpc_msgs-0.1.0-py3.10.egg-info/top_level.txt
-- Installing: /workspace/build/temporal_mpc_ros2/install/rm_temporal_mpc_msgs/local/lib/python3.10/dist-packages/rm_temporal_mpc_msgs-0.1.0-py3.10.egg-info/dependency_links.txt
-- Up-to-date: /workspace/build/temporal_mpc_ros2/install/rm_temporal_mpc_msgs/local/lib/python3.10/dist-packages/rm_temporal_mpc_msgs
-- Up-to-date: /workspace/build/temporal_mpc_ros2/install/rm_temporal_mpc_msgs/local/lib/python3.10/dist-packages/rm_temporal_mpc_msgs/rm_temporal_mpc_msgs_s__rosidl_typesupport_introspection_c.cpython-310-x86_64-linux-gnu.so
-- Up-to-date: /workspace/build/temporal_mpc_ros2/install/rm_temporal_mpc_msgs/local/lib/python3.10/dist-packages/rm_temporal_mpc_msgs/rm_temporal_mpc_msgs_s__rosidl_typesupport_c.cpython-310-x86_64-linux-gnu.so
-- Up-to-date: /workspace/build/temporal_mpc_ros2/install/rm_temporal_mpc_msgs/local/lib/python3.10/dist-packages/rm_temporal_mpc_msgs/librm_temporal_mpc_msgs__rosidl_generator_py.so
-- Up-to-date: /workspace/build/temporal_mpc_ros2/install/rm_temporal_mpc_msgs/local/lib/python3.10/dist-packages/rm_temporal_mpc_msgs/__init__.py
-- Up-to-date: /workspace/build/temporal_mpc_ros2/install/rm_temporal_mpc_msgs/local/lib/python3.10/dist-packages/rm_temporal_mpc_msgs/_rm_temporal_mpc_msgs_s.ep.rosidl_typesupport_fastrtps_c.c
-- Up-to-date: /workspace/build/temporal_mpc_ros2/install/rm_temporal_mpc_msgs/local/lib/python3.10/dist-packages/rm_temporal_mpc_msgs/rm_temporal_mpc_msgs_s__rosidl_typesupport_fastrtps_c.cpython-310-x86_64-linux-gnu.so
-- Up-to-date: /workspace/build/temporal_mpc_ros2/install/rm_temporal_mpc_msgs/local/lib/python3.10/dist-packages/rm_temporal_mpc_msgs/_rm_temporal_mpc_msgs_s.ep.rosidl_typesupport_c.c
-- Up-to-date: /workspace/build/temporal_mpc_ros2/install/rm_temporal_mpc_msgs/local/lib/python3.10/dist-packages/rm_temporal_mpc_msgs/msg
-- Up-to-date: /workspace/build/temporal_mpc_ros2/install/rm_temporal_mpc_msgs/local/lib/python3.10/dist-packages/rm_temporal_mpc_msgs/msg/_plan.py
-- Up-to-date: /workspace/build/temporal_mpc_ros2/install/rm_temporal_mpc_msgs/local/lib/python3.10/dist-packages/rm_temporal_mpc_msgs/msg/_state_request.py
-- Up-to-date: /workspace/build/temporal_mpc_ros2/install/rm_temporal_mpc_msgs/local/lib/python3.10/dist-packages/rm_temporal_mpc_msgs/msg/_proposal.py
-- Up-to-date: /workspace/build/temporal_mpc_ros2/install/rm_temporal_mpc_msgs/local/lib/python3.10/dist-packages/rm_temporal_mpc_msgs/msg/__init__.py
-- Up-to-date: /workspace/build/temporal_mpc_ros2/install/rm_temporal_mpc_msgs/local/lib/python3.10/dist-packages/rm_temporal_mpc_msgs/msg/_proposal_s.c
-- Up-to-date: /workspace/build/temporal_mpc_ros2/install/rm_temporal_mpc_msgs/local/lib/python3.10/dist-packages/rm_temporal_mpc_msgs/msg/_plan_s.c
-- Up-to-date: /workspace/build/temporal_mpc_ros2/install/rm_temporal_mpc_msgs/local/lib/python3.10/dist-packages/rm_temporal_mpc_msgs/msg/_state_request_s.c
-- Up-to-date: /workspace/build/temporal_mpc_ros2/install/rm_temporal_mpc_msgs/local/lib/python3.10/dist-packages/rm_temporal_mpc_msgs/_rm_temporal_mpc_msgs_s.ep.rosidl_typesupport_introspection_c.c
Listing '/workspace/build/temporal_mpc_ros2/install/rm_temporal_mpc_msgs/local/lib/python3.10/dist-packages/rm_temporal_mpc_msgs'...
Listing '/workspace/build/temporal_mpc_ros2/install/rm_temporal_mpc_msgs/local/lib/python3.10/dist-packages/rm_temporal_mpc_msgs/msg'...
-- Up-to-date: /workspace/build/temporal_mpc_ros2/install/rm_temporal_mpc_msgs/local/lib/python3.10/dist-packages/rm_temporal_mpc_msgs/rm_temporal_mpc_msgs_s__rosidl_typesupport_fastrtps_c.cpython-310-x86_64-linux-gnu.so
-- Up-to-date: /workspace/build/temporal_mpc_ros2/install/rm_temporal_mpc_msgs/local/lib/python3.10/dist-packages/rm_temporal_mpc_msgs/rm_temporal_mpc_msgs_s__rosidl_typesupport_introspection_c.cpython-310-x86_64-linux-gnu.so
-- Up-to-date: /workspace/build/temporal_mpc_ros2/install/rm_temporal_mpc_msgs/local/lib/python3.10/dist-packages/rm_temporal_mpc_msgs/rm_temporal_mpc_msgs_s__rosidl_typesupport_c.cpython-310-x86_64-linux-gnu.so
-- Up-to-date: /workspace/build/temporal_mpc_ros2/install/rm_temporal_mpc_msgs/lib/librm_temporal_mpc_msgs__rosidl_generator_py.so
-- Up-to-date: /workspace/build/temporal_mpc_ros2/install/rm_temporal_mpc_msgs/share/ament_index/resource_index/rust_packages/rm_temporal_mpc_msgs
-- Up-to-date: /workspace/build/temporal_mpc_ros2/install/rm_temporal_mpc_msgs/share/rm_temporal_mpc_msgs/rust
-- Up-to-date: /workspace/build/temporal_mpc_ros2/install/rm_temporal_mpc_msgs/share/rm_temporal_mpc_msgs/rust/build.rs
-- Up-to-date: /workspace/build/temporal_mpc_ros2/install/rm_temporal_mpc_msgs/share/rm_temporal_mpc_msgs/rust/Cargo.toml
-- Up-to-date: /workspace/build/temporal_mpc_ros2/install/rm_temporal_mpc_msgs/share/rm_temporal_mpc_msgs/rust/src
-- Up-to-date: /workspace/build/temporal_mpc_ros2/install/rm_temporal_mpc_msgs/share/rm_temporal_mpc_msgs/rust/src/lib.rs
-- Up-to-date: /workspace/build/temporal_mpc_ros2/install/rm_temporal_mpc_msgs/share/rm_temporal_mpc_msgs/rust/src/msg
-- Up-to-date: /workspace/build/temporal_mpc_ros2/install/rm_temporal_mpc_msgs/share/rm_temporal_mpc_msgs/rust/src/msg/rmw.rs
-- Up-to-date: /workspace/build/temporal_mpc_ros2/install/rm_temporal_mpc_msgs/share/rm_temporal_mpc_msgs/rust/src/msg.rs
-- Up-to-date: /workspace/build/temporal_mpc_ros2/install/rm_temporal_mpc_msgs/share/rm_temporal_mpc_msgs/msg/Plan.idl
-- Up-to-date: /workspace/build/temporal_mpc_ros2/install/rm_temporal_mpc_msgs/share/rm_temporal_mpc_msgs/msg/StateRequest.idl
-- Up-to-date: /workspace/build/temporal_mpc_ros2/install/rm_temporal_mpc_msgs/share/rm_temporal_mpc_msgs/msg/Proposal.idl
-- Up-to-date: /workspace/build/temporal_mpc_ros2/install/rm_temporal_mpc_msgs/share/rm_temporal_mpc_msgs/msg/Plan.msg
-- Up-to-date: /workspace/build/temporal_mpc_ros2/install/rm_temporal_mpc_msgs/share/rm_temporal_mpc_msgs/msg/StateRequest.msg
-- Up-to-date: /workspace/build/temporal_mpc_ros2/install/rm_temporal_mpc_msgs/share/rm_temporal_mpc_msgs/msg/Proposal.msg
-- Up-to-date: /workspace/build/temporal_mpc_ros2/install/rm_temporal_mpc_msgs/share/ament_index/resource_index/package_run_dependencies/rm_temporal_mpc_msgs
-- Up-to-date: /workspace/build/temporal_mpc_ros2/install/rm_temporal_mpc_msgs/share/ament_index/resource_index/parent_prefix_path/rm_temporal_mpc_msgs
-- Up-to-date: /workspace/build/temporal_mpc_ros2/install/rm_temporal_mpc_msgs/share/rm_temporal_mpc_msgs/environment/ament_prefix_path.sh
-- Up-to-date: /workspace/build/temporal_mpc_ros2/install/rm_temporal_mpc_msgs/share/rm_temporal_mpc_msgs/environment/ament_prefix_path.dsv
-- Up-to-date: /workspace/build/temporal_mpc_ros2/install/rm_temporal_mpc_msgs/share/rm_temporal_mpc_msgs/environment/path.sh
-- Up-to-date: /workspace/build/temporal_mpc_ros2/install/rm_temporal_mpc_msgs/share/rm_temporal_mpc_msgs/environment/path.dsv
-- Up-to-date: /workspace/build/temporal_mpc_ros2/install/rm_temporal_mpc_msgs/share/rm_temporal_mpc_msgs/local_setup.bash
-- Up-to-date: /workspace/build/temporal_mpc_ros2/install/rm_temporal_mpc_msgs/share/rm_temporal_mpc_msgs/local_setup.sh
-- Up-to-date: /workspace/build/temporal_mpc_ros2/install/rm_temporal_mpc_msgs/share/rm_temporal_mpc_msgs/local_setup.zsh
-- Up-to-date: /workspace/build/temporal_mpc_ros2/install/rm_temporal_mpc_msgs/share/rm_temporal_mpc_msgs/local_setup.dsv
-- Installing: /workspace/build/temporal_mpc_ros2/install/rm_temporal_mpc_msgs/share/rm_temporal_mpc_msgs/package.dsv
-- Up-to-date: /workspace/build/temporal_mpc_ros2/install/rm_temporal_mpc_msgs/share/ament_index/resource_index/packages/rm_temporal_mpc_msgs
-- Up-to-date: /workspace/build/temporal_mpc_ros2/install/rm_temporal_mpc_msgs/share/rm_temporal_mpc_msgs/cmake/export_rm_temporal_mpc_msgs__rosidl_generator_cExport.cmake
-- Up-to-date: /workspace/build/temporal_mpc_ros2/install/rm_temporal_mpc_msgs/share/rm_temporal_mpc_msgs/cmake/export_rm_temporal_mpc_msgs__rosidl_generator_cExport-release.cmake
-- Up-to-date: /workspace/build/temporal_mpc_ros2/install/rm_temporal_mpc_msgs/share/rm_temporal_mpc_msgs/cmake/export_rm_temporal_mpc_msgs__rosidl_typesupport_fastrtps_cExport.cmake
-- Up-to-date: /workspace/build/temporal_mpc_ros2/install/rm_temporal_mpc_msgs/share/rm_temporal_mpc_msgs/cmake/export_rm_temporal_mpc_msgs__rosidl_typesupport_fastrtps_cExport-release.cmake
-- Up-to-date: /workspace/build/temporal_mpc_ros2/install/rm_temporal_mpc_msgs/share/rm_temporal_mpc_msgs/cmake/rm_temporal_mpc_msgs__rosidl_typesupport_introspection_cExport.cmake
-- Up-to-date: /workspace/build/temporal_mpc_ros2/install/rm_temporal_mpc_msgs/share/rm_temporal_mpc_msgs/cmake/rm_temporal_mpc_msgs__rosidl_typesupport_introspection_cExport-release.cmake
-- Up-to-date: /workspace/build/temporal_mpc_ros2/install/rm_temporal_mpc_msgs/share/rm_temporal_mpc_msgs/cmake/rm_temporal_mpc_msgs__rosidl_typesupport_cExport.cmake
-- Up-to-date: /workspace/build/temporal_mpc_ros2/install/rm_temporal_mpc_msgs/share/rm_temporal_mpc_msgs/cmake/rm_temporal_mpc_msgs__rosidl_typesupport_cExport-release.cmake
-- Up-to-date: /workspace/build/temporal_mpc_ros2/install/rm_temporal_mpc_msgs/share/rm_temporal_mpc_msgs/cmake/export_rm_temporal_mpc_msgs__rosidl_generator_cppExport.cmake
-- Up-to-date: /workspace/build/temporal_mpc_ros2/install/rm_temporal_mpc_msgs/share/rm_temporal_mpc_msgs/cmake/export_rm_temporal_mpc_msgs__rosidl_typesupport_fastrtps_cppExport.cmake
-- Up-to-date: /workspace/build/temporal_mpc_ros2/install/rm_temporal_mpc_msgs/share/rm_temporal_mpc_msgs/cmake/export_rm_temporal_mpc_msgs__rosidl_typesupport_fastrtps_cppExport-release.cmake
-- Up-to-date: /workspace/build/temporal_mpc_ros2/install/rm_temporal_mpc_msgs/share/rm_temporal_mpc_msgs/cmake/rm_temporal_mpc_msgs__rosidl_typesupport_introspection_cppExport.cmake
-- Up-to-date: /workspace/build/temporal_mpc_ros2/install/rm_temporal_mpc_msgs/share/rm_temporal_mpc_msgs/cmake/rm_temporal_mpc_msgs__rosidl_typesupport_introspection_cppExport-release.cmake
-- Up-to-date: /workspace/build/temporal_mpc_ros2/install/rm_temporal_mpc_msgs/share/rm_temporal_mpc_msgs/cmake/rm_temporal_mpc_msgs__rosidl_typesupport_cppExport.cmake
-- Up-to-date: /workspace/build/temporal_mpc_ros2/install/rm_temporal_mpc_msgs/share/rm_temporal_mpc_msgs/cmake/rm_temporal_mpc_msgs__rosidl_typesupport_cppExport-release.cmake
-- Up-to-date: /workspace/build/temporal_mpc_ros2/install/rm_temporal_mpc_msgs/share/rm_temporal_mpc_msgs/cmake/export_rm_temporal_mpc_msgs__rosidl_generator_pyExport.cmake
-- Up-to-date: /workspace/build/temporal_mpc_ros2/install/rm_temporal_mpc_msgs/share/rm_temporal_mpc_msgs/cmake/export_rm_temporal_mpc_msgs__rosidl_generator_pyExport-release.cmake
-- Up-to-date: /workspace/build/temporal_mpc_ros2/install/rm_temporal_mpc_msgs/share/rm_temporal_mpc_msgs/cmake/rosidl_cmake-extras.cmake
-- Up-to-date: /workspace/build/temporal_mpc_ros2/install/rm_temporal_mpc_msgs/share/rm_temporal_mpc_msgs/cmake/ament_cmake_export_dependencies-extras.cmake
-- Up-to-date: /workspace/build/temporal_mpc_ros2/install/rm_temporal_mpc_msgs/share/rm_temporal_mpc_msgs/cmake/ament_cmake_export_include_directories-extras.cmake
-- Up-to-date: /workspace/build/temporal_mpc_ros2/install/rm_temporal_mpc_msgs/share/rm_temporal_mpc_msgs/cmake/ament_cmake_export_libraries-extras.cmake
-- Up-to-date: /workspace/build/temporal_mpc_ros2/install/rm_temporal_mpc_msgs/share/rm_temporal_mpc_msgs/cmake/ament_cmake_export_targets-extras.cmake
-- Up-to-date: /workspace/build/temporal_mpc_ros2/install/rm_temporal_mpc_msgs/share/rm_temporal_mpc_msgs/cmake/rosidl_cmake_export_typesupport_targets-extras.cmake
-- Up-to-date: /workspace/build/temporal_mpc_ros2/install/rm_temporal_mpc_msgs/share/rm_temporal_mpc_msgs/cmake/rosidl_cmake_export_typesupport_libraries-extras.cmake
-- Up-to-date: /workspace/build/temporal_mpc_ros2/install/rm_temporal_mpc_msgs/share/rm_temporal_mpc_msgs/cmake/rm_temporal_mpc_msgsConfig.cmake
-- Up-to-date: /workspace/build/temporal_mpc_ros2/install/rm_temporal_mpc_msgs/share/rm_temporal_mpc_msgs/cmake/rm_temporal_mpc_msgsConfig-version.cmake
-- Up-to-date: /workspace/build/temporal_mpc_ros2/install/rm_temporal_mpc_msgs/share/rm_temporal_mpc_msgs/package.xml
