[0.009s] Invoking command in '/workspace/build/temporal_mpc_ros2/build/rm_temporal_mpc_msgs': CMAKE_PREFIX_PATH=/opt/ros/humble /usr/bin/cmake --build /workspace/build/temporal_mpc_ros2/build/rm_temporal_mpc_msgs -- -j32 -l32
[0.087s] [  2%] Built target rm_temporal_mpc_msgs__cpp
[0.087s] [  4%] Built target rm_temporal_mpc_msgs__rs
[0.091s] [ 14%] Built target rm_temporal_mpc_msgs__rosidl_generator_c
[0.102s] [ 14%] Built target ament_cmake_python_copy_rm_temporal_mpc_msgs
[0.119s] [ 25%] Built target rm_temporal_mpc_msgs__rosidl_typesupport_fastrtps_c
[0.125s] [ 35%] Built target rm_temporal_mpc_msgs__rosidl_typesupport_c
[0.125s] [ 45%] Built target rm_temporal_mpc_msgs__rosidl_typesupport_introspection_c
[0.130s] [ 66%] Built target rm_temporal_mpc_msgs__rosidl_typesupport_fastrtps_cpp
[0.130s] [ 66%] Built target rm_temporal_mpc_msgs__rosidl_typesupport_cpp
[0.130s] [ 77%] Built target rm_temporal_mpc_msgs__rosidl_typesupport_introspection_cpp
[0.166s] [ 77%] Built target rm_temporal_mpc_msgs
[0.200s] [ 79%] Built target rm_temporal_mpc_msgs__py
[0.240s] [ 87%] Built target rm_temporal_mpc_msgs__rosidl_generator_py
[0.275s] [ 91%] Built target rm_temporal_mpc_msgs__rosidl_typesupport_c__pyext
[0.275s] [ 95%] Built target rm_temporal_mpc_msgs__rosidl_typesupport_introspection_c__pyext
[0.280s] [100%] Built target rm_temporal_mpc_msgs__rosidl_typesupport_fastrtps_c__pyext
[0.318s] running egg_info
[0.319s] writing rm_temporal_mpc_msgs.egg-info/PKG-INFO
[0.319s] writing dependency_links to rm_temporal_mpc_msgs.egg-info/dependency_links.txt
[0.320s] writing top-level names to rm_temporal_mpc_msgs.egg-info/top_level.txt
[0.321s] reading manifest file 'rm_temporal_mpc_msgs.egg-info/SOURCES.txt'
[0.322s] writing manifest file 'rm_temporal_mpc_msgs.egg-info/SOURCES.txt'
[0.349s] [100%] Built target ament_cmake_python_build_rm_temporal_mpc_msgs_egg
[0.365s] Invoked command in '/workspace/build/temporal_mpc_ros2/build/rm_temporal_mpc_msgs' returned '0': CMAKE_PREFIX_PATH=/opt/ros/humble /usr/bin/cmake --build /workspace/build/temporal_mpc_ros2/build/rm_temporal_mpc_msgs -- -j32 -l32
[0.366s] Invoking command in '/workspace/build/temporal_mpc_ros2/build/rm_temporal_mpc_msgs': CMAKE_PREFIX_PATH=/opt/ros/humble /usr/bin/cmake --install /workspace/build/temporal_mpc_ros2/build/rm_temporal_mpc_msgs
[0.379s] -- Install configuration: "Release"
[0.380s] -- Up-to-date: /workspace/build/temporal_mpc_ros2/install/rm_temporal_mpc_msgs/share/ament_index/resource_index/rosidl_interfaces/rm_temporal_mpc_msgs
[0.380s] -- Up-to-date: /workspace/build/temporal_mpc_ros2/install/rm_temporal_mpc_msgs/include/rm_temporal_mpc_msgs/rm_temporal_mpc_msgs
[0.380s] -- Up-to-date: /workspace/build/temporal_mpc_ros2/install/rm_temporal_mpc_msgs/include/rm_temporal_mpc_msgs/rm_temporal_mpc_msgs/msg
[0.380s] -- Up-to-date: /workspace/build/temporal_mpc_ros2/install/rm_temporal_mpc_msgs/include/rm_temporal_mpc_msgs/rm_temporal_mpc_msgs/msg/rosidl_generator_c__visibility_control.h
[0.381s] -- Up-to-date: /workspace/build/temporal_mpc_ros2/install/rm_temporal_mpc_msgs/include/rm_temporal_mpc_msgs/rm_temporal_mpc_msgs/msg/plan.h
[0.381s] -- Up-to-date: /workspace/build/temporal_mpc_ros2/install/rm_temporal_mpc_msgs/include/rm_temporal_mpc_msgs/rm_temporal_mpc_msgs/msg/proposal.h
[0.381s] -- Up-to-date: /workspace/build/temporal_mpc_ros2/install/rm_temporal_mpc_msgs/include/rm_temporal_mpc_msgs/rm_temporal_mpc_msgs/msg/state_request.h
[0.381s] -- Up-to-date: /workspace/build/temporal_mpc_ros2/install/rm_temporal_mpc_msgs/include/rm_temporal_mpc_msgs/rm_temporal_mpc_msgs/msg/detail
[0.382s] -- Up-to-date: /workspace/build/temporal_mpc_ros2/install/rm_temporal_mpc_msgs/include/rm_temporal_mpc_msgs/rm_temporal_mpc_msgs/msg/detail/state_request__functions.c
[0.382s] -- Up-to-date: /workspace/build/temporal_mpc_ros2/install/rm_temporal_mpc_msgs/include/rm_temporal_mpc_msgs/rm_temporal_mpc_msgs/msg/detail/state_request__type_support.h
[0.382s] -- Up-to-date: /workspace/build/temporal_mpc_ros2/install/rm_temporal_mpc_msgs/include/rm_temporal_mpc_msgs/rm_temporal_mpc_msgs/msg/detail/proposal__type_support.h
[0.382s] -- Up-to-date: /workspace/build/temporal_mpc_ros2/install/rm_temporal_mpc_msgs/include/rm_temporal_mpc_msgs/rm_temporal_mpc_msgs/msg/detail/proposal__functions.c
[0.382s] -- Up-to-date: /workspace/build/temporal_mpc_ros2/install/rm_temporal_mpc_msgs/include/rm_temporal_mpc_msgs/rm_temporal_mpc_msgs/msg/detail/plan__type_support.h
[0.383s] -- Up-to-date: /workspace/build/temporal_mpc_ros2/install/rm_temporal_mpc_msgs/include/rm_temporal_mpc_msgs/rm_temporal_mpc_msgs/msg/detail/plan__functions.h
[0.383s] -- Up-to-date: /workspace/build/temporal_mpc_ros2/install/rm_temporal_mpc_msgs/include/rm_temporal_mpc_msgs/rm_temporal_mpc_msgs/msg/detail/state_request__struct.h
[0.383s] -- Up-to-date: /workspace/build/temporal_mpc_ros2/install/rm_temporal_mpc_msgs/include/rm_temporal_mpc_msgs/rm_temporal_mpc_msgs/msg/detail/proposal__struct.h
[0.383s] -- Up-to-date: /workspace/build/temporal_mpc_ros2/install/rm_temporal_mpc_msgs/include/rm_temporal_mpc_msgs/rm_temporal_mpc_msgs/msg/detail/proposal__functions.h
[0.383s] -- Up-to-date: /workspace/build/temporal_mpc_ros2/install/rm_temporal_mpc_msgs/include/rm_temporal_mpc_msgs/rm_temporal_mpc_msgs/msg/detail/plan__struct.h
[0.384s] -- Up-to-date: /workspace/build/temporal_mpc_ros2/install/rm_temporal_mpc_msgs/include/rm_temporal_mpc_msgs/rm_temporal_mpc_msgs/msg/detail/state_request__functions.h
[0.384s] -- Up-to-date: /workspace/build/temporal_mpc_ros2/install/rm_temporal_mpc_msgs/include/rm_temporal_mpc_msgs/rm_temporal_mpc_msgs/msg/detail/plan__functions.c
[0.384s] -- Up-to-date: /workspace/build/temporal_mpc_ros2/install/rm_temporal_mpc_msgs/share/rm_temporal_mpc_msgs/environment/library_path.sh
[0.384s] -- Up-to-date: /workspace/build/temporal_mpc_ros2/install/rm_temporal_mpc_msgs/share/rm_temporal_mpc_msgs/environment/library_path.dsv
[0.384s] -- Up-to-date: /workspace/build/temporal_mpc_ros2/install/rm_temporal_mpc_msgs/lib/librm_temporal_mpc_msgs__rosidl_generator_c.so
[0.384s] -- Up-to-date: /workspace/build/temporal_mpc_ros2/install/rm_temporal_mpc_msgs/include/rm_temporal_mpc_msgs/rm_temporal_mpc_msgs
[0.384s] -- Up-to-date: /workspace/build/temporal_mpc_ros2/install/rm_temporal_mpc_msgs/include/rm_temporal_mpc_msgs/rm_temporal_mpc_msgs/msg
[0.385s] -- Up-to-date: /workspace/build/temporal_mpc_ros2/install/rm_temporal_mpc_msgs/include/rm_temporal_mpc_msgs/rm_temporal_mpc_msgs/msg/detail
[0.385s] -- Up-to-date: /workspace/build/temporal_mpc_ros2/install/rm_temporal_mpc_msgs/include/rm_temporal_mpc_msgs/rm_temporal_mpc_msgs/msg/detail/proposal__rosidl_typesupport_fastrtps_c.h
[0.385s] -- Up-to-date: /workspace/build/temporal_mpc_ros2/install/rm_temporal_mpc_msgs/include/rm_temporal_mpc_msgs/rm_temporal_mpc_msgs/msg/detail/state_request__rosidl_typesupport_fastrtps_c.h
[0.385s] -- Up-to-date: /workspace/build/temporal_mpc_ros2/install/rm_temporal_mpc_msgs/include/rm_temporal_mpc_msgs/rm_temporal_mpc_msgs/msg/detail/plan__rosidl_typesupport_fastrtps_c.h
[0.385s] -- Up-to-date: /workspace/build/temporal_mpc_ros2/install/rm_temporal_mpc_msgs/include/rm_temporal_mpc_msgs/rm_temporal_mpc_msgs/msg/rosidl_typesupport_fastrtps_c__visibility_control.h
[0.385s] -- Up-to-date: /workspace/build/temporal_mpc_ros2/install/rm_temporal_mpc_msgs/lib/librm_temporal_mpc_msgs__rosidl_typesupport_fastrtps_c.so
[0.385s] -- Up-to-date: /workspace/build/temporal_mpc_ros2/install/rm_temporal_mpc_msgs/include/rm_temporal_mpc_msgs/rm_temporal_mpc_msgs
[0.385s] -- Up-to-date: /workspace/build/temporal_mpc_ros2/install/rm_temporal_mpc_msgs/include/rm_temporal_mpc_msgs/rm_temporal_mpc_msgs/msg
[0.386s] -- Up-to-date: /workspace/build/temporal_mpc_ros2/install/rm_temporal_mpc_msgs/include/rm_temporal_mpc_msgs/rm_temporal_mpc_msgs/msg/rosidl_typesupport_introspection_c__visibility_control.h
[0.386s] -- Up-to-date: /workspace/build/temporal_mpc_ros2/install/rm_temporal_mpc_msgs/include/rm_temporal_mpc_msgs/rm_temporal_mpc_msgs/msg/detail
[0.386s] -- Up-to-date: /workspace/build/temporal_mpc_ros2/install/rm_temporal_mpc_msgs/include/rm_temporal_mpc_msgs/rm_temporal_mpc_msgs/msg/detail/state_request__type_support.c
[0.386s] -- Up-to-date: /workspace/build/temporal_mpc_ros2/install/rm_temporal_mpc_msgs/include/rm_temporal_mpc_msgs/rm_temporal_mpc_msgs/msg/detail/proposal__type_support.c
[0.386s] -- Up-to-date: /workspace/build/temporal_mpc_ros2/install/rm_temporal_mpc_msgs/include/rm_temporal_mpc_msgs/rm_temporal_mpc_msgs/msg/detail/state_request__rosidl_typesupport_introspection_c.h
[0.386s] -- Up-to-date: /workspace/build/temporal_mpc_ros2/install/rm_temporal_mpc_msgs/include/rm_temporal_mpc_msgs/rm_temporal_mpc_msgs/msg/detail/plan__rosidl_typesupport_introspection_c.h
[0.386s] -- Up-to-date: /workspace/build/temporal_mpc_ros2/install/rm_temporal_mpc_msgs/include/rm_temporal_mpc_msgs/rm_temporal_mpc_msgs/msg/detail/proposal__rosidl_typesupport_introspection_c.h
[0.386s] -- Up-to-date: /workspace/build/temporal_mpc_ros2/install/rm_temporal_mpc_msgs/include/rm_temporal_mpc_msgs/rm_temporal_mpc_msgs/msg/detail/plan__type_support.c
[0.386s] -- Up-to-date: /workspace/build/temporal_mpc_ros2/install/rm_temporal_mpc_msgs/lib/librm_temporal_mpc_msgs__rosidl_typesupport_introspection_c.so
[0.387s] -- Up-to-date: /workspace/build/temporal_mpc_ros2/install/rm_temporal_mpc_msgs/lib/librm_temporal_mpc_msgs__rosidl_typesupport_c.so
[0.387s] -- Up-to-date: /workspace/build/temporal_mpc_ros2/install/rm_temporal_mpc_msgs/include/rm_temporal_mpc_msgs/rm_temporal_mpc_msgs
[0.387s] -- Up-to-date: /workspace/build/temporal_mpc_ros2/install/rm_temporal_mpc_msgs/include/rm_temporal_mpc_msgs/rm_temporal_mpc_msgs/msg
[0.387s] -- Up-to-date: /workspace/build/temporal_mpc_ros2/install/rm_temporal_mpc_msgs/include/rm_temporal_mpc_msgs/rm_temporal_mpc_msgs/msg/plan.hpp
[0.387s] -- Up-to-date: /workspace/build/temporal_mpc_ros2/install/rm_temporal_mpc_msgs/include/rm_temporal_mpc_msgs/rm_temporal_mpc_msgs/msg/state_request.hpp
[0.387s] -- Up-to-date: /workspace/build/temporal_mpc_ros2/install/rm_temporal_mpc_msgs/include/rm_temporal_mpc_msgs/rm_temporal_mpc_msgs/msg/proposal.hpp
[0.387s] -- Up-to-date: /workspace/build/temporal_mpc_ros2/install/rm_temporal_mpc_msgs/include/rm_temporal_mpc_msgs/rm_temporal_mpc_msgs/msg/rosidl_generator_cpp__visibility_control.hpp
[0.387s] -- Up-to-date: /workspace/build/temporal_mpc_ros2/install/rm_temporal_mpc_msgs/include/rm_temporal_mpc_msgs/rm_temporal_mpc_msgs/msg/detail
[0.387s] -- Up-to-date: /workspace/build/temporal_mpc_ros2/install/rm_temporal_mpc_msgs/include/rm_temporal_mpc_msgs/rm_temporal_mpc_msgs/msg/detail/proposal__builder.hpp
[0.388s] -- Up-to-date: /workspace/build/temporal_mpc_ros2/install/rm_temporal_mpc_msgs/include/rm_temporal_mpc_msgs/rm_temporal_mpc_msgs/msg/detail/state_request__struct.hpp
[0.388s] -- Up-to-date: /workspace/build/temporal_mpc_ros2/install/rm_temporal_mpc_msgs/include/rm_temporal_mpc_msgs/rm_temporal_mpc_msgs/msg/detail/state_request__builder.hpp
[0.388s] -- Up-to-date: /workspace/build/temporal_mpc_ros2/install/rm_temporal_mpc_msgs/include/rm_temporal_mpc_msgs/rm_temporal_mpc_msgs/msg/detail/state_request__type_support.hpp
[0.388s] -- Up-to-date: /workspace/build/temporal_mpc_ros2/install/rm_temporal_mpc_msgs/include/rm_temporal_mpc_msgs/rm_temporal_mpc_msgs/msg/detail/plan__builder.hpp
[0.388s] -- Up-to-date: /workspace/build/temporal_mpc_ros2/install/rm_temporal_mpc_msgs/include/rm_temporal_mpc_msgs/rm_temporal_mpc_msgs/msg/detail/state_request__traits.hpp
[0.388s] -- Up-to-date: /workspace/build/temporal_mpc_ros2/install/rm_temporal_mpc_msgs/include/rm_temporal_mpc_msgs/rm_temporal_mpc_msgs/msg/detail/plan__traits.hpp
[0.388s] -- Up-to-date: /workspace/build/temporal_mpc_ros2/install/rm_temporal_mpc_msgs/include/rm_temporal_mpc_msgs/rm_temporal_mpc_msgs/msg/detail/proposal__type_support.hpp
[0.388s] -- Up-to-date: /workspace/build/temporal_mpc_ros2/install/rm_temporal_mpc_msgs/include/rm_temporal_mpc_msgs/rm_temporal_mpc_msgs/msg/detail/proposal__struct.hpp
[0.388s] -- Up-to-date: /workspace/build/temporal_mpc_ros2/install/rm_temporal_mpc_msgs/include/rm_temporal_mpc_msgs/rm_temporal_mpc_msgs/msg/detail/plan__struct.hpp
[0.389s] -- Up-to-date: /workspace/build/temporal_mpc_ros2/install/rm_temporal_mpc_msgs/include/rm_temporal_mpc_msgs/rm_temporal_mpc_msgs/msg/detail/plan__type_support.hpp
[0.389s] -- Up-to-date: /workspace/build/temporal_mpc_ros2/install/rm_temporal_mpc_msgs/include/rm_temporal_mpc_msgs/rm_temporal_mpc_msgs/msg/detail/proposal__traits.hpp
[0.389s] -- Up-to-date: /workspace/build/temporal_mpc_ros2/install/rm_temporal_mpc_msgs/include/rm_temporal_mpc_msgs/rm_temporal_mpc_msgs
[0.389s] -- Up-to-date: /workspace/build/temporal_mpc_ros2/install/rm_temporal_mpc_msgs/include/rm_temporal_mpc_msgs/rm_temporal_mpc_msgs/msg
[0.389s] -- Up-to-date: /workspace/build/temporal_mpc_ros2/install/rm_temporal_mpc_msgs/include/rm_temporal_mpc_msgs/rm_temporal_mpc_msgs/msg/rosidl_typesupport_fastrtps_cpp__visibility_control.h
[0.389s] -- Up-to-date: /workspace/build/temporal_mpc_ros2/install/rm_temporal_mpc_msgs/include/rm_temporal_mpc_msgs/rm_temporal_mpc_msgs/msg/detail
[0.389s] -- Up-to-date: /workspace/build/temporal_mpc_ros2/install/rm_temporal_mpc_msgs/include/rm_temporal_mpc_msgs/rm_temporal_mpc_msgs/msg/detail/state_request__rosidl_typesupport_fastrtps_cpp.hpp
[0.389s] -- Up-to-date: /workspace/build/temporal_mpc_ros2/install/rm_temporal_mpc_msgs/include/rm_temporal_mpc_msgs/rm_temporal_mpc_msgs/msg/detail/plan__rosidl_typesupport_fastrtps_cpp.hpp
[0.389s] -- Up-to-date: /workspace/build/temporal_mpc_ros2/install/rm_temporal_mpc_msgs/include/rm_temporal_mpc_msgs/rm_temporal_mpc_msgs/msg/detail/dds_fastrtps
[0.390s] -- Up-to-date: /workspace/build/temporal_mpc_ros2/install/rm_temporal_mpc_msgs/include/rm_temporal_mpc_msgs/rm_temporal_mpc_msgs/msg/detail/proposal__rosidl_typesupport_fastrtps_cpp.hpp
[0.390s] -- Up-to-date: /workspace/build/temporal_mpc_ros2/install/rm_temporal_mpc_msgs/lib/librm_temporal_mpc_msgs__rosidl_typesupport_fastrtps_cpp.so
[0.390s] -- Up-to-date: /workspace/build/temporal_mpc_ros2/install/rm_temporal_mpc_msgs/include/rm_temporal_mpc_msgs/rm_temporal_mpc_msgs
[0.390s] -- Up-to-date: /workspace/build/temporal_mpc_ros2/install/rm_temporal_mpc_msgs/include/rm_temporal_mpc_msgs/rm_temporal_mpc_msgs/msg
[0.390s] -- Up-to-date: /workspace/build/temporal_mpc_ros2/install/rm_temporal_mpc_msgs/include/rm_temporal_mpc_msgs/rm_temporal_mpc_msgs/msg/detail
[0.390s] -- Up-to-date: /workspace/build/temporal_mpc_ros2/install/rm_temporal_mpc_msgs/include/rm_temporal_mpc_msgs/rm_temporal_mpc_msgs/msg/detail/plan__rosidl_typesupport_introspection_cpp.hpp
[0.390s] -- Up-to-date: /workspace/build/temporal_mpc_ros2/install/rm_temporal_mpc_msgs/include/rm_temporal_mpc_msgs/rm_temporal_mpc_msgs/msg/detail/state_request__type_support.cpp
[0.390s] -- Up-to-date: /workspace/build/temporal_mpc_ros2/install/rm_temporal_mpc_msgs/include/rm_temporal_mpc_msgs/rm_temporal_mpc_msgs/msg/detail/plan__type_support.cpp
[0.390s] -- Up-to-date: /workspace/build/temporal_mpc_ros2/install/rm_temporal_mpc_msgs/include/rm_temporal_mpc_msgs/rm_temporal_mpc_msgs/msg/detail/proposal__rosidl_typesupport_introspection_cpp.hpp
[0.391s] -- Up-to-date: /workspace/build/temporal_mpc_ros2/install/rm_temporal_mpc_msgs/include/rm_temporal_mpc_msgs/rm_temporal_mpc_msgs/msg/detail/proposal__type_support.cpp
[0.391s] -- Up-to-date: /workspace/build/temporal_mpc_ros2/install/rm_temporal_mpc_msgs/include/rm_temporal_mpc_msgs/rm_temporal_mpc_msgs/msg/detail/state_request__rosidl_typesupport_introspection_cpp.hpp
[0.391s] -- Up-to-date: /workspace/build/temporal_mpc_ros2/install/rm_temporal_mpc_msgs/lib/librm_temporal_mpc_msgs__rosidl_typesupport_introspection_cpp.so
[0.391s] -- Up-to-date: /workspace/build/temporal_mpc_ros2/install/rm_temporal_mpc_msgs/lib/librm_temporal_mpc_msgs__rosidl_typesupport_cpp.so
[0.391s] -- Up-to-date: /workspace/build/temporal_mpc_ros2/install/rm_temporal_mpc_msgs/share/rm_temporal_mpc_msgs/environment/pythonpath.sh
[0.391s] -- Up-to-date: /workspace/build/temporal_mpc_ros2/install/rm_temporal_mpc_msgs/share/rm_temporal_mpc_msgs/environment/pythonpath.dsv
[0.391s] -- Up-to-date: /workspace/build/temporal_mpc_ros2/install/rm_temporal_mpc_msgs/local/lib/python3.10/dist-packages/rm_temporal_mpc_msgs-0.1.0-py3.10.egg-info
[0.391s] -- Installing: /workspace/build/temporal_mpc_ros2/install/rm_temporal_mpc_msgs/local/lib/python3.10/dist-packages/rm_temporal_mpc_msgs-0.1.0-py3.10.egg-info/PKG-INFO
[0.391s] -- Installing: /workspace/build/temporal_mpc_ros2/install/rm_temporal_mpc_msgs/local/lib/python3.10/dist-packages/rm_temporal_mpc_msgs-0.1.0-py3.10.egg-info/SOURCES.txt
[0.392s] -- Installing: /workspace/build/temporal_mpc_ros2/install/rm_temporal_mpc_msgs/local/lib/python3.10/dist-packages/rm_temporal_mpc_msgs-0.1.0-py3.10.egg-info/top_level.txt
[0.392s] -- Installing: /workspace/build/temporal_mpc_ros2/install/rm_temporal_mpc_msgs/local/lib/python3.10/dist-packages/rm_temporal_mpc_msgs-0.1.0-py3.10.egg-info/dependency_links.txt
[0.392s] -- Up-to-date: /workspace/build/temporal_mpc_ros2/install/rm_temporal_mpc_msgs/local/lib/python3.10/dist-packages/rm_temporal_mpc_msgs
[0.392s] -- Up-to-date: /workspace/build/temporal_mpc_ros2/install/rm_temporal_mpc_msgs/local/lib/python3.10/dist-packages/rm_temporal_mpc_msgs/rm_temporal_mpc_msgs_s__rosidl_typesupport_introspection_c.cpython-310-x86_64-linux-gnu.so
[0.392s] -- Up-to-date: /workspace/build/temporal_mpc_ros2/install/rm_temporal_mpc_msgs/local/lib/python3.10/dist-packages/rm_temporal_mpc_msgs/rm_temporal_mpc_msgs_s__rosidl_typesupport_c.cpython-310-x86_64-linux-gnu.so
[0.392s] -- Up-to-date: /workspace/build/temporal_mpc_ros2/install/rm_temporal_mpc_msgs/local/lib/python3.10/dist-packages/rm_temporal_mpc_msgs/librm_temporal_mpc_msgs__rosidl_generator_py.so
[0.392s] -- Up-to-date: /workspace/build/temporal_mpc_ros2/install/rm_temporal_mpc_msgs/local/lib/python3.10/dist-packages/rm_temporal_mpc_msgs/__init__.py
[0.392s] -- Up-to-date: /workspace/build/temporal_mpc_ros2/install/rm_temporal_mpc_msgs/local/lib/python3.10/dist-packages/rm_temporal_mpc_msgs/_rm_temporal_mpc_msgs_s.ep.rosidl_typesupport_fastrtps_c.c
[0.393s] -- Up-to-date: /workspace/build/temporal_mpc_ros2/install/rm_temporal_mpc_msgs/local/lib/python3.10/dist-packages/rm_temporal_mpc_msgs/rm_temporal_mpc_msgs_s__rosidl_typesupport_fastrtps_c.cpython-310-x86_64-linux-gnu.so
[0.393s] -- Up-to-date: /workspace/build/temporal_mpc_ros2/install/rm_temporal_mpc_msgs/local/lib/python3.10/dist-packages/rm_temporal_mpc_msgs/_rm_temporal_mpc_msgs_s.ep.rosidl_typesupport_c.c
[0.393s] -- Up-to-date: /workspace/build/temporal_mpc_ros2/install/rm_temporal_mpc_msgs/local/lib/python3.10/dist-packages/rm_temporal_mpc_msgs/msg
[0.393s] -- Up-to-date: /workspace/build/temporal_mpc_ros2/install/rm_temporal_mpc_msgs/local/lib/python3.10/dist-packages/rm_temporal_mpc_msgs/msg/_plan.py
[0.393s] -- Up-to-date: /workspace/build/temporal_mpc_ros2/install/rm_temporal_mpc_msgs/local/lib/python3.10/dist-packages/rm_temporal_mpc_msgs/msg/_state_request.py
[0.393s] -- Up-to-date: /workspace/build/temporal_mpc_ros2/install/rm_temporal_mpc_msgs/local/lib/python3.10/dist-packages/rm_temporal_mpc_msgs/msg/_proposal.py
[0.393s] -- Up-to-date: /workspace/build/temporal_mpc_ros2/install/rm_temporal_mpc_msgs/local/lib/python3.10/dist-packages/rm_temporal_mpc_msgs/msg/__init__.py
[0.393s] -- Up-to-date: /workspace/build/temporal_mpc_ros2/install/rm_temporal_mpc_msgs/local/lib/python3.10/dist-packages/rm_temporal_mpc_msgs/msg/_proposal_s.c
[0.394s] -- Up-to-date: /workspace/build/temporal_mpc_ros2/install/rm_temporal_mpc_msgs/local/lib/python3.10/dist-packages/rm_temporal_mpc_msgs/msg/_plan_s.c
[0.394s] -- Up-to-date: /workspace/build/temporal_mpc_ros2/install/rm_temporal_mpc_msgs/local/lib/python3.10/dist-packages/rm_temporal_mpc_msgs/msg/_state_request_s.c
[0.394s] -- Up-to-date: /workspace/build/temporal_mpc_ros2/install/rm_temporal_mpc_msgs/local/lib/python3.10/dist-packages/rm_temporal_mpc_msgs/_rm_temporal_mpc_msgs_s.ep.rosidl_typesupport_introspection_c.c
[0.422s] Listing '/workspace/build/temporal_mpc_ros2/install/rm_temporal_mpc_msgs/local/lib/python3.10/dist-packages/rm_temporal_mpc_msgs'...
[0.423s] Listing '/workspace/build/temporal_mpc_ros2/install/rm_temporal_mpc_msgs/local/lib/python3.10/dist-packages/rm_temporal_mpc_msgs/msg'...
[0.427s] -- Up-to-date: /workspace/build/temporal_mpc_ros2/install/rm_temporal_mpc_msgs/local/lib/python3.10/dist-packages/rm_temporal_mpc_msgs/rm_temporal_mpc_msgs_s__rosidl_typesupport_fastrtps_c.cpython-310-x86_64-linux-gnu.so
[0.428s] -- Up-to-date: /workspace/build/temporal_mpc_ros2/install/rm_temporal_mpc_msgs/local/lib/python3.10/dist-packages/rm_temporal_mpc_msgs/rm_temporal_mpc_msgs_s__rosidl_typesupport_introspection_c.cpython-310-x86_64-linux-gnu.so
[0.428s] -- Up-to-date: /workspace/build/temporal_mpc_ros2/install/rm_temporal_mpc_msgs/local/lib/python3.10/dist-packages/rm_temporal_mpc_msgs/rm_temporal_mpc_msgs_s__rosidl_typesupport_c.cpython-310-x86_64-linux-gnu.so
[0.429s] -- Up-to-date: /workspace/build/temporal_mpc_ros2/install/rm_temporal_mpc_msgs/lib/librm_temporal_mpc_msgs__rosidl_generator_py.so
[0.429s] -- Up-to-date: /workspace/build/temporal_mpc_ros2/install/rm_temporal_mpc_msgs/share/ament_index/resource_index/rust_packages/rm_temporal_mpc_msgs
[0.429s] -- Up-to-date: /workspace/build/temporal_mpc_ros2/install/rm_temporal_mpc_msgs/share/rm_temporal_mpc_msgs/rust
[0.429s] -- Up-to-date: /workspace/build/temporal_mpc_ros2/install/rm_temporal_mpc_msgs/share/rm_temporal_mpc_msgs/rust/build.rs
[0.430s] -- Up-to-date: /workspace/build/temporal_mpc_ros2/install/rm_temporal_mpc_msgs/share/rm_temporal_mpc_msgs/rust/Cargo.toml
[0.431s] -- Up-to-date: /workspace/build/temporal_mpc_ros2/install/rm_temporal_mpc_msgs/share/rm_temporal_mpc_msgs/rust/src
[0.431s] -- Up-to-date: /workspace/build/temporal_mpc_ros2/install/rm_temporal_mpc_msgs/share/rm_temporal_mpc_msgs/rust/src/lib.rs
[0.431s] -- Up-to-date: /workspace/build/temporal_mpc_ros2/install/rm_temporal_mpc_msgs/share/rm_temporal_mpc_msgs/rust/src/msg
[0.431s] -- Up-to-date: /workspace/build/temporal_mpc_ros2/install/rm_temporal_mpc_msgs/share/rm_temporal_mpc_msgs/rust/src/msg/rmw.rs
[0.431s] -- Up-to-date: /workspace/build/temporal_mpc_ros2/install/rm_temporal_mpc_msgs/share/rm_temporal_mpc_msgs/rust/src/msg.rs
[0.431s] -- Up-to-date: /workspace/build/temporal_mpc_ros2/install/rm_temporal_mpc_msgs/share/rm_temporal_mpc_msgs/msg/Plan.idl
[0.432s] -- Up-to-date: /workspace/build/temporal_mpc_ros2/install/rm_temporal_mpc_msgs/share/rm_temporal_mpc_msgs/msg/StateRequest.idl
[0.432s] -- Up-to-date: /workspace/build/temporal_mpc_ros2/install/rm_temporal_mpc_msgs/share/rm_temporal_mpc_msgs/msg/Proposal.idl
[0.432s] -- Up-to-date: /workspace/build/temporal_mpc_ros2/install/rm_temporal_mpc_msgs/share/rm_temporal_mpc_msgs/msg/Plan.msg
[0.432s] -- Up-to-date: /workspace/build/temporal_mpc_ros2/install/rm_temporal_mpc_msgs/share/rm_temporal_mpc_msgs/msg/StateRequest.msg
[0.432s] -- Up-to-date: /workspace/build/temporal_mpc_ros2/install/rm_temporal_mpc_msgs/share/rm_temporal_mpc_msgs/msg/Proposal.msg
[0.432s] -- Up-to-date: /workspace/build/temporal_mpc_ros2/install/rm_temporal_mpc_msgs/share/ament_index/resource_index/package_run_dependencies/rm_temporal_mpc_msgs
[0.432s] -- Up-to-date: /workspace/build/temporal_mpc_ros2/install/rm_temporal_mpc_msgs/share/ament_index/resource_index/parent_prefix_path/rm_temporal_mpc_msgs
[0.433s] -- Up-to-date: /workspace/build/temporal_mpc_ros2/install/rm_temporal_mpc_msgs/share/rm_temporal_mpc_msgs/environment/ament_prefix_path.sh
[0.433s] -- Up-to-date: /workspace/build/temporal_mpc_ros2/install/rm_temporal_mpc_msgs/share/rm_temporal_mpc_msgs/environment/ament_prefix_path.dsv
[0.435s] -- Up-to-date: /workspace/build/temporal_mpc_ros2/install/rm_temporal_mpc_msgs/share/rm_temporal_mpc_msgs/environment/path.sh
[0.435s] -- Up-to-date: /workspace/build/temporal_mpc_ros2/install/rm_temporal_mpc_msgs/share/rm_temporal_mpc_msgs/environment/path.dsv
[0.435s] -- Up-to-date: /workspace/build/temporal_mpc_ros2/install/rm_temporal_mpc_msgs/share/rm_temporal_mpc_msgs/local_setup.bash
[0.436s] -- Up-to-date: /workspace/build/temporal_mpc_ros2/install/rm_temporal_mpc_msgs/share/rm_temporal_mpc_msgs/local_setup.sh
[0.436s] -- Up-to-date: /workspace/build/temporal_mpc_ros2/install/rm_temporal_mpc_msgs/share/rm_temporal_mpc_msgs/local_setup.zsh
[0.436s] -- Up-to-date: /workspace/build/temporal_mpc_ros2/install/rm_temporal_mpc_msgs/share/rm_temporal_mpc_msgs/local_setup.dsv
[0.436s] -- Installing: /workspace/build/temporal_mpc_ros2/install/rm_temporal_mpc_msgs/share/rm_temporal_mpc_msgs/package.dsv
[0.437s] -- Up-to-date: /workspace/build/temporal_mpc_ros2/install/rm_temporal_mpc_msgs/share/ament_index/resource_index/packages/rm_temporal_mpc_msgs
[0.437s] -- Up-to-date: /workspace/build/temporal_mpc_ros2/install/rm_temporal_mpc_msgs/share/rm_temporal_mpc_msgs/cmake/export_rm_temporal_mpc_msgs__rosidl_generator_cExport.cmake
[0.437s] -- Up-to-date: /workspace/build/temporal_mpc_ros2/install/rm_temporal_mpc_msgs/share/rm_temporal_mpc_msgs/cmake/export_rm_temporal_mpc_msgs__rosidl_generator_cExport-release.cmake
[0.437s] -- Up-to-date: /workspace/build/temporal_mpc_ros2/install/rm_temporal_mpc_msgs/share/rm_temporal_mpc_msgs/cmake/export_rm_temporal_mpc_msgs__rosidl_typesupport_fastrtps_cExport.cmake
[0.437s] -- Up-to-date: /workspace/build/temporal_mpc_ros2/install/rm_temporal_mpc_msgs/share/rm_temporal_mpc_msgs/cmake/export_rm_temporal_mpc_msgs__rosidl_typesupport_fastrtps_cExport-release.cmake
[0.438s] -- Up-to-date: /workspace/build/temporal_mpc_ros2/install/rm_temporal_mpc_msgs/share/rm_temporal_mpc_msgs/cmake/rm_temporal_mpc_msgs__rosidl_typesupport_introspection_cExport.cmake
[0.438s] -- Up-to-date: /workspace/build/temporal_mpc_ros2/install/rm_temporal_mpc_msgs/share/rm_temporal_mpc_msgs/cmake/rm_temporal_mpc_msgs__rosidl_typesupport_introspection_cExport-release.cmake
[0.438s] -- Up-to-date: /workspace/build/temporal_mpc_ros2/install/rm_temporal_mpc_msgs/share/rm_temporal_mpc_msgs/cmake/rm_temporal_mpc_msgs__rosidl_typesupport_cExport.cmake
[0.438s] -- Up-to-date: /workspace/build/temporal_mpc_ros2/install/rm_temporal_mpc_msgs/share/rm_temporal_mpc_msgs/cmake/rm_temporal_mpc_msgs__rosidl_typesupport_cExport-release.cmake
[0.438s] -- Up-to-date: /workspace/build/temporal_mpc_ros2/install/rm_temporal_mpc_msgs/share/rm_temporal_mpc_msgs/cmake/export_rm_temporal_mpc_msgs__rosidl_generator_cppExport.cmake
[0.439s] -- Up-to-date: /workspace/build/temporal_mpc_ros2/install/rm_temporal_mpc_msgs/share/rm_temporal_mpc_msgs/cmake/export_rm_temporal_mpc_msgs__rosidl_typesupport_fastrtps_cppExport.cmake
[0.439s] -- Up-to-date: /workspace/build/temporal_mpc_ros2/install/rm_temporal_mpc_msgs/share/rm_temporal_mpc_msgs/cmake/export_rm_temporal_mpc_msgs__rosidl_typesupport_fastrtps_cppExport-release.cmake
[0.439s] -- Up-to-date: /workspace/build/temporal_mpc_ros2/install/rm_temporal_mpc_msgs/share/rm_temporal_mpc_msgs/cmake/rm_temporal_mpc_msgs__rosidl_typesupport_introspection_cppExport.cmake
[0.439s] -- Up-to-date: /workspace/build/temporal_mpc_ros2/install/rm_temporal_mpc_msgs/share/rm_temporal_mpc_msgs/cmake/rm_temporal_mpc_msgs__rosidl_typesupport_introspection_cppExport-release.cmake
[0.440s] -- Up-to-date: /workspace/build/temporal_mpc_ros2/install/rm_temporal_mpc_msgs/share/rm_temporal_mpc_msgs/cmake/rm_temporal_mpc_msgs__rosidl_typesupport_cppExport.cmake
[0.440s] -- Up-to-date: /workspace/build/temporal_mpc_ros2/install/rm_temporal_mpc_msgs/share/rm_temporal_mpc_msgs/cmake/rm_temporal_mpc_msgs__rosidl_typesupport_cppExport-release.cmake
[0.440s] -- Up-to-date: /workspace/build/temporal_mpc_ros2/install/rm_temporal_mpc_msgs/share/rm_temporal_mpc_msgs/cmake/export_rm_temporal_mpc_msgs__rosidl_generator_pyExport.cmake
[0.440s] -- Up-to-date: /workspace/build/temporal_mpc_ros2/install/rm_temporal_mpc_msgs/share/rm_temporal_mpc_msgs/cmake/export_rm_temporal_mpc_msgs__rosidl_generator_pyExport-release.cmake
[0.440s] -- Up-to-date: /workspace/build/temporal_mpc_ros2/install/rm_temporal_mpc_msgs/share/rm_temporal_mpc_msgs/cmake/rosidl_cmake-extras.cmake
[0.440s] -- Up-to-date: /workspace/build/temporal_mpc_ros2/install/rm_temporal_mpc_msgs/share/rm_temporal_mpc_msgs/cmake/ament_cmake_export_dependencies-extras.cmake
[0.440s] -- Up-to-date: /workspace/build/temporal_mpc_ros2/install/rm_temporal_mpc_msgs/share/rm_temporal_mpc_msgs/cmake/ament_cmake_export_include_directories-extras.cmake
[0.441s] -- Up-to-date: /workspace/build/temporal_mpc_ros2/install/rm_temporal_mpc_msgs/share/rm_temporal_mpc_msgs/cmake/ament_cmake_export_libraries-extras.cmake
[0.441s] -- Up-to-date: /workspace/build/temporal_mpc_ros2/install/rm_temporal_mpc_msgs/share/rm_temporal_mpc_msgs/cmake/ament_cmake_export_targets-extras.cmake
[0.441s] -- Up-to-date: /workspace/build/temporal_mpc_ros2/install/rm_temporal_mpc_msgs/share/rm_temporal_mpc_msgs/cmake/rosidl_cmake_export_typesupport_targets-extras.cmake
[0.441s] -- Up-to-date: /workspace/build/temporal_mpc_ros2/install/rm_temporal_mpc_msgs/share/rm_temporal_mpc_msgs/cmake/rosidl_cmake_export_typesupport_libraries-extras.cmake
[0.441s] -- Up-to-date: /workspace/build/temporal_mpc_ros2/install/rm_temporal_mpc_msgs/share/rm_temporal_mpc_msgs/cmake/rm_temporal_mpc_msgsConfig.cmake
[0.442s] -- Up-to-date: /workspace/build/temporal_mpc_ros2/install/rm_temporal_mpc_msgs/share/rm_temporal_mpc_msgs/cmake/rm_temporal_mpc_msgsConfig-version.cmake
[0.442s] -- Up-to-date: /workspace/build/temporal_mpc_ros2/install/rm_temporal_mpc_msgs/share/rm_temporal_mpc_msgs/package.xml
[0.442s] Invoked command in '/workspace/build/temporal_mpc_ros2/build/rm_temporal_mpc_msgs' returned '0': CMAKE_PREFIX_PATH=/opt/ros/humble /usr/bin/cmake --install /workspace/build/temporal_mpc_ros2/build/rm_temporal_mpc_msgs
