[ 33%] Built target moving_obstacle_controller
[ 66%] Built target fake_pointcloud_obstacle_publisher
[100%] Built target scan_frame_adapter
-- Install configuration: "Release"
-- Up-to-date: /workspace/build/temporal_mpc_ros2/install/rm_simulation/lib/rm_simulation/fake_pointcloud_obstacle_publisher
-- Up-to-date: /workspace/build/temporal_mpc_ros2/install/rm_simulation/lib/rm_simulation/scan_frame_adapter
-- Up-to-date: /workspace/build/temporal_mpc_ros2/install/rm_simulation/lib/rm_simulation/moving_obstacle_controller
-- Up-to-date: /workspace/build/temporal_mpc_ros2/install/rm_simulation/share/rm_simulation/config
-- Up-to-date: /workspace/build/temporal_mpc_ros2/install/rm_simulation/share/rm_simulation/config/ros_gz_bridge.yaml
-- Up-to-date: /workspace/build/temporal_mpc_ros2/install/rm_simulation/share/rm_simulation/config/course_dynamic_bridge.yaml
-- Up-to-date: /workspace/build/temporal_mpc_ros2/install/rm_simulation/share/rm_simulation/launch
-- Up-to-date: /workspace/build/temporal_mpc_ros2/install/rm_simulation/share/rm_simulation/launch/phase1_5_mppi_course.launch.py
-- Up-to-date: /workspace/build/temporal_mpc_ros2/install/rm_simulation/share/rm_simulation/launch/phase1_5_mppi.launch.py
-- Up-to-date: /workspace/build/temporal_mpc_ros2/install/rm_simulation/share/rm_simulation/launch/phase1_5_gazebo.launch.py
-- Up-to-date: /workspace/build/temporal_mpc_ros2/install/rm_simulation/share/rm_simulation/launch/phase2g_pointcloud_obstacle.launch.py
-- Up-to-date: /workspace/build/temporal_mpc_ros2/install/rm_simulation/share/rm_simulation/models
-- Up-to-date: /workspace/build/temporal_mpc_ros2/install/rm_simulation/share/rm_simulation/models/moving_obstacle.sdf
-- Up-to-date: /workspace/build/temporal_mpc_ros2/install/rm_simulation/share/rm_simulation/models/course_wall.sdf
-- Up-to-date: /workspace/build/temporal_mpc_ros2/install/rm_simulation/share/rm_simulation/worlds
-- Up-to-date: /workspace/build/temporal_mpc_ros2/install/rm_simulation/share/rm_simulation/worlds/phase1_omni.sdf
-- Up-to-date: /workspace/build/temporal_mpc_ros2/install/rm_simulation/share/ament_index/resource_index/package_run_dependencies/rm_simulation
-- Up-to-date: /workspace/build/temporal_mpc_ros2/install/rm_simulation/share/ament_index/resource_index/parent_prefix_path/rm_simulation
-- Up-to-date: /workspace/build/temporal_mpc_ros2/install/rm_simulation/share/rm_simulation/environment/ament_prefix_path.sh
-- Up-to-date: /workspace/build/temporal_mpc_ros2/install/rm_simulation/share/rm_simulation/environment/ament_prefix_path.dsv
-- Up-to-date: /workspace/build/temporal_mpc_ros2/install/rm_simulation/share/rm_simulation/environment/path.sh
-- Up-to-date: /workspace/build/temporal_mpc_ros2/install/rm_simulation/share/rm_simulation/environment/path.dsv
-- Up-to-date: /workspace/build/temporal_mpc_ros2/install/rm_simulation/share/rm_simulation/local_setup.bash
-- Up-to-date: /workspace/build/temporal_mpc_ros2/install/rm_simulation/share/rm_simulation/local_setup.sh
-- Up-to-date: /workspace/build/temporal_mpc_ros2/install/rm_simulation/share/rm_simulation/local_setup.zsh
-- Up-to-date: /workspace/build/temporal_mpc_ros2/install/rm_simulation/share/rm_simulation/local_setup.dsv
-- Installing: /workspace/build/temporal_mpc_ros2/install/rm_simulation/share/rm_simulation/package.dsv
-- Up-to-date: /workspace/build/temporal_mpc_ros2/install/rm_simulation/share/ament_index/resource_index/packages/rm_simulation
-- Up-to-date: /workspace/build/temporal_mpc_ros2/install/rm_simulation/share/rm_simulation/cmake/rm_simulationConfig.cmake
-- Up-to-date: /workspace/build/temporal_mpc_ros2/install/rm_simulation/share/rm_simulation/cmake/rm_simulationConfig-version.cmake
-- Up-to-date: /workspace/build/temporal_mpc_ros2/install/rm_simulation/share/rm_simulation/package.xml
