[0.021s] Invoking command in '/workspace/build/temporal_mpc_ros2/build/rm_simulation': AMENT_PREFIX_PATH=/workspace/build/temporal_mpc_ros2/install/rm_localization_adapters:/workspace/build/temporal_mpc_ros2/install/rm_chassis_interface:/workspace/build/temporal_mpc_ros2/install/rm_description:/workspace/build/temporal_mpc_ros2/install/rm_competition_interfaces:${AMENT_PREFIX_PATH} CMAKE_PREFIX_PATH=/workspace/build/temporal_mpc_ros2/install/rm_localization_adapters:/workspace/build/temporal_mpc_ros2/install/rm_chassis_interface:/workspace/build/temporal_mpc_ros2/install/rm_description:/workspace/build/temporal_mpc_ros2/install/rm_competition_interfaces:/opt/ros/humble LD_LIBRARY_PATH=/workspace/build/temporal_mpc_ros2/install/rm_competition_interfaces/lib:${LD_LIBRARY_PATH} PYTHONPATH=/workspace/build/temporal_mpc_ros2/install/rm_competition_interfaces/local/lib/python3.10/dist-packages:${PYTHONPATH} /usr/bin/cmake --build /workspace/build/temporal_mpc_ros2/build/rm_simulation -- -j32 -l32
[0.114s] [ 33%] Built target moving_obstacle_controller
[0.118s] [ 66%] Built target fake_pointcloud_obstacle_publisher
[0.120s] [100%] Built target scan_frame_adapter
[0.136s] Invoked command in '/workspace/build/temporal_mpc_ros2/build/rm_simulation' returned '0': AMENT_PREFIX_PATH=/workspace/build/temporal_mpc_ros2/install/rm_localization_adapters:/workspace/build/temporal_mpc_ros2/install/rm_chassis_interface:/workspace/build/temporal_mpc_ros2/install/rm_description:/workspace/build/temporal_mpc_ros2/install/rm_competition_interfaces:${AMENT_PREFIX_PATH} CMAKE_PREFIX_PATH=/workspace/build/temporal_mpc_ros2/install/rm_localization_adapters:/workspace/build/temporal_mpc_ros2/install/rm_chassis_interface:/workspace/build/temporal_mpc_ros2/install/rm_description:/workspace/build/temporal_mpc_ros2/install/rm_competition_interfaces:/opt/ros/humble LD_LIBRARY_PATH=/workspace/build/temporal_mpc_ros2/install/rm_competition_interfaces/lib:${LD_LIBRARY_PATH} PYTHONPATH=/workspace/build/temporal_mpc_ros2/install/rm_competition_interfaces/local/lib/python3.10/dist-packages:${PYTHONPATH} /usr/bin/cmake --build /workspace/build/temporal_mpc_ros2/build/rm_simulation -- -j32 -l32
[0.137s] Invoking command in '/workspace/build/temporal_mpc_ros2/build/rm_simulation': AMENT_PREFIX_PATH=/workspace/build/temporal_mpc_ros2/install/rm_localization_adapters:/workspace/build/temporal_mpc_ros2/install/rm_chassis_interface:/workspace/build/temporal_mpc_ros2/install/rm_description:/workspace/build/temporal_mpc_ros2/install/rm_competition_interfaces:${AMENT_PREFIX_PATH} CMAKE_PREFIX_PATH=/workspace/build/temporal_mpc_ros2/install/rm_localization_adapters:/workspace/build/temporal_mpc_ros2/install/rm_chassis_interface:/workspace/build/temporal_mpc_ros2/install/rm_description:/workspace/build/temporal_mpc_ros2/install/rm_competition_interfaces:/opt/ros/humble LD_LIBRARY_PATH=/workspace/build/temporal_mpc_ros2/install/rm_competition_interfaces/lib:${LD_LIBRARY_PATH} PYTHONPATH=/workspace/build/temporal_mpc_ros2/install/rm_competition_interfaces/local/lib/python3.10/dist-packages:${PYTHONPATH} /usr/bin/cmake --install /workspace/build/temporal_mpc_ros2/build/rm_simulation
[0.152s] -- Install configuration: "Release"
[0.152s] -- Up-to-date: /workspace/build/temporal_mpc_ros2/install/rm_simulation/lib/rm_simulation/fake_pointcloud_obstacle_publisher
[0.153s] -- Up-to-date: /workspace/build/temporal_mpc_ros2/install/rm_simulation/lib/rm_simulation/scan_frame_adapter
[0.154s] -- Up-to-date: /workspace/build/temporal_mpc_ros2/install/rm_simulation/lib/rm_simulation/moving_obstacle_controller
[0.154s] -- Up-to-date: /workspace/build/temporal_mpc_ros2/install/rm_simulation/share/rm_simulation/config
[0.154s] -- Up-to-date: /workspace/build/temporal_mpc_ros2/install/rm_simulation/share/rm_simulation/config/ros_gz_bridge.yaml
[0.154s] -- Up-to-date: /workspace/build/temporal_mpc_ros2/install/rm_simulation/share/rm_simulation/config/course_dynamic_bridge.yaml
[0.155s] -- Up-to-date: /workspace/build/temporal_mpc_ros2/install/rm_simulation/share/rm_simulation/launch
[0.155s] -- Up-to-date: /workspace/build/temporal_mpc_ros2/install/rm_simulation/share/rm_simulation/launch/phase1_5_mppi_course.launch.py
[0.155s] -- Up-to-date: /workspace/build/temporal_mpc_ros2/install/rm_simulation/share/rm_simulation/launch/phase1_5_mppi.launch.py
[0.155s] -- Up-to-date: /workspace/build/temporal_mpc_ros2/install/rm_simulation/share/rm_simulation/launch/phase1_5_gazebo.launch.py
[0.155s] -- Up-to-date: /workspace/build/temporal_mpc_ros2/install/rm_simulation/share/rm_simulation/launch/phase2g_pointcloud_obstacle.launch.py
[0.155s] -- Up-to-date: /workspace/build/temporal_mpc_ros2/install/rm_simulation/share/rm_simulation/models
[0.155s] -- Up-to-date: /workspace/build/temporal_mpc_ros2/install/rm_simulation/share/rm_simulation/models/moving_obstacle.sdf
[0.155s] -- Up-to-date: /workspace/build/temporal_mpc_ros2/install/rm_simulation/share/rm_simulation/models/course_wall.sdf
[0.156s] -- Up-to-date: /workspace/build/temporal_mpc_ros2/install/rm_simulation/share/rm_simulation/worlds
[0.156s] -- Up-to-date: /workspace/build/temporal_mpc_ros2/install/rm_simulation/share/rm_simulation/worlds/phase1_omni.sdf
[0.156s] -- Up-to-date: /workspace/build/temporal_mpc_ros2/install/rm_simulation/share/ament_index/resource_index/package_run_dependencies/rm_simulation
[0.156s] -- Up-to-date: /workspace/build/temporal_mpc_ros2/install/rm_simulation/share/ament_index/resource_index/parent_prefix_path/rm_simulation
[0.156s] -- Up-to-date: /workspace/build/temporal_mpc_ros2/install/rm_simulation/share/rm_simulation/environment/ament_prefix_path.sh
[0.157s] -- Up-to-date: /workspace/build/temporal_mpc_ros2/install/rm_simulation/share/rm_simulation/environment/ament_prefix_path.dsv
[0.157s] -- Up-to-date: /workspace/build/temporal_mpc_ros2/install/rm_simulation/share/rm_simulation/environment/path.sh
[0.157s] -- Up-to-date: /workspace/build/temporal_mpc_ros2/install/rm_simulation/share/rm_simulation/environment/path.dsv
[0.157s] -- Up-to-date: /workspace/build/temporal_mpc_ros2/install/rm_simulation/share/rm_simulation/local_setup.bash
[0.157s] -- Up-to-date: /workspace/build/temporal_mpc_ros2/install/rm_simulation/share/rm_simulation/local_setup.sh
[0.157s] -- Up-to-date: /workspace/build/temporal_mpc_ros2/install/rm_simulation/share/rm_simulation/local_setup.zsh
[0.157s] -- Up-to-date: /workspace/build/temporal_mpc_ros2/install/rm_simulation/share/rm_simulation/local_setup.dsv
[0.157s] -- Installing: /workspace/build/temporal_mpc_ros2/install/rm_simulation/share/rm_simulation/package.dsv
[0.158s] -- Up-to-date: /workspace/build/temporal_mpc_ros2/install/rm_simulation/share/ament_index/resource_index/packages/rm_simulation
[0.158s] -- Up-to-date: /workspace/build/temporal_mpc_ros2/install/rm_simulation/share/rm_simulation/cmake/rm_simulationConfig.cmake
[0.158s] -- Up-to-date: /workspace/build/temporal_mpc_ros2/install/rm_simulation/share/rm_simulation/cmake/rm_simulationConfig-version.cmake
[0.158s] -- Up-to-date: /workspace/build/temporal_mpc_ros2/install/rm_simulation/share/rm_simulation/package.xml
[0.159s] Invoked command in '/workspace/build/temporal_mpc_ros2/build/rm_simulation' returned '0': AMENT_PREFIX_PATH=/workspace/build/temporal_mpc_ros2/install/rm_localization_adapters:/workspace/build/temporal_mpc_ros2/install/rm_chassis_interface:/workspace/build/temporal_mpc_ros2/install/rm_description:/workspace/build/temporal_mpc_ros2/install/rm_competition_interfaces:${AMENT_PREFIX_PATH} CMAKE_PREFIX_PATH=/workspace/build/temporal_mpc_ros2/install/rm_localization_adapters:/workspace/build/temporal_mpc_ros2/install/rm_chassis_interface:/workspace/build/temporal_mpc_ros2/install/rm_description:/workspace/build/temporal_mpc_ros2/install/rm_competition_interfaces:/opt/ros/humble LD_LIBRARY_PATH=/workspace/build/temporal_mpc_ros2/install/rm_competition_interfaces/lib:${LD_LIBRARY_PATH} PYTHONPATH=/workspace/build/temporal_mpc_ros2/install/rm_competition_interfaces/local/lib/python3.10/dist-packages:${PYTHONPATH} /usr/bin/cmake --install /workspace/build/temporal_mpc_ros2/build/rm_simulation
