[INFO] [launch]: All log files can be found below /home/rmnav/.ros/log/2026-10-04-03-29-20-993497-2fc274a340b9-35
[INFO] [launch]: Default logging verbosity is set to INFO
[INFO] [ign gazebo-1]: process started with pid [174]
[INFO] [parameter_bridge-2]: process started with pid [176]
[INFO] [scan_frame_adapter-3]: process started with pid [179]
[INFO] [robot_state_publisher-4]: process started with pid [181]
[INFO] [map_odom_stub-5]: process started with pid [183]
[INFO] [lio_adapter-6]: process started with pid [185]
[INFO] [gimbal_state_adapter-7]: process started with pid [187]
[INFO] [imu_frame_adapter-8]: process started with pid [189]
[INFO] [chassis_interface_stub-9]: process started with pid [191]
[chassis_interface_stub-9] [WARN] [1791084561.437267728] [chassis_interface_stub]: Phase 1 chassis stub only: no TF, no odom, no nav goals, no real serial.
[imu_frame_adapter-8] [WARN] [1791084561.441730930] [imu_frame_adapter]: Phase 1 IMU frame adapter: /livox/lio_imu_raw -> /livox/lio_imu, output frame_id=lio_imu_link. This node only rewrites header.frame_id; it does not publish TF, filter IMU data, or modify measurements.
[map_odom_stub-5] [WARN] [1791084561.443004842] [map_odom_stub]: Phase 1 placeholder: publishing dynamic identity map -> odom. Remove this node when real global localization is connected.
[gimbal_state_adapter-7] [WARN] [1791084561.445314653] [gimbal_state_adapter]: Phase 1 skeleton: publishing gimbal_yaw_joint on /joint_states. Real hardware must provide timestamped gimbal yaw before rotating-gimbal localization is accepted.
[scan_frame_adapter-3] [WARN] [1791084561.450006616] [scan_frame_adapter]: Simulation-only scan adapter: /simulation/scan_raw -> /scan with frame_id=sim_lidar_link. No TF is published.
[robot_state_publisher-4] [INFO] [1791084561.451286117] [robot_state_publisher]: got segment base_imu_link
[robot_state_publisher-4] [INFO] [1791084561.451455285] [robot_state_publisher]: got segment base_link
[robot_state_publisher-4] [INFO] [1791084561.451477628] [robot_state_publisher]: got segment gimbal_yaw_link
[robot_state_publisher-4] [INFO] [1791084561.451493324] [robot_state_publisher]: got segment lio_imu_link
[robot_state_publisher-4] [INFO] [1791084561.451508471] [robot_state_publisher]: got segment mid360_left_frame
[robot_state_publisher-4] [INFO] [1791084561.451522799] [robot_state_publisher]: got segment mid360_right_frame
[robot_state_publisher-4] [INFO] [1791084561.451537137] [robot_state_publisher]: got segment sim_lidar_link
[lio_adapter-6] [WARN] [1791084561.457568435] [lio_adapter]: Canonical LIO adapter: adapting /simulation/ground_truth/odom to /odometry/lio through TF base_link->sensor with gimbal frame gimbal_yaw_link. raw_odom_parent_frame_mode=canonical_odom. twist_mode=passthrough. Real hardware still requires calibrated and timestamped gimbal yaw.
[parameter_bridge-2] Couldn't find a preferred IP via the getifaddrs() call; I'm assuming that your IP address is 127.0.0.1.  This should work for local processes, but will almost certainly not work if you have remote processes.Report to the disc-zmq development team to seek a fix.
[parameter_bridge-2] Couldn't find a preferred IP via the getifaddrs() call; I'm assuming that your IP address is 127.0.0.1.  This should work for local processes, but will almost certainly not work if you have remote processes.Report to the disc-zmq development team to seek a fix.
[parameter_bridge-2] Couldn't find a preferred IP via the getifaddrs() call; I'm assuming that your IP address is 127.0.0.1.  This should work for local processes, but will almost certainly not work if you have remote processes.Report to the disc-zmq development team to seek a fix.
[parameter_bridge-2] Couldn't find a preferred IP via the getifaddrs() call; I'm assuming that your IP address is 127.0.0.1.  This should work for local processes, but will almost certainly not work if you have remote processes.Report to the disc-zmq development team to seek a fix.
[ign gazebo-1] Couldn't find a preferred IP via the getifaddrs() call; I'm assuming that your IP address is 127.0.0.1.  This should work for local processes, but will almost certainly not work if you have remote processes.Report to the disc-zmq development team to seek a fix.
[ign gazebo-1] Couldn't find a preferred IP via the getifaddrs() call; I'm assuming that your IP address is 127.0.0.1.  This should work for local processes, but will almost certainly not work if you have remote processes.Report to the disc-zmq development team to seek a fix.
[ign gazebo-1] Couldn't find a preferred IP via the getifaddrs() call; I'm assuming that your IP address is 127.0.0.1.  This should work for local processes, but will almost certainly not work if you have remote processes.Report to the disc-zmq development team to seek a fix.
[ign gazebo-1] Couldn't find a preferred IP via the getifaddrs() call; I'm assuming that your IP address is 127.0.0.1.  This should work for local processes, but will almost certainly not work if you have remote processes.Report to the disc-zmq development team to seek a fix.
[parameter_bridge-2] [INFO] [1791084562.512785671] [simulation_bridge]: Creating GZ->ROS Bridge: [/clock (ignition.msgs.Clock) -> /clock (rosgraph_msgs/msg/Clock)] (Lazy 0)
[parameter_bridge-2] [INFO] [1791084562.514816357] [simulation_bridge]: Creating ROS->GZ Bridge: [/simulation/chassis/cmd_vel (geometry_msgs/msg/Twist) -> /model/rm_sentry_2027/cmd_vel (ignition.msgs.Twist)] (Lazy 0)
[parameter_bridge-2] [INFO] [1791084562.517038790] [simulation_bridge]: Creating GZ->ROS Bridge: [/model/rm_sentry_2027/odometry (ignition.msgs.Odometry) -> /simulation/ground_truth/odom (nav_msgs/msg/Odometry)] (Lazy 0)
[parameter_bridge-2] [INFO] [1791084562.518858234] [simulation_bridge]: Creating GZ->ROS Bridge: [/model/rm_sentry_2027/sim_lidar/scan (ignition.msgs.LaserScan) -> /simulation/scan_raw (sensor_msgs/msg/LaserScan)] (Lazy 0)
[parameter_bridge-2] [INFO] [1791084562.520442895] [simulation_bridge]: Creating ROS->GZ Bridge: [/simulation/moving_obstacle/target (std_msgs/msg/Float64) -> /simulation/moving_obstacle/gz_target (ignition.msgs.Double)] (Lazy 0)
[parameter_bridge-2] [INFO] [1791084562.521363366] [simulation_bridge]: Creating GZ->ROS Bridge: [/model/rm_sentry_2027/pose (ignition.msgs.Pose_V) -> /simulation/oracle/rm_sentry_2027 (tf2_msgs/msg/TFMessage)] (Lazy 0)
[parameter_bridge-2] [INFO] [1791084562.522671102] [simulation_bridge]: Creating GZ->ROS Bridge: [/model/moving_obstacle/pose (ignition.msgs.Pose_V) -> /simulation/oracle/moving_obstacle (tf2_msgs/msg/TFMessage)] (Lazy 0)
[parameter_bridge-2] [INFO] [1791084562.523205852] [simulation_bridge]: Creating GZ->ROS Bridge: [/world/phase1_omni/dynamic_pose/info (ignition.msgs.Pose_V) -> /simulation/oracle/world (tf2_msgs/msg/TFMessage)] (Lazy 0)
[parameter_bridge-2] [INFO] [1791084562.545349975] [simulation_bridge]: Passing message from ROS std_msgs/msg/Float64 to Gazebo gz.msgs.Double (showing msg only once per type)
[scan_frame_adapter-3] [INFO] [1791084564.417541361] [scan_frame_adapter]: Gazebo raw scan frame_id is 'rm_sentry_2027/sim_lidar_link/phase1_planar_lidar'; canonical simulation frame is 'sim_lidar_link'.
