{
  "mode": "shadow",
  "stop_reason": "action terminated",
  "goal_epoch_s": 10.001,
  "final_sim_s": 23.483,
  "wall_s": 27.16874506300519,
  "result": {
    "status": 6,
    "result": {
      "result": {}
    }
  },
  "mpc_requested": false,
  "counts": {
    "registration": 1,
    "/controller_selector": 1,
    "/simulation/moving_obstacle/target": 543,
    "/tf_static": 1,
    "/tf": 3200,
    "/simulation/oracle/world": 1407,
    "/scan": 362,
    "/odometry/lio": 1194,
    "/simulation/ground_truth/odom": 1194,
    "/simulation/oracle/rm_sentry_2027": 1194,
    "/simulation/oracle/moving_obstacle": 1194,
    "/map": 1,
    "/dynamic_obstacle_predictions": 357,
    "source_tf": 357,
    "/temporal_mpc/plan": 3,
    "/temporal_mpc/health": 475,
    "ready": 1,
    "/temporal_mpc/solver_diagnostic": 87,
    "/temporal_mpc/state": 87,
    "/temporal_mpc/proposal": 87,
    "goal_sent": 1,
    "goal_accepted": 1,
    "/plan": 1,
    "/nav2/cmd_vel": 250,
    "/cmd_vel": 258,
    "/simulation/chassis/cmd_vel": 258,
    "goal_result": 1
  },
  "physical_acceptance": false,
  "input_gate_pending": true
}
