[INFO] [launch]: All log files can be found below /home/rmnav/.ros/log/2026-10-04-07-27-32-965547-eeff2f2f41f6-40
[INFO] [launch]: Default logging verbosity is set to INFO
[INFO] [ign gazebo-1]: process started with pid [189]
[INFO] [parameter_bridge-2]: process started with pid [191]
[INFO] [scan_frame_adapter-3]: process started with pid [193]
[INFO] [robot_state_publisher-4]: process started with pid [196]
[INFO] [lio_adapter-5]: process started with pid [198]
[INFO] [gimbal_state_adapter-6]: process started with pid [200]
[INFO] [imu_frame_adapter-7]: process started with pid [202]
[INFO] [static_transform_publisher-8]: process started with pid [204]
[INFO] [chassis_interface_stub-9]: process started with pid [206]
[imu_frame_adapter-7] [WARN] [1791098853.461165825] [imu_frame_adapter]: Phase 1 IMU frame adapter: /livox/lio_imu_raw -> /livox/lio_imu, output frame_id=lio_imu_link. This node only rewrites header.frame_id; it does not publish TF, filter IMU data, or modify measurements.
[lio_adapter-5] [WARN] [1791098853.463482797] [lio_adapter]: Canonical LIO adapter: adapting /simulation/ground_truth/odom to /odometry/lio through TF base_link->sensor with gimbal frame gimbal_yaw_link. raw_odom_parent_frame_mode=canonical_odom. twist_mode=passthrough. Real hardware still requires calibrated and timestamped gimbal yaw.
[gimbal_state_adapter-6] [WARN] [1791098853.465856517] [gimbal_state_adapter]: Phase 1 skeleton: publishing gimbal_yaw_joint on /joint_states. Real hardware must provide timestamped gimbal yaw before rotating-gimbal localization is accepted.
[scan_frame_adapter-3] [WARN] [1791098853.466877541] [scan_frame_adapter]: Simulation-only scan adapter: /simulation/scan_raw -> /scan with frame_id=sim_lidar_link. No TF is published.
[robot_state_publisher-4] [INFO] [1791098853.475614781] [robot_state_publisher]: got segment base_imu_link
[robot_state_publisher-4] [INFO] [1791098853.475728477] [robot_state_publisher]: got segment base_link
[robot_state_publisher-4] [INFO] [1791098853.475738349] [robot_state_publisher]: got segment gimbal_yaw_link
[robot_state_publisher-4] [INFO] [1791098853.475746276] [robot_state_publisher]: got segment lio_imu_link
[robot_state_publisher-4] [INFO] [1791098853.475750965] [robot_state_publisher]: got segment mid360_left_frame
[robot_state_publisher-4] [INFO] [1791098853.475755587] [robot_state_publisher]: got segment mid360_right_frame
[robot_state_publisher-4] [INFO] [1791098853.475760141] [robot_state_publisher]: got segment sim_lidar_link
[chassis_interface_stub-9] [WARN] [1791098853.476350437] [chassis_interface_stub]: Phase 1 chassis stub only: no TF, no odom, no nav goals, no real serial.
[static_transform_publisher-8] [INFO] [1791098853.482800783] [experiment_map_origin]: Spinning until stopped - publishing transform
[static_transform_publisher-8] translation: ('0.000000', '0.000000', '0.000000')
[static_transform_publisher-8] rotation: ('0.000000', '0.000000', '0.000000', '1.000000')
[static_transform_publisher-8] from 'map' to 'odom'
[parameter_bridge-2] Couldn't find a preferred IP via the getifaddrs() call; I'm assuming that your IP address is 127.0.0.1.  This should work for local processes, but will almost certainly not work if you have remote processes.Report to the disc-zmq development team to seek a fix.
[parameter_bridge-2] Couldn't find a preferred IP via the getifaddrs() call; I'm assuming that your IP address is 127.0.0.1.  This should work for local processes, but will almost certainly not work if you have remote processes.Report to the disc-zmq development team to seek a fix.
[parameter_bridge-2] Couldn't find a preferred IP via the getifaddrs() call; I'm assuming that your IP address is 127.0.0.1.  This should work for local processes, but will almost certainly not work if you have remote processes.Report to the disc-zmq development team to seek a fix.
[parameter_bridge-2] Couldn't find a preferred IP via the getifaddrs() call; I'm assuming that your IP address is 127.0.0.1.  This should work for local processes, but will almost certainly not work if you have remote processes.Report to the disc-zmq development team to seek a fix.
[ign gazebo-1] Couldn't find a preferred IP via the getifaddrs() call; I'm assuming that your IP address is 127.0.0.1.  This should work for local processes, but will almost certainly not work if you have remote processes.Report to the disc-zmq development team to seek a fix.
[ign gazebo-1] Couldn't find a preferred IP via the getifaddrs() call; I'm assuming that your IP address is 127.0.0.1.  This should work for local processes, but will almost certainly not work if you have remote processes.Report to the disc-zmq development team to seek a fix.
[ign gazebo-1] Couldn't find a preferred IP via the getifaddrs() call; I'm assuming that your IP address is 127.0.0.1.  This should work for local processes, but will almost certainly not work if you have remote processes.Report to the disc-zmq development team to seek a fix.
[ign gazebo-1] Couldn't find a preferred IP via the getifaddrs() call; I'm assuming that your IP address is 127.0.0.1.  This should work for local processes, but will almost certainly not work if you have remote processes.Report to the disc-zmq development team to seek a fix.
[parameter_bridge-2] [INFO] [1791098854.526420570] [simulation_bridge]: Creating GZ->ROS Bridge: [/clock (ignition.msgs.Clock) -> /clock (rosgraph_msgs/msg/Clock)] (Lazy 0)
[parameter_bridge-2] [INFO] [1791098854.528022674] [simulation_bridge]: Creating ROS->GZ Bridge: [/simulation/chassis/cmd_vel (geometry_msgs/msg/Twist) -> /model/rm_sentry_2027/cmd_vel (ignition.msgs.Twist)] (Lazy 0)
[parameter_bridge-2] [INFO] [1791098854.529916555] [simulation_bridge]: Creating GZ->ROS Bridge: [/model/rm_sentry_2027/odometry (ignition.msgs.Odometry) -> /simulation/ground_truth/odom (nav_msgs/msg/Odometry)] (Lazy 0)
[parameter_bridge-2] [INFO] [1791098854.532106826] [simulation_bridge]: Creating GZ->ROS Bridge: [/model/rm_sentry_2027/sim_lidar/scan (ignition.msgs.LaserScan) -> /simulation/scan_raw (sensor_msgs/msg/LaserScan)] (Lazy 0)
[parameter_bridge-2] [INFO] [1791098854.533677516] [simulation_bridge]: Creating ROS->GZ Bridge: [/simulation/moving_obstacle/target (std_msgs/msg/Float64) -> /simulation/moving_obstacle/gz_target (ignition.msgs.Double)] (Lazy 0)
[parameter_bridge-2] [INFO] [1791098854.534599430] [simulation_bridge]: Creating GZ->ROS Bridge: [/model/rm_sentry_2027/pose (ignition.msgs.Pose_V) -> /simulation/oracle/rm_sentry_2027 (tf2_msgs/msg/TFMessage)] (Lazy 0)
[parameter_bridge-2] [INFO] [1791098854.536280332] [simulation_bridge]: Creating GZ->ROS Bridge: [/model/moving_obstacle/pose (ignition.msgs.Pose_V) -> /simulation/oracle/moving_obstacle (tf2_msgs/msg/TFMessage)] (Lazy 0)
[parameter_bridge-2] [INFO] [1791098854.536904578] [simulation_bridge]: Creating GZ->ROS Bridge: [/world/phase1_omni/dynamic_pose/info (ignition.msgs.Pose_V) -> /simulation/oracle/world (tf2_msgs/msg/TFMessage)] (Lazy 0)
[parameter_bridge-2] [INFO] [1791098854.537397277] [simulation_bridge]: Creating GZ->ROS Bridge: [/simulation/oracle/contacts (ignition.msgs.Contacts) -> /simulation/oracle/contacts (ros_gz_interfaces/msg/Contacts)] (Lazy 0)
[parameter_bridge-2] [INFO] [1791098854.540021085] [simulation_bridge]: Passing message from ROS geometry_msgs/msg/Twist to Gazebo gz.msgs.Twist (showing msg only once per type)
[scan_frame_adapter-3] [INFO] [1791098856.409096446] [scan_frame_adapter]: Gazebo raw scan frame_id is 'rm_sentry_2027/sim_lidar_link/phase1_planar_lidar'; canonical simulation frame is 'sim_lidar_link'.
[parameter_bridge-2] [INFO] [1791098856.455385918] [simulation_bridge]: Passing message from ROS std_msgs/msg/Float64 to Gazebo gz.msgs.Double (showing msg only once per type)
[chassis_interface_stub-9] [INFO] [1791098857.442412978] [chassis_interface_stub]: Mock chassis packet vx=0.000 vy=0.000 wz=0.000
[chassis_interface_stub-9] [INFO] [1791098858.491872884] [chassis_interface_stub]: Mock chassis packet vx=0.000 vy=0.000 wz=0.000
[chassis_interface_stub-9] [INFO] [1791098859.492250565] [chassis_interface_stub]: Mock chassis packet vx=0.000 vy=0.000 wz=0.000
[chassis_interface_stub-9] [INFO] [1791098860.492005308] [chassis_interface_stub]: Mock chassis packet vx=0.000 vy=0.000 wz=0.000
[chassis_interface_stub-9] [INFO] [1791098861.492434494] [chassis_interface_stub]: Mock chassis packet vx=0.000 vy=0.000 wz=0.000
[chassis_interface_stub-9] [INFO] [1791098862.540635959] [chassis_interface_stub]: Mock chassis packet vx=0.000 vy=0.000 wz=0.000
[chassis_interface_stub-9] [INFO] [1791098863.540330036] [chassis_interface_stub]: Mock chassis packet vx=0.000 vy=0.000 wz=0.000
[chassis_interface_stub-9] [INFO] [1791098864.542142773] [chassis_interface_stub]: Mock chassis packet vx=0.000 vy=0.000 wz=0.000
[chassis_interface_stub-9] [INFO] [1791098865.591281274] [chassis_interface_stub]: Mock chassis packet vx=0.000 vy=0.000 wz=0.000
[chassis_interface_stub-9] [INFO] [1791098866.591497903] [chassis_interface_stub]: Mock chassis packet vx=0.000 vy=0.000 wz=0.000
[chassis_interface_stub-9] [INFO] [1791098867.641195198] [chassis_interface_stub]: Mock chassis packet vx=0.000 vy=0.000 wz=0.000
[chassis_interface_stub-9] [INFO] [1791098868.640683482] [chassis_interface_stub]: Mock chassis packet vx=-0.000 vy=-0.500 wz=0.000
[chassis_interface_stub-9] [INFO] [1791098869.690731108] [chassis_interface_stub]: Mock chassis packet vx=-0.000 vy=-0.500 wz=0.000
[chassis_interface_stub-9] [INFO] [1791098870.740929185] [chassis_interface_stub]: Mock chassis packet vx=0.000 vy=-0.500 wz=0.000
[chassis_interface_stub-9] [INFO] [1791098871.742715842] [chassis_interface_stub]: Mock chassis packet vx=0.000 vy=0.000 wz=0.000
[chassis_interface_stub-9] [INFO] [1791098872.742698592] [chassis_interface_stub]: Mock chassis packet vx=0.000 vy=0.000 wz=0.000
[chassis_interface_stub-9] [INFO] [1791098873.789172975] [chassis_interface_stub]: Mock chassis packet vx=0.000 vy=0.000 wz=0.000
[chassis_interface_stub-9] [INFO] [1791098874.841210973] [chassis_interface_stub]: Mock chassis packet vx=0.000 vy=0.000 wz=0.000
[chassis_interface_stub-9] [INFO] [1791098875.841530358] [chassis_interface_stub]: Mock chassis packet vx=0.000 vy=0.000 wz=0.000
[chassis_interface_stub-9] [INFO] [1791098876.888719980] [chassis_interface_stub]: Mock chassis packet vx=0.000 vy=0.000 wz=0.000
[chassis_interface_stub-9] [INFO] [1791098877.888588571] [chassis_interface_stub]: Mock chassis packet vx=0.000 vy=0.000 wz=0.000
[chassis_interface_stub-9] [INFO] [1791098878.891396171] [chassis_interface_stub]: Mock chassis packet vx=0.000 vy=0.000 wz=0.000
[chassis_interface_stub-9] [INFO] [1791098879.938308705] [chassis_interface_stub]: Mock chassis packet vx=0.000 vy=0.000 wz=0.000
[chassis_interface_stub-9] [INFO] [1791098880.991551193] [chassis_interface_stub]: Mock chassis packet vx=0.000 vy=0.000 wz=0.000
[chassis_interface_stub-9] [INFO] [1791098882.038003896] [chassis_interface_stub]: Mock chassis packet vx=0.000 vy=0.000 wz=0.000
[chassis_interface_stub-9] [INFO] [1791098883.040643942] [chassis_interface_stub]: Mock chassis packet vx=0.000 vy=0.000 wz=0.000
[chassis_interface_stub-9] [INFO] [1791098884.040817799] [chassis_interface_stub]: Mock chassis packet vx=0.000 vy=0.000 wz=0.000
[chassis_interface_stub-9] [INFO] [1791098885.040611653] [chassis_interface_stub]: Mock chassis packet vx=0.000 vy=0.000 wz=0.000
[chassis_interface_stub-9] [INFO] [1791098886.090337618] [chassis_interface_stub]: Mock chassis packet vx=0.000 vy=0.000 wz=0.000
[chassis_interface_stub-9] [INFO] [1791098887.090410245] [chassis_interface_stub]: Mock chassis packet vx=0.000 vy=0.000 wz=0.000
[chassis_interface_stub-9] [INFO] [1791098888.139980124] [chassis_interface_stub]: Mock chassis packet vx=0.000 vy=0.000 wz=0.000
[chassis_interface_stub-9] [INFO] [1791098889.140245644] [chassis_interface_stub]: Mock chassis packet vx=0.000 vy=0.000 wz=0.000
[chassis_interface_stub-9] [INFO] [1791098890.186999078] [chassis_interface_stub]: Mock chassis packet vx=0.000 vy=0.000 wz=0.000
[chassis_interface_stub-9] [INFO] [1791098891.187030601] [chassis_interface_stub]: Mock chassis packet vx=0.000 vy=0.000 wz=0.000
[chassis_interface_stub-9] [INFO] [1791098892.186723120] [chassis_interface_stub]: Mock chassis packet vx=0.000 vy=0.000 wz=0.000
[chassis_interface_stub-9] [INFO] [1791098893.189433707] [chassis_interface_stub]: Mock chassis packet vx=0.000 vy=0.000 wz=0.000
[chassis_interface_stub-9] [INFO] [1791098894.189314786] [chassis_interface_stub]: Mock chassis packet vx=0.000 vy=0.000 wz=0.000
[chassis_interface_stub-9] [INFO] [1791098895.239573189] [chassis_interface_stub]: Mock chassis packet vx=0.000 vy=0.000 wz=0.000
[chassis_interface_stub-9] [INFO] [1791098896.286372747] [chassis_interface_stub]: Mock chassis packet vx=0.000 vy=0.000 wz=0.000
[chassis_interface_stub-9] [INFO] [1791098897.339052234] [chassis_interface_stub]: Mock chassis packet vx=0.000 vy=0.000 wz=0.000
[chassis_interface_stub-9] [INFO] [1791098898.388634839] [chassis_interface_stub]: Mock chassis packet vx=0.000 vy=0.000 wz=0.000
[chassis_interface_stub-9] [INFO] [1791098899.438582317] [chassis_interface_stub]: Mock chassis packet vx=0.000 vy=0.000 wz=0.000
[chassis_interface_stub-9] [INFO] [1791098900.488276912] [chassis_interface_stub]: Mock chassis packet vx=0.000 vy=0.000 wz=0.000
[chassis_interface_stub-9] [INFO] [1791098901.535352543] [chassis_interface_stub]: Mock chassis packet vx=0.000 vy=0.000 wz=0.000
[chassis_interface_stub-9] [INFO] [1791098902.538148043] [chassis_interface_stub]: Mock chassis packet vx=0.000 vy=0.000 wz=0.000
[chassis_interface_stub-9] [INFO] [1791098903.537876511] [chassis_interface_stub]: Mock chassis packet vx=0.000 vy=0.000 wz=0.000
[chassis_interface_stub-9] [INFO] [1791098904.587674122] [chassis_interface_stub]: Mock chassis packet vx=0.000 vy=0.000 wz=0.000
[chassis_interface_stub-9] [INFO] [1791098905.634913771] [chassis_interface_stub]: Mock chassis packet vx=0.000 vy=0.000 wz=0.000
[chassis_interface_stub-9] [INFO] [1791098906.637506394] [chassis_interface_stub]: Mock chassis packet vx=0.000 vy=0.000 wz=0.000
[chassis_interface_stub-9] [INFO] [1791098907.046118498] [rclcpp]: signal_handler(SIGINT/SIGTERM)
[static_transform_publisher-8] [INFO] [1791098907.046126848] [rclcpp]: signal_handler(SIGINT/SIGTERM)
[lio_adapter-5] [INFO] [1791098907.046133045] [rclcpp]: signal_handler(SIGINT/SIGTERM)
[imu_frame_adapter-7] [INFO] [1791098907.046137647] [rclcpp]: signal_handler(SIGINT/SIGTERM)
[gimbal_state_adapter-6] [INFO] [1791098907.046141115] [rclcpp]: signal_handler(SIGINT/SIGTERM)
[robot_state_publisher-4] [INFO] [1791098907.046149184] [rclcpp]: signal_handler(SIGINT/SIGTERM)
[scan_frame_adapter-3] [INFO] [1791098907.046172331] [rclcpp]: signal_handler(SIGINT/SIGTERM)
[parameter_bridge-2] [INFO] [1791098907.046166209] [rclcpp]: signal_handler(SIGINT/SIGTERM)
[INFO] [ign gazebo-1]: process has finished cleanly [pid 189]
[INFO] [parameter_bridge-2]: process has finished cleanly [pid 191]
[INFO] [imu_frame_adapter-7]: process has finished cleanly [pid 202]
[INFO] [gimbal_state_adapter-6]: process has finished cleanly [pid 200]
[INFO] [scan_frame_adapter-3]: process has finished cleanly [pid 193]
[INFO] [chassis_interface_stub-9]: process has finished cleanly [pid 206]
[INFO] [static_transform_publisher-8]: process has finished cleanly [pid 204]
[INFO] [robot_state_publisher-4]: process has finished cleanly [pid 196]
[INFO] [lio_adapter-5]: process has finished cleanly [pid 198]
