[INFO] [1791096275.624833800] [controller_server]: 
	controller_server lifecycle node launched. 
	Waiting on external lifecycle transitions to activate
	See https://design.ros2.org/articles/node_lifecycle.html for more information.
[INFO] [1791096275.629970520] [controller_server]: Creating controller server
[INFO] [1791096275.634432546] [local_costmap.local_costmap]: 
	local_costmap lifecycle node launched. 
	Waiting on external lifecycle transitions to activate
	See https://design.ros2.org/articles/node_lifecycle.html for more information.
[INFO] [1791096275.635104733] [local_costmap.local_costmap]: Creating Costmap
[INFO] [1791096275.635650930] [controller_server]: Configuring controller interface
[INFO] [1791096275.635705462] [controller_server]: getting goal checker plugins..
[INFO] [1791096275.635717038] [controller_server]: Controller frequency set to 20.0000Hz
[INFO] [1791096275.635735064] [local_costmap.local_costmap]: Configuring
[INFO] [1791096275.638749638] [local_costmap.local_costmap]: Using plugin "static_layer"
[INFO] [1791096275.641760105] [local_costmap.local_costmap]: Subscribing to the map topic (/map) with transient local durability
[INFO] [1791096275.642630046] [local_costmap.local_costmap]: Initialized plugin "static_layer"
[INFO] [1791096275.642653374] [local_costmap.local_costmap]: Using plugin "stvl_layer"
[INFO] [1791096275.673415470] [local_costmap.local_costmap]: stvl_layer being initialized as SpatioTemporalVoxelLayer!
[INFO] [1791096275.673456542] [local_costmap.local_costmap]: stvl_layer's global frame is map.
[INFO] [1791096275.673868469] [local_costmap.local_costmap]: stvl_layer loaded parameters from parameter server.
[INFO] [1791096275.674813641] [local_costmap.local_costmap]: stvl_layer created underlying voxel grid.
[INFO] [1791096275.675768673] [local_costmap.local_costmap]: Voxel filter activated.
[INFO] [1791096275.680746165] [local_costmap.local_costmap]: Passthough filter activated.
[INFO] [1791096275.682268923] [local_costmap.local_costmap]: stvl_layer initialization complete!
[INFO] [1791096275.682342437] [local_costmap.local_costmap]: Initialized plugin "stvl_layer"
[INFO] [1791096275.682368115] [local_costmap.local_costmap]: Using plugin "inflation_layer"
[INFO] [1791096275.683138137] [local_costmap.local_costmap]: Initialized plugin "inflation_layer"
[INFO] [1791096275.692713818] [controller_server]: Created progress_checker : progress_checker of type nav2_controller::SimpleProgressChecker
[INFO] [1791096275.693671769] [controller_server]: Created goal checker : general_goal_checker of type nav2_controller::SimpleGoalChecker
[INFO] [1791096275.693942903] [controller_server]: Controller Server has general_goal_checker  goal checkers available.
[INFO] [1791096275.695697310] [controller_server]: Created controller : FollowPathMPPI of type nav2_mppi_controller::MPPIController
[INFO] [1791096275.697017048] [controller_server]: Controller period is equal to model dt. Control sequence shifting is ON
[INFO] [1791096275.699155161] [controller_server]: ConstraintCritic instantiated with 1 power and 4.000000 weight.
[INFO] [1791096275.699213766] [controller_server]: Critic loaded : mppi::critics::ConstraintCritic
[INFO] [1791096275.699824320] [controller_server]: InflationCostCritic instantiated with 1 power and 300.000000 / 0.015000 weights. Critic will collision check based on footprint cost.
[INFO] [1791096275.699866763] [controller_server]: Critic loaded : mppi::critics::CostCritic
[INFO] [1791096275.700177387] [controller_server]: GoalCritic instantiated with 1 power and 5.000000 weight.
[INFO] [1791096275.700204457] [controller_server]: Critic loaded : mppi::critics::GoalCritic
[INFO] [1791096275.700577050] [controller_server]: Critic loaded : mppi::critics::PathFollowCritic
[INFO] [1791096275.701884657] [controller_server]: Optimizer reset
[INFO] [1791096275.705630829] [MPPIController]: Configured MPPI Controller: FollowPathMPPI
[INFO] [1791096275.712465574] [controller_server]: Created controller : FollowPathTemporalMPC of type rm_temporal_mpc::Controller
[INFO] [1791096275.719808417] [controller_server]: Controller Server has FollowPathMPPI FollowPathTemporalMPC  controllers available.
[INFO] [1791096275.754532253] [controller_server]: Activating
[INFO] [1791096275.754621417] [local_costmap.local_costmap]: Activating
[INFO] [1791096275.754651175] [local_costmap.local_costmap]: Checking transform
[INFO] [1791096275.754699778] [local_costmap.local_costmap]: Timed out waiting for transform from base_link to map to become available, tf error: Invalid frame ID "map" passed to canTransform argument target_frame - frame does not exist
[INFO] [1791096276.254779562] [local_costmap.local_costmap]: Timed out waiting for transform from base_link to map to become available, tf error: Invalid frame ID "map" passed to canTransform argument target_frame - frame does not exist
[INFO] [1791096276.754788795] [local_costmap.local_costmap]: Timed out waiting for transform from base_link to map to become available, tf error: Could not find a connection between 'map' and 'base_link' because they are not part of the same tree.Tf has two or more unconnected trees.
[INFO] [1791096277.254758572] [local_costmap.local_costmap]: Timed out waiting for transform from base_link to map to become available, tf error: Could not find a connection between 'map' and 'base_link' because they are not part of the same tree.Tf has two or more unconnected trees.
[INFO] [1791096277.754763131] [local_costmap.local_costmap]: Timed out waiting for transform from base_link to map to become available, tf error: Could not find a connection between 'map' and 'base_link' because they are not part of the same tree.Tf has two or more unconnected trees.
[INFO] [1791096278.254766468] [local_costmap.local_costmap]: Timed out waiting for transform from base_link to map to become available, tf error: Could not find a connection between 'map' and 'base_link' because they are not part of the same tree.Tf has two or more unconnected trees.
[INFO] [1791096278.754834452] [local_costmap.local_costmap]: Timed out waiting for transform from base_link to map to become available, tf error: Could not find a connection between 'map' and 'base_link' because they are not part of the same tree.Tf has two or more unconnected trees.
[INFO] [1791096279.247479744] [local_costmap.local_costmap]: StaticLayer: Resizing static layer to 160 X 120 at 0.050000 m/pix
[INFO] [1791096279.254896680] [local_costmap.local_costmap]: start
[INFO] [1791096279.254947494] [local_costmap.local_costmap]: stvl_layer was activated.
[WARN] [1791096279.356880731] [controller_server]: Parameter controller_server.verbose not found
[INFO] [1791096279.357433251] [controller_server]: Optimizer reset
[INFO] [1791096279.357626649] [MPPIController]: Activated MPPI Controller: FollowPathMPPI
[INFO] [1791096279.357650563] [controller_server]: Creating bond (controller_server) to lifecycle manager.
[INFO] [1791096290.304364519] [controller_server]: Received a goal, begin computing control effort.
[INFO] [1791096290.454567303] [controller_server]: Passing new path to controller.
[INFO] [1791096290.455123387] [controller_server]: Optimizer reset
[INFO] [1791096329.154566913] [controller_server]: Goal was canceled. Stopping the robot.
[INFO] [1791096329.154620248] [controller_server]: [follow_path] [ActionServer] Client requested to cancel the goal. Cancelling.
[INFO] [1791096329.719156145] [rclcpp]: signal_handler(SIGINT/SIGTERM)
[INFO] [1791096329.719243338] [controller_server]: Running Nav2 LifecycleNode rcl preshutdown (controller_server)
[INFO] [1791096329.719358881] [controller_server]: Deactivating
[INFO] [1791096329.719417991] [MPPIController]: Deactivated MPPI Controller: FollowPathMPPI
[INFO] [1791096329.719457102] [local_costmap.local_costmap]: Deactivating
[INFO] [1791096329.719502079] [local_costmap.local_costmap]: stvl_layer was deactivated.
[INFO] [1791096329.755162992] [controller_server]: Destroying bond (controller_server) to lifecycle manager.
[INFO] [1791096329.765388183] [controller_server]: Cleaning up
[INFO] [1791096329.765536678] [MPPIController]: Cleaned up MPPI Controller: FollowPathMPPI
[INFO] [1791096329.765689308] [local_costmap.local_costmap]: Cleaning up
[INFO] [1791096329.779527071] [controller_server]: Destroying bond (controller_server) to lifecycle manager.
[INFO] [1791096329.781444723] [local_costmap.local_costmap]: Destroying
[INFO] [1791096329.783568590] [controller_server]: Destroying
