{
  "mode": "mpc",
  "stop_reason": "sim timeout",
  "goal_epoch_s": 10.0,
  "final_sim_s": 50.0,
  "wall_s": 53.67624782200437,
  "result": {
    "status": 5,
    "result": {
      "result": {}
    }
  },
  "mpc_requested": true,
  "counts": {
    "registration": 1,
    "/controller_selector": 3,
    "/simulation/moving_obstacle/target": 1073,
    "/cmd_vel": 1070,
    "/temporal_mpc/execution_health": 1070,
    "/tf_static": 2,
    "/simulation/chassis/cmd_vel": 1066,
    "/simulation/oracle/world": 2966,
    "/scan": 764,
    "/tf": 5039,
    "/odometry/lio": 2520,
    "/simulation/ground_truth/odom": 2519,
    "/simulation/oracle/rm_sentry_2027": 2519,
    "/simulation/oracle/moving_obstacle": 2519,
    "/map": 1,
    "/dynamic_obstacle_predictions": 762,
    "source_tf": 762,
    "ready": 1,
    "graph_publishers": 2,
    "/temporal_mpc/plan": 4,
    "/temporal_mpc/health": 1008,
    "/temporal_mpc/state": 1007,
    "/temporal_mpc/solver_diagnostic": 1006,
    "/temporal_mpc/proposal": 1006,
    "goal_sent": 1,
    "goal_accepted": 1,
    "/plan": 1,
    "mpc_requested": 1,
    "/nav2/cmd_vel": 778,
    "/temporal_mpc/smoothed_cmd_vel": 785,
    "cancel": 1,
    "goal_result": 1
  },
  "physical_acceptance": false,
  "input_gate_pending": true
}
