[INFO] [launch]: All log files can be found below /home/rmnav/.ros/log/2026-10-04-06-44-35-718091-458fb908bbc2-40
[INFO] [launch]: Default logging verbosity is set to INFO
[INFO] [ign gazebo-1]: process started with pid [191]
[INFO] [parameter_bridge-2]: process started with pid [193]
[INFO] [scan_frame_adapter-3]: process started with pid [196]
[INFO] [robot_state_publisher-4]: process started with pid [198]
[INFO] [lio_adapter-5]: process started with pid [200]
[INFO] [gimbal_state_adapter-6]: process started with pid [202]
[INFO] [imu_frame_adapter-7]: process started with pid [204]
[INFO] [static_transform_publisher-8]: process started with pid [206]
[INFO] [chassis_interface_stub-9]: process started with pid [208]
[chassis_interface_stub-9] [WARN] [1791096276.195219435] [chassis_interface_stub]: Phase 1 chassis stub only: no TF, no odom, no nav goals, no real serial.
[lio_adapter-5] [WARN] [1791096276.200182805] [lio_adapter]: Canonical LIO adapter: adapting /simulation/ground_truth/odom to /odometry/lio through TF base_link->sensor with gimbal frame gimbal_yaw_link. raw_odom_parent_frame_mode=canonical_odom. twist_mode=passthrough. Real hardware still requires calibrated and timestamped gimbal yaw.
[scan_frame_adapter-3] [WARN] [1791096276.201698237] [scan_frame_adapter]: Simulation-only scan adapter: /simulation/scan_raw -> /scan with frame_id=sim_lidar_link. No TF is published.
[imu_frame_adapter-7] [WARN] [1791096276.203556814] [imu_frame_adapter]: Phase 1 IMU frame adapter: /livox/lio_imu_raw -> /livox/lio_imu, output frame_id=lio_imu_link. This node only rewrites header.frame_id; it does not publish TF, filter IMU data, or modify measurements.
[static_transform_publisher-8] [INFO] [1791096276.208857068] [experiment_map_origin]: Spinning until stopped - publishing transform
[static_transform_publisher-8] translation: ('0.000000', '0.000000', '0.000000')
[static_transform_publisher-8] rotation: ('0.000000', '0.000000', '0.000000', '1.000000')
[static_transform_publisher-8] from 'map' to 'odom'
[gimbal_state_adapter-6] [WARN] [1791096276.210761499] [gimbal_state_adapter]: Phase 1 skeleton: publishing gimbal_yaw_joint on /joint_states. Real hardware must provide timestamped gimbal yaw before rotating-gimbal localization is accepted.
[robot_state_publisher-4] [INFO] [1791096276.216556221] [robot_state_publisher]: got segment base_imu_link
[robot_state_publisher-4] [INFO] [1791096276.216678951] [robot_state_publisher]: got segment base_link
[robot_state_publisher-4] [INFO] [1791096276.216692206] [robot_state_publisher]: got segment gimbal_yaw_link
[robot_state_publisher-4] [INFO] [1791096276.216701550] [robot_state_publisher]: got segment lio_imu_link
[robot_state_publisher-4] [INFO] [1791096276.216710076] [robot_state_publisher]: got segment mid360_left_frame
[robot_state_publisher-4] [INFO] [1791096276.216718812] [robot_state_publisher]: got segment mid360_right_frame
[robot_state_publisher-4] [INFO] [1791096276.216727474] [robot_state_publisher]: got segment sim_lidar_link
[parameter_bridge-2] Couldn't find a preferred IP via the getifaddrs() call; I'm assuming that your IP address is 127.0.0.1.  This should work for local processes, but will almost certainly not work if you have remote processes.Report to the disc-zmq development team to seek a fix.
[parameter_bridge-2] Couldn't find a preferred IP via the getifaddrs() call; I'm assuming that your IP address is 127.0.0.1.  This should work for local processes, but will almost certainly not work if you have remote processes.Report to the disc-zmq development team to seek a fix.
[parameter_bridge-2] Couldn't find a preferred IP via the getifaddrs() call; I'm assuming that your IP address is 127.0.0.1.  This should work for local processes, but will almost certainly not work if you have remote processes.Report to the disc-zmq development team to seek a fix.
[parameter_bridge-2] Couldn't find a preferred IP via the getifaddrs() call; I'm assuming that your IP address is 127.0.0.1.  This should work for local processes, but will almost certainly not work if you have remote processes.Report to the disc-zmq development team to seek a fix.
[ign gazebo-1] Couldn't find a preferred IP via the getifaddrs() call; I'm assuming that your IP address is 127.0.0.1.  This should work for local processes, but will almost certainly not work if you have remote processes.Report to the disc-zmq development team to seek a fix.
[ign gazebo-1] Couldn't find a preferred IP via the getifaddrs() call; I'm assuming that your IP address is 127.0.0.1.  This should work for local processes, but will almost certainly not work if you have remote processes.Report to the disc-zmq development team to seek a fix.
[ign gazebo-1] Couldn't find a preferred IP via the getifaddrs() call; I'm assuming that your IP address is 127.0.0.1.  This should work for local processes, but will almost certainly not work if you have remote processes.Report to the disc-zmq development team to seek a fix.
[ign gazebo-1] Couldn't find a preferred IP via the getifaddrs() call; I'm assuming that your IP address is 127.0.0.1.  This should work for local processes, but will almost certainly not work if you have remote processes.Report to the disc-zmq development team to seek a fix.
[parameter_bridge-2] [INFO] [1791096277.257085155] [simulation_bridge]: Creating GZ->ROS Bridge: [/clock (ignition.msgs.Clock) -> /clock (rosgraph_msgs/msg/Clock)] (Lazy 0)
[parameter_bridge-2] [INFO] [1791096277.258726611] [simulation_bridge]: Creating ROS->GZ Bridge: [/simulation/chassis/cmd_vel (geometry_msgs/msg/Twist) -> /model/rm_sentry_2027/cmd_vel (ignition.msgs.Twist)] (Lazy 0)
[parameter_bridge-2] [INFO] [1791096277.260618999] [simulation_bridge]: Creating GZ->ROS Bridge: [/model/rm_sentry_2027/odometry (ignition.msgs.Odometry) -> /simulation/ground_truth/odom (nav_msgs/msg/Odometry)] (Lazy 0)
[parameter_bridge-2] [INFO] [1791096277.262180439] [simulation_bridge]: Creating GZ->ROS Bridge: [/model/rm_sentry_2027/sim_lidar/scan (ignition.msgs.LaserScan) -> /simulation/scan_raw (sensor_msgs/msg/LaserScan)] (Lazy 0)
[parameter_bridge-2] [INFO] [1791096277.264934692] [simulation_bridge]: Creating ROS->GZ Bridge: [/simulation/moving_obstacle/target (std_msgs/msg/Float64) -> /simulation/moving_obstacle/gz_target (ignition.msgs.Double)] (Lazy 0)
[parameter_bridge-2] [INFO] [1791096277.266503884] [simulation_bridge]: Creating GZ->ROS Bridge: [/model/rm_sentry_2027/pose (ignition.msgs.Pose_V) -> /simulation/oracle/rm_sentry_2027 (tf2_msgs/msg/TFMessage)] (Lazy 0)
[parameter_bridge-2] [INFO] [1791096277.269304562] [simulation_bridge]: Creating GZ->ROS Bridge: [/model/moving_obstacle/pose (ignition.msgs.Pose_V) -> /simulation/oracle/moving_obstacle (tf2_msgs/msg/TFMessage)] (Lazy 0)
[parameter_bridge-2] [INFO] [1791096277.270562809] [simulation_bridge]: Creating GZ->ROS Bridge: [/world/phase1_omni/dynamic_pose/info (ignition.msgs.Pose_V) -> /simulation/oracle/world (tf2_msgs/msg/TFMessage)] (Lazy 0)
[parameter_bridge-2] [INFO] [1791096277.271711609] [simulation_bridge]: Creating GZ->ROS Bridge: [/simulation/oracle/contacts (ignition.msgs.Contacts) -> /simulation/oracle/contacts (ros_gz_interfaces/msg/Contacts)] (Lazy 0)
[parameter_bridge-2] [INFO] [1791096277.274042842] [simulation_bridge]: Passing message from ROS geometry_msgs/msg/Twist to Gazebo gz.msgs.Twist (showing msg only once per type)
[parameter_bridge-2] [INFO] [1791096277.300711206] [simulation_bridge]: Passing message from ROS std_msgs/msg/Float64 to Gazebo gz.msgs.Double (showing msg only once per type)
[scan_frame_adapter-3] [INFO] [1791096279.144627455] [scan_frame_adapter]: Gazebo raw scan frame_id is 'rm_sentry_2027/sim_lidar_link/phase1_planar_lidar'; canonical simulation frame is 'sim_lidar_link'.
[chassis_interface_stub-9] [INFO] [1791096280.166094417] [chassis_interface_stub]: Mock chassis packet vx=0.000 vy=0.000 wz=0.000
[chassis_interface_stub-9] [INFO] [1791096281.168063878] [chassis_interface_stub]: Mock chassis packet vx=0.000 vy=0.000 wz=0.000
[chassis_interface_stub-9] [INFO] [1791096282.167761582] [chassis_interface_stub]: Mock chassis packet vx=0.000 vy=0.000 wz=0.000
[chassis_interface_stub-9] [INFO] [1791096283.216319361] [chassis_interface_stub]: Mock chassis packet vx=0.000 vy=0.000 wz=0.000
[chassis_interface_stub-9] [INFO] [1791096284.218175175] [chassis_interface_stub]: Mock chassis packet vx=0.000 vy=0.000 wz=0.000
[chassis_interface_stub-9] [INFO] [1791096285.268153268] [chassis_interface_stub]: Mock chassis packet vx=0.000 vy=0.000 wz=0.000
[chassis_interface_stub-9] [INFO] [1791096286.268200780] [chassis_interface_stub]: Mock chassis packet vx=0.000 vy=0.000 wz=0.000
[chassis_interface_stub-9] [INFO] [1791096287.268116432] [chassis_interface_stub]: Mock chassis packet vx=0.000 vy=0.000 wz=0.000
[chassis_interface_stub-9] [INFO] [1791096288.268635988] [chassis_interface_stub]: Mock chassis packet vx=0.000 vy=0.000 wz=0.000
[chassis_interface_stub-9] [INFO] [1791096289.318778517] [chassis_interface_stub]: Mock chassis packet vx=0.000 vy=0.000 wz=0.000
[chassis_interface_stub-9] [INFO] [1791096290.366676238] [chassis_interface_stub]: Mock chassis packet vx=-0.000 vy=-0.050 wz=0.000
[chassis_interface_stub-9] [INFO] [1791096291.368391346] [chassis_interface_stub]: Mock chassis packet vx=0.371 vy=0.025 wz=0.000
[chassis_interface_stub-9] [INFO] [1791096292.367553868] [chassis_interface_stub]: Mock chassis packet vx=0.382 vy=0.026 wz=0.000
[chassis_interface_stub-9] [INFO] [1791096293.368515867] [chassis_interface_stub]: Mock chassis packet vx=0.413 vy=0.016 wz=0.000
[chassis_interface_stub-9] [INFO] [1791096294.368622626] [chassis_interface_stub]: Mock chassis packet vx=0.393 vy=0.008 wz=0.000
[chassis_interface_stub-9] [INFO] [1791096295.416995454] [chassis_interface_stub]: Mock chassis packet vx=0.411 vy=0.008 wz=0.000
[chassis_interface_stub-9] [INFO] [1791096296.469383856] [chassis_interface_stub]: Mock chassis packet vx=0.377 vy=0.000 wz=0.000
[chassis_interface_stub-9] [INFO] [1791096297.469462045] [chassis_interface_stub]: Mock chassis packet vx=0.320 vy=0.000 wz=0.000
[chassis_interface_stub-9] [INFO] [1791096298.518338111] [chassis_interface_stub]: Mock chassis packet vx=0.000 vy=0.000 wz=0.000
[chassis_interface_stub-9] [INFO] [1791096299.518192023] [chassis_interface_stub]: Mock chassis packet vx=0.000 vy=0.000 wz=0.000
[chassis_interface_stub-9] [INFO] [1791096300.518260930] [chassis_interface_stub]: Mock chassis packet vx=0.000 vy=0.000 wz=0.000
[chassis_interface_stub-9] [INFO] [1791096301.520161415] [chassis_interface_stub]: Mock chassis packet vx=0.000 vy=0.000 wz=0.000
[chassis_interface_stub-9] [INFO] [1791096302.571332280] [chassis_interface_stub]: Mock chassis packet vx=0.000 vy=0.000 wz=0.000
[chassis_interface_stub-9] [INFO] [1791096303.618180997] [chassis_interface_stub]: Mock chassis packet vx=0.000 vy=0.000 wz=0.000
[chassis_interface_stub-9] [INFO] [1791096304.618670154] [chassis_interface_stub]: Mock chassis packet vx=0.000 vy=0.000 wz=0.000
[chassis_interface_stub-9] [INFO] [1791096305.618752160] [chassis_interface_stub]: Mock chassis packet vx=0.000 vy=0.000 wz=0.000
[chassis_interface_stub-9] [INFO] [1791096306.618393573] [chassis_interface_stub]: Mock chassis packet vx=0.000 vy=0.000 wz=0.000
[chassis_interface_stub-9] [INFO] [1791096307.618569603] [chassis_interface_stub]: Mock chassis packet vx=0.000 vy=0.000 wz=0.000
[chassis_interface_stub-9] [INFO] [1791096308.618449580] [chassis_interface_stub]: Mock chassis packet vx=0.000 vy=0.000 wz=0.000
[chassis_interface_stub-9] [INFO] [1791096309.618412910] [chassis_interface_stub]: Mock chassis packet vx=0.000 vy=0.000 wz=0.000
[chassis_interface_stub-9] [INFO] [1791096310.618961161] [chassis_interface_stub]: Mock chassis packet vx=0.000 vy=0.000 wz=0.000
[chassis_interface_stub-9] [INFO] [1791096311.620840964] [chassis_interface_stub]: Mock chassis packet vx=0.000 vy=0.000 wz=0.000
[chassis_interface_stub-9] [INFO] [1791096312.668531615] [chassis_interface_stub]: Mock chassis packet vx=0.000 vy=0.000 wz=0.000
[chassis_interface_stub-9] [INFO] [1791096313.669085773] [chassis_interface_stub]: Mock chassis packet vx=0.000 vy=0.000 wz=0.000
[chassis_interface_stub-9] [INFO] [1791096314.668784222] [chassis_interface_stub]: Mock chassis packet vx=0.000 vy=0.000 wz=0.000
[chassis_interface_stub-9] [INFO] [1791096315.668805642] [chassis_interface_stub]: Mock chassis packet vx=0.000 vy=0.000 wz=0.000
[chassis_interface_stub-9] [INFO] [1791096316.670238261] [chassis_interface_stub]: Mock chassis packet vx=0.000 vy=0.000 wz=0.000
[chassis_interface_stub-9] [INFO] [1791096317.670547071] [chassis_interface_stub]: Mock chassis packet vx=0.000 vy=0.000 wz=0.000
[chassis_interface_stub-9] [INFO] [1791096318.718859408] [chassis_interface_stub]: Mock chassis packet vx=0.000 vy=0.000 wz=0.000
[chassis_interface_stub-9] [INFO] [1791096319.719377562] [chassis_interface_stub]: Mock chassis packet vx=0.000 vy=0.000 wz=0.000
[chassis_interface_stub-9] [INFO] [1791096320.719342155] [chassis_interface_stub]: Mock chassis packet vx=0.000 vy=0.000 wz=0.000
[chassis_interface_stub-9] [INFO] [1791096321.720055752] [chassis_interface_stub]: Mock chassis packet vx=0.000 vy=0.000 wz=0.000
[chassis_interface_stub-9] [INFO] [1791096322.772183331] [chassis_interface_stub]: Mock chassis packet vx=0.000 vy=0.000 wz=0.000
[chassis_interface_stub-9] [INFO] [1791096323.822134238] [chassis_interface_stub]: Mock chassis packet vx=0.000 vy=0.000 wz=0.000
[chassis_interface_stub-9] [INFO] [1791096324.821844184] [chassis_interface_stub]: Mock chassis packet vx=0.000 vy=0.000 wz=0.000
[chassis_interface_stub-9] [INFO] [1791096325.872655735] [chassis_interface_stub]: Mock chassis packet vx=0.000 vy=0.000 wz=0.000
[chassis_interface_stub-9] [INFO] [1791096326.922195398] [chassis_interface_stub]: Mock chassis packet vx=0.000 vy=0.000 wz=0.000
[chassis_interface_stub-9] [INFO] [1791096327.969362830] [chassis_interface_stub]: Mock chassis packet vx=0.000 vy=0.000 wz=0.000
[chassis_interface_stub-9] [INFO] [1791096328.972419460] [chassis_interface_stub]: Mock chassis packet vx=0.000 vy=0.000 wz=0.000
[chassis_interface_stub-9] [INFO] [1791096329.719058271] [rclcpp]: signal_handler(SIGINT/SIGTERM)
[parameter_bridge-2] [INFO] [1791096329.719077489] [rclcpp]: signal_handler(SIGINT/SIGTERM)
[robot_state_publisher-4] [INFO] [1791096329.719078033] [rclcpp]: signal_handler(SIGINT/SIGTERM)
[scan_frame_adapter-3] [INFO] [1791096329.719082480] [rclcpp]: signal_handler(SIGINT/SIGTERM)
[static_transform_publisher-8] [INFO] [1791096329.719072470] [rclcpp]: signal_handler(SIGINT/SIGTERM)
[gimbal_state_adapter-6] [INFO] [1791096329.719078069] [rclcpp]: signal_handler(SIGINT/SIGTERM)
[lio_adapter-5] [INFO] [1791096329.719562609] [rclcpp]: signal_handler(SIGINT/SIGTERM)
[imu_frame_adapter-7] [INFO] [1791096329.719626489] [rclcpp]: signal_handler(SIGINT/SIGTERM)
[INFO] [ign gazebo-1]: process has finished cleanly [pid 191]
[INFO] [parameter_bridge-2]: process has finished cleanly [pid 193]
[INFO] [static_transform_publisher-8]: process has finished cleanly [pid 206]
[INFO] [imu_frame_adapter-7]: process has finished cleanly [pid 204]
[INFO] [gimbal_state_adapter-6]: process has finished cleanly [pid 202]
[INFO] [scan_frame_adapter-3]: process has finished cleanly [pid 196]
[INFO] [chassis_interface_stub-9]: process has finished cleanly [pid 208]
[INFO] [lio_adapter-5]: process has finished cleanly [pid 200]
[INFO] [robot_state_publisher-4]: process has finished cleanly [pid 198]
