[INFO] [1790735896.954600632] [costmap]: 
	costmap lifecycle node launched. 
	Waiting on external lifecycle transitions to activate
	See https://design.ros2.org/articles/node_lifecycle.html for more information.
[INFO] [1790735896.957449573] [costmap]: Creating Costmap
[INFO] [1790735896.957560249] [costmap]: Configuring
[INFO] [1790735896.959419117] [costmap]: Using plugin "obstacle_layer"
[INFO] [1790735896.966149463] [costmap]: Subscribed to Topics: scan
[INFO] [1790735896.967547896] [costmap]: Initialized plugin "obstacle_layer"
[INFO] [1790735896.967562757] [costmap]: Using plugin "inflation_layer"
[INFO] [1790735896.967733722] [costmap]: Initialized plugin "inflation_layer"
[INFO] [1790735896.975699340] [frozen_replay]: Controller period is equal to model dt. Control sequence shifting is ON
[INFO] [1790735896.980010427] [frozen_replay]: ConstraintCritic instantiated with 1 power and 4.000000 weight.
[INFO] [1790735896.980032588] [frozen_replay]: Critic loaded : mppi::critics::ConstraintCritic
[INFO] [1790735896.980587291] [frozen_replay]: Optimizer reset
[INFO] [1790735896.984278212] [costmap]: Cleaning up
[INFO] [1790735896.985157466] [costmap]: Running Nav2 LifecycleNode rcl preshutdown (costmap)
[INFO] [1790735896.985173860] [costmap]: Destroying bond (costmap) to lifecycle manager.
[INFO] [1790735896.985309995] [costmap]: Destroying
score_eval_ms=2.26427
