[INFO] [1790735897.472023130] [costmap]: 
	costmap lifecycle node launched. 
	Waiting on external lifecycle transitions to activate
	See https://design.ros2.org/articles/node_lifecycle.html for more information.
[INFO] [1790735897.472593113] [costmap]: Creating Costmap
[INFO] [1790735897.472737207] [costmap]: Configuring
[INFO] [1790735897.474460355] [costmap]: Using plugin "obstacle_layer"
[INFO] [1790735897.476269672] [costmap]: Subscribed to Topics: scan
[INFO] [1790735897.477066010] [costmap]: Initialized plugin "obstacle_layer"
[INFO] [1790735897.477076735] [costmap]: Using plugin "inflation_layer"
[INFO] [1790735897.477212282] [costmap]: Initialized plugin "inflation_layer"
[INFO] [1790735897.481988071] [frozen_replay]: Controller period is equal to model dt. Control sequence shifting is ON
[INFO] [1790735897.482933284] [frozen_replay]: ConstraintCritic instantiated with 1 power and 4.000000 weight.
[INFO] [1790735897.482951136] [frozen_replay]: Critic loaded : mppi::critics::ConstraintCritic
[INFO] [1790735897.483021553] [frozen_replay]: InflationCostCritic instantiated with 1 power and 300.000000 / 0.015000 weights. Critic will collision check based on footprint cost.
[INFO] [1790735897.483030228] [frozen_replay]: Critic loaded : mppi::critics::CostCritic
[INFO] [1790735897.483648475] [frozen_replay]: Optimizer reset
[INFO] [1790735897.487468313] [costmap]: Cleaning up
[INFO] [1790735897.488576890] [costmap]: Running Nav2 LifecycleNode rcl preshutdown (costmap)
[INFO] [1790735897.488622424] [costmap]: Destroying bond (costmap) to lifecycle manager.
[INFO] [1790735897.488818627] [costmap]: Destroying
score_eval_ms=2.18153
