[ 50%] Built target chassis_interface_stub
[100%] Built target chassis_mode_gate_node
-- Install configuration: "Release"
-- Up-to-date: /workspace/build/temporal_mpc_ros2/install/rm_chassis_interface/lib/rm_chassis_interface/chassis_interface_stub
-- Up-to-date: /workspace/build/temporal_mpc_ros2/install/rm_chassis_interface/lib/rm_chassis_interface/chassis_mode_gate_node
-- Up-to-date: /workspace/build/temporal_mpc_ros2/install/rm_chassis_interface/share/rm_chassis_interface/config
-- Up-to-date: /workspace/build/temporal_mpc_ros2/install/rm_chassis_interface/share/rm_chassis_interface/config/chassis_interface_stub.yaml
-- Up-to-date: /workspace/build/temporal_mpc_ros2/install/rm_chassis_interface/share/rm_chassis_interface/launch
-- Up-to-date: /workspace/build/temporal_mpc_ros2/install/rm_chassis_interface/share/rm_chassis_interface/launch/chassis_mode_gate.launch.py
-- Up-to-date: /workspace/build/temporal_mpc_ros2/install/rm_chassis_interface/share/rm_chassis_interface/launch/chassis_interface_stub.launch.py
-- Up-to-date: /workspace/build/temporal_mpc_ros2/install/rm_chassis_interface/share/ament_index/resource_index/package_run_dependencies/rm_chassis_interface
-- Up-to-date: /workspace/build/temporal_mpc_ros2/install/rm_chassis_interface/share/ament_index/resource_index/parent_prefix_path/rm_chassis_interface
-- Up-to-date: /workspace/build/temporal_mpc_ros2/install/rm_chassis_interface/share/rm_chassis_interface/environment/ament_prefix_path.sh
-- Up-to-date: /workspace/build/temporal_mpc_ros2/install/rm_chassis_interface/share/rm_chassis_interface/environment/ament_prefix_path.dsv
-- Up-to-date: /workspace/build/temporal_mpc_ros2/install/rm_chassis_interface/share/rm_chassis_interface/environment/path.sh
-- Up-to-date: /workspace/build/temporal_mpc_ros2/install/rm_chassis_interface/share/rm_chassis_interface/environment/path.dsv
-- Up-to-date: /workspace/build/temporal_mpc_ros2/install/rm_chassis_interface/share/rm_chassis_interface/local_setup.bash
-- Up-to-date: /workspace/build/temporal_mpc_ros2/install/rm_chassis_interface/share/rm_chassis_interface/local_setup.sh
-- Up-to-date: /workspace/build/temporal_mpc_ros2/install/rm_chassis_interface/share/rm_chassis_interface/local_setup.zsh
-- Up-to-date: /workspace/build/temporal_mpc_ros2/install/rm_chassis_interface/share/rm_chassis_interface/local_setup.dsv
-- Installing: /workspace/build/temporal_mpc_ros2/install/rm_chassis_interface/share/rm_chassis_interface/package.dsv
-- Up-to-date: /workspace/build/temporal_mpc_ros2/install/rm_chassis_interface/share/ament_index/resource_index/packages/rm_chassis_interface
-- Up-to-date: /workspace/build/temporal_mpc_ros2/install/rm_chassis_interface/share/rm_chassis_interface/cmake/rm_chassis_interfaceConfig.cmake
-- Up-to-date: /workspace/build/temporal_mpc_ros2/install/rm_chassis_interface/share/rm_chassis_interface/cmake/rm_chassis_interfaceConfig-version.cmake
-- Up-to-date: /workspace/build/temporal_mpc_ros2/install/rm_chassis_interface/share/rm_chassis_interface/package.xml
