[0.016s] Invoking command in '/workspace/build/temporal_mpc_ros2/build/rm_chassis_interface': AMENT_PREFIX_PATH=/workspace/build/temporal_mpc_ros2/install/rm_competition_interfaces:${AMENT_PREFIX_PATH} CMAKE_PREFIX_PATH=/workspace/build/temporal_mpc_ros2/install/rm_competition_interfaces:/opt/ros/humble LD_LIBRARY_PATH=/workspace/build/temporal_mpc_ros2/install/rm_competition_interfaces/lib:${LD_LIBRARY_PATH} PYTHONPATH=/workspace/build/temporal_mpc_ros2/install/rm_competition_interfaces/local/lib/python3.10/dist-packages:${PYTHONPATH} /usr/bin/cmake --build /workspace/build/temporal_mpc_ros2/build/rm_chassis_interface -- -j32 -l32
[0.096s] [ 50%] Built target chassis_interface_stub
[0.103s] [100%] Built target chassis_mode_gate_node
[0.123s] Invoked command in '/workspace/build/temporal_mpc_ros2/build/rm_chassis_interface' returned '0': AMENT_PREFIX_PATH=/workspace/build/temporal_mpc_ros2/install/rm_competition_interfaces:${AMENT_PREFIX_PATH} CMAKE_PREFIX_PATH=/workspace/build/temporal_mpc_ros2/install/rm_competition_interfaces:/opt/ros/humble LD_LIBRARY_PATH=/workspace/build/temporal_mpc_ros2/install/rm_competition_interfaces/lib:${LD_LIBRARY_PATH} PYTHONPATH=/workspace/build/temporal_mpc_ros2/install/rm_competition_interfaces/local/lib/python3.10/dist-packages:${PYTHONPATH} /usr/bin/cmake --build /workspace/build/temporal_mpc_ros2/build/rm_chassis_interface -- -j32 -l32
[0.124s] Invoking command in '/workspace/build/temporal_mpc_ros2/build/rm_chassis_interface': AMENT_PREFIX_PATH=/workspace/build/temporal_mpc_ros2/install/rm_competition_interfaces:${AMENT_PREFIX_PATH} CMAKE_PREFIX_PATH=/workspace/build/temporal_mpc_ros2/install/rm_competition_interfaces:/opt/ros/humble LD_LIBRARY_PATH=/workspace/build/temporal_mpc_ros2/install/rm_competition_interfaces/lib:${LD_LIBRARY_PATH} PYTHONPATH=/workspace/build/temporal_mpc_ros2/install/rm_competition_interfaces/local/lib/python3.10/dist-packages:${PYTHONPATH} /usr/bin/cmake --install /workspace/build/temporal_mpc_ros2/build/rm_chassis_interface
[0.135s] -- Install configuration: "Release"
[0.135s] -- Up-to-date: /workspace/build/temporal_mpc_ros2/install/rm_chassis_interface/lib/rm_chassis_interface/chassis_interface_stub
[0.136s] -- Up-to-date: /workspace/build/temporal_mpc_ros2/install/rm_chassis_interface/lib/rm_chassis_interface/chassis_mode_gate_node
[0.136s] -- Up-to-date: /workspace/build/temporal_mpc_ros2/install/rm_chassis_interface/share/rm_chassis_interface/config
[0.136s] -- Up-to-date: /workspace/build/temporal_mpc_ros2/install/rm_chassis_interface/share/rm_chassis_interface/config/chassis_interface_stub.yaml
[0.136s] -- Up-to-date: /workspace/build/temporal_mpc_ros2/install/rm_chassis_interface/share/rm_chassis_interface/launch
[0.136s] -- Up-to-date: /workspace/build/temporal_mpc_ros2/install/rm_chassis_interface/share/rm_chassis_interface/launch/chassis_mode_gate.launch.py
[0.136s] -- Up-to-date: /workspace/build/temporal_mpc_ros2/install/rm_chassis_interface/share/rm_chassis_interface/launch/chassis_interface_stub.launch.py
[0.137s] -- Up-to-date: /workspace/build/temporal_mpc_ros2/install/rm_chassis_interface/share/ament_index/resource_index/package_run_dependencies/rm_chassis_interface
[0.137s] -- Up-to-date: /workspace/build/temporal_mpc_ros2/install/rm_chassis_interface/share/ament_index/resource_index/parent_prefix_path/rm_chassis_interface
[0.137s] -- Up-to-date: /workspace/build/temporal_mpc_ros2/install/rm_chassis_interface/share/rm_chassis_interface/environment/ament_prefix_path.sh
[0.137s] -- Up-to-date: /workspace/build/temporal_mpc_ros2/install/rm_chassis_interface/share/rm_chassis_interface/environment/ament_prefix_path.dsv
[0.137s] -- Up-to-date: /workspace/build/temporal_mpc_ros2/install/rm_chassis_interface/share/rm_chassis_interface/environment/path.sh
[0.137s] -- Up-to-date: /workspace/build/temporal_mpc_ros2/install/rm_chassis_interface/share/rm_chassis_interface/environment/path.dsv
[0.138s] -- Up-to-date: /workspace/build/temporal_mpc_ros2/install/rm_chassis_interface/share/rm_chassis_interface/local_setup.bash
[0.138s] -- Up-to-date: /workspace/build/temporal_mpc_ros2/install/rm_chassis_interface/share/rm_chassis_interface/local_setup.sh
[0.139s] -- Up-to-date: /workspace/build/temporal_mpc_ros2/install/rm_chassis_interface/share/rm_chassis_interface/local_setup.zsh
[0.139s] -- Up-to-date: /workspace/build/temporal_mpc_ros2/install/rm_chassis_interface/share/rm_chassis_interface/local_setup.dsv
[0.139s] -- Installing: /workspace/build/temporal_mpc_ros2/install/rm_chassis_interface/share/rm_chassis_interface/package.dsv
[0.139s] -- Up-to-date: /workspace/build/temporal_mpc_ros2/install/rm_chassis_interface/share/ament_index/resource_index/packages/rm_chassis_interface
[0.139s] -- Up-to-date: /workspace/build/temporal_mpc_ros2/install/rm_chassis_interface/share/rm_chassis_interface/cmake/rm_chassis_interfaceConfig.cmake
[0.139s] -- Up-to-date: /workspace/build/temporal_mpc_ros2/install/rm_chassis_interface/share/rm_chassis_interface/cmake/rm_chassis_interfaceConfig-version.cmake
[0.139s] -- Up-to-date: /workspace/build/temporal_mpc_ros2/install/rm_chassis_interface/share/rm_chassis_interface/package.xml
[0.139s] Invoked command in '/workspace/build/temporal_mpc_ros2/build/rm_chassis_interface' returned '0': AMENT_PREFIX_PATH=/workspace/build/temporal_mpc_ros2/install/rm_competition_interfaces:${AMENT_PREFIX_PATH} CMAKE_PREFIX_PATH=/workspace/build/temporal_mpc_ros2/install/rm_competition_interfaces:/opt/ros/humble LD_LIBRARY_PATH=/workspace/build/temporal_mpc_ros2/install/rm_competition_interfaces/lib:${LD_LIBRARY_PATH} PYTHONPATH=/workspace/build/temporal_mpc_ros2/install/rm_competition_interfaces/local/lib/python3.10/dist-packages:${PYTHONPATH} /usr/bin/cmake --install /workspace/build/temporal_mpc_ros2/build/rm_chassis_interface
