[0.540s] Invoking command in '/workspace/experiments/temporal_mpc/ros2/rm_dynamic_obstacle_tracking': AMENT_PREFIX_PATH=/workspace/build/temporal_mpc_ros2/install/rm_competition_interfaces:${AMENT_PREFIX_PATH} CMAKE_PREFIX_PATH=/workspace/build/temporal_mpc_ros2/install/rm_competition_interfaces LD_LIBRARY_PATH=/workspace/build/temporal_mpc_ros2/install/rm_competition_interfaces/lib:${LD_LIBRARY_PATH} PYTHONPATH=/workspace/build/temporal_mpc_ros2/build/rm_dynamic_obstacle_tracking/prefix_override:/usr/lib/python3/dist-packages/colcon_core/task/python/colcon_distutils_commands:/workspace/build/temporal_mpc_ros2/install/rm_dynamic_obstacle_tracking/lib/python3.10/site-packages:/workspace/build/temporal_mpc_ros2/install/rm_competition_interfaces/local/lib/python3.10/dist-packages:${PYTHONPATH} /usr/bin/python3 -W ignore:setup.py install is deprecated -W ignore:easy_install command is deprecated setup.py egg_info --egg-base ../../../../build/temporal_mpc_ros2/build/rm_dynamic_obstacle_tracking build --build-base /workspace/build/temporal_mpc_ros2/build/rm_dynamic_obstacle_tracking/build install --record /workspace/build/temporal_mpc_ros2/build/rm_dynamic_obstacle_tracking/install.log --single-version-externally-managed install_data
[0.768s] running egg_info
[0.769s] writing ../../../../build/temporal_mpc_ros2/build/rm_dynamic_obstacle_tracking/rm_dynamic_obstacle_tracking.egg-info/PKG-INFO
[0.769s] writing dependency_links to ../../../../build/temporal_mpc_ros2/build/rm_dynamic_obstacle_tracking/rm_dynamic_obstacle_tracking.egg-info/dependency_links.txt
[0.769s] writing entry points to ../../../../build/temporal_mpc_ros2/build/rm_dynamic_obstacle_tracking/rm_dynamic_obstacle_tracking.egg-info/entry_points.txt
[0.769s] writing requirements to ../../../../build/temporal_mpc_ros2/build/rm_dynamic_obstacle_tracking/rm_dynamic_obstacle_tracking.egg-info/requires.txt
[0.769s] writing top-level names to ../../../../build/temporal_mpc_ros2/build/rm_dynamic_obstacle_tracking/rm_dynamic_obstacle_tracking.egg-info/top_level.txt
[0.771s] reading manifest file '../../../../build/temporal_mpc_ros2/build/rm_dynamic_obstacle_tracking/rm_dynamic_obstacle_tracking.egg-info/SOURCES.txt'
[0.772s] writing manifest file '../../../../build/temporal_mpc_ros2/build/rm_dynamic_obstacle_tracking/rm_dynamic_obstacle_tracking.egg-info/SOURCES.txt'
[0.772s] running build
[0.772s] running build_py
[0.773s] running install
[0.773s] running install_lib
[0.774s] running install_data
[0.774s] running install_egg_info
[0.777s] removing '/workspace/build/temporal_mpc_ros2/install/rm_dynamic_obstacle_tracking/lib/python3.10/site-packages/rm_dynamic_obstacle_tracking-0.1.0-py3.10.egg-info' (and everything under it)
[0.777s] Copying ../../../../build/temporal_mpc_ros2/build/rm_dynamic_obstacle_tracking/rm_dynamic_obstacle_tracking.egg-info to /workspace/build/temporal_mpc_ros2/install/rm_dynamic_obstacle_tracking/lib/python3.10/site-packages/rm_dynamic_obstacle_tracking-0.1.0-py3.10.egg-info
[0.778s] running install_scripts
[0.803s] Installing dynamic_obstacle_tracker_node script to /workspace/build/temporal_mpc_ros2/install/rm_dynamic_obstacle_tracking/lib/rm_dynamic_obstacle_tracking
[0.803s] writing list of installed files to '/workspace/build/temporal_mpc_ros2/build/rm_dynamic_obstacle_tracking/install.log'
[0.827s] Invoked command in '/workspace/experiments/temporal_mpc/ros2/rm_dynamic_obstacle_tracking' returned '0': AMENT_PREFIX_PATH=/workspace/build/temporal_mpc_ros2/install/rm_competition_interfaces:${AMENT_PREFIX_PATH} CMAKE_PREFIX_PATH=/workspace/build/temporal_mpc_ros2/install/rm_competition_interfaces LD_LIBRARY_PATH=/workspace/build/temporal_mpc_ros2/install/rm_competition_interfaces/lib:${LD_LIBRARY_PATH} PYTHONPATH=/workspace/build/temporal_mpc_ros2/build/rm_dynamic_obstacle_tracking/prefix_override:/usr/lib/python3/dist-packages/colcon_core/task/python/colcon_distutils_commands:/workspace/build/temporal_mpc_ros2/install/rm_dynamic_obstacle_tracking/lib/python3.10/site-packages:/workspace/build/temporal_mpc_ros2/install/rm_competition_interfaces/local/lib/python3.10/dist-packages:${PYTHONPATH} /usr/bin/python3 -W ignore:setup.py install is deprecated -W ignore:easy_install command is deprecated setup.py egg_info --egg-base ../../../../build/temporal_mpc_ros2/build/rm_dynamic_obstacle_tracking build --build-base /workspace/build/temporal_mpc_ros2/build/rm_dynamic_obstacle_tracking/build install --record /workspace/build/temporal_mpc_ros2/build/rm_dynamic_obstacle_tracking/install.log --single-version-externally-managed install_data
