{
  "guard_exact_input_replays": 1076,
  "native_zoh_state_replays": 222,
  "native_model_error": {
    "count": 222,
    "p50": 2.0816681711721685e-17,
    "p95": 4.440892098500626e-16,
    "min": 0.0,
    "max": 8.881784197001252e-16
  },
  "native_dynamic_rejection_checks": 48,
  "native_constraint_counts": {
    "input": 845,
    "accepted": 174,
    "dynamic_clearance": 48
  },
  "guard_statuses": {
    "uncertified_brake": 716,
    "certified_brake": 250,
    "pass": 110
  },
  "guard_slew_max": 0.050000000000000044,
  "guard_core_s": {
    "count": 1076,
    "p50": 0.002822946000378579,
    "p95": 0.005712047499400796,
    "min": 6.125300569692627e-05,
    "max": 0.006540565002069343
  },
  "guard_tick_to_output_s": {
    "count": 1076,
    "p50": 0.003236193999327952,
    "p95": 0.0062444309987768065,
    "min": 0.0002500059999874793,
    "max": 0.007155213999794796
  },
  "guard_record_tick_gaps": [],
  "guard_observed_10ms_gate": true,
  "errors": [],
  "missing_inputs": {},
  "all_model_replays_pass": true,
  "scope": "Model replay and recorded timing only; no continuous actuator or detection safety certificate; no oracle inputs"
}
