{
  "checked_native_records": 19,
  "worker_input_joins": 19,
  "missing": {},
  "errors": [],
  "executed_dynamic_factorials": [],
  "shadow_dynamic_factorials": [
    {
      "evaluation_ns": 13565000000,
      "proposal_ns": 13515000000,
      "worker_source_ns": 13465000000,
      "native_source_ns": 13531000000,
      "measured_state_delta": [
        0.0029774748750346133,
        -6.507760088452814e-05,
        7.934557303402528e-13,
        0.04928835759924923,
        -0.0036089329608253212,
        1.9124024824757106e-11
      ],
      "recorded_native_constraint": "dynamic_clearance",
      "recorded_step": 30,
      "recorded_track_id": 1,
      "recorded_slack_m": -0.014953266913141087,
      "cases": {
        "worker_state__worker_prediction": {
          "at_recorded_track_step_m": 0.05697981998251195,
          "hypothetical_full_min_m": 0.05697981998251195,
          "hypothetical_full_min_step": 30,
          "hypothetical_full_min_track": 1
        },
        "worker_state__native_prediction": {
          "at_recorded_track_step_m": 0.05472761345198745,
          "hypothetical_full_min_m": 0.05472761345198745,
          "hypothetical_full_min_step": 30,
          "hypothetical_full_min_track": 1
        },
        "native_state__worker_prediction": {
          "at_recorded_track_step_m": -0.012701103078478323,
          "hypothetical_full_min_m": -0.012701103078478323,
          "hypothetical_full_min_step": 30,
          "hypothetical_full_min_track": 1
        },
        "native_state__native_prediction": {
          "at_recorded_track_step_m": -0.014953266913141087,
          "hypothetical_full_min_m": -0.014953266913141087,
          "hypothetical_full_min_step": 30,
          "hypothetical_full_min_track": 1
        }
      },
      "worker_original_dynamic_min_m": 0.08896076404238436,
      "worker_constraint_min": 0.0,
      "executed": false
    },
    {
      "evaluation_ns": 13765000000,
      "proposal_ns": 13715000000,
      "worker_source_ns": 13663000000,
      "native_source_ns": 13729000000,
      "measured_state_delta": [
        0.0,
        0.0,
        -3.1809598163358353e-19,
        0.0,
        0.0,
        0.0
      ],
      "recorded_native_constraint": "dynamic_clearance",
      "recorded_step": 30,
      "recorded_track_id": 1,
      "recorded_slack_m": -0.008095315654722577,
      "cases": {
        "worker_state__worker_prediction": {
          "at_recorded_track_step_m": -0.004517895209394628,
          "hypothetical_full_min_m": -0.004517895209394628,
          "hypothetical_full_min_step": 30,
          "hypothetical_full_min_track": 1
        },
        "worker_state__native_prediction": {
          "at_recorded_track_step_m": -0.008095315654722577,
          "hypothetical_full_min_m": -0.008095315654722577,
          "hypothetical_full_min_step": 30,
          "hypothetical_full_min_track": 1
        },
        "native_state__worker_prediction": {
          "at_recorded_track_step_m": -0.004517895209394628,
          "hypothetical_full_min_m": -0.004517895209394628,
          "hypothetical_full_min_step": 30,
          "hypothetical_full_min_track": 1
        },
        "native_state__native_prediction": {
          "at_recorded_track_step_m": -0.008095315654722577,
          "hypothetical_full_min_m": -0.008095315654722577,
          "hypothetical_full_min_step": 30,
          "hypothetical_full_min_track": 1
        }
      },
      "worker_original_dynamic_min_m": 0.03716882729484237,
      "worker_constraint_min": 0.0,
      "executed": false
    },
    {
      "evaluation_ns": 13815000000,
      "proposal_ns": 13765000000,
      "worker_source_ns": 13729000000,
      "native_source_ns": 13795000000,
      "measured_state_delta": [
        0.0,
        0.0,
        -3.1809598163358353e-19,
        0.0,
        0.0,
        0.0
      ],
      "recorded_native_constraint": "dynamic_clearance",
      "recorded_step": 30,
      "recorded_track_id": 1,
      "recorded_slack_m": -0.007962560178617687,
      "cases": {
        "worker_state__worker_prediction": {
          "at_recorded_track_step_m": -0.00784734304117499,
          "hypothetical_full_min_m": -0.00784734304117499,
          "hypothetical_full_min_step": 30,
          "hypothetical_full_min_track": 1
        },
        "worker_state__native_prediction": {
          "at_recorded_track_step_m": -0.007962560178617687,
          "hypothetical_full_min_m": -0.007962560178617687,
          "hypothetical_full_min_step": 30,
          "hypothetical_full_min_track": 1
        },
        "native_state__worker_prediction": {
          "at_recorded_track_step_m": -0.00784734304117499,
          "hypothetical_full_min_m": -0.00784734304117499,
          "hypothetical_full_min_step": 30,
          "hypothetical_full_min_track": 1
        },
        "native_state__native_prediction": {
          "at_recorded_track_step_m": -0.007962560178617687,
          "hypothetical_full_min_m": -0.007962560178617687,
          "hypothetical_full_min_step": 30,
          "hypothetical_full_min_track": 1
        }
      },
      "worker_original_dynamic_min_m": 0.03912113497330157,
      "worker_constraint_min": 0.0,
      "executed": false
    },
    {
      "evaluation_ns": 13865000000,
      "proposal_ns": 13815000000,
      "worker_source_ns": 13795000000,
      "native_source_ns": 13795000000,
      "measured_state_delta": [
        0.0,
        0.0,
        -3.1809598163358353e-19,
        0.0,
        0.0,
        0.0
      ],
      "recorded_native_constraint": "dynamic_clearance",
      "recorded_step": 30,
      "recorded_track_id": 1,
      "recorded_slack_m": -0.012407277150158828,
      "cases": {
        "worker_state__worker_prediction": {
          "at_recorded_track_step_m": -0.012407277150158828,
          "hypothetical_full_min_m": -0.012407277150158828,
          "hypothetical_full_min_step": 30,
          "hypothetical_full_min_track": 1
        },
        "worker_state__native_prediction": {
          "at_recorded_track_step_m": -0.012407277150158828,
          "hypothetical_full_min_m": -0.012407277150158828,
          "hypothetical_full_min_step": 30,
          "hypothetical_full_min_track": 1
        },
        "native_state__worker_prediction": {
          "at_recorded_track_step_m": -0.012407277150158828,
          "hypothetical_full_min_m": -0.012407277150158828,
          "hypothetical_full_min_step": 30,
          "hypothetical_full_min_track": 1
        },
        "native_state__native_prediction": {
          "at_recorded_track_step_m": -0.012407277150158828,
          "hypothetical_full_min_m": -0.012407277150158828,
          "hypothetical_full_min_step": 30,
          "hypothetical_full_min_track": 1
        }
      },
      "worker_original_dynamic_min_m": 0.038935288373374725,
      "worker_constraint_min": 0.0,
      "executed": false
    },
    {
      "evaluation_ns": 13915000000,
      "proposal_ns": 13865000000,
      "worker_source_ns": 13795000000,
      "native_source_ns": 13795000000,
      "measured_state_delta": [
        0.0,
        0.0,
        -3.1809598163358353e-19,
        0.0,
        0.0,
        0.0
      ],
      "recorded_native_constraint": "dynamic_clearance",
      "recorded_step": 30,
      "recorded_track_id": 1,
      "recorded_slack_m": -0.01700667590987565,
      "cases": {
        "worker_state__worker_prediction": {
          "at_recorded_track_step_m": -0.01700667590987565,
          "hypothetical_full_min_m": -0.01700667590987565,
          "hypothetical_full_min_step": 30,
          "hypothetical_full_min_track": 1
        },
        "worker_state__native_prediction": {
          "at_recorded_track_step_m": -0.01700667590987565,
          "hypothetical_full_min_m": -0.01700667590987565,
          "hypothetical_full_min_step": 30,
          "hypothetical_full_min_track": 1
        },
        "native_state__worker_prediction": {
          "at_recorded_track_step_m": -0.01700667590987565,
          "hypothetical_full_min_m": -0.01700667590987565,
          "hypothetical_full_min_step": 30,
          "hypothetical_full_min_track": 1
        },
        "native_state__native_prediction": {
          "at_recorded_track_step_m": -0.01700667590987565,
          "hypothetical_full_min_m": -0.01700667590987565,
          "hypothetical_full_min_step": 30,
          "hypothetical_full_min_track": 1
        }
      },
      "worker_original_dynamic_min_m": 0.03842293476389074,
      "worker_constraint_min": 0.0,
      "executed": false
    },
    {
      "evaluation_ns": 13965000000,
      "proposal_ns": 13915000000,
      "worker_source_ns": 13795000000,
      "native_source_ns": 13927000000,
      "measured_state_delta": [
        0.0,
        0.0,
        -3.1809598163358353e-19,
        0.0,
        0.0,
        0.0
      ],
      "recorded_native_constraint": "dynamic_clearance",
      "recorded_step": 30,
      "recorded_track_id": 1,
      "recorded_slack_m": -0.0234330468404035,
      "cases": {
        "worker_state__worker_prediction": {
          "at_recorded_track_step_m": -0.021566011035576153,
          "hypothetical_full_min_m": -0.021566011035576153,
          "hypothetical_full_min_step": 30,
          "hypothetical_full_min_track": 1
        },
        "worker_state__native_prediction": {
          "at_recorded_track_step_m": -0.0234330468404035,
          "hypothetical_full_min_m": -0.0234330468404035,
          "hypothetical_full_min_step": 30,
          "hypothetical_full_min_track": 1
        },
        "native_state__worker_prediction": {
          "at_recorded_track_step_m": -0.021566011035576153,
          "hypothetical_full_min_m": -0.021566011035576153,
          "hypothetical_full_min_step": 30,
          "hypothetical_full_min_track": 1
        },
        "native_state__native_prediction": {
          "at_recorded_track_step_m": -0.0234330468404035,
          "hypothetical_full_min_m": -0.0234330468404035,
          "hypothetical_full_min_step": 30,
          "hypothetical_full_min_track": 1
        }
      },
      "worker_original_dynamic_min_m": 0.03794529634382764,
      "worker_constraint_min": 0.0,
      "executed": false
    },
    {
      "evaluation_ns": 14015000000,
      "proposal_ns": 13965000000,
      "worker_source_ns": 13927000000,
      "native_source_ns": 13993000000,
      "measured_state_delta": [
        0.0,
        0.0,
        -3.1809598163358353e-19,
        0.0,
        0.0,
        0.0
      ],
      "recorded_native_constraint": "dynamic_clearance",
      "recorded_step": 30,
      "recorded_track_id": 1,
      "recorded_slack_m": -0.02238015735848162,
      "cases": {
        "worker_state__worker_prediction": {
          "at_recorded_track_step_m": -0.02743446439450516,
          "hypothetical_full_min_m": -0.02743446439450516,
          "hypothetical_full_min_step": 30,
          "hypothetical_full_min_track": 1
        },
        "worker_state__native_prediction": {
          "at_recorded_track_step_m": -0.02238015735848162,
          "hypothetical_full_min_m": -0.02238015735848162,
          "hypothetical_full_min_step": 30,
          "hypothetical_full_min_track": 1
        },
        "native_state__worker_prediction": {
          "at_recorded_track_step_m": -0.02743446439450516,
          "hypothetical_full_min_m": -0.02743446439450516,
          "hypothetical_full_min_step": 30,
          "hypothetical_full_min_track": 1
        },
        "native_state__native_prediction": {
          "at_recorded_track_step_m": -0.02238015735848162,
          "hypothetical_full_min_m": -0.02238015735848162,
          "hypothetical_full_min_step": 30,
          "hypothetical_full_min_track": 1
        }
      },
      "worker_original_dynamic_min_m": 0.0356004059608249,
      "worker_constraint_min": 0.0,
      "executed": false
    },
    {
      "evaluation_ns": 14065000000,
      "proposal_ns": 14015000000,
      "worker_source_ns": 13993000000,
      "native_source_ns": 13993000000,
      "measured_state_delta": [
        0.0,
        0.0,
        -3.1809598163358353e-19,
        0.0,
        0.0,
        0.0
      ],
      "recorded_native_constraint": "dynamic_clearance",
      "recorded_step": 29,
      "recorded_track_id": 1,
      "recorded_slack_m": -0.005475001686880063,
      "cases": {
        "worker_state__worker_prediction": {
          "at_recorded_track_step_m": -0.005475001686880063,
          "hypothetical_full_min_m": -0.031222575570705156,
          "hypothetical_full_min_step": 30,
          "hypothetical_full_min_track": 1
        },
        "worker_state__native_prediction": {
          "at_recorded_track_step_m": -0.005475001686880063,
          "hypothetical_full_min_m": -0.031222575570705156,
          "hypothetical_full_min_step": 30,
          "hypothetical_full_min_track": 1
        },
        "native_state__worker_prediction": {
          "at_recorded_track_step_m": -0.0054750016868805075,
          "hypothetical_full_min_m": -0.031222575570705156,
          "hypothetical_full_min_step": 30,
          "hypothetical_full_min_track": 1
        },
        "native_state__native_prediction": {
          "at_recorded_track_step_m": -0.0054750016868805075,
          "hypothetical_full_min_m": -0.031222575570705156,
          "hypothetical_full_min_step": 30,
          "hypothetical_full_min_track": 1
        }
      },
      "worker_original_dynamic_min_m": 0.03501877473743822,
      "worker_constraint_min": 0.0,
      "executed": false
    },
    {
      "evaluation_ns": 14115000000,
      "proposal_ns": 14065000000,
      "worker_source_ns": 13993000000,
      "native_source_ns": 14059000000,
      "measured_state_delta": [
        0.0,
        0.0,
        -3.1809598163358353e-19,
        0.0,
        0.0,
        0.0
      ],
      "recorded_native_constraint": "dynamic_clearance",
      "recorded_step": 29,
      "recorded_track_id": 1,
      "recorded_slack_m": -0.01087182487776182,
      "cases": {
        "worker_state__worker_prediction": {
          "at_recorded_track_step_m": -0.009869247177324045,
          "hypothetical_full_min_m": -0.03561662978123434,
          "hypothetical_full_min_step": 30,
          "hypothetical_full_min_track": 1
        },
        "worker_state__native_prediction": {
          "at_recorded_track_step_m": -0.010871824877762042,
          "hypothetical_full_min_m": -0.036606680218074325,
          "hypothetical_full_min_step": 30,
          "hypothetical_full_min_track": 1
        },
        "native_state__worker_prediction": {
          "at_recorded_track_step_m": -0.009869247177324045,
          "hypothetical_full_min_m": -0.03561662978123434,
          "hypothetical_full_min_step": 30,
          "hypothetical_full_min_track": 1
        },
        "native_state__native_prediction": {
          "at_recorded_track_step_m": -0.010871824877762042,
          "hypothetical_full_min_m": -0.036606680218074325,
          "hypothetical_full_min_step": 30,
          "hypothetical_full_min_track": 1
        }
      },
      "worker_original_dynamic_min_m": 0.034628954243628905,
      "worker_constraint_min": 0.0,
      "executed": false
    },
    {
      "evaluation_ns": 14165000000,
      "proposal_ns": 14115000000,
      "worker_source_ns": 14059000000,
      "native_source_ns": 14125000000,
      "measured_state_delta": [
        0.0,
        0.0,
        -3.1809598163358353e-19,
        0.0,
        0.0,
        0.0
      ],
      "recorded_native_constraint": "dynamic_clearance",
      "recorded_step": 29,
      "recorded_track_id": 1,
      "recorded_slack_m": -0.013704080943904986,
      "cases": {
        "worker_state__worker_prediction": {
          "at_recorded_track_step_m": -0.014507883020978257,
          "hypothetical_full_min_m": -0.04024263305427721,
          "hypothetical_full_min_step": 30,
          "hypothetical_full_min_track": 1
        },
        "worker_state__native_prediction": {
          "at_recorded_track_step_m": -0.013704080943904986,
          "hypothetical_full_min_m": -0.03942341688005438,
          "hypothetical_full_min_step": 30,
          "hypothetical_full_min_track": 1
        },
        "native_state__worker_prediction": {
          "at_recorded_track_step_m": -0.014507883020978257,
          "hypothetical_full_min_m": -0.04024263305427721,
          "hypothetical_full_min_step": 30,
          "hypothetical_full_min_track": 1
        },
        "native_state__native_prediction": {
          "at_recorded_track_step_m": -0.013704080943904986,
          "hypothetical_full_min_m": -0.03942341688005438,
          "hypothetical_full_min_step": 30,
          "hypothetical_full_min_track": 1
        }
      },
      "worker_original_dynamic_min_m": 0.034164788373311286,
      "worker_constraint_min": 0.0,
      "executed": false
    },
    {
      "evaluation_ns": 14215000000,
      "proposal_ns": 14165000000,
      "worker_source_ns": 14125000000,
      "native_source_ns": 14125000000,
      "measured_state_delta": [
        0.0,
        0.0,
        -3.1809598163358353e-19,
        0.0,
        0.0,
        0.0
      ],
      "recorded_native_constraint": "dynamic_clearance",
      "recorded_step": 29,
      "recorded_track_id": 1,
      "recorded_slack_m": -0.018556078740171202,
      "cases": {
        "worker_state__worker_prediction": {
          "at_recorded_track_step_m": -0.018556078740171202,
          "hypothetical_full_min_m": -0.04427529934079791,
          "hypothetical_full_min_step": 30,
          "hypothetical_full_min_track": 1
        },
        "worker_state__native_prediction": {
          "at_recorded_track_step_m": -0.018556078740171202,
          "hypothetical_full_min_m": -0.04427529934079791,
          "hypothetical_full_min_step": 30,
          "hypothetical_full_min_track": 1
        },
        "native_state__worker_prediction": {
          "at_recorded_track_step_m": -0.018556078740171202,
          "hypothetical_full_min_m": -0.04427529934079791,
          "hypothetical_full_min_step": 30,
          "hypothetical_full_min_track": 1
        },
        "native_state__native_prediction": {
          "at_recorded_track_step_m": -0.018556078740171202,
          "hypothetical_full_min_m": -0.04427529934079791,
          "hypothetical_full_min_step": 30,
          "hypothetical_full_min_track": 1
        }
      },
      "worker_original_dynamic_min_m": 0.03412648228287049,
      "worker_constraint_min": 0.0,
      "executed": false
    },
    {
      "evaluation_ns": 14265000000,
      "proposal_ns": 14215000000,
      "worker_source_ns": 14125000000,
      "native_source_ns": 14191000000,
      "measured_state_delta": [
        0.0,
        0.0,
        -3.1809598163358353e-19,
        0.0,
        0.0,
        0.0
      ],
      "recorded_native_constraint": "dynamic_clearance",
      "recorded_step": 29,
      "recorded_track_id": 1,
      "recorded_slack_m": -0.013745259785989863,
      "cases": {
        "worker_state__worker_prediction": {
          "at_recorded_track_step_m": -0.022756605491726225,
          "hypothetical_full_min_m": -0.04847573504870831,
          "hypothetical_full_min_step": 30,
          "hypothetical_full_min_track": 1
        },
        "worker_state__native_prediction": {
          "at_recorded_track_step_m": -0.013745259785989856,
          "hypothetical_full_min_m": -0.03935318912338416,
          "hypothetical_full_min_step": 30,
          "hypothetical_full_min_track": 1
        },
        "native_state__worker_prediction": {
          "at_recorded_track_step_m": -0.022756605491726225,
          "hypothetical_full_min_m": -0.04847573504870831,
          "hypothetical_full_min_step": 30,
          "hypothetical_full_min_track": 1
        },
        "native_state__native_prediction": {
          "at_recorded_track_step_m": -0.013745259785989856,
          "hypothetical_full_min_m": -0.03935318912338416,
          "hypothetical_full_min_step": 30,
          "hypothetical_full_min_track": 1
        }
      },
      "worker_original_dynamic_min_m": 0.03410179119205389,
      "worker_constraint_min": 0.0,
      "executed": false
    },
    {
      "evaluation_ns": 14315000000,
      "proposal_ns": 14265000000,
      "worker_source_ns": 14191000000,
      "native_source_ns": 14257000000,
      "measured_state_delta": [
        0.0,
        0.0,
        -3.1809598163358353e-19,
        0.0,
        0.0,
        0.0
      ],
      "recorded_native_constraint": "dynamic_clearance",
      "recorded_step": 29,
      "recorded_track_id": 1,
      "recorded_slack_m": -0.021190208621150845,
      "cases": {
        "worker_state__worker_prediction": {
          "at_recorded_track_step_m": -0.025381054842350665,
          "hypothetical_full_min_m": -0.05098865694519995,
          "hypothetical_full_min_step": 30,
          "hypothetical_full_min_track": 1
        },
        "worker_state__native_prediction": {
          "at_recorded_track_step_m": -0.021190208621150845,
          "hypothetical_full_min_m": -0.04669213349081147,
          "hypothetical_full_min_step": 30,
          "hypothetical_full_min_track": 1
        },
        "native_state__worker_prediction": {
          "at_recorded_track_step_m": -0.025381054842350665,
          "hypothetical_full_min_m": -0.05098865694519995,
          "hypothetical_full_min_step": 30,
          "hypothetical_full_min_track": 1
        },
        "native_state__native_prediction": {
          "at_recorded_track_step_m": -0.021190208621150845,
          "hypothetical_full_min_m": -0.04669213349081147,
          "hypothetical_full_min_step": 30,
          "hypothetical_full_min_track": 1
        }
      },
      "worker_original_dynamic_min_m": 0.0342640655278049,
      "worker_constraint_min": 0.0,
      "executed": false
    },
    {
      "evaluation_ns": 14365000000,
      "proposal_ns": 14315000000,
      "worker_source_ns": 14257000000,
      "native_source_ns": 14323000000,
      "measured_state_delta": [
        0.0,
        0.0,
        -3.1809598163358353e-19,
        0.0,
        0.0,
        0.0
      ],
      "recorded_native_constraint": "dynamic_clearance",
      "recorded_step": 29,
      "recorded_track_id": 1,
      "recorded_slack_m": -0.019613795318085523,
      "cases": {
        "worker_state__worker_prediction": {
          "at_recorded_track_step_m": -0.025180364240996903,
          "hypothetical_full_min_m": -0.05068225693398376,
          "hypothetical_full_min_step": 30,
          "hypothetical_full_min_track": 1
        },
        "worker_state__native_prediction": {
          "at_recorded_track_step_m": -0.019613795318085967,
          "hypothetical_full_min_m": -0.04499679618933475,
          "hypothetical_full_min_step": 30,
          "hypothetical_full_min_track": 1
        },
        "native_state__worker_prediction": {
          "at_recorded_track_step_m": -0.025180364240996903,
          "hypothetical_full_min_m": -0.05068225693398376,
          "hypothetical_full_min_step": 30,
          "hypothetical_full_min_track": 1
        },
        "native_state__native_prediction": {
          "at_recorded_track_step_m": -0.019613795318085967,
          "hypothetical_full_min_m": -0.04499679618933475,
          "hypothetical_full_min_step": 30,
          "hypothetical_full_min_track": 1
        }
      },
      "worker_original_dynamic_min_m": 0.03777966183260938,
      "worker_constraint_min": 0.0,
      "executed": false
    }
  ],
  "native_dynamic_margins_checked": 14,
  "actual_native_margins_match": true,
  "worker_solver_s": {
    "count": 998,
    "p50": 0.00041433651495026425,
    "p95": 0.0008114743388432543,
    "min": 0.0,
    "max": 0.005553042035899125
  },
  "worker_iterations_max": 390,
  "portfolio_choices": {
    "none": 258,
    "left": 740
  },
  "portfolio_optimized_choices": {
    "left": 19
  },
  "portfolio_attempts": {
    "left": 740,
    "right": 721,
    "wait": 721
  },
  "portfolio_max_attempts": 3,
  "portfolio_diagnostic_count": 998,
  "portfolio_feasible_count": 19,
  "accepted_portfolio_budget_gate": true,
  "scope": "Exact recorded input joins. Four dynamic-margin counterfactuals at one native epoch; no backdating stale predictions, no execution/physical certificate, no unique additive causal attribution.",
  "dynamic_acceptance": false
}
