{
  "source_tf_replay_gate": true,
  "event_file_sha256": "0b743baca7fc688933c2b0da6bc1d656d8d4ccb04b1acd07f174b6c88a22dbd1",
  "scenario": "head_on",
  "mode": "mpc",
  "source_counts": 760,
  "public_accepted": 760,
  "public_rejections": {},
  "source_epoch_monotonic": true,
  "schema_failures": 0,
  "complete_count": 760,
  "track_states": {
    "1": 159,
    "2": 601
  },
  "confirmed_observations": 601,
  "source_scan_pairs": 760,
  "source_tf_pairs": 754,
  "source_receipt_sim_s": {
    "count": 760,
    "p50": 0.031,
    "p95": 0.061,
    "min": 0.01,
    "max": 0.123
  },
  "source_processing_sim_s": {
    "count": 760,
    "p50": 0.01,
    "p95": 0.013,
    "min": 0.007,
    "max": 0.077
  },
  "processing_order_failures": 0,
  "display_cv_error_max_m": 0.0,
  "odom_count": 2520,
  "odom_receipt_sim_s": {
    "count": 2520,
    "p50": 0.001,
    "p95": 0.004,
    "min": 0.0,
    "max": 0.046
  },
  "measured_wz_abs": {
    "count": 2520,
    "p50": 0.0,
    "p95": 0.0,
    "min": 0.0,
    "max": 3.90135287357124e-10
  },
  "measured_translation_speed": {
    "count": 2520,
    "p50": 0.0,
    "p95": 0.0,
    "min": 0.0,
    "max": 0.07965929971561461
  },
  "model_domain_rejections": {},
  "solver_s": {
    "count": 998,
    "p50": 0.015525866503594443,
    "p95": 0.03426236839950434,
    "min": 9.881099686026573e-05,
    "max": 0.03968739400443155
  },
  "solver_feasible_count": 19,
  "solver_reasons": {
    "ContractError: missing plan/map/prediction": 258,
    "revalidated temporal QP": 19,
    "maximum iterations reached; trajectory rejected by hard checks": 3,
    "primal infeasible inaccurate": 10,
    "primal infeasible": 708
  },
  "native_health_reasons": {
    "missing TF/odom": 1,
    "missing proposal/state": 10,
    "proposal stale/rejected/generation": 977,
    "accepted_reanchored": 5,
    "reanchored trajectory rejected": 14
  },
  "native_executed_s": {
    "count": 1,
    "p50": 6.8359e-05,
    "p95": 6.8359e-05,
    "min": 6.8359e-05,
    "max": 6.8359e-05
  },
  "native_executed_ready_count": 1,
  "oracle_same_epoch_pairs": 2519,
  "oracle_errors": {},
  "oracle_gap_s": {
    "count": 2518,
    "p50": 0.02,
    "p95": 0.02,
    "min": 0.02,
    "max": 0.02
  },
  "sampled_full_envelope_clearance_m": 0.8405167820092811,
  "diagnostic_sweep_lower_m": 0.7855167820092811,
  "diagnostic_point_speed_bound": 5.5,
  "physical_speed_bound_certified": false,
  "sampled_full_envelope_intersection": false,
  "actual_robot_contacts": 0,
  "actual_contact_message_count": 0,
  "action_success": false,
  "sensor_contract_gate": true,
  "measured_model_gate": true,
  "mpc_entry_gate": true,
  "oracle_sample_gate": true,
  "physical_acceptance": false,
  "false_block": null,
  "blocked_pair_reason": null
}
