[INFO] [launch]: All log files can be found below /home/rmnav/.ros/log/2026-10-04-11-09-12-044242-e36f05a11552-56
[INFO] [launch]: Default logging verbosity is set to INFO
[INFO] [ign gazebo-1]: process started with pid [205]
[INFO] [parameter_bridge-2]: process started with pid [207]
[INFO] [scan_frame_adapter-3]: process started with pid [210]
[INFO] [robot_state_publisher-4]: process started with pid [212]
[INFO] [lio_adapter-5]: process started with pid [214]
[INFO] [gimbal_state_adapter-6]: process started with pid [216]
[INFO] [imu_frame_adapter-7]: process started with pid [218]
[INFO] [static_transform_publisher-8]: process started with pid [220]
[INFO] [chassis_interface_stub-9]: process started with pid [222]
[gimbal_state_adapter-6] [WARN] [1791112152.519331624] [gimbal_state_adapter]: Phase 1 skeleton: publishing gimbal_yaw_joint on /joint_states. Real hardware must provide timestamped gimbal yaw before rotating-gimbal localization is accepted.
[chassis_interface_stub-9] [WARN] [1791112152.523510279] [chassis_interface_stub]: Phase 1 chassis stub only: no TF, no odom, no nav goals, no real serial.
[imu_frame_adapter-7] [WARN] [1791112152.526159402] [imu_frame_adapter]: Phase 1 IMU frame adapter: /livox/lio_imu_raw -> /livox/lio_imu, output frame_id=lio_imu_link. This node only rewrites header.frame_id; it does not publish TF, filter IMU data, or modify measurements.
[robot_state_publisher-4] [INFO] [1791112152.535413839] [robot_state_publisher]: got segment base_imu_link
[robot_state_publisher-4] [INFO] [1791112152.535600968] [robot_state_publisher]: got segment base_link
[robot_state_publisher-4] [INFO] [1791112152.535624522] [robot_state_publisher]: got segment gimbal_yaw_link
[robot_state_publisher-4] [INFO] [1791112152.535640896] [robot_state_publisher]: got segment lio_imu_link
[robot_state_publisher-4] [INFO] [1791112152.535655743] [robot_state_publisher]: got segment mid360_left_frame
[robot_state_publisher-4] [INFO] [1791112152.535670413] [robot_state_publisher]: got segment mid360_right_frame
[robot_state_publisher-4] [INFO] [1791112152.535685292] [robot_state_publisher]: got segment sim_lidar_link
[scan_frame_adapter-3] [WARN] [1791112152.536418283] [scan_frame_adapter]: Simulation-only scan adapter: /simulation/scan_raw -> /scan with frame_id=sim_lidar_link. No TF is published.
[static_transform_publisher-8] [INFO] [1791112152.538583623] [experiment_map_origin]: Spinning until stopped - publishing transform
[static_transform_publisher-8] translation: ('0.000000', '0.000000', '0.000000')
[static_transform_publisher-8] rotation: ('0.000000', '0.000000', '0.000000', '1.000000')
[static_transform_publisher-8] from 'map' to 'odom'
[lio_adapter-5] [WARN] [1791112152.538763020] [lio_adapter]: Canonical LIO adapter: adapting /simulation/ground_truth/odom to /odometry/lio through TF base_link->sensor with gimbal frame gimbal_yaw_link. raw_odom_parent_frame_mode=canonical_odom. twist_mode=passthrough. Real hardware still requires calibrated and timestamped gimbal yaw.
[parameter_bridge-2] Couldn't find a preferred IP via the getifaddrs() call; I'm assuming that your IP address is 127.0.0.1.  This should work for local processes, but will almost certainly not work if you have remote processes.Report to the disc-zmq development team to seek a fix.
[parameter_bridge-2] Couldn't find a preferred IP via the getifaddrs() call; I'm assuming that your IP address is 127.0.0.1.  This should work for local processes, but will almost certainly not work if you have remote processes.Report to the disc-zmq development team to seek a fix.
[parameter_bridge-2] Couldn't find a preferred IP via the getifaddrs() call; I'm assuming that your IP address is 127.0.0.1.  This should work for local processes, but will almost certainly not work if you have remote processes.Report to the disc-zmq development team to seek a fix.
[parameter_bridge-2] Couldn't find a preferred IP via the getifaddrs() call; I'm assuming that your IP address is 127.0.0.1.  This should work for local processes, but will almost certainly not work if you have remote processes.Report to the disc-zmq development team to seek a fix.
[ign gazebo-1] Couldn't find a preferred IP via the getifaddrs() call; I'm assuming that your IP address is 127.0.0.1.  This should work for local processes, but will almost certainly not work if you have remote processes.Report to the disc-zmq development team to seek a fix.
[ign gazebo-1] Couldn't find a preferred IP via the getifaddrs() call; I'm assuming that your IP address is 127.0.0.1.  This should work for local processes, but will almost certainly not work if you have remote processes.Report to the disc-zmq development team to seek a fix.
[ign gazebo-1] Couldn't find a preferred IP via the getifaddrs() call; I'm assuming that your IP address is 127.0.0.1.  This should work for local processes, but will almost certainly not work if you have remote processes.Report to the disc-zmq development team to seek a fix.
[ign gazebo-1] Couldn't find a preferred IP via the getifaddrs() call; I'm assuming that your IP address is 127.0.0.1.  This should work for local processes, but will almost certainly not work if you have remote processes.Report to the disc-zmq development team to seek a fix.
[parameter_bridge-2] [INFO] [1791112153.587072408] [simulation_bridge]: Creating GZ->ROS Bridge: [/clock (ignition.msgs.Clock) -> /clock (rosgraph_msgs/msg/Clock)] (Lazy 0)
[parameter_bridge-2] [INFO] [1791112153.589453641] [simulation_bridge]: Creating ROS->GZ Bridge: [/simulation/chassis/cmd_vel (geometry_msgs/msg/Twist) -> /model/rm_sentry_2027/cmd_vel (ignition.msgs.Twist)] (Lazy 0)
[parameter_bridge-2] [INFO] [1791112153.592560949] [simulation_bridge]: Creating GZ->ROS Bridge: [/model/rm_sentry_2027/odometry (ignition.msgs.Odometry) -> /simulation/ground_truth/odom (nav_msgs/msg/Odometry)] (Lazy 0)
[parameter_bridge-2] [INFO] [1791112153.594702151] [simulation_bridge]: Creating GZ->ROS Bridge: [/model/rm_sentry_2027/sim_lidar/scan (ignition.msgs.LaserScan) -> /simulation/scan_raw (sensor_msgs/msg/LaserScan)] (Lazy 0)
[parameter_bridge-2] [INFO] [1791112153.596650680] [simulation_bridge]: Creating ROS->GZ Bridge: [/simulation/moving_obstacle/target (std_msgs/msg/Float64) -> /simulation/moving_obstacle/gz_target (ignition.msgs.Double)] (Lazy 0)
[parameter_bridge-2] [INFO] [1791112153.597770537] [simulation_bridge]: Creating GZ->ROS Bridge: [/model/rm_sentry_2027/pose (ignition.msgs.Pose_V) -> /simulation/oracle/rm_sentry_2027 (tf2_msgs/msg/TFMessage)] (Lazy 0)
[parameter_bridge-2] [INFO] [1791112153.599706560] [simulation_bridge]: Creating GZ->ROS Bridge: [/model/moving_obstacle/pose (ignition.msgs.Pose_V) -> /simulation/oracle/moving_obstacle (tf2_msgs/msg/TFMessage)] (Lazy 0)
[parameter_bridge-2] [INFO] [1791112153.600914616] [simulation_bridge]: Creating GZ->ROS Bridge: [/world/phase1_omni/dynamic_pose/info (ignition.msgs.Pose_V) -> /simulation/oracle/world (tf2_msgs/msg/TFMessage)] (Lazy 0)
[parameter_bridge-2] [INFO] [1791112153.601964534] [simulation_bridge]: Creating GZ->ROS Bridge: [/simulation/oracle/contacts (ignition.msgs.Contacts) -> /simulation/oracle/contacts (ros_gz_interfaces/msg/Contacts)] (Lazy 0)
[parameter_bridge-2] [INFO] [1791112153.625330448] [simulation_bridge]: Passing message from ROS geometry_msgs/msg/Twist to Gazebo gz.msgs.Twist (showing msg only once per type)
[scan_frame_adapter-3] [INFO] [1791112155.486164857] [scan_frame_adapter]: Gazebo raw scan frame_id is 'rm_sentry_2027/sim_lidar_link/phase1_planar_lidar'; canonical simulation frame is 'sim_lidar_link'.
[parameter_bridge-2] [INFO] [1791112155.532771004] [simulation_bridge]: Passing message from ROS std_msgs/msg/Float64 to Gazebo gz.msgs.Double (showing msg only once per type)
[chassis_interface_stub-9] [INFO] [1791112156.527362782] [chassis_interface_stub]: Mock chassis packet vx=0.000 vy=0.000 wz=0.000
[chassis_interface_stub-9] [INFO] [1791112157.575653862] [chassis_interface_stub]: Mock chassis packet vx=0.000 vy=0.000 wz=0.000
[chassis_interface_stub-9] [INFO] [1791112158.575517442] [chassis_interface_stub]: Mock chassis packet vx=0.000 vy=0.000 wz=0.000
[chassis_interface_stub-9] [INFO] [1791112159.577152888] [chassis_interface_stub]: Mock chassis packet vx=0.000 vy=0.000 wz=0.000
[chassis_interface_stub-9] [INFO] [1791112160.577395794] [chassis_interface_stub]: Mock chassis packet vx=0.000 vy=0.000 wz=0.000
[chassis_interface_stub-9] [INFO] [1791112161.625508537] [chassis_interface_stub]: Mock chassis packet vx=0.000 vy=0.000 wz=0.000
[chassis_interface_stub-9] [INFO] [1791112162.628204689] [chassis_interface_stub]: Mock chassis packet vx=0.000 vy=0.000 wz=0.000
[chassis_interface_stub-9] [INFO] [1791112163.675915222] [chassis_interface_stub]: Mock chassis packet vx=0.000 vy=0.000 wz=0.000
[chassis_interface_stub-9] [INFO] [1791112164.676858511] [chassis_interface_stub]: Mock chassis packet vx=0.000 vy=0.000 wz=0.000
[chassis_interface_stub-9] [INFO] [1791112165.725995886] [chassis_interface_stub]: Mock chassis packet vx=0.000 vy=0.000 wz=0.000
[chassis_interface_stub-9] [INFO] [1791112166.776211476] [chassis_interface_stub]: Mock chassis packet vx=0.000 vy=0.000 wz=0.000
[chassis_interface_stub-9] [INFO] [1791112167.825427196] [chassis_interface_stub]: Mock chassis packet vx=0.000 vy=0.000 wz=0.000
[chassis_interface_stub-9] [INFO] [1791112168.827105767] [chassis_interface_stub]: Mock chassis packet vx=0.000 vy=0.000 wz=0.000
[chassis_interface_stub-9] [INFO] [1791112169.828992884] [chassis_interface_stub]: Mock chassis packet vx=0.000 vy=0.000 wz=0.000
[chassis_interface_stub-9] [INFO] [1791112170.876335795] [chassis_interface_stub]: Mock chassis packet vx=0.000 vy=0.000 wz=0.000
[chassis_interface_stub-9] [INFO] [1791112171.875986787] [chassis_interface_stub]: Mock chassis packet vx=0.000 vy=0.000 wz=0.000
[chassis_interface_stub-9] [INFO] [1791112172.875915235] [chassis_interface_stub]: Mock chassis packet vx=0.000 vy=0.000 wz=0.000
[chassis_interface_stub-9] [INFO] [1791112173.876028961] [chassis_interface_stub]: Mock chassis packet vx=0.000 vy=0.000 wz=0.000
[chassis_interface_stub-9] [INFO] [1791112174.876183928] [chassis_interface_stub]: Mock chassis packet vx=0.000 vy=0.000 wz=0.000
[chassis_interface_stub-9] [INFO] [1791112175.878669536] [chassis_interface_stub]: Mock chassis packet vx=0.000 vy=0.000 wz=0.000
[chassis_interface_stub-9] [INFO] [1791112176.878083881] [chassis_interface_stub]: Mock chassis packet vx=0.000 vy=0.000 wz=0.000
[chassis_interface_stub-9] [INFO] [1791112177.926045759] [chassis_interface_stub]: Mock chassis packet vx=0.000 vy=0.000 wz=0.000
[chassis_interface_stub-9] [INFO] [1791112178.926006377] [chassis_interface_stub]: Mock chassis packet vx=0.000 vy=0.000 wz=0.000
[chassis_interface_stub-9] [INFO] [1791112179.925934062] [chassis_interface_stub]: Mock chassis packet vx=0.000 vy=0.000 wz=0.000
[chassis_interface_stub-9] [INFO] [1791112180.926041258] [chassis_interface_stub]: Mock chassis packet vx=0.000 vy=0.000 wz=0.000
[chassis_interface_stub-9] [INFO] [1791112181.925873523] [chassis_interface_stub]: Mock chassis packet vx=0.000 vy=0.000 wz=0.000
[chassis_interface_stub-9] [INFO] [1791112182.928619069] [chassis_interface_stub]: Mock chassis packet vx=0.000 vy=0.000 wz=0.000
[chassis_interface_stub-9] [INFO] [1791112183.928395134] [chassis_interface_stub]: Mock chassis packet vx=0.000 vy=0.000 wz=0.000
[chassis_interface_stub-9] [INFO] [1791112184.975797796] [chassis_interface_stub]: Mock chassis packet vx=0.000 vy=0.000 wz=0.000
[chassis_interface_stub-9] [INFO] [1791112185.978941436] [chassis_interface_stub]: Mock chassis packet vx=0.000 vy=0.000 wz=0.000
[chassis_interface_stub-9] [INFO] [1791112187.025936544] [chassis_interface_stub]: Mock chassis packet vx=0.000 vy=0.000 wz=0.000
[chassis_interface_stub-9] [INFO] [1791112188.025939059] [chassis_interface_stub]: Mock chassis packet vx=0.000 vy=0.000 wz=0.000
[chassis_interface_stub-9] [INFO] [1791112189.075665250] [chassis_interface_stub]: Mock chassis packet vx=0.000 vy=0.000 wz=0.000
[chassis_interface_stub-9] [INFO] [1791112190.075952646] [chassis_interface_stub]: Mock chassis packet vx=0.000 vy=0.000 wz=0.000
[chassis_interface_stub-9] [INFO] [1791112191.078699419] [chassis_interface_stub]: Mock chassis packet vx=0.000 vy=0.000 wz=0.000
[chassis_interface_stub-9] [INFO] [1791112192.128761864] [chassis_interface_stub]: Mock chassis packet vx=0.000 vy=0.000 wz=0.000
[chassis_interface_stub-9] [INFO] [1791112193.175710354] [chassis_interface_stub]: Mock chassis packet vx=0.000 vy=0.000 wz=0.000
[chassis_interface_stub-9] [INFO] [1791112194.175618607] [chassis_interface_stub]: Mock chassis packet vx=0.000 vy=0.000 wz=0.000
[chassis_interface_stub-9] [INFO] [1791112195.175557894] [chassis_interface_stub]: Mock chassis packet vx=0.000 vy=0.000 wz=0.000
[chassis_interface_stub-9] [INFO] [1791112196.175444642] [chassis_interface_stub]: Mock chassis packet vx=0.000 vy=0.000 wz=0.000
[chassis_interface_stub-9] [INFO] [1791112197.178166350] [chassis_interface_stub]: Mock chassis packet vx=0.000 vy=0.000 wz=0.000
[chassis_interface_stub-9] [INFO] [1791112198.228198729] [chassis_interface_stub]: Mock chassis packet vx=0.000 vy=0.000 wz=0.000
[chassis_interface_stub-9] [INFO] [1791112199.278268904] [chassis_interface_stub]: Mock chassis packet vx=0.000 vy=0.000 wz=0.000
[chassis_interface_stub-9] [INFO] [1791112200.325549735] [chassis_interface_stub]: Mock chassis packet vx=0.000 vy=0.000 wz=0.000
[chassis_interface_stub-9] [INFO] [1791112201.328153024] [chassis_interface_stub]: Mock chassis packet vx=0.000 vy=0.000 wz=0.000
[chassis_interface_stub-9] [INFO] [1791112202.375381695] [chassis_interface_stub]: Mock chassis packet vx=0.000 vy=0.000 wz=0.000
[chassis_interface_stub-9] [INFO] [1791112203.375422519] [chassis_interface_stub]: Mock chassis packet vx=0.000 vy=0.000 wz=0.000
[chassis_interface_stub-9] [INFO] [1791112204.425844473] [chassis_interface_stub]: Mock chassis packet vx=0.000 vy=0.000 wz=0.000
[chassis_interface_stub-9] [INFO] [1791112205.478141371] [chassis_interface_stub]: Mock chassis packet vx=0.000 vy=0.000 wz=0.000
[chassis_interface_stub-9] [INFO] [1791112206.070095442] [rclcpp]: signal_handler(SIGINT/SIGTERM)
[gimbal_state_adapter-6] [INFO] [1791112206.070111432] [rclcpp]: signal_handler(SIGINT/SIGTERM)
[lio_adapter-5] [INFO] [1791112206.070115864] [rclcpp]: signal_handler(SIGINT/SIGTERM)
[static_transform_publisher-8] [INFO] [1791112206.070120955] [rclcpp]: signal_handler(SIGINT/SIGTERM)
[robot_state_publisher-4] [INFO] [1791112206.070127263] [rclcpp]: signal_handler(SIGINT/SIGTERM)
[parameter_bridge-2] [INFO] [1791112206.070133617] [rclcpp]: signal_handler(SIGINT/SIGTERM)
[imu_frame_adapter-7] [INFO] [1791112206.070142483] [rclcpp]: signal_handler(SIGINT/SIGTERM)
[scan_frame_adapter-3] [INFO] [1791112206.070338368] [rclcpp]: signal_handler(SIGINT/SIGTERM)
[INFO] [ign gazebo-1]: process has finished cleanly [pid 205]
[INFO] [parameter_bridge-2]: process has finished cleanly [pid 207]
[INFO] [gimbal_state_adapter-6]: process has finished cleanly [pid 216]
[INFO] [static_transform_publisher-8]: process has finished cleanly [pid 220]
[INFO] [scan_frame_adapter-3]: process has finished cleanly [pid 210]
[INFO] [lio_adapter-5]: process has finished cleanly [pid 214]
[INFO] [chassis_interface_stub-9]: process has finished cleanly [pid 222]
[INFO] [robot_state_publisher-4]: process has finished cleanly [pid 212]
[INFO] [imu_frame_adapter-7]: process has finished cleanly [pid 218]
