Consolidate compiler generated dependencies of target benchmark_stopping_plugin
[ 50%] Building CXX object CMakeFiles/benchmark_stopping_plugin.dir/tools/benchmark_stopping_plugin.cpp.o
[100%] Linking CXX executable benchmark_stopping_plugin
[100%] Built target benchmark_stopping_plugin
{"verdict": "PASS", "cases": [{"case": "missing_input_brakes", "passed": true}, {"case": "fresh_clear_command_passes", "passed": true}, {"case": "future_collision_brakes", "passed": true}, {"case": "stale_tracker_brakes", "passed": true}, {"case": "odometry_watchdog_brakes", "passed": true}, {"case": "unknown_static_cell_brakes", "passed": true}, {"case": "measured_motion_stopping_tail_brakes", "passed": true}]}
	linux-vdso.so.1 (0x0000725293802000)
	libmppi_controller.so => /opt/ros/humble/lib/libmppi_controller.so (0x00007252936ef000)
	libconsole_bridge.so.1.0 => /lib/x86_64-linux-gnu/libconsole_bridge.so.1.0 (0x00007252936ca000)
	libclass_loader.so => /opt/ros/humble/lib/libclass_loader.so (0x00007252936b7000)
	libtinyxml2.so.9 => /lib/x86_64-linux-gnu/libtinyxml2.so.9 (0x000072529369f000)
	libnav2_costmap_2d_core.so => /opt/ros/humble/lib/libnav2_costmap_2d_core.so (0x000072529357c000)
	librcutils.so => /opt/ros/humble/lib/librcutils.so (0x0000725293562000)
	librcpputils.so => /opt/ros/humble/lib/librcpputils.so (0x0000725293554000)
	librclcpp.so => /opt/ros/humble/lib/librclcpp.so (0x000072529335e000)
	librclcpp_lifecycle.so => /opt/ros/humble/lib/librclcpp_lifecycle.so (0x000072529331b000)
	libament_index_cpp.so => /opt/ros/humble/lib/libament_index_cpp.so (0x0000725293310000)
	libstdc++.so.6 => /lib/x86_64-linux-gnu/libstdc++.so.6 (0x00007252930e4000)
	libm.so.6 => /lib/x86_64-linux-gnu/libm.so.6 (0x0000725292ffb000)
	libgcc_s.so.1 => /lib/x86_64-linux-gnu/libgcc_s.so.1 (0x0000725292fdb000)
	libc.so.6 => /lib/x86_64-linux-gnu/libc.so.6 (0x0000725292db2000)
	librcl.so => /opt/ros/humble/lib/librcl.so (0x0000725292d74000)
	libtracetools.so => /opt/ros/humble/lib/libtracetools.so (0x0000725292d6f000)
	libvisualization_msgs__rosidl_typesupport_cpp.so => /opt/ros/humble/lib/libvisualization_msgs__rosidl_typesupport_cpp.so (0x0000725292d67000)
	libtf2.so => /opt/ros/humble/lib/libtf2.so (0x0000725292d43000)
	libnav_msgs__rosidl_typesupport_cpp.so => /opt/ros/humble/lib/libnav_msgs__rosidl_typesupport_cpp.so (0x0000725292d3b000)
	librmw.so => /opt/ros/humble/lib/librmw.so (0x0000725292d2f000)
	liborocos-kdl.so.1.5 => /lib/x86_64-linux-gnu/liborocos-kdl.so.1.5 (0x0000725292c73000)
	libmvec.so.1 => /lib/x86_64-linux-gnu/libmvec.so.1 (0x0000725292b76000)
	libmap_msgs__rosidl_typesupport_cpp.so => /opt/ros/humble/lib/libmap_msgs__rosidl_typesupport_cpp.so (0x0000725292b6a000)
	libnav2_msgs__rosidl_typesupport_cpp.so => /opt/ros/humble/lib/libnav2_msgs__rosidl_typesupport_cpp.so (0x0000725292b31000)
	libstd_srvs__rosidl_typesupport_cpp.so => /opt/ros/humble/lib/libstd_srvs__rosidl_typesupport_cpp.so (0x0000725292b2b000)
	libnav2_util_core.so => /opt/ros/humble/lib/libnav2_util_core.so (0x0000725292a9a000)
	libgeometry_msgs__rosidl_typesupport_cpp.so => /opt/ros/humble/lib/libgeometry_msgs__rosidl_typesupport_cpp.so (0x0000725292a8e000)
	libtf2_ros.so => /opt/ros/humble/lib/libtf2_ros.so (0x00007252929f6000)
	liblibstatistics_collector.so => /opt/ros/humble/lib/liblibstatistics_collector.so (0x00007252929ed000)
	libstatistics_msgs__rosidl_typesupport_cpp.so => /opt/ros/humble/lib/libstatistics_msgs__rosidl_typesupport_cpp.so (0x00007252929e8000)
	/lib64/ld-linux-x86-64.so.2 (0x0000725293804000)
	librcl_interfaces__rosidl_typesupport_cpp.so => /opt/ros/humble/lib/librcl_interfaces__rosidl_typesupport_cpp.so (0x00007252929dd000)
	librcl_yaml_param_parser.so => /opt/ros/humble/lib/librcl_yaml_param_parser.so (0x00007252929d1000)
	librosgraph_msgs__rosidl_typesupport_cpp.so => /opt/ros/humble/lib/librosgraph_msgs__rosidl_typesupport_cpp.so (0x00007252929cc000)
	librmw_implementation.so => /opt/ros/humble/lib/librmw_implementation.so (0x00007252929bd000)
	librcl_logging_interface.so => /opt/ros/humble/lib/librcl_logging_interface.so (0x00007252929b8000)
	librcl_lifecycle.so => /opt/ros/humble/lib/librcl_lifecycle.so (0x00007252929ae000)
	liblifecycle_msgs__rosidl_typesupport_cpp.so => /opt/ros/humble/lib/liblifecycle_msgs__rosidl_typesupport_cpp.so (0x00007252929a6000)
	liblifecycle_msgs__rosidl_typesupport_c.so => /opt/ros/humble/lib/liblifecycle_msgs__rosidl_typesupport_c.so (0x000072529299f000)
	librcl_logging_spdlog.so => /opt/ros/humble/lib/librcl_logging_spdlog.so (0x0000725292995000)
	librcl_interfaces__rosidl_typesupport_c.so => /opt/ros/humble/lib/librcl_interfaces__rosidl_typesupport_c.so (0x000072529298c000)
	librcl_interfaces__rosidl_generator_c.so => /opt/ros/humble/lib/librcl_interfaces__rosidl_generator_c.so (0x0000725292970000)
	librosidl_runtime_c.so => /opt/ros/humble/lib/librosidl_runtime_c.so (0x0000725292965000)
	librosidl_typesupport_cpp.so => /opt/ros/humble/lib/librosidl_typesupport_cpp.so (0x000072529295f000)
	libaction_msgs__rosidl_typesupport_cpp.so => /opt/ros/humble/lib/libaction_msgs__rosidl_typesupport_cpp.so (0x0000725292957000)
	libbondcpp.so => /opt/ros/humble/lib/libbondcpp.so (0x00007252928d8000)
	librclcpp_action.so => /opt/ros/humble/lib/librclcpp_action.so (0x00007252928b5000)
	libtf2_msgs__rosidl_typesupport_cpp.so => /opt/ros/humble/lib/libtf2_msgs__rosidl_typesupport_cpp.so (0x00007252928ad000)
	libyaml.so => /opt/ros/humble/lib/libyaml.so (0x000072529288b000)
	liblifecycle_msgs__rosidl_generator_c.so => /opt/ros/humble/lib/liblifecycle_msgs__rosidl_generator_c.so (0x0000725292879000)
	librosidl_typesupport_c.so => /opt/ros/humble/lib/librosidl_typesupport_c.so (0x0000725292873000)
	libspdlog.so.1 => /lib/x86_64-linux-gnu/libspdlog.so.1 (0x00007252927f8000)
	libbuiltin_interfaces__rosidl_generator_c.so => /opt/ros/humble/lib/libbuiltin_interfaces__rosidl_generator_c.so (0x00007252927f3000)
	libbond__rosidl_typesupport_cpp.so => /opt/ros/humble/lib/libbond__rosidl_typesupport_cpp.so (0x00007252927ee000)
	libuuid.so.1 => /lib/x86_64-linux-gnu/libuuid.so.1 (0x00007252927e3000)
	librcl_action.so => /opt/ros/humble/lib/librcl_action.so (0x00007252927d0000)
	libfmt.so.8 => /lib/x86_64-linux-gnu/libfmt.so.8 (0x00007252927af000)
[INFO] [1790873841.937506673] [benchmark_costmap.benchmark_costmap]: 
	benchmark_costmap lifecycle node launched. 
	Waiting on external lifecycle transitions to activate
	See https://design.ros2.org/articles/node_lifecycle.html for more information.
[INFO] [1790873841.938240713] [benchmark_costmap.benchmark_costmap]: Creating Costmap
[INFO] [1790873841.938455427] [benchmark_costmap.benchmark_costmap]: Configuring
[INFO] [1790873843.064653768] [benchmark_costmap.benchmark_costmap]: Cleaning up
[INFO] [1790873843.067264991] [benchmark_costmap.benchmark_costmap]: Destroying
[INFO] [1790873843.077315495] [benchmark_costmap.benchmark_costmap]: 
	benchmark_costmap lifecycle node launched. 
	Waiting on external lifecycle transitions to activate
	See https://design.ros2.org/articles/node_lifecycle.html for more information.
[INFO] [1790873843.077851084] [benchmark_costmap.benchmark_costmap]: Creating Costmap
[INFO] [1790873843.078040132] [benchmark_costmap.benchmark_costmap]: Configuring
[INFO] [1790873844.366874476] [benchmark_costmap.benchmark_costmap]: Cleaning up
[INFO] [1790873844.369509456] [benchmark_costmap.benchmark_costmap]: Destroying
[INFO] [1790873844.378738757] [benchmark_costmap.benchmark_costmap]: 
	benchmark_costmap lifecycle node launched. 
	Waiting on external lifecycle transitions to activate
	See https://design.ros2.org/articles/node_lifecycle.html for more information.
[INFO] [1790873844.379270719] [benchmark_costmap.benchmark_costmap]: Creating Costmap
[INFO] [1790873844.379455476] [benchmark_costmap.benchmark_costmap]: Configuring
[INFO] [1790873849.075192820] [benchmark_costmap.benchmark_costmap]: Cleaning up
[INFO] [1790873849.077691423] [benchmark_costmap.benchmark_costmap]: Destroying
[INFO] [1790873849.218523553] [benchmark_costmap.benchmark_costmap]: 
	benchmark_costmap lifecycle node launched. 
	Waiting on external lifecycle transitions to activate
	See https://design.ros2.org/articles/node_lifecycle.html for more information.
[INFO] [1790873849.219204692] [benchmark_costmap.benchmark_costmap]: Creating Costmap
[INFO] [1790873849.219429042] [benchmark_costmap.benchmark_costmap]: Configuring
[INFO] [1790873850.146220474] [benchmark_costmap.benchmark_costmap]: Cleaning up
[INFO] [1790873850.148820829] [benchmark_costmap.benchmark_costmap]: Destroying
[INFO] [1790873850.158495961] [benchmark_costmap.benchmark_costmap]: 
	benchmark_costmap lifecycle node launched. 
	Waiting on external lifecycle transitions to activate
	See https://design.ros2.org/articles/node_lifecycle.html for more information.
[INFO] [1790873850.159029546] [benchmark_costmap.benchmark_costmap]: Creating Costmap
[INFO] [1790873850.159223808] [benchmark_costmap.benchmark_costmap]: Configuring
[INFO] [1790873851.244686180] [benchmark_costmap.benchmark_costmap]: Cleaning up
[INFO] [1790873851.247121353] [benchmark_costmap.benchmark_costmap]: Destroying
[INFO] [1790873851.256479751] [benchmark_costmap.benchmark_costmap]: 
	benchmark_costmap lifecycle node launched. 
	Waiting on external lifecycle transitions to activate
	See https://design.ros2.org/articles/node_lifecycle.html for more information.
[INFO] [1790873851.257000898] [benchmark_costmap.benchmark_costmap]: Creating Costmap
[INFO] [1790873851.257188953] [benchmark_costmap.benchmark_costmap]: Configuring
[INFO] [1790873854.739053197] [benchmark_costmap.benchmark_costmap]: Cleaning up
[INFO] [1790873854.741569750] [benchmark_costmap.benchmark_costmap]: Destroying
[INFO] [1790873854.887484617] [benchmark_costmap.benchmark_costmap]: 
	benchmark_costmap lifecycle node launched. 
	Waiting on external lifecycle transitions to activate
	See https://design.ros2.org/articles/node_lifecycle.html for more information.
[INFO] [1790873854.888196939] [benchmark_costmap.benchmark_costmap]: Creating Costmap
[INFO] [1790873854.888413935] [benchmark_costmap.benchmark_costmap]: Configuring
[INFO] [1790873856.013418154] [benchmark_costmap.benchmark_costmap]: Cleaning up
[INFO] [1790873856.016090283] [benchmark_costmap.benchmark_costmap]: Destroying
[INFO] [1790873856.025721193] [benchmark_costmap.benchmark_costmap]: 
	benchmark_costmap lifecycle node launched. 
	Waiting on external lifecycle transitions to activate
	See https://design.ros2.org/articles/node_lifecycle.html for more information.
[INFO] [1790873856.026264552] [benchmark_costmap.benchmark_costmap]: Creating Costmap
[INFO] [1790873856.026455652] [benchmark_costmap.benchmark_costmap]: Configuring
[INFO] [1790873857.319878663] [benchmark_costmap.benchmark_costmap]: Cleaning up
[INFO] [1790873857.322481460] [benchmark_costmap.benchmark_costmap]: Destroying
[INFO] [1790873857.332386572] [benchmark_costmap.benchmark_costmap]: 
	benchmark_costmap lifecycle node launched. 
	Waiting on external lifecycle transitions to activate
	See https://design.ros2.org/articles/node_lifecycle.html for more information.
[INFO] [1790873857.332923199] [benchmark_costmap.benchmark_costmap]: Creating Costmap
[INFO] [1790873857.333111817] [benchmark_costmap.benchmark_costmap]: Configuring
[INFO] [1790873862.063262190] [benchmark_costmap.benchmark_costmap]: Cleaning up
[INFO] [1790873862.066140542] [benchmark_costmap.benchmark_costmap]: Destroying
27bb239878d3600179f3fed7f8e2e52868bc6103e5280343ec81517eac8f83b7  /out/build/rm_dynamic_obstacle_critic/benchmark_stopping_plugin
b075f94c7925e1692e1e29a8094a13f558cf35405f94e15988e4498312923759  /out/install/rm_dynamic_obstacle_critic/lib/librm_dynamic_obstacle_critic.so
a0d9d0ef8e3aa2420ca645546212083764899771c265f695bec8d26a0dd31713  /out/install/rm_dynamic_obstacle_critic/lib/rm_dynamic_obstacle_critic/dynamic_safety_guard
fc259b61103fe1cc8ce6e5fa517460074aecf4b8d5c1075c50fad0ab0eaff88b  /opt/ros/humble/lib/libmppi_controller.so
cb4f73ca0ac36be85c37a7bb1eafcca94120d8300d7c290c52a35f89fe4f31ef  /opt/ros/humble/lib/libmppi_critics.so
