[INFO] [1791082708.048016787] [planner_server]: 
	planner_server lifecycle node launched. 
	Waiting on external lifecycle transitions to activate
	See https://design.ros2.org/articles/node_lifecycle.html for more information.
[INFO] [1791082708.049721114] [planner_server]: Creating
[INFO] [1791082708.052601948] [global_costmap.global_costmap]: 
	global_costmap lifecycle node launched. 
	Waiting on external lifecycle transitions to activate
	See https://design.ros2.org/articles/node_lifecycle.html for more information.
[INFO] [1791082708.053144299] [global_costmap.global_costmap]: Creating Costmap
[INFO] [1791082708.169119799] [planner_server]: Configuring
[INFO] [1791082708.169195765] [global_costmap.global_costmap]: Configuring
[INFO] [1791082708.173768710] [global_costmap.global_costmap]: Using plugin "static_layer"
[INFO] [1791082708.176622733] [global_costmap.global_costmap]: Subscribing to the map topic (/map) with transient local durability
[INFO] [1791082708.177461172] [global_costmap.global_costmap]: Initialized plugin "static_layer"
[INFO] [1791082708.177487648] [global_costmap.global_costmap]: Using plugin "inflation_layer"
[INFO] [1791082708.177887341] [global_costmap.global_costmap]: Initialized plugin "inflation_layer"
[INFO] [1791082708.183098788] [planner_server]: Created global planner plugin GridBased of type nav2_navfn_planner/NavfnPlanner
[INFO] [1791082708.183133475] [planner_server]: Configuring plugin GridBased of type NavfnPlanner
[INFO] [1791082708.183383253] [planner_server]: Planner Server has GridBased  planners available.
[INFO] [1791082708.462834952] [global_costmap.global_costmap]: StaticLayer: Resizing costmap to 500 X 140 at 0.050000 m/pix
[INFO] [1791082708.865382411] [planner_server]: Activating
[INFO] [1791082708.865506723] [global_costmap.global_costmap]: Activating
[INFO] [1791082708.865535202] [global_costmap.global_costmap]: Checking transform
[INFO] [1791082708.865713149] [global_costmap.global_costmap]: start
[INFO] [1791082708.915846926] [planner_server]: Activating plugin GridBased of type NavfnPlanner
[INFO] [1791082708.917228219] [planner_server]: Creating bond (planner_server) to lifecycle manager.
