{
  "guard_exact_input_replays": 1071,
  "native_zoh_state_replays": 54,
  "native_model_error": {
    "count": 54,
    "p50": 1.1102230246251565e-16,
    "p95": 3.1710745140856026e-16,
    "min": 0.0,
    "max": 3.885780586188048e-16
  },
  "native_dynamic_rejection_checks": 15,
  "native_constraint_counts": {
    "input": 951,
    "accepted": 38,
    "velocity_y": 1,
    "dynamic_clearance": 15
  },
  "guard_statuses": {
    "uncertified_brake": 814,
    "certified_brake": 228,
    "pass": 29
  },
  "guard_slew_max": 0.05,
  "guard_core_s": {
    "count": 1071,
    "p50": 0.0020049769955221564,
    "p95": 0.004600581502018031,
    "min": 4.0054001146927476e-05,
    "max": 0.004920231003779918
  },
  "guard_tick_to_output_s": {
    "count": 1071,
    "p50": 0.0023117900054785423,
    "p95": 0.005092249502922641,
    "min": 0.00016809899534564465,
    "max": 0.005537454002478626
  },
  "guard_producer_start_interval_s": {
    "count": 1071,
    "p50": 0.050002691,
    "p95": 0.05031171350000001,
    "min": 0.04865524,
    "max": 0.051317265
  },
  "guard_producer_output_interval_s": {
    "count": 1071,
    "p50": 0.049991499,
    "p95": 0.0527915445,
    "min": 0.045996278,
    "max": 0.053602806
  },
  "guard_tick_to_output_cpu_s": {
    "count": 1071,
    "p50": 0.002381909,
    "p95": 0.0052618075,
    "min": 0.000154596,
    "max": 0.005766169000000001
  },
  "guard_nominal_missed_slots": 0,
  "guard_record_tick_gaps": [],
  "guard_observed_10ms_gate": true,
  "errors": [],
  "missing_inputs": {},
  "all_model_replays_pass": true,
  "scope": "Model replay and recorded timing only; no continuous actuator or detection safety certificate; no oracle inputs"
}
