[INFO] [1791092719.406798824] [planner_server]: 
	planner_server lifecycle node launched. 
	Waiting on external lifecycle transitions to activate
	See https://design.ros2.org/articles/node_lifecycle.html for more information.
[INFO] [1791092719.408753728] [planner_server]: Creating
[INFO] [1791092719.411978417] [global_costmap.global_costmap]: 
	global_costmap lifecycle node launched. 
	Waiting on external lifecycle transitions to activate
	See https://design.ros2.org/articles/node_lifecycle.html for more information.
[INFO] [1791092719.412634112] [global_costmap.global_costmap]: Creating Costmap
[INFO] [1791092719.490572911] [planner_server]: Configuring
[INFO] [1791092719.490613761] [global_costmap.global_costmap]: Configuring
[INFO] [1791092719.493685142] [global_costmap.global_costmap]: Using plugin "static_layer"
[INFO] [1791092719.496608484] [global_costmap.global_costmap]: Subscribing to the map topic (/map) with transient local durability
[INFO] [1791092719.497489685] [global_costmap.global_costmap]: Initialized plugin "static_layer"
[INFO] [1791092719.497516369] [global_costmap.global_costmap]: Using plugin "inflation_layer"
[INFO] [1791092719.497897453] [global_costmap.global_costmap]: Initialized plugin "inflation_layer"
[INFO] [1791092719.502907991] [planner_server]: Created global planner plugin GridBased of type nav2_navfn_planner/NavfnPlanner
[INFO] [1791092719.502943343] [planner_server]: Configuring plugin GridBased of type NavfnPlanner
[INFO] [1791092719.503178082] [planner_server]: Planner Server has GridBased  planners available.
[INFO] [1791092719.772137627] [global_costmap.global_costmap]: StaticLayer: Resizing costmap to 500 X 140 at 0.050000 m/pix
[INFO] [1791092720.188620900] [planner_server]: Activating
[INFO] [1791092720.188711892] [global_costmap.global_costmap]: Activating
[INFO] [1791092720.188741368] [global_costmap.global_costmap]: Checking transform
[INFO] [1791092720.188907358] [global_costmap.global_costmap]: start
[INFO] [1791092720.239134070] [planner_server]: Activating plugin GridBased of type NavfnPlanner
[INFO] [1791092720.240131616] [planner_server]: Creating bond (planner_server) to lifecycle manager.
