{
  "guard_exact_input_replays": 1076,
  "native_zoh_state_replays": 628,
  "native_model_error": {
    "count": 628,
    "p50": 0.0,
    "p95": 4.440892098500626e-16,
    "min": 0.0,
    "max": 8.881784197001252e-16
  },
  "native_dynamic_rejection_checks": 14,
  "native_constraint_counts": {
    "input": 608,
    "accepted": 614,
    "dynamic_clearance": 14
  },
  "guard_statuses": {
    "uncertified_brake": 461,
    "certified_brake": 321,
    "pass": 294
  },
  "guard_slew_max": 0.050000000000000044,
  "guard_core_s": {
    "count": 1076,
    "p50": 0.0022053895008866675,
    "p95": 0.004911726246064063,
    "min": 6.211399158928543e-05,
    "max": 0.0055295900092460215
  },
  "guard_tick_to_output_s": {
    "count": 1076,
    "p50": 0.0025068094982998446,
    "p95": 0.00539329499588348,
    "min": 0.00027011599740944803,
    "max": 0.006180158001370728
  },
  "guard_producer_start_interval_s": {
    "count": 1076,
    "p50": 0.04999587500000001,
    "p95": 0.050396468750000006,
    "min": 0.048847541,
    "max": 0.051220457000000004
  },
  "guard_producer_output_interval_s": {
    "count": 1076,
    "p50": 0.049987664,
    "p95": 0.05272988925,
    "min": 0.045717559000000005,
    "max": 0.054362992000000006
  },
  "guard_tick_to_output_cpu_s": {
    "count": 1076,
    "p50": 0.0025922805000000004,
    "p95": 0.00557177975,
    "min": 0.000252162,
    "max": 0.006440706
  },
  "guard_nominal_missed_slots": 0,
  "guard_record_tick_gaps": [],
  "guard_observed_10ms_gate": true,
  "errors": [],
  "missing_inputs": {},
  "all_model_replays_pass": true,
  "scope": "Model replay and recorded timing only; no continuous actuator or detection safety certificate; no oracle inputs"
}
