{
  "source_tf_replay_gate": true,
  "event_file_sha256": "89dc0ab569e9717c066e2013a3ae701ff4d2f0d16cc7e1299bc59379d50a21e7",
  "scenario": "crossing",
  "mode": "mpc",
  "source_counts": 762,
  "public_accepted": 762,
  "public_rejections": {},
  "source_epoch_monotonic": true,
  "schema_failures": 0,
  "complete_count": 762,
  "track_states": {
    "1": 7,
    "2": 755
  },
  "confirmed_observations": 755,
  "source_scan_pairs": 762,
  "source_tf_pairs": 760,
  "source_receipt_sim_s": {
    "count": 762,
    "p50": 0.03,
    "p95": 0.05794999999999993,
    "min": 0.009,
    "max": 0.155
  },
  "source_processing_sim_s": {
    "count": 762,
    "p50": 0.009,
    "p95": 0.012,
    "min": 0.007,
    "max": 0.092
  },
  "processing_order_failures": 0,
  "display_cv_error_max_m": 0.0,
  "odom_count": 2520,
  "odom_receipt_sim_s": {
    "count": 2520,
    "p50": 0.001,
    "p95": 0.004,
    "min": 0.0,
    "max": 0.05
  },
  "measured_wz_abs": {
    "count": 2520,
    "p50": 0.0,
    "p95": 3.2344832302973184e-09,
    "min": 0.0,
    "max": 8.867864862566188e-09
  },
  "measured_translation_speed": {
    "count": 2520,
    "p50": 0.0,
    "p95": 0.7335684678313615,
    "min": 0.0,
    "max": 0.905135367165783
  },
  "model_domain_rejections": {},
  "solver_s": {
    "count": 1231,
    "p50": 0.008507044010912068,
    "p95": 0.02672033400449436,
    "min": 6.712399772368371e-05,
    "max": 0.036844348011072725
  },
  "solver_feasible_count": 628,
  "solver_reasons": {
    "ContractError: missing plan/map/prediction": 242,
    "revalidated temporal QP": 628,
    "maximum iterations reached; trajectory rejected by hard checks": 2,
    "primal infeasible inaccurate": 1,
    "primal infeasible": 358
  },
  "native_health_reasons": {
    "missing TF/odom": 1,
    "missing proposal/state": 6,
    "proposal stale/rejected/generation": 601,
    "accepted_reanchored": 614,
    "reanchored trajectory rejected": 14
  },
  "native_executed_s": {
    "count": 238,
    "p50": 0.000116411,
    "p95": 0.00015622354999999996,
    "min": 8.1651e-05,
    "max": 0.000173162
  },
  "native_executed_ready_count": 237,
  "oracle_same_epoch_pairs": 2519,
  "oracle_errors": {},
  "oracle_gap_s": {
    "count": 2518,
    "p50": 0.02,
    "p95": 0.02,
    "min": 0.02,
    "max": 0.02
  },
  "sampled_full_envelope_clearance_m": 0.9083648975389944,
  "diagnostic_sweep_lower_m": 0.8533648975389944,
  "diagnostic_point_speed_bound": 5.5,
  "physical_speed_bound_certified": false,
  "sampled_full_envelope_intersection": false,
  "actual_robot_contacts": 0,
  "actual_contact_message_count": 0,
  "action_success": false,
  "sensor_contract_gate": true,
  "measured_model_gate": true,
  "mpc_entry_gate": true,
  "oracle_sample_gate": true,
  "physical_acceptance": false,
  "false_block": null,
  "blocked_pair_reason": null
}
