{
  "guard_exact_input_replays": 1071,
  "native_zoh_state_replays": 157,
  "native_model_error": {
    "count": 157,
    "p50": 5.551115123125783e-17,
    "p95": 4.440892098500626e-16,
    "min": 0.0,
    "max": 8.881784197001252e-16
  },
  "native_dynamic_rejection_checks": 5,
  "native_constraint_counts": {
    "input": 841,
    "accepted": 152,
    "dynamic_clearance": 5
  },
  "guard_statuses": {
    "uncertified_brake": 700,
    "certified_brake": 230,
    "pass": 141
  },
  "guard_slew_max": 0.05000000000000002,
  "guard_core_s": {
    "count": 1071,
    "p50": 0.0021657260003848933,
    "p95": 0.0048902225025813095,
    "min": 6.020900036673993e-05,
    "max": 0.0057351349969394505
  },
  "guard_tick_to_output_s": {
    "count": 1071,
    "p50": 0.0024713130042073317,
    "p95": 0.005374916996515822,
    "min": 0.00025060099869733676,
    "max": 0.006304759997874498
  },
  "guard_producer_start_interval_s": {
    "count": 1070,
    "p50": 0.050000854500000004,
    "p95": 0.0503506004,
    "min": 0.048491132000000006,
    "max": 0.051399474
  },
  "guard_producer_output_interval_s": {
    "count": 1070,
    "p50": 0.04999688000000001,
    "p95": 0.052905632550000005,
    "min": 0.046039052000000004,
    "max": 0.053952726000000006
  },
  "guard_tick_to_output_cpu_s": {
    "count": 1071,
    "p50": 0.002543437,
    "p95": 0.005558398500000001,
    "min": 0.00022343200000000003,
    "max": 0.006504948
  },
  "guard_nominal_missed_slots": 0,
  "guard_record_tick_gaps": [],
  "guard_observed_10ms_gate": true,
  "errors": [],
  "missing_inputs": {},
  "all_model_replays_pass": true,
  "scope": "Model replay and recorded timing only; no continuous actuator or detection safety certificate; no oracle inputs"
}
